
Hexadecimal

Area                               Addr   Size   Decimal Bytes (Attributes)
--------------------------------   ----   ----   ------- ----- ------------
.  .ABS.                           0000   0000 =      0. bytes (ABS,CON)

      Value  Global
   --------  --------------------------------
     0000    l_BIT_BANK
     0000    l_CONST
     0000    l_GSINIT1
     0000    l_GSINIT5
     0000    l_ISEG
     0000    l_PSEG
     0000    l_REG_BANK_1
     0000    l_REG_BANK_2
     0000    l_REG_BANK_3
     0000    l_RSEG
     0000    l_XINIT
     0000    l_XISEG
     0000    l__CODE
     0000    s_BSEG
     0000    s_DSEG
     0000    s_HOME
     0000    s_PSEG
     0000    s_REG_BANK_0
     0000    s_XSEG
     0000    s__CODE
     0001    l_BSEG
     0001    l_BSEG_BYTES
     0003    l_GSFINAL
     0003    l_GSINIT0
     0004    l_OSEG
     0008    l_REG_BANK_0
     0008    s_REG_BANK_1
     000A    l_GSINIT2
     0010    s_REG_BANK_2
     0018    s_REG_BANK_3
     001C    s_OSEG
     0020    s_BSEG_BYTES
     0021    s_BIT_BANK
     0022    l_GSINIT3
     0026    l_HOME
     0026    s_GSINIT0
     0026    s_RSEG
     0026    s_SSEG
     0029    s_GSINIT1
     0029    s_GSINIT2
     002A    l_GSINIT4
     0033    s_GSINIT3
     0055    s_GSINIT4
     007F    s_GSINIT
     007F    s_GSINIT5
     0080    G$P0$0$0
     0080    G$P0_0$0$0
     0080    _P0
     0080    _P0_0
     0080    l_DSEG
     0080    s_ISEG
     0081    G$P0_1$0$0
     0081    G$SP$0$0
     0081    _P0_1
     0081    _SP
     0082    G$DP0L$0$0
     0082    G$DPL$0$0
     0082    G$P0_2$0$0
     0082    _DP0L
     0082    _DPL
     0082    _P0_2
     0083    G$DP0H$0$0
     0083    G$DPH$0$0
     0083    G$P0_3$0$0
     0083    _DP0H
     0083    _DPH
     0083    _P0_3
     0084    G$P0_4$0$0
     0084    _P0_4
     0085    G$P0_5$0$0
     0085    _P0_5
     0086    G$P0_6$0$0
     0086    _P0_6
     0087    G$P0_7$0$0
     0087    G$PCON$0$0
     0087    _P0_7
     0087    _PCON
     0088    G$IT0$0$0
     0088    G$TCON$0$0
     0088    _IT0
     0088    _TCON
     0089    G$IE0$0$0
     0089    G$TMOD$0$0
     0089    _IE0
     0089    _TMOD
     008A    G$IT1$0$0
     008A    G$TL0$0$0
     008A    _IT1
     008A    _TL0
     008B    G$IE1$0$0
     008B    G$TL1$0$0
     008B    _IE1
     008B    _TL1
     008C    G$TH0$0$0
     008C    G$TR0$0$0
     008C    _TH0
     008C    _TR0
     008D    G$TF0$0$0
     008D    G$TH1$0$0
     008D    _TF0
     008D    _TH1
     008E    G$AUXR$0$0
     008E    G$TR1$0$0
     008E    _AUXR
     008E    _TR1
     008F    G$TF1$0$0
     008F    _TF1
     0090    G$P1$0$0
     0090    G$P1_0$0$0
     0090    _P1
     0090    _P1_0
     0091    G$P1_1$0$0
     0091    _P1_1
     0092    G$P1_2$0$0
     0092    _P1_2
     0093    G$P1_3$0$0
     0093    _P1_3
     0094    G$P1_4$0$0
     0094    _P1_4
     0095    G$P1_5$0$0
     0095    _P1_5
     0096    G$P1_6$0$0
     0096    _P1_6
     0097    G$CKRL$0$0
     0097    G$P1_7$0$0
     0097    _CKRL
     0097    _P1_7
     0098    G$RI$0$0
     0098    G$SCON$0$0
     0098    _RI
     0098    _SCON
     0099    G$SBUF$0$0
     0099    G$SBUF0$0$0
     0099    G$TI$0$0
     0099    _SBUF
     0099    _SBUF0
     0099    _TI
     009A    G$BRL$0$0
     009A    G$RB8$0$0
     009A    _BRL
     009A    _RB8
     009B    G$BDRCON$0$0
     009B    G$TB8$0$0
     009B    _BDRCON
     009B    _TB8
     009C    G$KBLS$0$0
     009C    G$REN$0$0
     009C    _KBLS
     009C    _REN
     009D    G$KBE$0$0
     009D    G$SM2$0$0
     009D    _KBE
     009D    _SM2
     009E    G$KBF$0$0
     009E    G$SM1$0$0
     009E    _KBF
     009E    _SM1
     009F    G$SM0$0$0
     009F    _SM0
     00A0    G$P2$0$0
     00A0    G$P2_0$0$0
     00A0    _P2
     00A0    _P2_0
     00A0    __XPAGE
     00A1    G$P2_1$0$0
     00A1    _P2_1
     00A2    G$AUXR1$0$0
     00A2    G$P2_2$0$0
     00A2    _AUXR1
     00A2    _P2_2
     00A3    G$P2_3$0$0
     00A3    _P2_3
     00A4    G$P2_4$0$0
     00A4    _P2_4
     00A5    G$P2_5$0$0
     00A5    _P2_5
     00A6    G$P2_6$0$0
     00A6    G$WDTRST$0$0
     00A6    _P2_6
     00A6    _WDTRST
     00A7    G$P2_7$0$0
     00A7    G$WDTPRG$0$0
     00A7    _P2_7
     00A7    _WDTPRG
     00A8    G$EX0$0$0
     00A8    G$IE$0$0
     00A8    G$IEN0$0$0
     00A8    _EX0
     00A8    _IE
     00A8    _IEN0
     00A9    G$ET0$0$0
     00A9    G$SADDR$0$0
     00A9    _ET0
     00A9    _SADDR
     00AA    G$EX1$0$0
     00AA    _EX1
     00AB    G$ET1$0$0
     00AB    _ET1
     00AC    G$ES$0$0
     00AC    _ES
     00AD    G$ET2$0$0
     00AD    _ET2
     00AE    G$EC$0$0
     00AE    _EC
     00AF    G$EA$0$0
     00AF    _EA
     00B0    G$P3$0$0
     00B0    G$P3_0$0$0
     00B0    G$RXD$0$0
     00B0    G$RXD0$0$0
     00B0    _P3
     00B0    _P3_0
     00B0    _RXD
     00B0    _RXD0
     00B1    G$IEN1$0$0
     00B1    G$P3_1$0$0
     00B1    G$TXD$0$0
     00B1    G$TXD0$0$0
     00B1    _IEN1
     00B1    _P3_1
     00B1    _TXD
     00B1    _TXD0
     00B2    G$INT0$0$0
     00B2    G$IPL1$0$0
     00B2    G$P3_2$0$0
     00B2    _INT0
     00B2    _IPL1
     00B2    _P3_2
     00B3    G$INT1$0$0
     00B3    G$IPH1$0$0
     00B3    G$P3_3$0$0
     00B3    _INT1
     00B3    _IPH1
     00B3    _P3_3
     00B4    G$P3_4$0$0
     00B4    G$T0$0$0
     00B4    _P3_4
     00B4    _T0
     00B5    G$P3_5$0$0
     00B5    G$T1$0$0
     00B5    _P3_5
     00B5    _T1
     00B6    G$P3_6$0$0
     00B6    G$WR$0$0
     00B6    _P3_6
     00B6    _WR
     00B7    G$IPH0$0$0
     00B7    G$P3_7$0$0
     00B7    G$RD$0$0
     00B7    _IPH0
     00B7    _P3_7
     00B7    _RD
     00B8    G$IP$0$0
     00B8    G$IPL0$0$0
     00B8    G$PX0$0$0
     00B8    G$PX0L$0$0
     00B8    _IP
     00B8    _IPL0
     00B8    _PX0
     00B8    _PX0L
     00B9    G$PT0$0$0
     00B9    G$PT0L$0$0
     00B9    G$SADEN$0$0
     00B9    _PT0
     00B9    _PT0L
     00B9    _SADEN
     00BA    G$PX1$0$0
     00BA    G$PX1L$0$0
     00BA    _PX1
     00BA    _PX1L
     00BB    G$PT1$0$0
     00BB    G$PT1L$0$0
     00BB    _PT1
     00BB    _PT1L
     00BC    G$PLS$0$0
     00BC    G$PS$0$0
     00BC    _PLS
     00BC    _PS
     00BD    G$PT2$0$0
     00BD    G$PT2L$0$0
     00BD    _PT2
     00BD    _PT2L
     00BE    G$PPCL$0$0
     00BE    _PPCL
     00C0    G$P4$0$0
     00C0    G$P4_0$0$0
     00C0    _P4
     00C0    _P4_0
     00C1    G$P4_1$0$0
     00C1    _P4_1
     00C2    G$P4_2$0$0
     00C2    _P4_2
     00C3    G$P4_3$0$0
     00C3    G$SPCON$0$0
     00C3    _P4_3
     00C3    _SPCON
     00C4    G$P4_4$0$0
     00C4    G$SPSTA$0$0
     00C4    _P4_4
     00C4    _SPSTA
     00C5    G$P4_5$0$0
     00C5    G$SPDAT$0$0
     00C5    _P4_5
     00C5    _SPDAT
     00C6    G$P4_6$0$0
     00C6    _P4_6
     00C7    G$P4_7$0$0
     00C7    _P4_7
     00C8    G$CP_RL2$0$0
     00C8    G$T2CON$0$0
     00C8    G$T2CON_0$0$0
     00C8    _CP_RL2
     00C8    _T2CON
     00C8    _T2CON_0
     00C9    G$C_T2$0$0
     00C9    G$T2CON_1$0$0
     00C9    G$T2MOD$0$0
     00C9    _C_T2
     00C9    _T2CON_1
     00C9    _T2MOD
     00CA    G$RCAP2L$0$0
     00CA    G$T2CON_2$0$0
     00CA    G$TR2$0$0
     00CA    _RCAP2L
     00CA    _T2CON_2
     00CA    _TR2
     00CB    G$EXEN2$0$0
     00CB    G$RCAP2H$0$0
     00CB    G$T2CON_3$0$0
     00CB    _EXEN2
     00CB    _RCAP2H
     00CB    _T2CON_3
     00CC    G$T2CON_4$0$0
     00CC    G$TCLK$0$0
     00CC    G$TL2$0$0
     00CC    _T2CON_4
     00CC    _TCLK
     00CC    _TL2
     00CD    G$RCLK$0$0
     00CD    G$T2CON_5$0$0
     00CD    G$TH2$0$0
     00CD    _RCLK
     00CD    _T2CON_5
     00CD    _TH2
     00CE    G$EXF2$0$0
     00CE    G$T2CON_6$0$0
     00CE    _EXF2
     00CE    _T2CON_6
     00CF    G$T2CON_7$0$0
     00CF    G$TF2$0$0
     00CF    _T2CON_7
     00CF    _TF2
     00D0    G$P$0$0
     00D0    G$PSW$0$0
     00D0    _P
     00D0    _PSW
     00D1    G$F1$0$0
     00D1    _F1
     00D2    G$EECON$0$0
     00D2    G$OV$0$0
     00D2    _EECON
     00D2    _OV
     00D3    G$RS0$0$0
     00D3    _RS0
     00D4    G$RS1$0$0
     00D4    _RS1
     00D5    G$F0$0$0
     00D5    _F0
     00D6    G$AC$0$0
     00D6    _AC
     00D7    G$CY$0$0
     00D7    _CY
     00D8    G$CCF0$0$0
     00D8    G$CCON$0$0
     00D8    _CCF0
     00D8    _CCON
     00D9    G$CCF1$0$0
     00D9    G$CMOD$0$0
     00D9    _CCF1
     00D9    _CMOD
     00DA    G$CCAPM0$0$0
     00DA    G$CCF2$0$0
     00DA    _CCAPM0
     00DA    _CCF2
     00DA    l_SSEG
     00DB    G$CCAPM1$0$0
     00DB    G$CCF3$0$0
     00DB    _CCAPM1
     00DB    _CCF3
     00DC    G$CCAPM2$0$0
     00DC    G$CCF4$0$0
     00DC    _CCAPM2
     00DC    _CCF4
     00DD    G$CCAPM3$0$0
     00DD    _CCAPM3
     00DE    G$CCAPM4$0$0
     00DE    G$CR$0$0
     00DE    _CCAPM4
     00DE    _CR
     00DF    G$CF$0$0
     00DF    _CF
     00E0    G$ACC$0$0
     00E0    _ACC
     00E8    G$P5$0$0
     00E8    G$P5_0$0$0
     00E8    _P5
     00E8    _P5_0
     00E9    G$CL$0$0
     00E9    G$P5_1$0$0
     00E9    _CL
     00E9    _P5_1
     00EA    G$CCAP0L$0$0
     00EA    G$P5_2$0$0
     00EA    _CCAP0L
     00EA    _P5_2
     00EB    G$CCAP1L$0$0
     00EB    G$P5_3$0$0
     00EB    _CCAP1L
     00EB    _P5_3
     00EC    G$CCAP2L$0$0
     00EC    G$P5_4$0$0
     00EC    _CCAP2L
     00EC    _P5_4
     00ED    G$CCAP3L$0$0
     00ED    G$P5_5$0$0
     00ED    _CCAP3L
     00ED    _P5_5
     00EE    G$CCAP4L$0$0
     00EE    G$P5_6$0$0
     00EE    _CCAP4L
     00EE    _P5_6
     00EF    G$P5_7$0$0
     00EF    _P5_7
     00F0    G$B$0$0
     00F0    G$BREG_F0$0$0
     00F0    _B
     00F0    _BREG_F0
     00F1    G$BREG_F1$0$0
     00F1    _BREG_F1
     00F2    G$BREG_F2$0$0
     00F2    _BREG_F2
     00F3    G$BREG_F3$0$0
     00F3    _BREG_F3
     00F4    G$BREG_F4$0$0
     00F4    _BREG_F4
     00F5    G$BREG_F5$0$0
     00F5    _BREG_F5
     00F6    G$BREG_F6$0$0
     00F6    _BREG_F6
     00F7    G$BREG_F7$0$0
     00F7    _BREG_F7
     00F9    G$CH$0$0
     00F9    _CH
     00FA    G$CCAP0H$0$0
     00FA    _CCAP0H
     00FB    G$CCAP1H$0$0
     00FB    _CCAP1H
     00FC    G$CCAP2H$0$0
     00FC    _CCAP2H
     00FD    G$CCAP3H$0$0
     00FD    _CCAP3H
     00FE    G$CCAP4H$0$0
     00FE    _CCAP4H
     0100    l_IRAM
     05ED    l_XSEG
     05ED    s_XISEG
     1722    l_GSINIT
     17A1    s_GSFINAL
     17A4    s_CSEG
     17F8    l_CSEG
     2F9C    s_CONST
     2F9C    s_XINIT

Hexadecimal

Area                               Addr   Size   Decimal Bytes (Attributes)
--------------------------------   ----   ----   ------- ----- ------------
_CODE                              0000   0000 =      0. bytes (REL,CON)

Hexadecimal

Area                               Addr   Size   Decimal Bytes (Attributes)
--------------------------------   ----   ----   ------- ----- ------------
REG_BANK_0                         0000   0008 =      8. bytes (REL,OVR)

Hexadecimal

Area                               Addr   Size   Decimal Bytes (Attributes)
--------------------------------   ----   ----   ------- ----- ------------
REG_BANK_1                         0008   0000 =      0. bytes (REL,OVR)

Hexadecimal

Area                               Addr   Size   Decimal Bytes (Attributes)
--------------------------------   ----   ----   ------- ----- ------------
REG_BANK_2                         0010   0000 =      0. bytes (REL,OVR)

Hexadecimal

Area                               Addr   Size   Decimal Bytes (Attributes)
--------------------------------   ----   ----   ------- ----- ------------
REG_BANK_3                         0018   0000 =      0. bytes (REL,OVR)

Hexadecimal

Area                               Addr   Size   Decimal Bits  (Attributes)
--------------------------------   ----   ----   ------- ----- ------------
BSEG                               0000   0001 =      1. bits  (REL,CON,BIT)

Hexadecimal

Area                               Addr   Size   Decimal Bytes (Attributes)
--------------------------------   ----   ----   ------- ----- ------------
BSEG_BYTES                         0020   0001 =      1. bytes (REL,CON)

Hexadecimal

Area                               Addr   Size   Decimal Bytes (Attributes)
--------------------------------   ----   ----   ------- ----- ------------
BIT_BANK                           0021   0000 =      0. bytes (REL,OVR)

Hexadecimal

Area                               Addr   Size   Decimal Bytes (Attributes)
--------------------------------   ----   ----   ------- ----- ------------
DSEG                               0000   0080 =    128. bytes (REL,CON)

      Value  Global
   --------  --------------------------------
     0008    Lprint_number_hex$sloc1$1$0
     000C    Lprint_number$sloc1$1$0
     0010    Lus_delay$sloc0$1$0
     0014    Lus_delay$sloc1$1$0

Hexadecimal

Area                               Addr   Size   Decimal Bytes (Attributes)
--------------------------------   ----   ----   ------- ----- ------------
OSEG                               001C   0004 =      4. bytes (REL,OVR)

      Value  Global
   --------  --------------------------------
     001C    Lms_delay$sloc0$1$0
     001C    __divulong_sloc0_1_0
     001C    __modulong_sloc0_1_0
     001C    _ms_delay_sloc0_1_0

Hexadecimal

Area                               Addr   Size   Decimal Bytes (Attributes)
--------------------------------   ----   ----   ------- ----- ------------
ISEG                               0080   0000 =      0. bytes (REL,CON)

Hexadecimal

Area                               Addr   Size   Decimal Bytes (Attributes)
--------------------------------   ----   ----   ------- ----- ------------
SSEG                               0026   00DA =    218. bytes (REL,OVR)

      Value  Global
   --------  --------------------------------
     0026    __start__stack

Hexadecimal

Area                               Addr   Size   Decimal Bytes (Attributes)
--------------------------------   ----   ----   ------- ----- ------------
RSEG                               0026   0000 =      0. bytes (REL,CON)

Hexadecimal

Area                               Addr   Size   Decimal Bytes (Attributes)
--------------------------------   ----   ----   ------- ----- ------------
PSEG                               0000   0000 =      0. bytes (REL,CON,PAG,XDATA)

Hexadecimal

Area                               Addr   Size   Decimal Bytes (Attributes)
--------------------------------   ----   ----   ------- ----- ------------
XSEG                               0000   05ED =   1517. bytes (REL,CON,XDATA)

      Value  Global
   --------  --------------------------------
  0D:0004    Lmain$Welcome_txt$1$1
  0D:0035    Lmain$Welcome_lcd_txt$1$1
  0D:0055    Lmain$Instructions_txt$1$1
  0D:00DC    Lmain$DAC_on_txt$1$1
  0D:00E2    Lmain$DAC_off_txt$1$1
  0D:00E9    Lmain$Enter_data_txt$1$1
  0D:00F7    Lmain$DAC_a_txt$1$1
  0D:010F    Lmain$DAC_b_txt$1$1
  0D:0127    Lmain$DAC_gain_inc_txt$1$1
  0D:0138    Lmain$DAC_gain_dec_txt$1$1
  0D:0149    Lmain$DAC_mode_txt$1$1
  0D:0158    Lmain$DAC_next_wave_txt$1$1
  0D:0166    G$wave$0$0
  0D:0166    _wave
  0D:0167    G$gain$0$0
  0D:0167    _gain
  0D:0168    G$mode$0$0
  0D:0168    _mode
  0D:0169    Lspi_write_word$data_word$1$1
  0D:016B    Ldac_update_output$counter$1$1
  0D:016D    Ldac_update_output$sine_wave$1$1
  0D:026D    Ldac_update_output$square_wave$1$1
  0D:036D    Ldac_update_output$triangular_value_wave$1$1
  0D:046D    Ldac_update_output$saw_wave$1$1
  0D:056D    Ldac_update_output$array_ptr$1$1
  0D:0575    Ldac_update_output$command_word_a$1$1
  0D:0577    Ldac_update_output$command_word_b$1$1
  0D:0579    Ldac_set$data_word$1$1
  0D:057B    G$loop$0$0
  0D:057B    _loop
  0D:057C    Lint_to_char$temp$1$1
  0D:057E    Lchar_to_int$temp$1$1
  0D:057F    Lprint_number_hex$display_width$1$1
  0D:057F    _print_number_hex_PARM_2
  0D:0580    Lprint_number_hex$number$1$1
  0D:0584    Lprint_number_hex$temp_ascii_store$1$1
  0D:058E    Lprint_number_hex$counter$1$1
  0D:058F    Lputchar$c$1$1
  0D:0590    Lmy_printf$text_ptr$1$1
  0D:0592    Lprint_number$number$1$1
  0D:0596    Lprint_number$temp_ascii_store$1$1
  0D:05A0    Lprint_number$counter$1$1
  0D:05A1    Lfetch_number$base$1$1
  0D:05A2    Lfetch_number$scanned_digit$1$1
  0D:05A3    Lfetch_number$digit_array$1$1
  0D:05B7    Lfetch_number$digit_counter$1$1
  0D:05B8    Lfetch_number$number$1$1
  0D:05BA    Lms_delay$time$1$1
  0D:05BE    Lus_delay$time$1$1
  0D:05C2    __modslong_PARM_2
  0D:05CA    __modulong_PARM_2
  0D:05D3    __divslong_PARM_2
  0D:05DB    __divulong_PARM_2
  0D:05E7    __mulint_PARM_2
  0D:05E9    __mullong_PARM_2

Hexadecimal

Area                               Addr   Size   Decimal Bytes (Attributes)
--------------------------------   ----   ----   ------- ----- ------------
XISEG                              05ED   0000 =      0. bytes (REL,CON,XDATA)

Hexadecimal

Area                               Addr   Size   Decimal Bytes (Attributes)
--------------------------------   ----   ----   ------- ----- ------------
HOME                               0000   0026 =     38. bytes (REL,CON,CODE)

      Value  Global
   --------  --------------------------------
  0C:0000    A$main$752
  0C:0003    A$main$753
  0C:000B    A$main$755
  0C:0013    A$main$757
  0C:001B    A$main$759
  0C:0023    A$main$761

Hexadecimal

Area                               Addr   Size   Decimal Bytes (Attributes)
--------------------------------   ----   ----   ------- ----- ------------
GSINIT0                            0026   0003 =      3. bytes (REL,CON,CODE)

      Value  Global
   --------  --------------------------------
  0C:0026    __sdcc_gsinit_startup

Hexadecimal

Area                               Addr   Size   Decimal Bytes (Attributes)
--------------------------------   ----   ----   ------- ----- ------------
GSINIT1                            0029   0000 =      0. bytes (REL,CON,CODE)

Hexadecimal

Area                               Addr   Size   Decimal Bytes (Attributes)
--------------------------------   ----   ----   ------- ----- ------------
GSINIT2                            0029   000A =     10. bytes (REL,CON,CODE)

Hexadecimal

Area                               Addr   Size   Decimal Bytes (Attributes)
--------------------------------   ----   ----   ------- ----- ------------
GSINIT3                            0033   0022 =     34. bytes (REL,CON,CODE)

      Value  Global
   --------  --------------------------------
  0C:0033    __mcs51_genXINIT

Hexadecimal

Area                               Addr   Size   Decimal Bytes (Attributes)
--------------------------------   ----   ----   ------- ----- ------------
GSINIT4                            0055   002A =     42. bytes (REL,CON,CODE)

      Value  Global
   --------  --------------------------------
  0C:0055    __mcs51_genRAMCLEAR
  0C:005B    __mcs51_genXRAMCLEAR

Hexadecimal

Area                               Addr   Size   Decimal Bytes (Attributes)
--------------------------------   ----   ----   ------- ----- ------------
GSINIT5                            007F   0000 =      0. bytes (REL,CON,CODE)

Hexadecimal

Area                               Addr   Size   Decimal Bytes (Attributes)
--------------------------------   ----   ----   ------- ----- ------------
GSINIT                             007F   1722 =   5922. bytes (REL,CON,CODE)

      Value  Global
   --------  --------------------------------
  0C:007F    A$spi$764
  0C:007F    C$spi.c$58$1$1
  0C:0082    A$spi$765
  0C:0083    A$spi$766
  0C:0084    A$spi$767
  0C:0085    A$spi$768
  0C:0086    A$spi$773
  0C:0086    C$spi.c$59$1$1
  0C:0089    A$spi$774
  0C:008B    A$spi$775
  0C:008C    A$spi$778
  0C:008F    A$spi$779
  0C:0091    A$spi$780
  0C:0092    A$spi$783
  0C:0095    A$spi$784
  0C:0097    A$spi$785
  0C:0098    A$spi$788
  0C:009B    A$spi$789
  0C:009D    A$spi$790
  0C:009E    A$spi$793
  0C:00A1    A$spi$794
  0C:00A3    A$spi$795
  0C:00A4    A$spi$798
  0C:00A7    A$spi$799
  0C:00A9    A$spi$800
  0C:00AA    A$spi$803
  0C:00AD    A$spi$804
  0C:00AF    A$spi$805
  0C:00B0    A$spi$808
  0C:00B3    A$spi$809
  0C:00B5    A$spi$810
  0C:00B6    A$spi$813
  0C:00B9    A$spi$814
  0C:00BB    A$spi$815
  0C:00BC    A$spi$818
  0C:00BF    A$spi$819
  0C:00C1    A$spi$820
  0C:00C2    A$spi$823
  0C:00C5    A$spi$824
  0C:00C7    A$spi$825
  0C:00C8    A$spi$828
  0C:00CB    A$spi$829
  0C:00CD    A$spi$830
  0C:00CE    A$spi$833
  0C:00D1    A$spi$834
  0C:00D3    A$spi$835
  0C:00D4    A$spi$838
  0C:00D7    A$spi$839
  0C:00D9    A$spi$840
  0C:00DA    A$spi$843
  0C:00DD    A$spi$844
  0C:00DF    A$spi$845
  0C:00E0    A$spi$848
  0C:00E3    A$spi$849
  0C:00E5    A$spi$850
  0C:00E6    A$spi$853
  0C:00E9    A$spi$854
  0C:00EB    A$spi$855
  0C:00EC    A$spi$858
  0C:00EF    A$spi$859
  0C:00F1    A$spi$860
  0C:00F2    A$spi$863
  0C:00F5    A$spi$864
  0C:00F7    A$spi$865
  0C:00F8    A$spi$868
  0C:00FB    A$spi$869
  0C:00FD    A$spi$870
  0C:00FE    A$spi$873
  0C:0101    A$spi$874
  0C:0103    A$spi$875
  0C:0104    A$spi$878
  0C:0107    A$spi$879
  0C:0109    A$spi$880
  0C:010A    A$spi$883
  0C:010D    A$spi$884
  0C:010F    A$spi$885
  0C:0110    A$spi$888
  0C:0113    A$spi$889
  0C:0115    A$spi$890
  0C:0116    A$spi$893
  0C:0119    A$spi$894
  0C:011B    A$spi$895
  0C:011C    A$spi$898
  0C:011F    A$spi$899
  0C:0121    A$spi$900
  0C:0122    A$spi$903
  0C:0125    A$spi$904
  0C:0127    A$spi$905
  0C:0128    A$spi$908
  0C:012B    A$spi$909
  0C:012D    A$spi$910
  0C:012E    A$spi$913
  0C:0131    A$spi$914
  0C:0133    A$spi$915
  0C:0134    A$spi$918
  0C:0137    A$spi$919
  0C:0139    A$spi$920
  0C:013A    A$spi$923
  0C:013D    A$spi$924
  0C:013F    A$spi$925
  0C:0140    A$spi$928
  0C:0143    A$spi$929
  0C:0145    A$spi$930
  0C:0146    A$spi$933
  0C:0149    A$spi$934
  0C:014B    A$spi$935
  0C:014C    A$spi$938
  0C:014F    A$spi$939
  0C:0151    A$spi$940
  0C:0152    A$spi$943
  0C:0155    A$spi$944
  0C:0157    A$spi$945
  0C:0158    A$spi$948
  0C:015B    A$spi$949
  0C:015D    A$spi$950
  0C:015E    A$spi$953
  0C:0161    A$spi$954
  0C:0163    A$spi$955
  0C:0164    A$spi$958
  0C:0167    A$spi$959
  0C:0169    A$spi$960
  0C:016A    A$spi$963
  0C:016D    A$spi$964
  0C:016F    A$spi$965
  0C:0170    A$spi$968
  0C:0173    A$spi$969
  0C:0175    A$spi$970
  0C:0176    A$spi$973
  0C:0179    A$spi$974
  0C:017B    A$spi$975
  0C:017C    A$spi$978
  0C:017F    A$spi$979
  0C:0181    A$spi$980
  0C:0182    A$spi$983
  0C:0185    A$spi$984
  0C:0187    A$spi$985
  0C:0188    A$spi$988
  0C:018B    A$spi$989
  0C:018D    A$spi$990
  0C:018E    A$spi$993
  0C:0191    A$spi$994
  0C:0193    A$spi$995
  0C:0194    A$spi$998
  0C:0197    A$spi$999
  0C:0199    A$spi$1000
  0C:019A    A$spi$1003
  0C:019D    A$spi$1004
  0C:019F    A$spi$1005
  0C:01A0    A$spi$1008
  0C:01A3    A$spi$1009
  0C:01A5    A$spi$1010
  0C:01A6    A$spi$1013
  0C:01A9    A$spi$1014
  0C:01AB    A$spi$1015
  0C:01AC    A$spi$1018
  0C:01AF    A$spi$1019
  0C:01B1    A$spi$1020
  0C:01B2    A$spi$1023
  0C:01B5    A$spi$1024
  0C:01B7    A$spi$1025
  0C:01B8    A$spi$1028
  0C:01BB    A$spi$1029
  0C:01BD    A$spi$1030
  0C:01BE    A$spi$1033
  0C:01C1    A$spi$1034
  0C:01C3    A$spi$1035
  0C:01C4    A$spi$1038
  0C:01C7    A$spi$1039
  0C:01C9    A$spi$1040
  0C:01CA    A$spi$1043
  0C:01CD    A$spi$1044
  0C:01CF    A$spi$1045
  0C:01D0    A$spi$1048
  0C:01D3    A$spi$1049
  0C:01D5    A$spi$1050
  0C:01D6    A$spi$1053
  0C:01D9    A$spi$1054
  0C:01DB    A$spi$1055
  0C:01DC    A$spi$1058
  0C:01DF    A$spi$1059
  0C:01E1    A$spi$1060
  0C:01E2    A$spi$1063
  0C:01E5    A$spi$1064
  0C:01E7    A$spi$1065
  0C:01E8    A$spi$1068
  0C:01EB    A$spi$1069
  0C:01ED    A$spi$1070
  0C:01EE    A$spi$1073
  0C:01F1    A$spi$1074
  0C:01F3    A$spi$1075
  0C:01F4    A$spi$1078
  0C:01F7    A$spi$1079
  0C:01F9    A$spi$1080
  0C:01FA    A$spi$1083
  0C:01FD    A$spi$1084
  0C:01FF    A$spi$1085
  0C:0200    A$spi$1088
  0C:0203    A$spi$1089
  0C:0205    A$spi$1090
  0C:0206    A$spi$1093
  0C:0209    A$spi$1094
  0C:020B    A$spi$1095
  0C:020C    A$spi$1098
  0C:020F    A$spi$1099
  0C:0211    A$spi$1100
  0C:0212    A$spi$1103
  0C:0215    A$spi$1104
  0C:0217    A$spi$1105
  0C:0218    A$spi$1108
  0C:021B    A$spi$1109
  0C:021D    A$spi$1110
  0C:021E    A$spi$1113
  0C:0221    A$spi$1114
  0C:0223    A$spi$1115
  0C:0224    A$spi$1118
  0C:0227    A$spi$1119
  0C:0229    A$spi$1120
  0C:022A    A$spi$1123
  0C:022D    A$spi$1124
  0C:022F    A$spi$1125
  0C:0230    A$spi$1128
  0C:0233    A$spi$1129
  0C:0235    A$spi$1130
  0C:0236    A$spi$1133
  0C:0239    A$spi$1134
  0C:023B    A$spi$1135
  0C:023C    A$spi$1138
  0C:023F    A$spi$1139
  0C:0241    A$spi$1140
  0C:0242    A$spi$1143
  0C:0245    A$spi$1144
  0C:0247    A$spi$1145
  0C:0248    A$spi$1148
  0C:024B    A$spi$1149
  0C:024D    A$spi$1150
  0C:024E    A$spi$1153
  0C:0251    A$spi$1154
  0C:0253    A$spi$1155
  0C:0254    A$spi$1158
  0C:0257    A$spi$1159
  0C:0259    A$spi$1160
  0C:025A    A$spi$1163
  0C:025D    A$spi$1164
  0C:025F    A$spi$1165
  0C:0260    A$spi$1168
  0C:0263    A$spi$1169
  0C:0265    A$spi$1170
  0C:0266    A$spi$1173
  0C:0269    A$spi$1174
  0C:026B    A$spi$1175
  0C:026C    A$spi$1178
  0C:026F    A$spi$1179
  0C:0271    A$spi$1180
  0C:0272    A$spi$1183
  0C:0275    A$spi$1184
  0C:0277    A$spi$1185
  0C:0278    A$spi$1188
  0C:027B    A$spi$1189
  0C:027D    A$spi$1190
  0C:027E    A$spi$1193
  0C:0281    A$spi$1194
  0C:0283    A$spi$1195
  0C:0284    A$spi$1198
  0C:0287    A$spi$1199
  0C:0289    A$spi$1200
  0C:028A    A$spi$1203
  0C:028D    A$spi$1204
  0C:028F    A$spi$1205
  0C:0290    A$spi$1208
  0C:0293    A$spi$1209
  0C:0295    A$spi$1210
  0C:0296    A$spi$1213
  0C:0299    A$spi$1214
  0C:029B    A$spi$1215
  0C:029C    A$spi$1218
  0C:029F    A$spi$1219
  0C:02A1    A$spi$1220
  0C:02A2    A$spi$1223
  0C:02A5    A$spi$1224
  0C:02A7    A$spi$1225
  0C:02A8    A$spi$1228
  0C:02AB    A$spi$1229
  0C:02AD    A$spi$1230
  0C:02AE    A$spi$1233
  0C:02B1    A$spi$1234
  0C:02B3    A$spi$1235
  0C:02B4    A$spi$1238
  0C:02B7    A$spi$1239
  0C:02B9    A$spi$1240
  0C:02BA    A$spi$1243
  0C:02BD    A$spi$1244
  0C:02BF    A$spi$1245
  0C:02C0    A$spi$1248
  0C:02C3    A$spi$1249
  0C:02C5    A$spi$1250
  0C:02C6    A$spi$1253
  0C:02C9    A$spi$1254
  0C:02CB    A$spi$1255
  0C:02CC    A$spi$1258
  0C:02CF    A$spi$1259
  0C:02D1    A$spi$1260
  0C:02D2    A$spi$1263
  0C:02D5    A$spi$1264
  0C:02D7    A$spi$1265
  0C:02D8    A$spi$1268
  0C:02DB    A$spi$1269
  0C:02DD    A$spi$1270
  0C:02DE    A$spi$1273
  0C:02E1    A$spi$1274
  0C:02E3    A$spi$1275
  0C:02E4    A$spi$1278
  0C:02E7    A$spi$1279
  0C:02E9    A$spi$1280
  0C:02EA    A$spi$1283
  0C:02ED    A$spi$1284
  0C:02EF    A$spi$1285
  0C:02F0    A$spi$1288
  0C:02F3    A$spi$1289
  0C:02F5    A$spi$1290
  0C:02F6    A$spi$1293
  0C:02F9    A$spi$1294
  0C:02FB    A$spi$1295
  0C:02FC    A$spi$1298
  0C:02FF    A$spi$1299
  0C:0301    A$spi$1300
  0C:0302    A$spi$1303
  0C:0305    A$spi$1304
  0C:0307    A$spi$1305
  0C:0308    A$spi$1308
  0C:030B    A$spi$1309
  0C:030D    A$spi$1310
  0C:030E    A$spi$1313
  0C:0311    A$spi$1314
  0C:0313    A$spi$1315
  0C:0314    A$spi$1318
  0C:0317    A$spi$1319
  0C:0319    A$spi$1320
  0C:031A    A$spi$1323
  0C:031D    A$spi$1324
  0C:031F    A$spi$1325
  0C:0320    A$spi$1328
  0C:0323    A$spi$1329
  0C:0325    A$spi$1330
  0C:0326    A$spi$1333
  0C:0329    A$spi$1334
  0C:032B    A$spi$1335
  0C:032C    A$spi$1338
  0C:032F    A$spi$1339
  0C:0331    A$spi$1340
  0C:0332    A$spi$1343
  0C:0335    A$spi$1344
  0C:0337    A$spi$1345
  0C:0338    A$spi$1348
  0C:033B    A$spi$1349
  0C:033D    A$spi$1350
  0C:033E    A$spi$1353
  0C:0341    A$spi$1354
  0C:0343    A$spi$1355
  0C:0344    A$spi$1358
  0C:0347    A$spi$1359
  0C:0349    A$spi$1360
  0C:034A    A$spi$1363
  0C:034D    A$spi$1364
  0C:034F    A$spi$1365
  0C:0350    A$spi$1368
  0C:0353    A$spi$1369
  0C:0355    A$spi$1370
  0C:0356    A$spi$1373
  0C:0359    A$spi$1374
  0C:035B    A$spi$1375
  0C:035C    A$spi$1378
  0C:035F    A$spi$1379
  0C:0361    A$spi$1380
  0C:0362    A$spi$1383
  0C:0365    A$spi$1384
  0C:0367    A$spi$1385
  0C:0368    A$spi$1388
  0C:036B    A$spi$1389
  0C:036D    A$spi$1390
  0C:036E    A$spi$1393
  0C:0371    A$spi$1394
  0C:0373    A$spi$1395
  0C:0374    A$spi$1398
  0C:0377    A$spi$1399
  0C:0379    A$spi$1400
  0C:037A    A$spi$1403
  0C:037D    A$spi$1404
  0C:037F    A$spi$1405
  0C:0380    A$spi$1408
  0C:0383    A$spi$1409
  0C:0385    A$spi$1410
  0C:0386    A$spi$1413
  0C:0389    A$spi$1414
  0C:038B    A$spi$1415
  0C:038C    A$spi$1418
  0C:038F    A$spi$1419
  0C:0391    A$spi$1420
  0C:0392    A$spi$1423
  0C:0395    A$spi$1424
  0C:0397    A$spi$1425
  0C:0398    A$spi$1428
  0C:039B    A$spi$1429
  0C:039D    A$spi$1430
  0C:039E    A$spi$1433
  0C:03A1    A$spi$1434
  0C:03A3    A$spi$1435
  0C:03A4    A$spi$1438
  0C:03A7    A$spi$1439
  0C:03A9    A$spi$1440
  0C:03AA    A$spi$1443
  0C:03AD    A$spi$1444
  0C:03AF    A$spi$1445
  0C:03B0    A$spi$1448
  0C:03B3    A$spi$1449
  0C:03B5    A$spi$1450
  0C:03B6    A$spi$1453
  0C:03B9    A$spi$1454
  0C:03BB    A$spi$1455
  0C:03BC    A$spi$1458
  0C:03BF    A$spi$1459
  0C:03C1    A$spi$1460
  0C:03C2    A$spi$1463
  0C:03C5    A$spi$1464
  0C:03C7    A$spi$1465
  0C:03C8    A$spi$1468
  0C:03CB    A$spi$1469
  0C:03CD    A$spi$1470
  0C:03CE    A$spi$1473
  0C:03D1    A$spi$1474
  0C:03D3    A$spi$1475
  0C:03D4    A$spi$1478
  0C:03D7    A$spi$1479
  0C:03D9    A$spi$1480
  0C:03DA    A$spi$1483
  0C:03DD    A$spi$1484
  0C:03DF    A$spi$1485
  0C:03E0    A$spi$1488
  0C:03E3    A$spi$1489
  0C:03E5    A$spi$1490
  0C:03E6    A$spi$1493
  0C:03E9    A$spi$1494
  0C:03EB    A$spi$1495
  0C:03EC    A$spi$1498
  0C:03EF    A$spi$1499
  0C:03F1    A$spi$1500
  0C:03F2    A$spi$1503
  0C:03F5    A$spi$1504
  0C:03F7    A$spi$1505
  0C:03F8    A$spi$1508
  0C:03FB    A$spi$1509
  0C:03FD    A$spi$1510
  0C:03FE    A$spi$1513
  0C:0401    A$spi$1514
  0C:0403    A$spi$1515
  0C:0404    A$spi$1518
  0C:0407    A$spi$1519
  0C:0409    A$spi$1520
  0C:040A    A$spi$1523
  0C:040D    A$spi$1524
  0C:040F    A$spi$1525
  0C:0410    A$spi$1528
  0C:0413    A$spi$1529
  0C:0415    A$spi$1530
  0C:0416    A$spi$1533
  0C:0419    A$spi$1534
  0C:041B    A$spi$1535
  0C:041C    A$spi$1538
  0C:041F    A$spi$1539
  0C:0421    A$spi$1540
  0C:0422    A$spi$1543
  0C:0425    A$spi$1544
  0C:0427    A$spi$1545
  0C:0428    A$spi$1548
  0C:042B    A$spi$1549
  0C:042D    A$spi$1550
  0C:042E    A$spi$1553
  0C:0431    A$spi$1554
  0C:0433    A$spi$1555
  0C:0434    A$spi$1558
  0C:0437    A$spi$1559
  0C:0439    A$spi$1560
  0C:043A    A$spi$1563
  0C:043D    A$spi$1564
  0C:043F    A$spi$1565
  0C:0440    A$spi$1568
  0C:0443    A$spi$1569
  0C:0445    A$spi$1570
  0C:0446    A$spi$1573
  0C:0449    A$spi$1574
  0C:044B    A$spi$1575
  0C:044C    A$spi$1578
  0C:044F    A$spi$1579
  0C:0451    A$spi$1580
  0C:0452    A$spi$1583
  0C:0455    A$spi$1584
  0C:0457    A$spi$1585
  0C:0458    A$spi$1588
  0C:045B    A$spi$1589
  0C:045D    A$spi$1590
  0C:045E    A$spi$1593
  0C:0461    A$spi$1594
  0C:0463    A$spi$1595
  0C:0464    A$spi$1598
  0C:0467    A$spi$1599
  0C:0469    A$spi$1600
  0C:046A    A$spi$1603
  0C:046D    A$spi$1604
  0C:046F    A$spi$1605
  0C:0470    A$spi$1608
  0C:0473    A$spi$1609
  0C:0475    A$spi$1610
  0C:0476    A$spi$1613
  0C:0479    A$spi$1614
  0C:047B    A$spi$1615
  0C:047C    A$spi$1618
  0C:047F    A$spi$1619
  0C:0481    A$spi$1620
  0C:0482    A$spi$1623
  0C:0485    A$spi$1624
  0C:0487    A$spi$1625
  0C:0488    A$spi$1628
  0C:048B    A$spi$1629
  0C:048D    A$spi$1630
  0C:048E    A$spi$1633
  0C:0491    A$spi$1634
  0C:0493    A$spi$1635
  0C:0494    A$spi$1638
  0C:0497    A$spi$1639
  0C:0499    A$spi$1640
  0C:049A    A$spi$1643
  0C:049D    A$spi$1644
  0C:049F    A$spi$1645
  0C:04A0    A$spi$1648
  0C:04A3    A$spi$1649
  0C:04A5    A$spi$1650
  0C:04A6    A$spi$1653
  0C:04A9    A$spi$1654
  0C:04AB    A$spi$1655
  0C:04AC    A$spi$1658
  0C:04AF    A$spi$1659
  0C:04B1    A$spi$1660
  0C:04B2    A$spi$1663
  0C:04B5    A$spi$1664
  0C:04B7    A$spi$1665
  0C:04B8    A$spi$1668
  0C:04BB    A$spi$1669
  0C:04BD    A$spi$1670
  0C:04BE    A$spi$1673
  0C:04C1    A$spi$1674
  0C:04C3    A$spi$1675
  0C:04C4    A$spi$1678
  0C:04C7    A$spi$1679
  0C:04C9    A$spi$1680
  0C:04CA    A$spi$1683
  0C:04CD    A$spi$1684
  0C:04CF    A$spi$1685
  0C:04D0    A$spi$1688
  0C:04D3    A$spi$1689
  0C:04D5    A$spi$1690
  0C:04D6    A$spi$1693
  0C:04D9    A$spi$1694
  0C:04DB    A$spi$1695
  0C:04DC    A$spi$1698
  0C:04DF    A$spi$1699
  0C:04E1    A$spi$1700
  0C:04E2    A$spi$1703
  0C:04E5    A$spi$1704
  0C:04E7    A$spi$1705
  0C:04E8    A$spi$1708
  0C:04EB    A$spi$1709
  0C:04ED    A$spi$1710
  0C:04EE    A$spi$1713
  0C:04F1    A$spi$1714
  0C:04F3    A$spi$1715
  0C:04F4    A$spi$1718
  0C:04F7    A$spi$1719
  0C:04F9    A$spi$1720
  0C:04FA    A$spi$1723
  0C:04FD    A$spi$1724
  0C:04FF    A$spi$1725
  0C:0500    A$spi$1728
  0C:0503    A$spi$1729
  0C:0505    A$spi$1730
  0C:0506    A$spi$1733
  0C:0509    A$spi$1734
  0C:050B    A$spi$1735
  0C:050C    A$spi$1738
  0C:050F    A$spi$1739
  0C:0511    A$spi$1740
  0C:0512    A$spi$1743
  0C:0515    A$spi$1744
  0C:0517    A$spi$1745
  0C:0518    A$spi$1748
  0C:051B    A$spi$1749
  0C:051D    A$spi$1750
  0C:051E    A$spi$1753
  0C:0521    A$spi$1754
  0C:0523    A$spi$1755
  0C:0524    A$spi$1758
  0C:0527    A$spi$1759
  0C:0529    A$spi$1760
  0C:052A    A$spi$1763
  0C:052D    A$spi$1764
  0C:052F    A$spi$1765
  0C:0530    A$spi$1768
  0C:0533    A$spi$1769
  0C:0535    A$spi$1770
  0C:0536    A$spi$1773
  0C:0539    A$spi$1774
  0C:053B    A$spi$1775
  0C:053C    A$spi$1778
  0C:053F    A$spi$1779
  0C:0541    A$spi$1780
  0C:0542    A$spi$1783
  0C:0545    A$spi$1784
  0C:0547    A$spi$1785
  0C:0548    A$spi$1788
  0C:054B    A$spi$1789
  0C:054D    A$spi$1790
  0C:054E    A$spi$1793
  0C:0551    A$spi$1794
  0C:0553    A$spi$1795
  0C:0554    A$spi$1798
  0C:0557    A$spi$1799
  0C:0559    A$spi$1800
  0C:055A    A$spi$1803
  0C:055D    A$spi$1804
  0C:055F    A$spi$1805
  0C:0560    A$spi$1808
  0C:0563    A$spi$1809
  0C:0565    A$spi$1810
  0C:0566    A$spi$1813
  0C:0569    A$spi$1814
  0C:056B    A$spi$1815
  0C:056C    A$spi$1818
  0C:056F    A$spi$1819
  0C:0571    A$spi$1820
  0C:0572    A$spi$1823
  0C:0575    A$spi$1824
  0C:0577    A$spi$1825
  0C:0578    A$spi$1828
  0C:057B    A$spi$1829
  0C:057D    A$spi$1830
  0C:057E    A$spi$1833
  0C:0581    A$spi$1834
  0C:0583    A$spi$1835
  0C:0584    A$spi$1838
  0C:0587    A$spi$1839
  0C:0589    A$spi$1840
  0C:058A    A$spi$1843
  0C:058D    A$spi$1844
  0C:058F    A$spi$1845
  0C:0590    A$spi$1848
  0C:0593    A$spi$1849
  0C:0595    A$spi$1850
  0C:0596    A$spi$1853
  0C:0599    A$spi$1854
  0C:059B    A$spi$1855
  0C:059C    A$spi$1858
  0C:059F    A$spi$1859
  0C:05A1    A$spi$1860
  0C:05A2    A$spi$1863
  0C:05A5    A$spi$1864
  0C:05A7    A$spi$1865
  0C:05A8    A$spi$1868
  0C:05AB    A$spi$1869
  0C:05AD    A$spi$1870
  0C:05AE    A$spi$1873
  0C:05B1    A$spi$1874
  0C:05B3    A$spi$1875
  0C:05B4    A$spi$1878
  0C:05B7    A$spi$1879
  0C:05B9    A$spi$1880
  0C:05BA    A$spi$1883
  0C:05BD    A$spi$1884
  0C:05BF    A$spi$1885
  0C:05C0    A$spi$1888
  0C:05C3    A$spi$1889
  0C:05C5    A$spi$1890
  0C:05C6    A$spi$1893
  0C:05C9    A$spi$1894
  0C:05CB    A$spi$1895
  0C:05CC    A$spi$1898
  0C:05CF    A$spi$1899
  0C:05D1    A$spi$1900
  0C:05D2    A$spi$1903
  0C:05D5    A$spi$1904
  0C:05D7    A$spi$1905
  0C:05D8    A$spi$1908
  0C:05DB    A$spi$1909
  0C:05DD    A$spi$1910
  0C:05DE    A$spi$1913
  0C:05E1    A$spi$1914
  0C:05E3    A$spi$1915
  0C:05E4    A$spi$1918
  0C:05E7    A$spi$1919
  0C:05E9    A$spi$1920
  0C:05EA    A$spi$1923
  0C:05ED    A$spi$1924
  0C:05EF    A$spi$1925
  0C:05F0    A$spi$1928
  0C:05F3    A$spi$1929
  0C:05F5    A$spi$1930
  0C:05F6    A$spi$1933
  0C:05F9    A$spi$1934
  0C:05FB    A$spi$1935
  0C:05FC    A$spi$1938
  0C:05FF    A$spi$1939
  0C:0601    A$spi$1940
  0C:0602    A$spi$1943
  0C:0605    A$spi$1944
  0C:0607    A$spi$1945
  0C:0608    A$spi$1948
  0C:060B    A$spi$1949
  0C:060D    A$spi$1950
  0C:060E    A$spi$1953
  0C:0611    A$spi$1954
  0C:0613    A$spi$1955
  0C:0614    A$spi$1958
  0C:0617    A$spi$1959
  0C:0619    A$spi$1960
  0C:061A    A$spi$1963
  0C:061D    A$spi$1964
  0C:061F    A$spi$1965
  0C:0620    A$spi$1968
  0C:0623    A$spi$1969
  0C:0625    A$spi$1970
  0C:0626    A$spi$1973
  0C:0629    A$spi$1974
  0C:062B    A$spi$1975
  0C:062C    A$spi$1978
  0C:062F    A$spi$1979
  0C:0631    A$spi$1980
  0C:0632    A$spi$1983
  0C:0635    A$spi$1984
  0C:0637    A$spi$1985
  0C:0638    A$spi$1988
  0C:063B    A$spi$1989
  0C:063D    A$spi$1990
  0C:063E    A$spi$1993
  0C:0641    A$spi$1994
  0C:0643    A$spi$1995
  0C:0644    A$spi$1998
  0C:0647    A$spi$1999
  0C:0649    A$spi$2000
  0C:064A    A$spi$2003
  0C:064D    A$spi$2004
  0C:064F    A$spi$2005
  0C:0650    A$spi$2008
  0C:0653    A$spi$2009
  0C:0655    A$spi$2010
  0C:0656    A$spi$2013
  0C:0659    A$spi$2014
  0C:065B    A$spi$2015
  0C:065C    A$spi$2018
  0C:065F    A$spi$2019
  0C:0661    A$spi$2020
  0C:0662    A$spi$2023
  0C:0665    A$spi$2024
  0C:0667    A$spi$2025
  0C:0668    A$spi$2028
  0C:066B    A$spi$2029
  0C:066D    A$spi$2030
  0C:066E    A$spi$2033
  0C:0671    A$spi$2034
  0C:0673    A$spi$2035
  0C:0674    A$spi$2038
  0C:0677    A$spi$2039
  0C:0679    A$spi$2040
  0C:067A    A$spi$2043
  0C:067D    A$spi$2044
  0C:067F    A$spi$2045
  0C:0680    A$spi$2048
  0C:0683    A$spi$2049
  0C:0685    A$spi$2050
  0C:0686    A$spi$2055
  0C:0686    C$spi.c$317$1$1
  0C:0689    A$spi$2068
  0C:068A    A$spi$2069
  0C:068B    A$spi$2070
  0C:068E    A$spi$2071
  0C:068F    A$spi$2072
  0C:0692    A$spi$2074
  0C:0693    A$spi$2075
  0C:0696    A$spi$2076
  0C:0697    A$spi$2079
  0C:069A    A$spi$2092
  0C:069B    A$spi$2093
  0C:069C    A$spi$2094
  0C:069F    A$spi$2095
  0C:06A0    A$spi$2096
  0C:06A3    A$spi$2098
  0C:06A4    A$spi$2099
  0C:06A7    A$spi$2100
  0C:06A8    A$spi$2103
  0C:06AB    A$spi$2116
  0C:06AC    A$spi$2117
  0C:06AD    A$spi$2118
  0C:06B0    A$spi$2119
  0C:06B1    A$spi$2120
  0C:06B4    A$spi$2122
  0C:06B5    A$spi$2123
  0C:06B8    A$spi$2124
  0C:06B9    A$spi$2127
  0C:06BC    A$spi$2140
  0C:06BD    A$spi$2141
  0C:06BE    A$spi$2142
  0C:06C1    A$spi$2143
  0C:06C2    A$spi$2144
  0C:06C5    A$spi$2146
  0C:06C6    A$spi$2147
  0C:06C9    A$spi$2148
  0C:06CA    A$spi$2151
  0C:06CD    A$spi$2164
  0C:06CE    A$spi$2165
  0C:06CF    A$spi$2166
  0C:06D2    A$spi$2167
  0C:06D3    A$spi$2168
  0C:06D6    A$spi$2170
  0C:06D7    A$spi$2171
  0C:06DA    A$spi$2172
  0C:06DB    A$spi$2175
  0C:06DE    A$spi$2188
  0C:06DF    A$spi$2189
  0C:06E0    A$spi$2190
  0C:06E3    A$spi$2191
  0C:06E4    A$spi$2192
  0C:06E7    A$spi$2194
  0C:06E8    A$spi$2195
  0C:06EB    A$spi$2196
  0C:06EC    A$spi$2199
  0C:06EF    A$spi$2212
  0C:06F0    A$spi$2213
  0C:06F1    A$spi$2214
  0C:06F4    A$spi$2215
  0C:06F5    A$spi$2216
  0C:06F8    A$spi$2218
  0C:06F9    A$spi$2219
  0C:06FC    A$spi$2220
  0C:06FD    A$spi$2223
  0C:0700    A$spi$2236
  0C:0701    A$spi$2237
  0C:0702    A$spi$2238
  0C:0705    A$spi$2239
  0C:0706    A$spi$2240
  0C:0709    A$spi$2242
  0C:070A    A$spi$2243
  0C:070D    A$spi$2244
  0C:070E    A$spi$2247
  0C:0711    A$spi$2260
  0C:0712    A$spi$2261
  0C:0713    A$spi$2262
  0C:0716    A$spi$2263
  0C:0717    A$spi$2264
  0C:071A    A$spi$2266
  0C:071B    A$spi$2267
  0C:071E    A$spi$2268
  0C:071F    A$spi$2271
  0C:0722    A$spi$2284
  0C:0723    A$spi$2285
  0C:0724    A$spi$2286
  0C:0727    A$spi$2287
  0C:0728    A$spi$2288
  0C:072B    A$spi$2290
  0C:072C    A$spi$2291
  0C:072F    A$spi$2292
  0C:0730    A$spi$2295
  0C:0733    A$spi$2308
  0C:0734    A$spi$2309
  0C:0735    A$spi$2310
  0C:0738    A$spi$2311
  0C:0739    A$spi$2312
  0C:073C    A$spi$2314
  0C:073D    A$spi$2315
  0C:0740    A$spi$2316
  0C:0741    A$spi$2319
  0C:0744    A$spi$2332
  0C:0745    A$spi$2333
  0C:0746    A$spi$2334
  0C:0749    A$spi$2335
  0C:074A    A$spi$2336
  0C:074D    A$spi$2338
  0C:074E    A$spi$2339
  0C:0751    A$spi$2340
  0C:0752    A$spi$2343
  0C:0755    A$spi$2356
  0C:0756    A$spi$2357
  0C:0757    A$spi$2358
  0C:075A    A$spi$2359
  0C:075B    A$spi$2360
  0C:075E    A$spi$2362
  0C:075F    A$spi$2363
  0C:0762    A$spi$2364
  0C:0763    A$spi$2367
  0C:0766    A$spi$2380
  0C:0767    A$spi$2381
  0C:0768    A$spi$2382
  0C:076B    A$spi$2383
  0C:076C    A$spi$2384
  0C:076F    A$spi$2386
  0C:0770    A$spi$2387
  0C:0773    A$spi$2388
  0C:0774    A$spi$2391
  0C:0777    A$spi$2404
  0C:0778    A$spi$2405
  0C:0779    A$spi$2406
  0C:077C    A$spi$2407
  0C:077D    A$spi$2408
  0C:0780    A$spi$2410
  0C:0781    A$spi$2411
  0C:0784    A$spi$2412
  0C:0785    A$spi$2415
  0C:0788    A$spi$2428
  0C:0789    A$spi$2429
  0C:078A    A$spi$2430
  0C:078D    A$spi$2431
  0C:078E    A$spi$2432
  0C:0791    A$spi$2434
  0C:0792    A$spi$2435
  0C:0795    A$spi$2436
  0C:0796    A$spi$2439
  0C:0799    A$spi$2452
  0C:079A    A$spi$2453
  0C:079B    A$spi$2454
  0C:079E    A$spi$2455
  0C:079F    A$spi$2456
  0C:07A2    A$spi$2458
  0C:07A3    A$spi$2459
  0C:07A6    A$spi$2460
  0C:07A7    A$spi$2463
  0C:07AA    A$spi$2476
  0C:07AB    A$spi$2477
  0C:07AC    A$spi$2478
  0C:07AF    A$spi$2479
  0C:07B0    A$spi$2480
  0C:07B3    A$spi$2482
  0C:07B4    A$spi$2483
  0C:07B7    A$spi$2484
  0C:07B8    A$spi$2487
  0C:07BB    A$spi$2500
  0C:07BC    A$spi$2501
  0C:07BD    A$spi$2502
  0C:07C0    A$spi$2503
  0C:07C1    A$spi$2504
  0C:07C4    A$spi$2506
  0C:07C5    A$spi$2507
  0C:07C8    A$spi$2508
  0C:07C9    A$spi$2511
  0C:07CC    A$spi$2524
  0C:07CD    A$spi$2525
  0C:07CE    A$spi$2526
  0C:07D1    A$spi$2527
  0C:07D2    A$spi$2528
  0C:07D5    A$spi$2530
  0C:07D6    A$spi$2531
  0C:07D9    A$spi$2532
  0C:07DA    A$spi$2535
  0C:07DD    A$spi$2548
  0C:07DE    A$spi$2549
  0C:07DF    A$spi$2550
  0C:07E2    A$spi$2551
  0C:07E3    A$spi$2552
  0C:07E6    A$spi$2554
  0C:07E7    A$spi$2555
  0C:07EA    A$spi$2556
  0C:07EB    A$spi$2559
  0C:07EE    A$spi$2572
  0C:07EF    A$spi$2573
  0C:07F0    A$spi$2574
  0C:07F3    A$spi$2575
  0C:07F4    A$spi$2576
  0C:07F7    A$spi$2578
  0C:07F8    A$spi$2579
  0C:07FB    A$spi$2580
  0C:07FC    A$spi$2583
  0C:07FF    A$spi$2596
  0C:0800    A$spi$2597
  0C:0801    A$spi$2598
  0C:0804    A$spi$2599
  0C:0805    A$spi$2600
  0C:0808    A$spi$2602
  0C:0809    A$spi$2603
  0C:080C    A$spi$2604
  0C:080D    A$spi$2607
  0C:0810    A$spi$2620
  0C:0811    A$spi$2621
  0C:0812    A$spi$2622
  0C:0815    A$spi$2623
  0C:0816    A$spi$2624
  0C:0819    A$spi$2626
  0C:081A    A$spi$2627
  0C:081D    A$spi$2628
  0C:081E    A$spi$2631
  0C:0821    A$spi$2644
  0C:0822    A$spi$2645
  0C:0823    A$spi$2646
  0C:0826    A$spi$2647
  0C:0827    A$spi$2648
  0C:082A    A$spi$2650
  0C:082B    A$spi$2651
  0C:082E    A$spi$2652
  0C:082F    A$spi$2655
  0C:0832    A$spi$2668
  0C:0833    A$spi$2669
  0C:0834    A$spi$2670
  0C:0837    A$spi$2671
  0C:0838    A$spi$2672
  0C:083B    A$spi$2674
  0C:083C    A$spi$2675
  0C:083F    A$spi$2676
  0C:0840    A$spi$2679
  0C:0843    A$spi$2692
  0C:0844    A$spi$2693
  0C:0845    A$spi$2694
  0C:0848    A$spi$2695
  0C:0849    A$spi$2696
  0C:084C    A$spi$2698
  0C:084D    A$spi$2699
  0C:0850    A$spi$2700
  0C:0851    A$spi$2703
  0C:0854    A$spi$2716
  0C:0855    A$spi$2717
  0C:0856    A$spi$2718
  0C:0859    A$spi$2719
  0C:085A    A$spi$2720
  0C:085D    A$spi$2722
  0C:085E    A$spi$2723
  0C:0861    A$spi$2724
  0C:0862    A$spi$2727
  0C:0865    A$spi$2740
  0C:0866    A$spi$2741
  0C:0867    A$spi$2742
  0C:086A    A$spi$2743
  0C:086B    A$spi$2744
  0C:086E    A$spi$2746
  0C:086F    A$spi$2747
  0C:0872    A$spi$2748
  0C:0873    A$spi$2751
  0C:0876    A$spi$2764
  0C:0877    A$spi$2765
  0C:0878    A$spi$2766
  0C:087B    A$spi$2767
  0C:087C    A$spi$2768
  0C:087F    A$spi$2770
  0C:0880    A$spi$2771
  0C:0883    A$spi$2772
  0C:0884    A$spi$2775
  0C:0887    A$spi$2788
  0C:0888    A$spi$2789
  0C:0889    A$spi$2790
  0C:088C    A$spi$2791
  0C:088D    A$spi$2792
  0C:0890    A$spi$2794
  0C:0891    A$spi$2795
  0C:0894    A$spi$2796
  0C:0895    A$spi$2799
  0C:0898    A$spi$2812
  0C:0899    A$spi$2813
  0C:089A    A$spi$2814
  0C:089D    A$spi$2815
  0C:089E    A$spi$2816
  0C:08A1    A$spi$2818
  0C:08A2    A$spi$2819
  0C:08A5    A$spi$2820
  0C:08A6    A$spi$2823
  0C:08A9    A$spi$2829
  0C:08AA    A$spi$2830
  0C:08AB    A$spi$2831
  0C:08AE    A$spi$2832
  0C:08AF    A$spi$2835
  0C:08B2    A$spi$2836
  0C:08B4    A$spi$2837
  0C:08B5    A$spi$2840
  0C:08B8    A$spi$2841
  0C:08BA    A$spi$2842
  0C:08BB    A$spi$2845
  0C:08BE    A$spi$2846
  0C:08C0    A$spi$2847
  0C:08C1    A$spi$2850
  0C:08C4    A$spi$2851
  0C:08C6    A$spi$2852
  0C:08C7    A$spi$2855
  0C:08CA    A$spi$2856
  0C:08CC    A$spi$2857
  0C:08CD    A$spi$2860
  0C:08D0    A$spi$2861
  0C:08D2    A$spi$2862
  0C:08D3    A$spi$2865
  0C:08D6    A$spi$2866
  0C:08D8    A$spi$2867
  0C:08D9    A$spi$2870
  0C:08DC    A$spi$2871
  0C:08DE    A$spi$2872
  0C:08DF    A$spi$2875
  0C:08E2    A$spi$2876
  0C:08E4    A$spi$2877
  0C:08E5    A$spi$2880
  0C:08E8    A$spi$2881
  0C:08EA    A$spi$2882
  0C:08EB    A$spi$2885
  0C:08EE    A$spi$2886
  0C:08F0    A$spi$2887
  0C:08F1    A$spi$2890
  0C:08F4    A$spi$2891
  0C:08F6    A$spi$2892
  0C:08F7    A$spi$2895
  0C:08FA    A$spi$2896
  0C:08FC    A$spi$2897
  0C:08FD    A$spi$2900
  0C:0900    A$spi$2901
  0C:0902    A$spi$2902
  0C:0903    A$spi$2905
  0C:0906    A$spi$2906
  0C:0908    A$spi$2907
  0C:0909    A$spi$2910
  0C:090C    A$spi$2911
  0C:090E    A$spi$2912
  0C:090F    A$spi$2915
  0C:0912    A$spi$2916
  0C:0914    A$spi$2917
  0C:0915    A$spi$2920
  0C:0918    A$spi$2921
  0C:091A    A$spi$2922
  0C:091B    A$spi$2925
  0C:091E    A$spi$2926
  0C:0920    A$spi$2927
  0C:0921    A$spi$2930
  0C:0924    A$spi$2931
  0C:0926    A$spi$2932
  0C:0927    A$spi$2935
  0C:092A    A$spi$2936
  0C:092C    A$spi$2937
  0C:092D    A$spi$2940
  0C:0930    A$spi$2941
  0C:0932    A$spi$2942
  0C:0933    A$spi$2945
  0C:0936    A$spi$2946
  0C:0938    A$spi$2947
  0C:0939    A$spi$2950
  0C:093C    A$spi$2951
  0C:093E    A$spi$2952
  0C:093F    A$spi$2955
  0C:0942    A$spi$2956
  0C:0944    A$spi$2957
  0C:0945    A$spi$2960
  0C:0948    A$spi$2961
  0C:094A    A$spi$2962
  0C:094B    A$spi$2965
  0C:094E    A$spi$2966
  0C:0950    A$spi$2967
  0C:0951    A$spi$2970
  0C:0954    A$spi$2971
  0C:0956    A$spi$2972
  0C:0957    A$spi$2975
  0C:095A    A$spi$2976
  0C:095C    A$spi$2977
  0C:095D    A$spi$2980
  0C:0960    A$spi$2981
  0C:0962    A$spi$2982
  0C:0963    A$spi$2985
  0C:0966    A$spi$2986
  0C:0968    A$spi$2987
  0C:0969    A$spi$2990
  0C:096C    A$spi$2991
  0C:096E    A$spi$2992
  0C:096F    A$spi$2995
  0C:0972    A$spi$2996
  0C:0974    A$spi$2997
  0C:0975    A$spi$3000
  0C:0978    A$spi$3001
  0C:097A    A$spi$3002
  0C:097B    A$spi$3005
  0C:097E    A$spi$3006
  0C:0980    A$spi$3007
  0C:0981    A$spi$3010
  0C:0984    A$spi$3011
  0C:0986    A$spi$3012
  0C:0987    A$spi$3015
  0C:098A    A$spi$3016
  0C:098C    A$spi$3017
  0C:098D    A$spi$3020
  0C:0990    A$spi$3021
  0C:0992    A$spi$3022
  0C:0993    A$spi$3025
  0C:0996    A$spi$3026
  0C:0998    A$spi$3027
  0C:0999    A$spi$3030
  0C:099C    A$spi$3031
  0C:099E    A$spi$3032
  0C:099F    A$spi$3035
  0C:09A2    A$spi$3036
  0C:09A4    A$spi$3037
  0C:09A5    A$spi$3040
  0C:09A8    A$spi$3041
  0C:09AA    A$spi$3042
  0C:09AB    A$spi$3045
  0C:09AE    A$spi$3046
  0C:09B0    A$spi$3047
  0C:09B1    A$spi$3050
  0C:09B4    A$spi$3051
  0C:09B6    A$spi$3052
  0C:09B7    A$spi$3055
  0C:09BA    A$spi$3056
  0C:09BC    A$spi$3057
  0C:09BD    A$spi$3060
  0C:09C0    A$spi$3061
  0C:09C2    A$spi$3062
  0C:09C3    A$spi$3065
  0C:09C6    A$spi$3066
  0C:09C8    A$spi$3067
  0C:09C9    A$spi$3070
  0C:09CC    A$spi$3071
  0C:09CE    A$spi$3072
  0C:09CF    A$spi$3075
  0C:09D2    A$spi$3076
  0C:09D4    A$spi$3077
  0C:09D5    A$spi$3080
  0C:09D8    A$spi$3081
  0C:09DA    A$spi$3082
  0C:09DB    A$spi$3085
  0C:09DE    A$spi$3086
  0C:09E0    A$spi$3087
  0C:09E1    A$spi$3090
  0C:09E4    A$spi$3091
  0C:09E6    A$spi$3092
  0C:09E7    A$spi$3095
  0C:09EA    A$spi$3096
  0C:09EC    A$spi$3097
  0C:09ED    A$spi$3100
  0C:09F0    A$spi$3101
  0C:09F2    A$spi$3102
  0C:09F3    A$spi$3105
  0C:09F6    A$spi$3106
  0C:09F8    A$spi$3107
  0C:09F9    A$spi$3110
  0C:09FC    A$spi$3111
  0C:09FE    A$spi$3112
  0C:09FF    A$spi$3115
  0C:0A02    A$spi$3116
  0C:0A04    A$spi$3117
  0C:0A05    A$spi$3120
  0C:0A08    A$spi$3121
  0C:0A0A    A$spi$3122
  0C:0A0B    A$spi$3125
  0C:0A0E    A$spi$3126
  0C:0A10    A$spi$3127
  0C:0A11    A$spi$3130
  0C:0A14    A$spi$3131
  0C:0A16    A$spi$3132
  0C:0A17    A$spi$3135
  0C:0A1A    A$spi$3136
  0C:0A1C    A$spi$3137
  0C:0A1D    A$spi$3140
  0C:0A20    A$spi$3141
  0C:0A22    A$spi$3142
  0C:0A23    A$spi$3145
  0C:0A26    A$spi$3146
  0C:0A28    A$spi$3147
  0C:0A29    A$spi$3150
  0C:0A2C    A$spi$3151
  0C:0A2E    A$spi$3152
  0C:0A2F    A$spi$3155
  0C:0A32    A$spi$3156
  0C:0A34    A$spi$3157
  0C:0A35    A$spi$3160
  0C:0A38    A$spi$3161
  0C:0A3A    A$spi$3162
  0C:0A3B    A$spi$3165
  0C:0A3E    A$spi$3166
  0C:0A40    A$spi$3167
  0C:0A41    A$spi$3170
  0C:0A44    A$spi$3171
  0C:0A46    A$spi$3172
  0C:0A47    A$spi$3175
  0C:0A4A    A$spi$3176
  0C:0A4C    A$spi$3177
  0C:0A4D    A$spi$3180
  0C:0A50    A$spi$3181
  0C:0A52    A$spi$3182
  0C:0A53    A$spi$3185
  0C:0A56    A$spi$3186
  0C:0A58    A$spi$3187
  0C:0A59    A$spi$3190
  0C:0A5C    A$spi$3191
  0C:0A5E    A$spi$3192
  0C:0A5F    A$spi$3195
  0C:0A62    A$spi$3196
  0C:0A64    A$spi$3197
  0C:0A65    A$spi$3200
  0C:0A68    A$spi$3201
  0C:0A6A    A$spi$3202
  0C:0A6B    A$spi$3205
  0C:0A6E    A$spi$3206
  0C:0A70    A$spi$3207
  0C:0A71    A$spi$3210
  0C:0A74    A$spi$3211
  0C:0A76    A$spi$3212
  0C:0A77    A$spi$3215
  0C:0A7A    A$spi$3216
  0C:0A7C    A$spi$3217
  0C:0A7D    A$spi$3220
  0C:0A80    A$spi$3221
  0C:0A82    A$spi$3222
  0C:0A83    A$spi$3225
  0C:0A86    A$spi$3226
  0C:0A88    A$spi$3227
  0C:0A89    A$spi$3230
  0C:0A8C    A$spi$3231
  0C:0A8E    A$spi$3232
  0C:0A8F    A$spi$3235
  0C:0A92    A$spi$3236
  0C:0A94    A$spi$3237
  0C:0A95    A$spi$3240
  0C:0A98    A$spi$3241
  0C:0A9A    A$spi$3242
  0C:0A9B    A$spi$3245
  0C:0A9E    A$spi$3246
  0C:0AA0    A$spi$3247
  0C:0AA1    A$spi$3250
  0C:0AA4    A$spi$3251
  0C:0AA6    A$spi$3252
  0C:0AA7    A$spi$3255
  0C:0AAA    A$spi$3256
  0C:0AAC    A$spi$3257
  0C:0AAD    A$spi$3260
  0C:0AB0    A$spi$3261
  0C:0AB2    A$spi$3262
  0C:0AB3    A$spi$3265
  0C:0AB6    A$spi$3266
  0C:0AB8    A$spi$3267
  0C:0AB9    A$spi$3270
  0C:0ABC    A$spi$3271
  0C:0ABE    A$spi$3272
  0C:0ABF    A$spi$3275
  0C:0AC2    A$spi$3276
  0C:0AC4    A$spi$3277
  0C:0AC5    A$spi$3280
  0C:0AC8    A$spi$3281
  0C:0ACA    A$spi$3282
  0C:0ACB    A$spi$3285
  0C:0ACE    A$spi$3286
  0C:0AD0    A$spi$3287
  0C:0AD1    A$spi$3290
  0C:0AD4    A$spi$3291
  0C:0AD6    A$spi$3292
  0C:0AD7    A$spi$3295
  0C:0ADA    A$spi$3296
  0C:0ADC    A$spi$3297
  0C:0ADD    A$spi$3300
  0C:0AE0    A$spi$3301
  0C:0AE2    A$spi$3302
  0C:0AE3    A$spi$3305
  0C:0AE6    A$spi$3306
  0C:0AE8    A$spi$3307
  0C:0AE9    A$spi$3310
  0C:0AEC    A$spi$3311
  0C:0AEE    A$spi$3312
  0C:0AEF    A$spi$3315
  0C:0AF2    A$spi$3316
  0C:0AF4    A$spi$3317
  0C:0AF5    A$spi$3320
  0C:0AF8    A$spi$3321
  0C:0AFA    A$spi$3322
  0C:0AFB    A$spi$3325
  0C:0AFE    A$spi$3326
  0C:0B00    A$spi$3327
  0C:0B01    A$spi$3330
  0C:0B04    A$spi$3331
  0C:0B06    A$spi$3332
  0C:0B07    A$spi$3335
  0C:0B0A    A$spi$3336
  0C:0B0C    A$spi$3337
  0C:0B0D    A$spi$3340
  0C:0B10    A$spi$3341
  0C:0B12    A$spi$3342
  0C:0B13    A$spi$3345
  0C:0B16    A$spi$3346
  0C:0B18    A$spi$3347
  0C:0B19    A$spi$3350
  0C:0B1C    A$spi$3351
  0C:0B1E    A$spi$3352
  0C:0B1F    A$spi$3355
  0C:0B22    A$spi$3356
  0C:0B24    A$spi$3357
  0C:0B25    A$spi$3360
  0C:0B28    A$spi$3361
  0C:0B2A    A$spi$3362
  0C:0B2B    A$spi$3365
  0C:0B2E    A$spi$3366
  0C:0B30    A$spi$3367
  0C:0B31    A$spi$3370
  0C:0B34    A$spi$3371
  0C:0B36    A$spi$3372
  0C:0B37    A$spi$3375
  0C:0B3A    A$spi$3376
  0C:0B3C    A$spi$3377
  0C:0B3D    A$spi$3380
  0C:0B40    A$spi$3381
  0C:0B42    A$spi$3382
  0C:0B43    A$spi$3385
  0C:0B46    A$spi$3386
  0C:0B48    A$spi$3387
  0C:0B49    A$spi$3390
  0C:0B4C    A$spi$3391
  0C:0B4E    A$spi$3392
  0C:0B4F    A$spi$3395
  0C:0B52    A$spi$3396
  0C:0B54    A$spi$3397
  0C:0B55    A$spi$3400
  0C:0B58    A$spi$3401
  0C:0B5A    A$spi$3402
  0C:0B5B    A$spi$3405
  0C:0B5E    A$spi$3406
  0C:0B60    A$spi$3407
  0C:0B61    A$spi$3410
  0C:0B64    A$spi$3411
  0C:0B66    A$spi$3412
  0C:0B67    A$spi$3415
  0C:0B6A    A$spi$3416
  0C:0B6C    A$spi$3417
  0C:0B6D    A$spi$3420
  0C:0B70    A$spi$3421
  0C:0B72    A$spi$3422
  0C:0B73    A$spi$3425
  0C:0B76    A$spi$3426
  0C:0B78    A$spi$3427
  0C:0B79    A$spi$3430
  0C:0B7C    A$spi$3431
  0C:0B7E    A$spi$3432
  0C:0B7F    A$spi$3435
  0C:0B82    A$spi$3436
  0C:0B84    A$spi$3437
  0C:0B85    A$spi$3440
  0C:0B88    A$spi$3441
  0C:0B8A    A$spi$3442
  0C:0B8B    A$spi$3445
  0C:0B8E    A$spi$3446
  0C:0B90    A$spi$3447
  0C:0B91    A$spi$3450
  0C:0B94    A$spi$3451
  0C:0B96    A$spi$3452
  0C:0B97    A$spi$3455
  0C:0B9A    A$spi$3456
  0C:0B9C    A$spi$3457
  0C:0B9D    A$spi$3460
  0C:0BA0    A$spi$3461
  0C:0BA2    A$spi$3462
  0C:0BA3    A$spi$3467
  0C:0BA3    C$spi.c$575$1$1
  0C:0BA6    A$spi$3469
  0C:0BA7    A$spi$3470
  0C:0BA8    A$spi$3473
  0C:0BAB    A$spi$3474
  0C:0BAD    A$spi$3475
  0C:0BAE    A$spi$3478
  0C:0BB1    A$spi$3479
  0C:0BB3    A$spi$3480
  0C:0BB4    A$spi$3483
  0C:0BB7    A$spi$3484
  0C:0BB9    A$spi$3485
  0C:0BBA    A$spi$3488
  0C:0BBD    A$spi$3489
  0C:0BBF    A$spi$3490
  0C:0BC0    A$spi$3493
  0C:0BC3    A$spi$3494
  0C:0BC5    A$spi$3495
  0C:0BC6    A$spi$3498
  0C:0BC9    A$spi$3499
  0C:0BCB    A$spi$3500
  0C:0BCC    A$spi$3503
  0C:0BCF    A$spi$3504
  0C:0BD1    A$spi$3505
  0C:0BD2    A$spi$3508
  0C:0BD5    A$spi$3509
  0C:0BD7    A$spi$3510
  0C:0BD8    A$spi$3513
  0C:0BDB    A$spi$3514
  0C:0BDD    A$spi$3515
  0C:0BDE    A$spi$3518
  0C:0BE1    A$spi$3519
  0C:0BE3    A$spi$3520
  0C:0BE4    A$spi$3523
  0C:0BE7    A$spi$3524
  0C:0BE9    A$spi$3525
  0C:0BEA    A$spi$3528
  0C:0BED    A$spi$3529
  0C:0BEF    A$spi$3530
  0C:0BF0    A$spi$3533
  0C:0BF3    A$spi$3534
  0C:0BF5    A$spi$3535
  0C:0BF6    A$spi$3538
  0C:0BF9    A$spi$3539
  0C:0BFB    A$spi$3540
  0C:0BFC    A$spi$3543
  0C:0BFF    A$spi$3544
  0C:0C01    A$spi$3545
  0C:0C02    A$spi$3548
  0C:0C05    A$spi$3549
  0C:0C07    A$spi$3550
  0C:0C08    A$spi$3553
  0C:0C0B    A$spi$3554
  0C:0C0D    A$spi$3555
  0C:0C0E    A$spi$3558
  0C:0C11    A$spi$3559
  0C:0C13    A$spi$3560
  0C:0C14    A$spi$3563
  0C:0C17    A$spi$3564
  0C:0C19    A$spi$3565
  0C:0C1A    A$spi$3568
  0C:0C1D    A$spi$3569
  0C:0C1F    A$spi$3570
  0C:0C20    A$spi$3573
  0C:0C23    A$spi$3574
  0C:0C25    A$spi$3575
  0C:0C26    A$spi$3578
  0C:0C29    A$spi$3579
  0C:0C2B    A$spi$3580
  0C:0C2C    A$spi$3583
  0C:0C2F    A$spi$3584
  0C:0C31    A$spi$3585
  0C:0C32    A$spi$3588
  0C:0C35    A$spi$3589
  0C:0C37    A$spi$3590
  0C:0C38    A$spi$3593
  0C:0C3B    A$spi$3594
  0C:0C3D    A$spi$3595
  0C:0C3E    A$spi$3598
  0C:0C41    A$spi$3599
  0C:0C43    A$spi$3600
  0C:0C44    A$spi$3603
  0C:0C47    A$spi$3604
  0C:0C49    A$spi$3605
  0C:0C4A    A$spi$3608
  0C:0C4D    A$spi$3609
  0C:0C4F    A$spi$3610
  0C:0C50    A$spi$3613
  0C:0C53    A$spi$3614
  0C:0C55    A$spi$3615
  0C:0C56    A$spi$3618
  0C:0C59    A$spi$3619
  0C:0C5B    A$spi$3620
  0C:0C5C    A$spi$3623
  0C:0C5F    A$spi$3624
  0C:0C61    A$spi$3625
  0C:0C62    A$spi$3628
  0C:0C65    A$spi$3629
  0C:0C67    A$spi$3630
  0C:0C68    A$spi$3633
  0C:0C6B    A$spi$3634
  0C:0C6D    A$spi$3635
  0C:0C6E    A$spi$3638
  0C:0C71    A$spi$3639
  0C:0C73    A$spi$3640
  0C:0C74    A$spi$3643
  0C:0C77    A$spi$3644
  0C:0C79    A$spi$3645
  0C:0C7A    A$spi$3648
  0C:0C7D    A$spi$3649
  0C:0C7F    A$spi$3650
  0C:0C80    A$spi$3653
  0C:0C83    A$spi$3654
  0C:0C85    A$spi$3655
  0C:0C86    A$spi$3658
  0C:0C89    A$spi$3659
  0C:0C8B    A$spi$3660
  0C:0C8C    A$spi$3663
  0C:0C8F    A$spi$3664
  0C:0C91    A$spi$3665
  0C:0C92    A$spi$3668
  0C:0C95    A$spi$3669
  0C:0C97    A$spi$3670
  0C:0C98    A$spi$3673
  0C:0C9B    A$spi$3674
  0C:0C9D    A$spi$3675
  0C:0C9E    A$spi$3678
  0C:0CA1    A$spi$3679
  0C:0CA3    A$spi$3680
  0C:0CA4    A$spi$3683
  0C:0CA7    A$spi$3684
  0C:0CA9    A$spi$3685
  0C:0CAA    A$spi$3688
  0C:0CAD    A$spi$3689
  0C:0CAF    A$spi$3690
  0C:0CB0    A$spi$3693
  0C:0CB3    A$spi$3694
  0C:0CB5    A$spi$3695
  0C:0CB6    A$spi$3698
  0C:0CB9    A$spi$3699
  0C:0CBB    A$spi$3700
  0C:0CBC    A$spi$3703
  0C:0CBF    A$spi$3704
  0C:0CC1    A$spi$3705
  0C:0CC2    A$spi$3708
  0C:0CC5    A$spi$3709
  0C:0CC7    A$spi$3710
  0C:0CC8    A$spi$3713
  0C:0CCB    A$spi$3714
  0C:0CCD    A$spi$3715
  0C:0CCE    A$spi$3718
  0C:0CD1    A$spi$3719
  0C:0CD3    A$spi$3720
  0C:0CD4    A$spi$3723
  0C:0CD7    A$spi$3724
  0C:0CD9    A$spi$3725
  0C:0CDA    A$spi$3728
  0C:0CDD    A$spi$3729
  0C:0CDF    A$spi$3730
  0C:0CE0    A$spi$3733
  0C:0CE3    A$spi$3734
  0C:0CE5    A$spi$3735
  0C:0CE6    A$spi$3738
  0C:0CE9    A$spi$3739
  0C:0CEB    A$spi$3740
  0C:0CEC    A$spi$3743
  0C:0CEF    A$spi$3744
  0C:0CF1    A$spi$3745
  0C:0CF2    A$spi$3748
  0C:0CF5    A$spi$3749
  0C:0CF7    A$spi$3750
  0C:0CF8    A$spi$3753
  0C:0CFB    A$spi$3754
  0C:0CFD    A$spi$3755
  0C:0CFE    A$spi$3758
  0C:0D01    A$spi$3759
  0C:0D03    A$spi$3760
  0C:0D04    A$spi$3763
  0C:0D07    A$spi$3764
  0C:0D09    A$spi$3765
  0C:0D0A    A$spi$3768
  0C:0D0D    A$spi$3769
  0C:0D0F    A$spi$3770
  0C:0D10    A$spi$3773
  0C:0D13    A$spi$3774
  0C:0D15    A$spi$3775
  0C:0D16    A$spi$3778
  0C:0D19    A$spi$3779
  0C:0D1B    A$spi$3780
  0C:0D1C    A$spi$3783
  0C:0D1F    A$spi$3784
  0C:0D21    A$spi$3785
  0C:0D22    A$spi$3788
  0C:0D25    A$spi$3789
  0C:0D27    A$spi$3790
  0C:0D28    A$spi$3793
  0C:0D2B    A$spi$3794
  0C:0D2D    A$spi$3795
  0C:0D2E    A$spi$3798
  0C:0D31    A$spi$3799
  0C:0D33    A$spi$3800
  0C:0D34    A$spi$3803
  0C:0D37    A$spi$3804
  0C:0D39    A$spi$3805
  0C:0D3A    A$spi$3808
  0C:0D3D    A$spi$3809
  0C:0D3F    A$spi$3810
  0C:0D40    A$spi$3813
  0C:0D43    A$spi$3814
  0C:0D45    A$spi$3815
  0C:0D46    A$spi$3818
  0C:0D49    A$spi$3819
  0C:0D4B    A$spi$3820
  0C:0D4C    A$spi$3823
  0C:0D4F    A$spi$3824
  0C:0D51    A$spi$3825
  0C:0D52    A$spi$3828
  0C:0D55    A$spi$3829
  0C:0D57    A$spi$3830
  0C:0D58    A$spi$3833
  0C:0D5B    A$spi$3834
  0C:0D5D    A$spi$3835
  0C:0D5E    A$spi$3838
  0C:0D61    A$spi$3839
  0C:0D63    A$spi$3840
  0C:0D64    A$spi$3843
  0C:0D67    A$spi$3844
  0C:0D69    A$spi$3845
  0C:0D6A    A$spi$3848
  0C:0D6D    A$spi$3849
  0C:0D6F    A$spi$3850
  0C:0D70    A$spi$3853
  0C:0D73    A$spi$3854
  0C:0D75    A$spi$3855
  0C:0D76    A$spi$3858
  0C:0D79    A$spi$3859
  0C:0D7B    A$spi$3860
  0C:0D7C    A$spi$3863
  0C:0D7F    A$spi$3864
  0C:0D81    A$spi$3865
  0C:0D82    A$spi$3868
  0C:0D85    A$spi$3869
  0C:0D87    A$spi$3870
  0C:0D88    A$spi$3873
  0C:0D8B    A$spi$3874
  0C:0D8D    A$spi$3875
  0C:0D8E    A$spi$3878
  0C:0D91    A$spi$3879
  0C:0D93    A$spi$3880
  0C:0D94    A$spi$3883
  0C:0D97    A$spi$3884
  0C:0D99    A$spi$3885
  0C:0D9A    A$spi$3888
  0C:0D9D    A$spi$3889
  0C:0D9F    A$spi$3890
  0C:0DA0    A$spi$3893
  0C:0DA3    A$spi$3894
  0C:0DA5    A$spi$3895
  0C:0DA6    A$spi$3898
  0C:0DA9    A$spi$3899
  0C:0DAB    A$spi$3900
  0C:0DAC    A$spi$3903
  0C:0DAF    A$spi$3904
  0C:0DB1    A$spi$3905
  0C:0DB2    A$spi$3908
  0C:0DB5    A$spi$3909
  0C:0DB7    A$spi$3910
  0C:0DB8    A$spi$3913
  0C:0DBB    A$spi$3914
  0C:0DBD    A$spi$3915
  0C:0DBE    A$spi$3918
  0C:0DC1    A$spi$3919
  0C:0DC3    A$spi$3920
  0C:0DC4    A$spi$3923
  0C:0DC7    A$spi$3924
  0C:0DC9    A$spi$3925
  0C:0DCA    A$spi$3928
  0C:0DCD    A$spi$3929
  0C:0DCF    A$spi$3930
  0C:0DD0    A$spi$3933
  0C:0DD3    A$spi$3934
  0C:0DD5    A$spi$3935
  0C:0DD6    A$spi$3938
  0C:0DD9    A$spi$3939
  0C:0DDB    A$spi$3940
  0C:0DDC    A$spi$3943
  0C:0DDF    A$spi$3944
  0C:0DE1    A$spi$3945
  0C:0DE2    A$spi$3948
  0C:0DE5    A$spi$3949
  0C:0DE7    A$spi$3950
  0C:0DE8    A$spi$3953
  0C:0DEB    A$spi$3954
  0C:0DED    A$spi$3955
  0C:0DEE    A$spi$3958
  0C:0DF1    A$spi$3959
  0C:0DF3    A$spi$3960
  0C:0DF4    A$spi$3963
  0C:0DF7    A$spi$3964
  0C:0DF9    A$spi$3965
  0C:0DFA    A$spi$3968
  0C:0DFD    A$spi$3969
  0C:0DFF    A$spi$3970
  0C:0E00    A$spi$3973
  0C:0E03    A$spi$3974
  0C:0E05    A$spi$3975
  0C:0E06    A$spi$3978
  0C:0E09    A$spi$3979
  0C:0E0B    A$spi$3980
  0C:0E0C    A$spi$3983
  0C:0E0F    A$spi$3984
  0C:0E11    A$spi$3985
  0C:0E12    A$spi$3988
  0C:0E15    A$spi$3989
  0C:0E17    A$spi$3990
  0C:0E18    A$spi$3993
  0C:0E1B    A$spi$3994
  0C:0E1D    A$spi$3995
  0C:0E1E    A$spi$3998
  0C:0E21    A$spi$3999
  0C:0E23    A$spi$4000
  0C:0E24    A$spi$4003
  0C:0E27    A$spi$4004
  0C:0E29    A$spi$4005
  0C:0E2A    A$spi$4008
  0C:0E2D    A$spi$4009
  0C:0E2F    A$spi$4010
  0C:0E30    A$spi$4013
  0C:0E33    A$spi$4014
  0C:0E35    A$spi$4015
  0C:0E36    A$spi$4018
  0C:0E39    A$spi$4019
  0C:0E3B    A$spi$4020
  0C:0E3C    A$spi$4023
  0C:0E3F    A$spi$4024
  0C:0E41    A$spi$4025
  0C:0E42    A$spi$4028
  0C:0E45    A$spi$4029
  0C:0E47    A$spi$4030
  0C:0E48    A$spi$4033
  0C:0E4B    A$spi$4034
  0C:0E4D    A$spi$4035
  0C:0E4E    A$spi$4038
  0C:0E51    A$spi$4039
  0C:0E53    A$spi$4040
  0C:0E54    A$spi$4043
  0C:0E57    A$spi$4044
  0C:0E59    A$spi$4045
  0C:0E5A    A$spi$4048
  0C:0E5D    A$spi$4049
  0C:0E5F    A$spi$4050
  0C:0E60    A$spi$4053
  0C:0E63    A$spi$4054
  0C:0E65    A$spi$4055
  0C:0E66    A$spi$4058
  0C:0E69    A$spi$4059
  0C:0E6B    A$spi$4060
  0C:0E6C    A$spi$4063
  0C:0E6F    A$spi$4064
  0C:0E71    A$spi$4065
  0C:0E72    A$spi$4068
  0C:0E75    A$spi$4069
  0C:0E77    A$spi$4070
  0C:0E78    A$spi$4073
  0C:0E7B    A$spi$4074
  0C:0E7D    A$spi$4075
  0C:0E7E    A$spi$4078
  0C:0E81    A$spi$4079
  0C:0E83    A$spi$4080
  0C:0E84    A$spi$4083
  0C:0E87    A$spi$4084
  0C:0E89    A$spi$4085
  0C:0E8A    A$spi$4088
  0C:0E8D    A$spi$4089
  0C:0E8F    A$spi$4090
  0C:0E90    A$spi$4093
  0C:0E93    A$spi$4094
  0C:0E95    A$spi$4095
  0C:0E96    A$spi$4098
  0C:0E99    A$spi$4099
  0C:0E9B    A$spi$4100
  0C:0E9C    A$spi$4103
  0C:0E9F    A$spi$4104
  0C:0EA1    A$spi$4105
  0C:0EA2    A$spi$4108
  0C:0EA5    A$spi$4109
  0C:0EA7    A$spi$4110
  0C:0EA8    A$spi$4113
  0C:0EAB    A$spi$4114
  0C:0EAD    A$spi$4115
  0C:0EAE    A$spi$4118
  0C:0EB1    A$spi$4119
  0C:0EB3    A$spi$4120
  0C:0EB4    A$spi$4123
  0C:0EB7    A$spi$4124
  0C:0EB9    A$spi$4125
  0C:0EBA    A$spi$4128
  0C:0EBD    A$spi$4129
  0C:0EBF    A$spi$4130
  0C:0EC0    A$spi$4133
  0C:0EC3    A$spi$4134
  0C:0EC5    A$spi$4135
  0C:0EC6    A$spi$4138
  0C:0EC9    A$spi$4139
  0C:0ECB    A$spi$4140
  0C:0ECC    A$spi$4143
  0C:0ECF    A$spi$4144
  0C:0ED1    A$spi$4145
  0C:0ED2    A$spi$4148
  0C:0ED5    A$spi$4149
  0C:0ED7    A$spi$4150
  0C:0ED8    A$spi$4153
  0C:0EDB    A$spi$4154
  0C:0EDD    A$spi$4155
  0C:0EDE    A$spi$4158
  0C:0EE1    A$spi$4159
  0C:0EE3    A$spi$4160
  0C:0EE4    A$spi$4163
  0C:0EE7    A$spi$4164
  0C:0EE9    A$spi$4165
  0C:0EEA    A$spi$4168
  0C:0EED    A$spi$4169
  0C:0EEF    A$spi$4170
  0C:0EF0    A$spi$4173
  0C:0EF3    A$spi$4174
  0C:0EF5    A$spi$4175
  0C:0EF6    A$spi$4178
  0C:0EF9    A$spi$4179
  0C:0EFB    A$spi$4180
  0C:0EFC    A$spi$4183
  0C:0EFF    A$spi$4184
  0C:0F01    A$spi$4185
  0C:0F02    A$spi$4188
  0C:0F05    A$spi$4189
  0C:0F07    A$spi$4190
  0C:0F08    A$spi$4193
  0C:0F0B    A$spi$4194
  0C:0F0D    A$spi$4195
  0C:0F0E    A$spi$4198
  0C:0F11    A$spi$4199
  0C:0F13    A$spi$4200
  0C:0F14    A$spi$4203
  0C:0F17    A$spi$4204
  0C:0F19    A$spi$4205
  0C:0F1A    A$spi$4208
  0C:0F1D    A$spi$4209
  0C:0F1F    A$spi$4210
  0C:0F20    A$spi$4213
  0C:0F23    A$spi$4214
  0C:0F25    A$spi$4215
  0C:0F26    A$spi$4218
  0C:0F29    A$spi$4219
  0C:0F2B    A$spi$4220
  0C:0F2C    A$spi$4223
  0C:0F2F    A$spi$4224
  0C:0F31    A$spi$4225
  0C:0F32    A$spi$4228
  0C:0F35    A$spi$4229
  0C:0F37    A$spi$4230
  0C:0F38    A$spi$4233
  0C:0F3B    A$spi$4234
  0C:0F3D    A$spi$4235
  0C:0F3E    A$spi$4238
  0C:0F41    A$spi$4239
  0C:0F43    A$spi$4240
  0C:0F44    A$spi$4243
  0C:0F47    A$spi$4244
  0C:0F49    A$spi$4245
  0C:0F4A    A$spi$4248
  0C:0F4D    A$spi$4249
  0C:0F4F    A$spi$4250
  0C:0F50    A$spi$4253
  0C:0F53    A$spi$4254
  0C:0F55    A$spi$4255
  0C:0F56    A$spi$4258
  0C:0F59    A$spi$4259
  0C:0F5B    A$spi$4260
  0C:0F5C    A$spi$4263
  0C:0F5F    A$spi$4264
  0C:0F61    A$spi$4265
  0C:0F62    A$spi$4268
  0C:0F65    A$spi$4269
  0C:0F67    A$spi$4270
  0C:0F68    A$spi$4273
  0C:0F6B    A$spi$4274
  0C:0F6D    A$spi$4275
  0C:0F6E    A$spi$4278
  0C:0F71    A$spi$4279
  0C:0F73    A$spi$4280
  0C:0F74    A$spi$4283
  0C:0F77    A$spi$4284
  0C:0F79    A$spi$4285
  0C:0F7A    A$spi$4288
  0C:0F7D    A$spi$4289
  0C:0F7F    A$spi$4290
  0C:0F80    A$spi$4293
  0C:0F83    A$spi$4294
  0C:0F85    A$spi$4295
  0C:0F86    A$spi$4298
  0C:0F89    A$spi$4299
  0C:0F8B    A$spi$4300
  0C:0F8C    A$spi$4303
  0C:0F8F    A$spi$4304
  0C:0F91    A$spi$4305
  0C:0F92    A$spi$4308
  0C:0F95    A$spi$4309
  0C:0F97    A$spi$4310
  0C:0F98    A$spi$4313
  0C:0F9B    A$spi$4314
  0C:0F9D    A$spi$4315
  0C:0F9E    A$spi$4318
  0C:0FA1    A$spi$4319
  0C:0FA3    A$spi$4320
  0C:0FA4    A$spi$4323
  0C:0FA7    A$spi$4324
  0C:0FA9    A$spi$4325
  0C:0FAA    A$spi$4328
  0C:0FAD    A$spi$4329
  0C:0FAF    A$spi$4330
  0C:0FB0    A$spi$4333
  0C:0FB3    A$spi$4334
  0C:0FB5    A$spi$4335
  0C:0FB6    A$spi$4338
  0C:0FB9    A$spi$4339
  0C:0FBB    A$spi$4340
  0C:0FBC    A$spi$4343
  0C:0FBF    A$spi$4344
  0C:0FC1    A$spi$4345
  0C:0FC2    A$spi$4348
  0C:0FC5    A$spi$4349
  0C:0FC7    A$spi$4350
  0C:0FC8    A$spi$4353
  0C:0FCB    A$spi$4354
  0C:0FCD    A$spi$4355
  0C:0FCE    A$spi$4358
  0C:0FD1    A$spi$4359
  0C:0FD3    A$spi$4360
  0C:0FD4    A$spi$4363
  0C:0FD7    A$spi$4364
  0C:0FD9    A$spi$4365
  0C:0FDA    A$spi$4368
  0C:0FDD    A$spi$4369
  0C:0FDF    A$spi$4370
  0C:0FE0    A$spi$4373
  0C:0FE3    A$spi$4374
  0C:0FE5    A$spi$4375
  0C:0FE6    A$spi$4378
  0C:0FE9    A$spi$4379
  0C:0FEB    A$spi$4380
  0C:0FEC    A$spi$4383
  0C:0FEF    A$spi$4384
  0C:0FF1    A$spi$4385
  0C:0FF2    A$spi$4388
  0C:0FF5    A$spi$4389
  0C:0FF7    A$spi$4390
  0C:0FF8    A$spi$4393
  0C:0FFB    A$spi$4394
  0C:0FFD    A$spi$4395
  0C:0FFE    A$spi$4398
  0C:1001    A$spi$4399
  0C:1003    A$spi$4400
  0C:1004    A$spi$4403
  0C:1007    A$spi$4404
  0C:1009    A$spi$4405
  0C:100A    A$spi$4408
  0C:100D    A$spi$4409
  0C:100F    A$spi$4410
  0C:1010    A$spi$4413
  0C:1013    A$spi$4414
  0C:1015    A$spi$4415
  0C:1016    A$spi$4418
  0C:1019    A$spi$4419
  0C:101B    A$spi$4420
  0C:101C    A$spi$4423
  0C:101F    A$spi$4424
  0C:1021    A$spi$4425
  0C:1022    A$spi$4428
  0C:1025    A$spi$4429
  0C:1027    A$spi$4430
  0C:1028    A$spi$4433
  0C:102B    A$spi$4434
  0C:102D    A$spi$4435
  0C:102E    A$spi$4438
  0C:1031    A$spi$4439
  0C:1033    A$spi$4440
  0C:1034    A$spi$4443
  0C:1037    A$spi$4444
  0C:1039    A$spi$4445
  0C:103A    A$spi$4448
  0C:103D    A$spi$4449
  0C:103F    A$spi$4450
  0C:1040    A$spi$4453
  0C:1043    A$spi$4454
  0C:1045    A$spi$4455
  0C:1046    A$spi$4458
  0C:1049    A$spi$4459
  0C:104B    A$spi$4460
  0C:104C    A$spi$4463
  0C:104F    A$spi$4464
  0C:1051    A$spi$4465
  0C:1052    A$spi$4468
  0C:1055    A$spi$4469
  0C:1057    A$spi$4470
  0C:1058    A$spi$4473
  0C:105B    A$spi$4474
  0C:105D    A$spi$4475
  0C:105E    A$spi$4478
  0C:1061    A$spi$4479
  0C:1063    A$spi$4480
  0C:1064    A$spi$4483
  0C:1067    A$spi$4484
  0C:1069    A$spi$4485
  0C:106A    A$spi$4488
  0C:106D    A$spi$4489
  0C:106F    A$spi$4490
  0C:1070    A$spi$4493
  0C:1073    A$spi$4494
  0C:1075    A$spi$4495
  0C:1076    A$spi$4498
  0C:1079    A$spi$4499
  0C:107B    A$spi$4500
  0C:107C    A$spi$4503
  0C:107F    A$spi$4504
  0C:1081    A$spi$4505
  0C:1082    A$spi$4508
  0C:1085    A$spi$4509
  0C:1087    A$spi$4510
  0C:1088    A$spi$4513
  0C:108B    A$spi$4514
  0C:108D    A$spi$4515
  0C:108E    A$spi$4518
  0C:1091    A$spi$4519
  0C:1093    A$spi$4520
  0C:1094    A$spi$4523
  0C:1097    A$spi$4524
  0C:1099    A$spi$4525
  0C:109A    A$spi$4528
  0C:109D    A$spi$4529
  0C:109F    A$spi$4530
  0C:10A0    A$spi$4533
  0C:10A3    A$spi$4534
  0C:10A5    A$spi$4535
  0C:10A6    A$spi$4538
  0C:10A9    A$spi$4539
  0C:10AB    A$spi$4540
  0C:10AC    A$spi$4543
  0C:10AF    A$spi$4544
  0C:10B1    A$spi$4545
  0C:10B2    A$spi$4548
  0C:10B5    A$spi$4549
  0C:10B7    A$spi$4550
  0C:10B8    A$spi$4553
  0C:10BB    A$spi$4554
  0C:10BD    A$spi$4555
  0C:10BE    A$spi$4558
  0C:10C1    A$spi$4559
  0C:10C3    A$spi$4560
  0C:10C4    A$spi$4563
  0C:10C7    A$spi$4564
  0C:10C9    A$spi$4565
  0C:10CA    A$spi$4568
  0C:10CD    A$spi$4569
  0C:10CF    A$spi$4570
  0C:10D0    A$spi$4573
  0C:10D3    A$spi$4574
  0C:10D5    A$spi$4575
  0C:10D6    A$spi$4578
  0C:10D9    A$spi$4579
  0C:10DB    A$spi$4580
  0C:10DC    A$spi$4583
  0C:10DF    A$spi$4584
  0C:10E1    A$spi$4585
  0C:10E2    A$spi$4588
  0C:10E5    A$spi$4589
  0C:10E7    A$spi$4590
  0C:10E8    A$spi$4593
  0C:10EB    A$spi$4594
  0C:10ED    A$spi$4595
  0C:10EE    A$spi$4598
  0C:10F1    A$spi$4599
  0C:10F3    A$spi$4600
  0C:10F4    A$spi$4603
  0C:10F7    A$spi$4604
  0C:10F9    A$spi$4605
  0C:10FA    A$spi$4608
  0C:10FD    A$spi$4609
  0C:10FF    A$spi$4610
  0C:1100    A$spi$4613
  0C:1103    A$spi$4614
  0C:1105    A$spi$4615
  0C:1106    A$spi$4618
  0C:1109    A$spi$4619
  0C:110B    A$spi$4620
  0C:110C    A$spi$4623
  0C:110F    A$spi$4624
  0C:1111    A$spi$4625
  0C:1112    A$spi$4628
  0C:1115    A$spi$4629
  0C:1117    A$spi$4630
  0C:1118    A$spi$4633
  0C:111B    A$spi$4634
  0C:111D    A$spi$4635
  0C:111E    A$spi$4638
  0C:1121    A$spi$4639
  0C:1123    A$spi$4640
  0C:1124    A$spi$4643
  0C:1127    A$spi$4644
  0C:1129    A$spi$4645
  0C:112A    A$spi$4648
  0C:112D    A$spi$4649
  0C:112F    A$spi$4650
  0C:1130    A$spi$4653
  0C:1133    A$spi$4654
  0C:1135    A$spi$4655
  0C:1136    A$spi$4658
  0C:1139    A$spi$4659
  0C:113B    A$spi$4660
  0C:113C    A$spi$4663
  0C:113F    A$spi$4664
  0C:1141    A$spi$4665
  0C:1142    A$spi$4668
  0C:1145    A$spi$4669
  0C:1147    A$spi$4670
  0C:1148    A$spi$4673
  0C:114B    A$spi$4674
  0C:114D    A$spi$4675
  0C:114E    A$spi$4678
  0C:1151    A$spi$4679
  0C:1153    A$spi$4680
  0C:1154    A$spi$4683
  0C:1157    A$spi$4684
  0C:1159    A$spi$4685
  0C:115A    A$spi$4688
  0C:115D    A$spi$4689
  0C:115F    A$spi$4690
  0C:1160    A$spi$4693
  0C:1163    A$spi$4694
  0C:1165    A$spi$4695
  0C:1166    A$spi$4698
  0C:1169    A$spi$4699
  0C:116B    A$spi$4700
  0C:116C    A$spi$4703
  0C:116F    A$spi$4704
  0C:1171    A$spi$4705
  0C:1172    A$spi$4708
  0C:1175    A$spi$4709
  0C:1177    A$spi$4710
  0C:1178    A$spi$4713
  0C:117B    A$spi$4714
  0C:117D    A$spi$4715
  0C:117E    A$spi$4718
  0C:1181    A$spi$4719
  0C:1183    A$spi$4720
  0C:1184    A$spi$4723
  0C:1187    A$spi$4724
  0C:1189    A$spi$4725
  0C:118A    A$spi$4728
  0C:118D    A$spi$4729
  0C:118F    A$spi$4730
  0C:1190    A$spi$4733
  0C:1193    A$spi$4734
  0C:1195    A$spi$4735
  0C:1196    A$spi$4738
  0C:1199    A$spi$4739
  0C:119B    A$spi$4740
  0C:119C    A$spi$4743
  0C:119F    A$spi$4744
  0C:11A1    A$spi$4745
  0C:11A2    A$spi$4750
  0C:11A2    C$spi.c$833$1$1
  0C:11A5    A$spi$4752
  0C:11A6    A$spi$4753
  0C:11A7    A$spi$4756
  0C:11AA    A$spi$4757
  0C:11AC    A$spi$4758
  0C:11AD    A$spi$4761
  0C:11B0    A$spi$4762
  0C:11B2    A$spi$4763
  0C:11B3    A$spi$4766
  0C:11B6    A$spi$4767
  0C:11B8    A$spi$4768
  0C:11B9    A$spi$4771
  0C:11BC    A$spi$4772
  0C:11BE    A$spi$4773
  0C:11BF    A$spi$4776
  0C:11C2    A$spi$4777
  0C:11C4    A$spi$4778
  0C:11C5    A$spi$4781
  0C:11C8    A$spi$4782
  0C:11CA    A$spi$4783
  0C:11CB    A$spi$4786
  0C:11CE    A$spi$4787
  0C:11D0    A$spi$4788
  0C:11D1    A$spi$4791
  0C:11D4    A$spi$4792
  0C:11D6    A$spi$4793
  0C:11D7    A$spi$4796
  0C:11DA    A$spi$4797
  0C:11DC    A$spi$4798
  0C:11DD    A$spi$4801
  0C:11E0    A$spi$4802
  0C:11E2    A$spi$4803
  0C:11E3    A$spi$4806
  0C:11E6    A$spi$4807
  0C:11E8    A$spi$4808
  0C:11E9    A$spi$4811
  0C:11EC    A$spi$4812
  0C:11EE    A$spi$4813
  0C:11EF    A$spi$4816
  0C:11F2    A$spi$4817
  0C:11F4    A$spi$4818
  0C:11F5    A$spi$4821
  0C:11F8    A$spi$4822
  0C:11FA    A$spi$4823
  0C:11FB    A$spi$4826
  0C:11FE    A$spi$4827
  0C:1200    A$spi$4828
  0C:1201    A$spi$4831
  0C:1204    A$spi$4832
  0C:1206    A$spi$4833
  0C:1207    A$spi$4836
  0C:120A    A$spi$4837
  0C:120C    A$spi$4838
  0C:120D    A$spi$4841
  0C:1210    A$spi$4842
  0C:1212    A$spi$4843
  0C:1213    A$spi$4846
  0C:1216    A$spi$4847
  0C:1218    A$spi$4848
  0C:1219    A$spi$4851
  0C:121C    A$spi$4852
  0C:121E    A$spi$4853
  0C:121F    A$spi$4856
  0C:1222    A$spi$4857
  0C:1224    A$spi$4858
  0C:1225    A$spi$4861
  0C:1228    A$spi$4862
  0C:122A    A$spi$4863
  0C:122B    A$spi$4866
  0C:122E    A$spi$4867
  0C:1230    A$spi$4868
  0C:1231    A$spi$4871
  0C:1234    A$spi$4872
  0C:1236    A$spi$4873
  0C:1237    A$spi$4876
  0C:123A    A$spi$4877
  0C:123C    A$spi$4878
  0C:123D    A$spi$4881
  0C:1240    A$spi$4882
  0C:1242    A$spi$4883
  0C:1243    A$spi$4886
  0C:1246    A$spi$4887
  0C:1248    A$spi$4888
  0C:1249    A$spi$4891
  0C:124C    A$spi$4892
  0C:124E    A$spi$4893
  0C:124F    A$spi$4896
  0C:1252    A$spi$4897
  0C:1254    A$spi$4898
  0C:1255    A$spi$4901
  0C:1258    A$spi$4902
  0C:125A    A$spi$4903
  0C:125B    A$spi$4906
  0C:125E    A$spi$4907
  0C:1260    A$spi$4908
  0C:1261    A$spi$4911
  0C:1264    A$spi$4912
  0C:1266    A$spi$4913
  0C:1267    A$spi$4916
  0C:126A    A$spi$4917
  0C:126C    A$spi$4918
  0C:126D    A$spi$4921
  0C:1270    A$spi$4922
  0C:1272    A$spi$4923
  0C:1273    A$spi$4926
  0C:1276    A$spi$4927
  0C:1278    A$spi$4928
  0C:1279    A$spi$4931
  0C:127C    A$spi$4932
  0C:127E    A$spi$4933
  0C:127F    A$spi$4936
  0C:1282    A$spi$4937
  0C:1284    A$spi$4938
  0C:1285    A$spi$4941
  0C:1288    A$spi$4942
  0C:128A    A$spi$4943
  0C:128B    A$spi$4946
  0C:128E    A$spi$4947
  0C:1290    A$spi$4948
  0C:1291    A$spi$4951
  0C:1294    A$spi$4952
  0C:1296    A$spi$4953
  0C:1297    A$spi$4956
  0C:129A    A$spi$4957
  0C:129C    A$spi$4958
  0C:129D    A$spi$4961
  0C:12A0    A$spi$4962
  0C:12A2    A$spi$4963
  0C:12A3    A$spi$4966
  0C:12A6    A$spi$4967
  0C:12A8    A$spi$4968
  0C:12A9    A$spi$4971
  0C:12AC    A$spi$4972
  0C:12AE    A$spi$4973
  0C:12AF    A$spi$4976
  0C:12B2    A$spi$4977
  0C:12B4    A$spi$4978
  0C:12B5    A$spi$4981
  0C:12B8    A$spi$4982
  0C:12BA    A$spi$4983
  0C:12BB    A$spi$4986
  0C:12BE    A$spi$4987
  0C:12C0    A$spi$4988
  0C:12C1    A$spi$4991
  0C:12C4    A$spi$4992
  0C:12C6    A$spi$4993
  0C:12C7    A$spi$4996
  0C:12CA    A$spi$4997
  0C:12CC    A$spi$4998
  0C:12CD    A$spi$5001
  0C:12D0    A$spi$5002
  0C:12D2    A$spi$5003
  0C:12D3    A$spi$5006
  0C:12D6    A$spi$5007
  0C:12D8    A$spi$5008
  0C:12D9    A$spi$5011
  0C:12DC    A$spi$5012
  0C:12DE    A$spi$5013
  0C:12DF    A$spi$5016
  0C:12E2    A$spi$5017
  0C:12E4    A$spi$5018
  0C:12E5    A$spi$5021
  0C:12E8    A$spi$5022
  0C:12EA    A$spi$5023
  0C:12EB    A$spi$5026
  0C:12EE    A$spi$5027
  0C:12F0    A$spi$5028
  0C:12F1    A$spi$5031
  0C:12F4    A$spi$5032
  0C:12F6    A$spi$5033
  0C:12F7    A$spi$5036
  0C:12FA    A$spi$5037
  0C:12FC    A$spi$5038
  0C:12FD    A$spi$5041
  0C:1300    A$spi$5042
  0C:1302    A$spi$5043
  0C:1303    A$spi$5046
  0C:1306    A$spi$5047
  0C:1308    A$spi$5048
  0C:1309    A$spi$5051
  0C:130C    A$spi$5052
  0C:130E    A$spi$5053
  0C:130F    A$spi$5056
  0C:1312    A$spi$5057
  0C:1314    A$spi$5058
  0C:1315    A$spi$5061
  0C:1318    A$spi$5062
  0C:131A    A$spi$5063
  0C:131B    A$spi$5066
  0C:131E    A$spi$5067
  0C:1320    A$spi$5068
  0C:1321    A$spi$5071
  0C:1324    A$spi$5072
  0C:1326    A$spi$5073
  0C:1327    A$spi$5076
  0C:132A    A$spi$5077
  0C:132C    A$spi$5078
  0C:132D    A$spi$5081
  0C:1330    A$spi$5082
  0C:1332    A$spi$5083
  0C:1333    A$spi$5086
  0C:1336    A$spi$5087
  0C:1338    A$spi$5088
  0C:1339    A$spi$5091
  0C:133C    A$spi$5092
  0C:133E    A$spi$5093
  0C:133F    A$spi$5096
  0C:1342    A$spi$5097
  0C:1344    A$spi$5098
  0C:1345    A$spi$5101
  0C:1348    A$spi$5102
  0C:134A    A$spi$5103
  0C:134B    A$spi$5106
  0C:134E    A$spi$5107
  0C:1350    A$spi$5108
  0C:1351    A$spi$5111
  0C:1354    A$spi$5112
  0C:1356    A$spi$5113
  0C:1357    A$spi$5116
  0C:135A    A$spi$5117
  0C:135C    A$spi$5118
  0C:135D    A$spi$5121
  0C:1360    A$spi$5122
  0C:1362    A$spi$5123
  0C:1363    A$spi$5126
  0C:1366    A$spi$5127
  0C:1368    A$spi$5128
  0C:1369    A$spi$5131
  0C:136C    A$spi$5132
  0C:136E    A$spi$5133
  0C:136F    A$spi$5136
  0C:1372    A$spi$5137
  0C:1374    A$spi$5138
  0C:1375    A$spi$5141
  0C:1378    A$spi$5142
  0C:137A    A$spi$5143
  0C:137B    A$spi$5146
  0C:137E    A$spi$5147
  0C:1380    A$spi$5148
  0C:1381    A$spi$5151
  0C:1384    A$spi$5152
  0C:1386    A$spi$5153
  0C:1387    A$spi$5156
  0C:138A    A$spi$5157
  0C:138C    A$spi$5158
  0C:138D    A$spi$5161
  0C:1390    A$spi$5162
  0C:1392    A$spi$5163
  0C:1393    A$spi$5166
  0C:1396    A$spi$5167
  0C:1398    A$spi$5168
  0C:1399    A$spi$5171
  0C:139C    A$spi$5172
  0C:139E    A$spi$5173
  0C:139F    A$spi$5176
  0C:13A2    A$spi$5177
  0C:13A4    A$spi$5178
  0C:13A5    A$spi$5181
  0C:13A8    A$spi$5182
  0C:13AA    A$spi$5183
  0C:13AB    A$spi$5186
  0C:13AE    A$spi$5187
  0C:13B0    A$spi$5188
  0C:13B1    A$spi$5191
  0C:13B4    A$spi$5192
  0C:13B6    A$spi$5193
  0C:13B7    A$spi$5196
  0C:13BA    A$spi$5197
  0C:13BC    A$spi$5198
  0C:13BD    A$spi$5201
  0C:13C0    A$spi$5202
  0C:13C2    A$spi$5203
  0C:13C3    A$spi$5206
  0C:13C6    A$spi$5207
  0C:13C8    A$spi$5208
  0C:13C9    A$spi$5211
  0C:13CC    A$spi$5212
  0C:13CE    A$spi$5213
  0C:13CF    A$spi$5216
  0C:13D2    A$spi$5217
  0C:13D4    A$spi$5218
  0C:13D5    A$spi$5221
  0C:13D8    A$spi$5222
  0C:13DA    A$spi$5223
  0C:13DB    A$spi$5226
  0C:13DE    A$spi$5227
  0C:13E0    A$spi$5228
  0C:13E1    A$spi$5231
  0C:13E4    A$spi$5232
  0C:13E6    A$spi$5233
  0C:13E7    A$spi$5236
  0C:13EA    A$spi$5237
  0C:13EC    A$spi$5238
  0C:13ED    A$spi$5241
  0C:13F0    A$spi$5242
  0C:13F2    A$spi$5243
  0C:13F3    A$spi$5246
  0C:13F6    A$spi$5247
  0C:13F8    A$spi$5248
  0C:13F9    A$spi$5251
  0C:13FC    A$spi$5252
  0C:13FE    A$spi$5253
  0C:13FF    A$spi$5256
  0C:1402    A$spi$5257
  0C:1404    A$spi$5258
  0C:1405    A$spi$5261
  0C:1408    A$spi$5262
  0C:140A    A$spi$5263
[...]
  0C:2559    A$uart$1703
  0C:2559    C$uart.c$207$1$1
  0C:2559    G$my_printf$0$0
  0C:2559    _my_printf
  0C:255B    A$uart$1704
  0C:255D    A$uart$1705
  0C:2560    A$uart$1706
  0C:2561    A$uart$1707
  0C:2562    A$uart$1708
  0C:2563    A$uart$1709
  0C:2564    A$uart$1713
  0C:2564    C$uart.c$209$1$1
  0C:2567    A$uart$1714
  0C:2568    A$uart$1715
  0C:2569    A$uart$1716
  0C:256A    A$uart$1717
  0C:256B    A$uart$1718
  0C:256C    A$uart$1722
  0C:256E    A$uart$1723
  0C:2570    A$uart$1724
  0C:2571    A$uart$1728
  0C:2572    A$uart$1730
  0C:2574    A$uart$1735
  0C:2574    C$uart.c$211$2$2
  0C:2576    A$uart$1736
  0C:2578    A$uart$1737
  0C:257A    A$uart$1738
  0C:257D    A$uart$1739
  0C:257F    A$uart$1740
  0C:2581    A$uart$1745
  0C:2581    C$uart.c$212$2$2
  0C:2582    A$uart$1746
  0C:2585    A$uart$1747
  0C:2586    A$uart$1750
  0C:2589    A$uart$1751
  0C:258A    A$uart$1752
  0C:258B    A$uart$1753
  0C:258C    A$uart$1754
  0C:258D    A$uart$1755
  0C:258E    A$uart$1757
  0C:2590    A$uart$1760
  0C:2593    A$uart$1761
  0C:2594    A$uart$1762
  0C:2595    A$uart$1763
  0C:2596    A$uart$1764
  0C:2597    A$uart$1765
  0C:2598    A$uart$1772
  0C:2598    C$uart.c$214$1$1
  0C:2598    C$uart.c$215$1$1
  0C:2598    XG$my_printf$0$0
  0C:2599    A$uart$1790
  0C:2599    C$uart.c$222$1$1
  0C:2599    G$print_number$0$0
  0C:2599    _print_number
  0C:259B    A$uart$1791
  0C:259D    A$uart$1792
  0C:259F    A$uart$1793
  0C:25A0    A$uart$1794
  0C:25A3    A$uart$1795
  0C:25A4    A$uart$1796
  0C:25A5    A$uart$1797
  0C:25A6    A$uart$1798
  0C:25A7    A$uart$1799
  0C:25A8    A$uart$1800
  0C:25A9    A$uart$1801
  0C:25AA    A$uart$1802
  0C:25AB    A$uart$1803
  0C:25AC    A$uart$1804
  0C:25AD    A$uart$1805
  0C:25AE    A$uart$1809
  0C:25AE    C$uart.c$226$1$1
  0C:25B1    A$uart$1810
  0C:25B2    A$uart$1811
  0C:25B3    A$uart$1812
  0C:25B4    A$uart$1813
  0C:25B5    A$uart$1814
  0C:25B6    A$uart$1815
  0C:25B7    A$uart$1816
  0C:25B8    A$uart$1817
  0C:25B9    A$uart$1818
  0C:25BA    A$uart$1819
  0C:25BB    A$uart$1822
  0C:25BC    A$uart$1826
  0C:25BF    A$uart$1831
  0C:25BF    C$uart.c$228$2$2
  0C:25C2    A$uart$1832
  0C:25C4    A$uart$1833
  0C:25C6    A$uart$1834
  0C:25C8    A$uart$1835
  0C:25CA    A$uart$1836
  0C:25CD    A$uart$1837
  0C:25CF    A$uart$1838
  0C:25D1    A$uart$1839
  0C:25D3    A$uart$1840
  0C:25D5    A$uart$1844
  0C:25D5    C$uart.c$229$1$1
  0C:25D8    A$uart$1845
  0C:25DA    A$uart$1846
  0C:25DB    A$uart$1847
  0C:25DC    A$uart$1849
  0C:25DD    A$uart$1850
  0C:25DE    A$uart$1851
  0C:25E0    A$uart$1852
  0C:25E1    A$uart$1853
  0C:25E2    A$uart$1855
  0C:25E3    A$uart$1857
  0C:25E5    A$uart$1858
  0C:25E7    A$uart$1859
  0C:25E9    A$uart$1860
  0C:25EA    A$uart$1861
  0C:25ED    A$uart$1862
  0C:25EF    A$uart$1863
  0C:25F1    A$uart$1864
  0C:25F3    A$uart$1865
  0C:25F4    A$uart$1867
  0C:25F7    A$uart$1868
  0C:25F8    A$uart$1869
  0C:25F9    A$uart$1870
  0C:25FA    A$uart$1871
  0C:25FB    A$uart$1872
  0C:25FC    A$uart$1873
  0C:25FD    A$uart$1874
  0C:25FE    A$uart$1875
  0C:25FF    A$uart$1876
  0C:2600    A$uart$1877
  0C:2601    A$uart$1878
  0C:2602    A$uart$1883
  0C:2602    C$uart.c$231$1$1
  0C:2604    A$uart$1889
  0C:2604    C$uart.c$233$2$3
  0C:2605    A$uart$1890
  0C:2607    A$uart$1891
  0C:2608    A$uart$1893
  0C:2609    A$uart$1894
  0C:260B    A$uart$1895
  0C:260C    A$uart$1897
  0C:260F    A$uart$1898
  0C:2610    A$uart$1899
  0C:2612    A$uart$1900
  0C:2613    A$uart$1901
  0C:2614    A$uart$1902
  0C:2616    A$uart$1903
  0C:2617    A$uart$1904
  0C:2618    A$uart$1905
  0C:261A    A$uart$1906
  0C:261B    A$uart$1907
  0C:261C    A$uart$1908
  0C:261E    A$uart$1910
  0C:2621    A$uart$1911
  0C:2623    A$uart$1912
  0C:2624    A$uart$1913
  0C:2625    A$uart$1914
  0C:2626    A$uart$1915
  0C:2627    A$uart$1916
  0C:2628    A$uart$1917
  0C:2629    A$uart$1918
  0C:262A    A$uart$1919
  0C:262B    A$uart$1921
  0C:262E    A$uart$1922
  0C:2631    A$uart$1923
  0C:2634    A$uart$1924
  0C:2636    A$uart$1925
  0C:2638    A$uart$1926
  0C:263A    A$uart$1927
  0C:263C    A$uart$1928
  0C:263F    A$uart$1929
  0C:2641    A$uart$1930
  0C:2643    A$uart$1931
  0C:2645    A$uart$1932
  0C:2646    A$uart$1933
  0C:2648    A$uart$1934
  0C:264A    A$uart$1935
  0C:264C    A$uart$1939
  0C:264E    A$uart$1941
  0C:264F    A$uart$1944
  0C:2650    A$uart$1945
  0C:2652    A$uart$1946
  0C:2654    A$uart$1948
  0C:2655    A$uart$1952
  0C:2655    C$uart.c$234$1$1
  0C:2658    A$uart$1953
  0C:265A    A$uart$1954
  0C:265B    A$uart$1955
  0C:265C    A$uart$1956
  0C:265D    A$uart$1957
  0C:265E    A$uart$1958
  0C:265F    A$uart$1959
  0C:2660    A$uart$1960
  0C:2661    A$uart$1961
  0C:2662    A$uart$1963
  0C:2665    A$uart$1964
  0C:2668    A$uart$1965
  0C:266B    A$uart$1966
  0C:266D    A$uart$1967
  0C:266F    A$uart$1968
  0C:2672    A$uart$1969
  0C:2674    A$uart$1970
  0C:2676    A$uart$1971
  0C:2678    A$uart$1972
  0C:2679    A$uart$1973
  0C:267B    A$uart$1975
  0C:267E    A$uart$1976
  0C:267F    A$uart$1977
  0C:2680    A$uart$1978
  0C:2681    A$uart$1979
  0C:2682    A$uart$1980
  0C:2683    A$uart$1981
  0C:2684    A$uart$1982
  0C:2685    A$uart$1983
  0C:2686    A$uart$1984
  0C:2687    A$uart$1985
  0C:2688    A$uart$1986
  0C:2689    A$uart$1991
  0C:2689    C$uart.c$235$2$3
  0C:268A    A$uart$1995
  0C:268A    C$uart.c$236$1$1
  0C:268D    A$uart$1996
  0C:268E    A$uart$1997
  0C:268F    A$uart$1998
  0C:2690    A$uart$1999
  0C:2691    A$uart$2000
  0C:2692    A$uart$2001
  0C:2693    A$uart$2002
  0C:2694    A$uart$2003
  0C:2695    A$uart$2004
  0C:2696    A$uart$2005
  0C:2697    A$uart$2006
  0C:2698    A$uart$2009
  0C:2699    A$uart$2011
  0C:269A    A$uart$2012
  0C:269B    A$uart$2014
  0C:269C    A$uart$2015
  0C:269D    A$uart$2017
  0C:269E    A$uart$2018
  0C:269F    A$uart$2020
  0C:26A1    A$uart$2021
  0C:26A3    A$uart$2022
  0C:26A6    A$uart$2023
  0C:26A8    A$uart$2025
  0C:26AA    A$uart$2026
  0C:26AD    A$uart$2032
  0C:26AE    A$uart$2033
  0C:26AF    A$uart$2035
  0C:26B2    A$uart$2036
  0C:26B3    A$uart$2038
  0C:26B6    A$uart$2039
  0C:26B7    A$uart$2040
  0C:26B8    A$uart$2044
  0C:26B9    A$uart$2047
  0C:26BC    A$uart$2053
  0C:26BC    C$uart.c$239$2$4
  0C:26BD    A$uart$2054
  0C:26BF    A$uart$2055
  0C:26C1    A$uart$2057
  0C:26C2    A$uart$2058
  0C:26C4    A$uart$2059
  0C:26C6    A$uart$2062
  0C:26C7    A$uart$2064
  0C:26C8    A$uart$2066
  0C:26CA    A$uart$2067
  0C:26CC    A$uart$2068
  0C:26CF    A$uart$2069
  0C:26D1    A$uart$2074
  0C:26D1    C$uart.c$237$1$1
  0C:26D2    A$uart$2076
  0C:26D4    A$uart$2084
  0C:26D4    C$uart.c$241$1$1
  0C:26D4    C$uart.c$242$1$1
  0C:26D4    XG$print_number$0$0
  0C:26D5    A$uart$2103
  0C:26D5    C$uart.c$250$1$1
  0C:26D5    G$fetch_number$0$0
  0C:26D5    _fetch_number
  0C:26D7    A$uart$2104
  0C:26DA    A$uart$2105
  0C:26DB    A$uart$2109
  0C:26DB    C$uart.c$252$1$1
  0C:26DE    A$uart$2117
  0C:26DE    C$uart.c$253$1$1
  0C:26DF    A$uart$2118
  0C:26E0    A$uart$2119
  0C:26E3    A$uart$2120
  0C:26E4    A$uart$2121
  0C:26E7    A$uart$2123
  0C:26E8    A$uart$2124
  0C:26E9    A$uart$2125
  0C:26EA    A$uart$2130
  0C:26EA    C$uart.c$254$3$3
  0C:26ED    A$uart$2131
  0C:26EE    A$uart$2132
  0C:26EF    A$uart$2135
  0C:26F2    A$uart$2136
  0C:26F5    A$uart$2141
  0C:26F5    C$uart.c$256$2$2
  0C:26F8    A$uart$2142
  0C:26FA    A$uart$2144
  0C:26FD    A$uart$2145
  0C:26FE    A$uart$2146
  0C:26FF    A$uart$2151
  0C:26FF    C$uart.c$257$2$2
  0C:2702    A$uart$2156
  0C:2704    A$uart$2163
  0C:2705    A$uart$2164
  0C:2707    A$uart$2165
  0C:2709    A$uart$2172
  0C:2709    C$uart.c$258$2$2
  0C:270C    A$uart$2177
  0C:270E    A$uart$2184
  0C:270F    A$uart$2185
  0C:2711    A$uart$2186
  0C:2713    A$uart$2193
  0C:2713    C$uart.c$259$2$2
  0C:2716    A$uart$2198
  0C:2718    A$uart$2204
  0C:2719    A$uart$2205
  0C:271B    A$uart$2208
  0C:271D    A$uart$2214
  0C:271D    C$uart.c$261$3$3
  0C:271F    A$uart$2215
  0C:2721    A$uart$2216
  0C:2724    A$uart$2217
  0C:2726    A$uart$2221
  0C:2726    C$uart.c$262$3$3
  0C:2729    A$uart$2222
  0C:272A    A$uart$2224
  0C:272B    A$uart$2226
  0C:272D    A$uart$2227
  0C:272E    A$uart$2229
  0C:272F    A$uart$2230
  0C:2731    A$uart$2231
  0C:2732    A$uart$2233
  0C:2734    A$uart$2234
  0C:2736    A$uart$2235
  0C:2738    A$uart$2236
  0C:273A    A$uart$2237
  0C:273D    A$uart$2238
  0C:273F    A$uart$2239
  0C:2741    A$uart$2240
  0C:2743    A$uart$2241
  0C:2745    A$uart$2244
  0C:2747    A$uart$2245
  0C:2749    A$uart$2246
  0C:274A    A$uart$2247
  0C:274B    A$uart$2251
  0C:274B    C$uart.c$263$3$3
  0C:274E    A$uart$2253
  0C:2750    A$uart$2255
  0C:2751    A$uart$2256
  0C:2752    A$uart$2258
  0C:2754    A$uart$2264
  0C:2754    C$uart.c$265$2$2
  0C:2757    A$uart$2265
  0C:2759    A$uart$2267
  0C:275C    A$uart$2272
  0C:275C    C$uart.c$267$3$4
  0C:275F    A$uart$2273
  0C:2762    A$uart$2277
  0C:2762    C$uart.c$268$3$4
  0C:2765    A$uart$2278
  0C:2768    A$uart$2282
  0C:2768    C$uart.c$269$3$4
  0C:276B    A$uart$2283
  0C:276E    A$uart$2287
  0C:276E    C$uart.c$270$3$4
  0C:2771    A$uart$2288
  0C:2772    A$uart$2291
  0C:2773    A$uart$2293
  0C:2774    A$uart$2295
  0C:2777    A$uart$2296
  0C:2778    A$uart$2297
  0C:277B    A$uart$2302
  0C:277E    A$uart$2303
  0C:277F    A$uart$2304
  0C:2780    A$uart$2306
  0C:2783    A$uart$2307
  0C:2784    A$uart$2308
  0C:2785    A$uart$2310
  0C:2787    A$uart$2314
  0C:2788    A$uart$2315
  0C:2789    A$uart$2316
  0C:278A    A$uart$2319
  0C:278C    A$uart$2324
  0C:278C    C$uart.c$275$2$5
  0C:278F    A$uart$2325
  0C:2790    A$uart$2326
  0C:2791    A$uart$2327
  0C:2792    A$uart$2328
  0C:2793    A$uart$2329
  0C:2794    A$uart$2331
  0C:2797    A$uart$2332
  0C:2798    A$uart$2333
  0C:2799    A$uart$2334
  0C:279A    A$uart$2336
  0C:279B    A$uart$2337
  0C:279C    A$uart$2339
  0C:279E    A$uart$2340
  0C:27A0    A$uart$2341
  0C:27A2    A$uart$2342
  0C:27A4    A$uart$2343
  0C:27A6    A$uart$2344
  0C:27A9    A$uart$2345
  0C:27AB    A$uart$2346
  0C:27AE    A$uart$2347
  0C:27B0    A$uart$2348
  0C:27B2    A$uart$2349
  0C:27B4    A$uart$2351
  0C:27B7    A$uart$2352
  0C:27B8    A$uart$2353
  0C:27B9    A$uart$2354
  0C:27BB    A$uart$2355
  0C:27BC    A$uart$2360
  0C:27BC    C$uart.c$276$2$5
  0C:27BD    A$uart$2361
  0C:27BF    A$uart$2362
  0C:27C1    A$uart$2364
  0C:27C2    A$uart$2365
  0C:27C4    A$uart$2366
  0C:27C6    A$uart$2369
  0C:27C7    A$uart$2370
  0C:27C8    A$uart$2372
  0C:27CA    A$uart$2374
  0C:27CD    A$uart$2375
  0C:27CE    A$uart$2376
  0C:27CF    A$uart$2377
  0C:27D0    A$uart$2378
  0C:27D1    A$uart$2379
  0C:27D2    A$uart$2381
  0C:27D5    A$uart$2383
  0C:27D6    A$uart$2385
  0C:27D7    A$uart$2386
  0C:27D8    A$uart$2388
  0C:27D9    A$uart$2390
  0C:27DA    A$uart$2391
  0C:27DB    A$uart$2392
  0C:27DC    A$uart$2397
  0C:27DC    C$uart.c$273$1$1
  0C:27DD    A$uart$2399
  0C:27DF    A$uart$2404
  0C:27DF    C$uart.c$278$1$1
  0C:27E2    A$uart$2405
  0C:27E3    A$uart$2406
  0C:27E4    A$uart$2407
  0C:27E5    A$uart$2408
  0C:27E6    A$uart$2413
  0C:27E6    C$uart.c$279$1$1
  0C:27E6    XG$fetch_number$0$0
  0C:27E8    A$uart$2414
  0C:27EA    A$uart$2416
  0C:27EB    A$uart$2433
  0C:27EB    C$uart.c$286$1$1
  0C:27EB    G$ms_delay$0$0
  0C:27EB    _ms_delay
  0C:27ED    A$uart$2434
  0C:27EF    A$uart$2435
  0C:27F1    A$uart$2436
  0C:27F2    A$uart$2437
  0C:27F5    A$uart$2438
  0C:27F6    A$uart$2439
  0C:27F7    A$uart$2440
  0C:27F8    A$uart$2441
  0C:27F9    A$uart$2442
  0C:27FA    A$uart$2443
  0C:27FB    A$uart$2444
  0C:27FC    A$uart$2445
  0C:27FD    A$uart$2446
  0C:27FE    A$uart$2447
  0C:27FF    A$uart$2448
  0C:2800    A$uart$2452
  0C:2803    A$uart$2453
  0C:2804    A$uart$2454
  0C:2805    A$uart$2455
  0C:2806    A$uart$2456
  0C:2807    A$uart$2457
  0C:2808    A$uart$2458
  0C:2809    A$uart$2459
  0C:280A    A$uart$2460
  0C:280B    A$uart$2461
  0C:280C    A$uart$2462
  0C:280D    A$uart$2463
  0C:280E    A$uart$2465
  0C:2810    A$uart$2466
  0C:2812    A$uart$2467
  0C:2814    A$uart$2468
  0C:2816    A$uart$2472
  0C:2817    A$uart$2473
  0C:2818    A$uart$2474
  0C:2819    A$uart$2475
  0C:281A    A$uart$2476
  0C:281B    A$uart$2477
  0C:281C    A$uart$2478
  0C:281D    A$uart$2479
  0C:281E    A$uart$2480
  0C:281F    A$uart$2483
  0C:2821    A$uart$2488
  0C:2821    C$uart.c$291$1$1
  0C:2824    A$uart$2489
  0C:2827    A$uart$2490
  0C:282A    A$uart$2491
  0C:282D    A$uart$2495
  0C:282F    A$uart$2496
  0C:2831    A$uart$2497
  0C:2834    A$uart$2498
  0C:2836    A$uart$2499
  0C:2839    A$uart$2500
  0C:283B    A$uart$2501
  0C:283E    A$uart$2502
  0C:2840    A$uart$2505
  0C:2842    A$uart$2506
  0C:2844    A$uart$2507
  0C:2846    A$uart$2508
  0C:2848    A$uart$2511
  0C:284A    A$uart$2518
  0C:284A    C$uart.c$289$1$1
  0C:284B    A$uart$2519
  0C:284E    A$uart$2520
  0C:284F    A$uart$2521
  0C:2852    A$uart$2522
  0C:2853    A$uart$2523
  0C:2856    A$uart$2524
  0C:2857    A$uart$2526
  0C:2859    A$uart$2534
  0C:2859    C$uart.c$293$1$1
  0C:2859    C$uart.c$294$1$1
  0C:2859    XG$ms_delay$0$0
  0C:285A    A$uart$2551
  0C:285A    C$uart.c$302$1$1
  0C:285A    G$us_delay$0$0
  0C:285A    _us_delay
  0C:285C    A$uart$2552
  0C:285E    A$uart$2553
  0C:2860    A$uart$2554
  0C:2861    A$uart$2555
  0C:2864    A$uart$2556
  0C:2865    A$uart$2557
  0C:2866    A$uart$2558
  0C:2867    A$uart$2559
  0C:2868    A$uart$2560
  0C:2869    A$uart$2561
  0C:286A    A$uart$2562
  0C:286B    A$uart$2563
  0C:286C    A$uart$2564
  0C:286D    A$uart$2565
  0C:286E    A$uart$2566
  0C:286F    A$uart$2570
  0C:286F    C$uart.c$305$1$1
  0C:2872    A$uart$2571
  0C:2873    A$uart$2572
  0C:2875    A$uart$2573
  0C:2876    A$uart$2574
  0C:2877    A$uart$2575
  0C:2879    A$uart$2576
  0C:287A    A$uart$2577
  0C:287B    A$uart$2578
  0C:287D    A$uart$2579
  0C:287E    A$uart$2580
  0C:287F    A$uart$2581
  0C:2881    A$uart$2583
  0C:2883    A$uart$2584
  0C:2885    A$uart$2585
  0C:2887    A$uart$2586
  0C:2889    A$uart$2589
  0C:288C    A$uart$2590
  0C:288F    A$uart$2591
  0C:2892    A$uart$2592
  0C:2894    A$uart$2593
  0C:2896    A$uart$2594
  0C:2898    A$uart$2595
  0C:289A    A$uart$2596
  0C:289C    A$uart$2597
  0C:289F    A$uart$2598
  0C:28A1    A$uart$2599
  0C:28A3    A$uart$2600
  0C:28A5    A$uart$2601
  0C:28A6    A$uart$2602
  0C:28A8    A$uart$2603
  0C:28AA    A$uart$2604
  0C:28AC    A$uart$2605
  0C:28AE    A$uart$2607
  0C:28B0    A$uart$2608
  0C:28B2    A$uart$2609
  0C:28B4    A$uart$2610
  0C:28B6    A$uart$2611
  0C:28B8    A$uart$2612
  0C:28BA    A$uart$2613
  0C:28BC    A$uart$2614
  0C:28BE    A$uart$2615
  0C:28C0    A$uart$2616
  0C:28C2    A$uart$2617
  0C:28C4    A$uart$2618
  0C:28C6    A$uart$2620
  0C:28C8    A$uart$2621
  0C:28CA    A$uart$2622
  0C:28CC    A$uart$2623
  0C:28CD    A$uart$2624
  0C:28D0    A$uart$2625
  0C:28D3    A$uart$2626
  0C:28D6    A$uart$2627
  0C:28D9    A$uart$2628
  0C:28DB    A$uart$2629
  0C:28DD    A$uart$2630
  0C:28DF    A$uart$2631
  0C:28E1    A$uart$2632
  0C:28E3    A$uart$2633
  0C:28E5    A$uart$2634
  0C:28E7    A$uart$2635
  0C:28E9    A$uart$2637
  0C:28EB    A$uart$2638
  0C:28ED    A$uart$2639
  0C:28EF    A$uart$2640
  0C:28F0    A$uart$2641
  0C:28F2    A$uart$2642
  0C:28F4    A$uart$2643
  0C:28F6    A$uart$2644
  0C:28F8    A$uart$2645
  0C:28FB    A$uart$2646
  0C:28FD    A$uart$2647
  0C:28FF    A$uart$2648
  0C:2901    A$uart$2649
  0C:2902    A$uart$2650
  0C:2904    A$uart$2651
  0C:2906    A$uart$2652
  0C:2908    A$uart$2653
  0C:290A    A$uart$2655
  0C:290C    A$uart$2656
  0C:290E    A$uart$2657
  0C:2910    A$uart$2658
  0C:2912    A$uart$2659
  0C:2914    A$uart$2660
  0C:2916    A$uart$2661
  0C:2918    A$uart$2662
  0C:291A    A$uart$2664
  0C:291C    A$uart$2665
  0C:291E    A$uart$2666
  0C:2920    A$uart$2667
  0C:2921    A$uart$2668
  0C:2924    A$uart$2669
  0C:2926    A$uart$2670
  0C:2928    A$uart$2671
  0C:292A    A$uart$2672
  0C:292C    A$uart$2673
  0C:292E    A$uart$2674
  0C:2930    A$uart$2675
  0C:2932    A$uart$2676
  0C:2934    A$uart$2678
  0C:2935    A$uart$2681
  0C:2937    A$uart$2685
  0C:2938    A$uart$2686
  0C:293B    A$uart$2687
  0C:293C    A$uart$2688
  0C:293F    A$uart$2689
  0C:2940    A$uart$2690
  0C:2943    A$uart$2691
  0C:2944    A$uart$2693
  0C:2947    A$uart$2701
  0C:2947    C$uart.c$306$1$1
  0C:2947    C$uart.c$307$1$1
  0C:2947    XG$us_delay$0$0
  0C:2948    A$uart$2713
  0C:2948    C$uart.c$313$1$1
  0C:2948    G$wake_up$0$0
  0C:2948    _wake_up
  0C:294A    A$uart$2714
  0C:294C    A$uart$2715
  0C:294E    A$uart$2719
  0C:294E    C$uart.c$315$1$1
  0C:2951    A$uart$2721
  0C:2952    A$uart$2722
  0C:2953    A$uart$2724
  0C:2955    A$uart$2725
  0C:2957    A$uart$2726
  0C:2959    A$uart$2729
  0C:2959    C$uart.c$316$1$1
  0C:2959    XG$wake_up$0$0
  0C:295A    __modslong
  0C:2A1B    __modulong
  0C:2B64    __divslong
  0C:2C2F    ___fsmul
  0C:2CD2    fsgetargs
  0C:2D00    __divulong
  0C:2E0C    fs_normalize_a
  0C:2E35    ___ulong2fs
  0C:2E3E    ulong2fs_doit
  0C:2E48    ___fslt
  0C:2E78    __mulint
  0C:2E98    __mullong
  0C:2E98    __mullong_dummy
  0C:2F04    fs_compare_uint32
  0C:2F22    fs_check_negative_zeros
  0C:2F4D    fs_round_and_return
  0C:2F65    fs_zerocheck_return
  0C:2F6E    fs_return_zero
  0C:2F76    fs_direct_return
  0C:2F84    fs_return_inf
  0C:2F91    fs_return_nan

Hexadecimal

Area                               Addr   Size   Decimal Bytes (Attributes)
--------------------------------   ----   ----   ------- ----- ------------
CONST                              2F9C   0000 =      0. bytes (REL,CON,CODE)

Hexadecimal

Area                               Addr   Size   Decimal Bytes (Attributes)
--------------------------------   ----   ----   ------- ----- ------------
XINIT                              2F9C   0000 =      0. bytes (REL,CON,CODE)
ASxxxx Linker V01.70 + NoICE + SDCC Feb 1999,  page 1.

Files Linked      [ module(s) ]

obj\Debug\main.rel
obj\Debug\spi.rel
obj\Debug\uart.rel

Libraries Linked            [   object  file   ]

C:\Program Files (x86)\SDCC\bin\..\lib\large/liblong.lib    [    _modslong.rel ]
C:\Program Files (x86)\SDCC\bin\..\lib\large/liblong.lib    [    _modulong.rel ]
C:\Program Files (x86)\SDCC\bin\..\lib\large/liblong.lib    [    _divslong.rel ]
C:\Program Files (x86)\SDCC\bin\..\lib\large/libfloat.lib    [           _fsmul ]
C:\Program Files (x86)\SDCC\bin\..\lib\large/libfloat.lib    [      _fsget2args ]
C:\Program Files (x86)\SDCC\bin\..\lib\large/liblong.lib    [    _divulong.rel ]
C:\Program Files (x86)\SDCC\bin\..\lib\large/mcs51.lib    [     crtclear.rel ]
C:\Program Files (x86)\SDCC\bin\..\lib\large/libfloat.lib    [     _fsnormalize ]
C:\Program Files (x86)\SDCC\bin\..\lib\large/mcs51.lib    [     crtxinit.rel ]
C:\Program Files (x86)\SDCC\bin\..\lib\large/libfloat.lib    [        _ulong2fs ]
C:\Program Files (x86)\SDCC\bin\..\lib\large/libfloat.lib    [            _fslt ]
C:\Program Files (x86)\SDCC\bin\..\lib\large/libint.lib    [          _mulint ]
C:\Program Files (x86)\SDCC\bin\..\lib\large/liblong.lib    [     _mullong.rel ]
C:\Program Files (x86)\SDCC\bin\..\lib\large/mcs51.lib    [    crtxclear.rel ]
C:\Program Files (x86)\SDCC\bin\..\lib\large/libfloat.lib    [           _fscmp ]
C:\Program Files (x86)\SDCC\bin\..\lib\large/libfloat.lib    [     _fsreturnval ]
C:\Program Files (x86)\SDCC\bin\..\lib\large/mcs51.lib    [   crtpagesfr.rel ]
C:\Program Files (x86)\SDCC\bin\..\lib\large/mcs51.lib    [     crtstart.rel ]

ASxxxx Linker V01.70 + NoICE + SDCC Feb 1999,  page 2.

User Base Address Definitions

HOME = 0x0000
ISEG = 0x0080
BSEG = 0x0000

