******************************************************************************
                  TI ARM Linker PC v16.9.6                     
******************************************************************************
>> Linked Thu Apr 12 14:21:24 2018

OUTPUT FILE NAME:   <Monish_ESD_LAB4.out>
ENTRY POINT SYMBOL: "_c_int00"  address: 00001065


MEMORY CONFIGURATION

         name            origin    length      used     unused   attr    fill
----------------------  --------  ---------  --------  --------  ----  --------
  MAIN                  00000000   00040000  0000180e  0003e7f2  R  X
  INFO                  00200000   00004000  00000000  00004000  R  X
  SRAM_CODE             01000000   00010000  00000000  00010000  RW X
  SRAM_DATA             20000000   00010000  0000028d  0000fd73  RW  


SEGMENT ALLOCATION MAP

run origin  load origin   length   init length attrs members
----------  ----------- ---------- ----------- ----- -------
00000000    00000000    00001810   00001810    r-x
  00000000    00000000    00000140   00000140    r-- .intvecs
  00000140    00000140    00001350   00001350    r-x .text
  00001490    00001490    000002f6   000002f6    r-- .const
  00001788    00001788    00000088   00000088    r-- .cinit
20000000    20000000    00000090   00000000    rw-
  20000000    20000000    00000065   00000000    rw- .data
  20000068    20000068    00000028   00000000    rw- .bss
2000fe00    2000fe00    00000200   00000000    rw-
  2000fe00    2000fe00    00000200   00000000    rw- .stack


SECTION ALLOCATION MAP

 output                                  attributes/
section   page    origin      length       input sections
--------  ----  ----------  ----------   ----------------
.intvecs   0    00000000    00000140     
                  00000000    00000140     startup_msp432p401r_ccs.obj (.intvecs:retain)

.text      0    00000140    00001350     
                  00000140    000007e8     uart_pc_echo_12mhz_brclk.obj (.text)
                  00000928    00000328     system_msp432p401r.obj (.text)
                  00000c50    00000154     msp432p4xx_driverlib.lib : adc14.o (.text:_getIndexForMemRegister)
                  00000da4    0000009c     rtsv7M4_T_le_v4SPD16_eabi.lib : memcpy_t2.obj (.text)
                  00000e40    0000007a                                   : memset_t2.obj (.text)
                  00000eba    00000002                                   : mpu_init.obj (.text)
                  00000ebc    00000070                                   : autoinit.obj (.text)
                  00000f2c    0000006c     msp432p4xx_driverlib.lib : adc14.o (.text:ADC14_configureConversionMemory)
                  00000f98    00000068     rtsv7M4_T_le_v4SPD16_eabi.lib : copy_decompress_lzss.obj (.text:decompress:lzss)
                  00001000    00000064     msp432p4xx_driverlib.lib : interrupt.o (.text:Interrupt_enableInterrupt)
                  00001064    00000054     rtsv7M4_T_le_v4SPD16_eabi.lib : boot.obj (.text)
                  000010b8    00000054                                   : exit.obj (.text)
                  0000110c    0000004c                                   : cpy_tbl.obj (.text)
                  00001158    00000044     msp432p4xx_driverlib.lib : adc14.o (.text:ADC14_configureSingleSampleMode)
                  0000119c    0000003a     challenge_lab3.obj (.text)
                  000011d6    00000002     rtsv7M4_T_le_v4SPD16_eabi.lib : startup.obj (.text)
                  000011d8    00000038     msp432p4xx_driverlib.lib : adc14.o (.text:ADC14_initModule)
                  00001210    0000002c                              : adc14.o (.text:ADC14_enableConversion)
                  0000123c    0000002c                              : adc14.o (.text:ADC14_setSampleHoldTime)
                  00001268    00000028                              : adc14.o (.text:ADC14_enableSampleTimer)
                  00001290    00000028                              : pcm.o (.text:PCM_gotoLPM0)
                  000012b8    00000024                              : adc14.o (.text:ADC14_getEnabledInterruptStatus)
                  000012dc    00000024                              : cs.o (.text:CS_setDCOCenteredFrequency)
                  00001300    00000020                              : adc14.o (.text:ADC14_clearInterruptFlag)
                  00001320    00000020                              : adc14.o (.text:ADC14_enableInterrupt)
                  00001340    00000020                              : adc14.o (.text:ADC14_toggleConversionTrigger)
                  00001360    0000001c                              : adc14.o (.text:ADC14_getInterruptStatus)
                  0000137c    00000018                              : adc14.o (.text:ADC14_getResult)
                  00001394    00000018                              : wdt_a.o (.text:WDT_A_holdTimer)
                  000013ac    00000018     rtsv7M4_T_le_v4SPD16_eabi.lib : args_main.obj (.text)
                  000013c4    00000014     msp432p4xx_driverlib.lib : adc14.o (.text:ADCIsConversionRunning)
                  000013d8    00000014                              : ref_a.o (.text:REF_A_setReferenceVoltage)
                  000013ec    00000014     rtsv7M4_T_le_v4SPD16_eabi.lib : _lock.obj (.text)
                  00001400    00000012     startup_msp432p401r_ccs.obj (.text)
                  00001412    00000002     --HOLE-- [fill = 0]
                  00001414    00000010     msp432p4xx_driverlib.lib : adc14.o (.text:ADC14_enableModule)
                  00001424    00000010                              : interrupt.o (.text:Interrupt_enableMaster)
                  00001434    00000010                              : ref_a.o (.text:REF_A_enableReferenceVoltage)
                  00001444    00000010                              : ref_a.o (.text:REF_A_enableTempSensor)
                  00001454    0000000e     rtsv7M4_T_le_v4SPD16_eabi.lib : copy_decompress_none.obj (.text:decompress:none)
                  00001462    0000000c     msp432p4xx_driverlib.lib : cpu.o (.text:CPU_cpsie)
                  0000146e    00000002     --HOLE-- [fill = 0]
                  00001470    0000000c                              : sysctl.o (.text:SysCtl_getTempCalibrationConstant)
                  0000147c    0000000c     rtsv7M4_T_le_v4SPD16_eabi.lib : copy_zero_init.obj (.text:decompress:ZI)
                  00001488    00000004     msp432p4xx_driverlib.lib : cpu.o (.text:CPU_wfi)
                  0000148c    00000004     rtsv7M4_T_le_v4SPD16_eabi.lib : pre_init.obj (.text)

.const     0    00001490    000002f6     
                  00001490    000000d1     uart_pc_echo_12mhz_brclk.obj (.const:.string:$P$T8$10)
                  00001561    00000003     uart_pc_echo_12mhz_brclk.obj (.const:.string:$P$T1$3)
                  00001564    00000080     msp432p4xx_driverlib.lib : adc14.o (.const:_ctlRegs)
                  000015e4    00000040                              : interrupt.o (.const)
                  00001624    0000003e     uart_pc_echo_12mhz_brclk.obj (.const:.string:$P$T12$14)
                  00001662    00000002     --HOLE-- [fill = 0]
                  00001664    00000024     uart_pc_echo_12mhz_brclk.obj (.const:uartConfig)
                  00001688    00000020     uart_pc_echo_12mhz_brclk.obj (.const:.string:$P$T14$16)
                  000016a8    00000020     uart_pc_echo_12mhz_brclk.obj (.const:.string:$P$T15$17)
                  000016c8    0000001b     uart_pc_echo_12mhz_brclk.obj (.const:.string:$P$T5$7)
                  000016e3    00000015     uart_pc_echo_12mhz_brclk.obj (.const:.string:$P$T6$8)
                  000016f8    00000015     uart_pc_echo_12mhz_brclk.obj (.const:.string:$P$T7$9)
                  0000170d    00000012     uart_pc_echo_12mhz_brclk.obj (.const:.string:$P$T2$4)
                  0000171f    00000010     uart_pc_echo_12mhz_brclk.obj (.const:.string:$P$T0$2)
                  0000172f    0000000d     uart_pc_echo_12mhz_brclk.obj (.const:.string:$P$T16$18)
                  0000173c    0000000d     uart_pc_echo_12mhz_brclk.obj (.const:.string:$P$T17$19)
                  00001749    0000000c     uart_pc_echo_12mhz_brclk.obj (.const:.string:$P$T13$15)
                  00001755    0000000a     uart_pc_echo_12mhz_brclk.obj (.const:.string:$P$T10$12)
                  0000175f    0000000a     uart_pc_echo_12mhz_brclk.obj (.const:.string:$P$T11$13)
                  00001769    0000000a     uart_pc_echo_12mhz_brclk.obj (.const:.string:$P$T9$11)
                  00001773    00000009     uart_pc_echo_12mhz_brclk.obj (.const:.string:myData)
                  0000177c    00000006     uart_pc_echo_12mhz_brclk.obj (.const:.string:$P$T3$5)
                  00001782    00000004     uart_pc_echo_12mhz_brclk.obj (.const:.string:$P$T4$6)

.cinit     0    00001788    00000088     
                  00001788    00000062     (.cinit..data.load) [load image, compression = lzss]
                  000017ea    00000002     --HOLE-- [fill = 0]
                  000017ec    0000000c     (__TI_handler_table)
                  000017f8    00000008     (.cinit..bss.load) [load image, compression = zero_init]
                  00001800    00000010     (__TI_cinit_table)

.init_array 
*          0    00000000    00000000     UNINITIALIZED

.data      0    20000000    00000065     UNINITIALIZED
                  20000000    00000020     uart_pc_echo_12mhz_brclk.obj (.data:CipherKey)
                  20000020    00000018     uart_pc_echo_12mhz_brclk.obj (.data:pwmConfig)
                  20000038    00000010     uart_pc_echo_12mhz_brclk.obj (.data:Data)
                  20000048    0000000c     rtsv7M4_T_le_v4SPD16_eabi.lib : exit.obj (.data:$O1$$)
                  20000054    00000008                                   : _lock.obj (.data:$O1$$)
                  2000005c    00000004                                   : stkdepth_vars.obj (.data)
                  20000060    00000004     system_msp432p401r.obj (.data)
                  20000064    00000001     uart_pc_echo_12mhz_brclk.obj (.data)

.bss       0    20000068    00000028     UNINITIALIZED
                  20000068    00000010     uart_pc_echo_12mhz_brclk.obj (.bss:DataAESdecrypted)
                  20000078    00000010     uart_pc_echo_12mhz_brclk.obj (.bss:DataAESencrypted)
                  20000088    00000004     (.common:tempC)
                  2000008c    00000004     (.common:tempF)

.stack     0    2000fe00    00000200     UNINITIALIZED
                  2000fe00    00000200     --HOLE--

MODULE SUMMARY

       Module                         code   ro data   rw data
       ------                         ----   -------   -------
    .\
       uart_pc_echo_12mhz_brclk.obj   2024   564       113    
       system_msp432p401r.obj         808    0         4      
       startup_msp432p401r_ccs.obj    18     320       0      
       challenge_lab3.obj             58     0         0      
    +--+------------------------------+------+---------+---------+
       Total:                         2908   884       117    
                                                              
    C:/Users/monis/Documents/Academics/ESD/msp432_driverlib_3_21_00_05/driverlib/MSP432P4xx/ccs/msp432p4xx_driverlib.lib
       adc14.o                        920    128       0      
       interrupt.o                    116    64        0      
       ref_a.o                        52     0         0      
       pcm.o                          40     0         0      
       cs.o                           36     0         0      
       wdt_a.o                        24     0         0      
       cpu.o                          16     0         0      
       sysctl.o                       12     0         0      
    +--+------------------------------+------+---------+---------+
       Total:                         1216   192       0      
                                                              
    C:\ti\ccsv7\tools\compiler\ti-cgt-arm_16.9.6.LTS\lib\rtsv7M4_T_le_v4SPD16_eabi.lib
       memcpy_t2.obj                  156    0         0      
       memset_t2.obj                  122    0         0      
       autoinit.obj                   112    0         0      
       copy_decompress_lzss.obj       104    0         0      
       exit.obj                       84     0         12     
       boot.obj                       84     0         0      
       cpy_tbl.obj                    76     0         0      
       _lock.obj                      20     0         8      
       args_main.obj                  24     0         0      
       copy_decompress_none.obj       14     0         0      
       copy_zero_init.obj             12     0         0      
       pre_init.obj                   4      0         0      
       stkdepth_vars.obj              0      0         4      
       mpu_init.obj                   2      0         0      
       startup.obj                    2      0         0      
    +--+------------------------------+------+---------+---------+
       Total:                         816    0         24     
                                                              
       Stack:                         0      0         512    
       Linker Generated:              0      134       0      
    +--+------------------------------+------+---------+---------+
       Grand Total:                   4940   1210      653    


LINKER GENERATED COPY TABLES

__TI_cinit_table @ 00001800 records: 2, size/record: 8, table size: 16
	.data: load addr=00001788, load size=00000062 bytes, run addr=20000000, run size=00000065 bytes, compression=lzss
	.bss: load addr=000017f8, load size=00000008 bytes, run addr=20000068, run size=00000028 bytes, compression=zero_init


LINKER GENERATED HANDLER TABLE

__TI_handler_table @ 000017ec records: 3, size/record: 4, table size: 12
	index: 0, handler: __TI_decompress_lzss
	index: 1, handler: __TI_decompress_none
	index: 2, handler: __TI_zero_init


GLOBAL SYMBOLS: SORTED ALPHABETICALLY BY Name 

address   name                             
-------   ----                             
00000831  ADC14_IRQHandler                 
00001301  ADC14_clearInterruptFlag         
00000f2d  ADC14_configureConversionMemory  
00001159  ADC14_configureSingleSampleMode  
00001211  ADC14_enableConversion           
00001321  ADC14_enableInterrupt            
00001415  ADC14_enableModule               
00001269  ADC14_enableSampleTimer          
000012b9  ADC14_getEnabledInterruptStatus  
00001361  ADC14_getInterruptStatus         
0000137d  ADC14_getResult                  
000011d9  ADC14_initModule                 
0000123d  ADC14_setSampleHoldTime          
00001341  ADC14_toggleConversionTrigger    
000010b9  C$$EXIT                          
00001463  CPU_cpsie                        
00001489  CPU_wfi                          
000012dd  CS_setDCOCenteredFrequency       
00000257  Display_Dutycycle                
00000289  Display_Temperature              
000006ad  EUSCIA0_IRQHandler               
00001001  Interrupt_enableInterrupt        
00001425  Interrupt_enableMaster           
00000141  LED_toggle                       
00001291  PCM_gotoLPM0                     
00001435  REF_A_enableReferenceVoltage     
00001445  REF_A_enableTempSensor           
000013d9  REF_A_setReferenceVoltage        
UNDEFED   SHT$$INIT_ARRAY$$Base            
UNDEFED   SHT$$INIT_ARRAY$$Limit           
00001471  SysCtl_getTempCalibrationConstant
000008cd  SysTick_Handler                  
20000060  SystemCoreClock                  
00000929  SystemCoreClockUpdate            
00000b9d  SystemInit                       
4000480c  WDTCTL_SYM                       
00001395  WDT_A_holdTimer                  
20010000  __STACK_END                      
00000200  __STACK_SIZE                     
00001800  __TI_CINIT_Base                  
00001810  __TI_CINIT_Limit                 
000017ec  __TI_Handler_Table_Base          
000017f8  __TI_Handler_Table_Limit         
00000ebd  __TI_auto_init                   
20000048  __TI_cleanup_ptr                 
00000f99  __TI_decompress_lzss             
00001455  __TI_decompress_none             
2000004c  __TI_dtors_ptr                   
20000050  __TI_enable_exit_profile_output  
ffffffff  __TI_pprof_out_hndl              
ffffffff  __TI_prof_data_size              
ffffffff  __TI_prof_data_start             
00000000  __TI_static_base__               
0000147d  __TI_zero_init                   
00000e41  __aeabi_memclr                   
00000e41  __aeabi_memclr4                  
00000e41  __aeabi_memclr8                  
00000da5  __aeabi_memcpy                   
00000da5  __aeabi_memcpy4                  
00000da5  __aeabi_memcpy8                  
00000e43  __aeabi_memset                   
00000e43  __aeabi_memset4                  
00000e43  __aeabi_memset8                  
ffffffff  __binit__                        
ffffffff  __c_args__                       
00000ebb  __mpu_init                       
2000fe00  __stack                          
000013ad  _args_main                       
00001065  _c_int00                         
20000054  _lock                            
000013fb  _nop                             
000013f3  _register_lock                   
000013ed  _register_unlock                 
000011d7  _system_post_cinit               
0000148d  _system_pre_init                 
20000058  _unlock                          
000010bd  abort                            
ffffffff  binit                            
0000110d  copy_in                          
000002e5  encypt_decrypt                   
000010c5  exit                             
000001a3  getchar                          
00000000  interruptVectors                 
000004e9  main                             
2000005c  main_func_sp                     
00000da5  memcpy                           
00000e49  memset                           
000001b3  my_printf                        
0000119d  operation                        
000001d1  print_number                     
0000018f  putchar                          
20000020  pwmConfig                        
20000088  tempC                            
2000008c  tempF                            
00001664  uartConfig                       


GLOBAL SYMBOLS: SORTED BY Symbol Address 

address   name                             
-------   ----                             
00000000  __TI_static_base__               
00000000  interruptVectors                 
00000141  LED_toggle                       
0000018f  putchar                          
000001a3  getchar                          
000001b3  my_printf                        
000001d1  print_number                     
00000200  __STACK_SIZE                     
00000257  Display_Dutycycle                
00000289  Display_Temperature              
000002e5  encypt_decrypt                   
000004e9  main                             
000006ad  EUSCIA0_IRQHandler               
00000831  ADC14_IRQHandler                 
000008cd  SysTick_Handler                  
00000929  SystemCoreClockUpdate            
00000b9d  SystemInit                       
00000da5  __aeabi_memcpy                   
00000da5  __aeabi_memcpy4                  
00000da5  __aeabi_memcpy8                  
00000da5  memcpy                           
00000e41  __aeabi_memclr                   
00000e41  __aeabi_memclr4                  
00000e41  __aeabi_memclr8                  
00000e43  __aeabi_memset                   
00000e43  __aeabi_memset4                  
00000e43  __aeabi_memset8                  
00000e49  memset                           
00000ebb  __mpu_init                       
00000ebd  __TI_auto_init                   
00000f2d  ADC14_configureConversionMemory  
00000f99  __TI_decompress_lzss             
00001001  Interrupt_enableInterrupt        
00001065  _c_int00                         
000010b9  C$$EXIT                          
000010bd  abort                            
000010c5  exit                             
0000110d  copy_in                          
00001159  ADC14_configureSingleSampleMode  
0000119d  operation                        
000011d7  _system_post_cinit               
000011d9  ADC14_initModule                 
00001211  ADC14_enableConversion           
0000123d  ADC14_setSampleHoldTime          
00001269  ADC14_enableSampleTimer          
00001291  PCM_gotoLPM0                     
000012b9  ADC14_getEnabledInterruptStatus  
000012dd  CS_setDCOCenteredFrequency       
00001301  ADC14_clearInterruptFlag         
00001321  ADC14_enableInterrupt            
00001341  ADC14_toggleConversionTrigger    
00001361  ADC14_getInterruptStatus         
0000137d  ADC14_getResult                  
00001395  WDT_A_holdTimer                  
000013ad  _args_main                       
000013d9  REF_A_setReferenceVoltage        
000013ed  _register_unlock                 
000013f3  _register_lock                   
000013fb  _nop                             
00001415  ADC14_enableModule               
00001425  Interrupt_enableMaster           
00001435  REF_A_enableReferenceVoltage     
00001445  REF_A_enableTempSensor           
00001455  __TI_decompress_none             
00001463  CPU_cpsie                        
00001471  SysCtl_getTempCalibrationConstant
0000147d  __TI_zero_init                   
00001489  CPU_wfi                          
0000148d  _system_pre_init                 
00001664  uartConfig                       
000017ec  __TI_Handler_Table_Base          
000017f8  __TI_Handler_Table_Limit         
00001800  __TI_CINIT_Base                  
00001810  __TI_CINIT_Limit                 
20000020  pwmConfig                        
20000048  __TI_cleanup_ptr                 
2000004c  __TI_dtors_ptr                   
20000050  __TI_enable_exit_profile_output  
20000054  _lock                            
20000058  _unlock                          
2000005c  main_func_sp                     
20000060  SystemCoreClock                  
20000088  tempC                            
2000008c  tempF                            
2000fe00  __stack                          
20010000  __STACK_END                      
4000480c  WDTCTL_SYM                       
ffffffff  __TI_pprof_out_hndl              
ffffffff  __TI_prof_data_size              
ffffffff  __TI_prof_data_start             
ffffffff  __binit__                        
ffffffff  __c_args__                       
ffffffff  binit                            
UNDEFED   SHT$$INIT_ARRAY$$Base            
UNDEFED   SHT$$INIT_ARRAY$$Limit           

[95 symbols]
