******************************************************************************
                  TI ARM Linker PC v16.9.6                     
******************************************************************************
>> Linked Thu Mar 22 00:29:12 2018

OUTPUT FILE NAME:   <Monish_ESD_LAB3.out>
ENTRY POINT SYMBOL: "_c_int00"  address: 00000d51


MEMORY CONFIGURATION

         name            origin    length      used     unused   attr    fill
----------------------  --------  ---------  --------  --------  ----  --------
  MAIN                  00000000   00040000  000013e1  0003ec1f  R  X
  INFO                  00200000   00004000  00000000  00004000  R  X
  SRAM_CODE             01000000   00010000  00000000  00010000  RW X
  SRAM_DATA             20000000   00010000  0000023d  0000fdc3  RW  


SEGMENT ALLOCATION MAP

run origin  load origin   length   init length attrs members
----------  ----------- ---------- ----------- ----- -------
00000000    00000000    000013e8   000013e8    r-x
  00000000    00000000    00000140   00000140    r-- .intvecs
  00000140    00000140    0000103c   0000103c    r-x .text
  0000117c    0000117c    00000215   00000215    r-- .const
  00001398    00001398    00000050   00000050    r-- .cinit
20000000    20000000    00000040   00000000    rw-
  20000000    20000000    00000035   00000000    rw- .data
  20000038    20000038    00000008   00000000    rw- .bss
2000fe00    2000fe00    00000200   00000000    rw-
  2000fe00    2000fe00    00000200   00000000    rw- .stack


SECTION ALLOCATION MAP

 output                                  attributes/
section   page    origin      length       input sections
--------  ----  ----------  ----------   ----------------
.intvecs   0    00000000    00000140     
                  00000000    00000140     startup_msp432p401r_ccs.obj (.intvecs:retain)

.text      0    00000140    0000103c     
                  00000140    000004d4     uart_pc_echo_12mhz_brclk.obj (.text)
                  00000614    00000328     system_msp432p401r.obj (.text)
                  0000093c    00000154     msp432p4xx_driverlib.lib : adc14.o (.text:_getIndexForMemRegister)
                  00000a90    0000009c     rtsv7M4_T_le_v4SPD16_eabi.lib : memcpy_t2.obj (.text)
                  00000b2c    0000007a                                   : memset_t2.obj (.text)
                  00000ba6    00000002                                   : mpu_init.obj (.text)
                  00000ba8    00000070                                   : autoinit.obj (.text)
                  00000c18    0000006c     msp432p4xx_driverlib.lib : adc14.o (.text:ADC14_configureConversionMemory)
                  00000c84    00000068     rtsv7M4_T_le_v4SPD16_eabi.lib : copy_decompress_lzss.obj (.text:decompress:lzss)
                  00000cec    00000064     msp432p4xx_driverlib.lib : interrupt.o (.text:Interrupt_enableInterrupt)
                  00000d50    00000054     rtsv7M4_T_le_v4SPD16_eabi.lib : boot.obj (.text)
                  00000da4    00000054                                   : exit.obj (.text)
                  00000df8    0000004c                                   : cpy_tbl.obj (.text)
                  00000e44    00000044     msp432p4xx_driverlib.lib : adc14.o (.text:ADC14_configureSingleSampleMode)
                  00000e88    0000003a     challenge_lab3.obj (.text)
                  00000ec2    00000002     rtsv7M4_T_le_v4SPD16_eabi.lib : startup.obj (.text)
                  00000ec4    00000038     msp432p4xx_driverlib.lib : adc14.o (.text:ADC14_initModule)
                  00000efc    0000002c                              : adc14.o (.text:ADC14_enableConversion)
                  00000f28    0000002c                              : adc14.o (.text:ADC14_setSampleHoldTime)
                  00000f54    00000028                              : adc14.o (.text:ADC14_enableSampleTimer)
                  00000f7c    00000028                              : pcm.o (.text:PCM_gotoLPM0)
                  00000fa4    00000024                              : adc14.o (.text:ADC14_getEnabledInterruptStatus)
                  00000fc8    00000024                              : cs.o (.text:CS_setDCOCenteredFrequency)
                  00000fec    00000020                              : adc14.o (.text:ADC14_clearInterruptFlag)
                  0000100c    00000020                              : adc14.o (.text:ADC14_enableInterrupt)
                  0000102c    00000020                              : adc14.o (.text:ADC14_toggleConversionTrigger)
                  0000104c    0000001c                              : adc14.o (.text:ADC14_getInterruptStatus)
                  00001068    00000018                              : adc14.o (.text:ADC14_getResult)
                  00001080    00000018                              : wdt_a.o (.text:WDT_A_holdTimer)
                  00001098    00000018     rtsv7M4_T_le_v4SPD16_eabi.lib : args_main.obj (.text)
                  000010b0    00000014     msp432p4xx_driverlib.lib : adc14.o (.text:ADCIsConversionRunning)
                  000010c4    00000014                              : ref_a.o (.text:REF_A_setReferenceVoltage)
                  000010d8    00000014     rtsv7M4_T_le_v4SPD16_eabi.lib : _lock.obj (.text)
                  000010ec    00000012     startup_msp432p401r_ccs.obj (.text)
                  000010fe    00000002     --HOLE-- [fill = 0]
                  00001100    00000010     msp432p4xx_driverlib.lib : adc14.o (.text:ADC14_enableModule)
                  00001110    00000010                              : interrupt.o (.text:Interrupt_enableMaster)
                  00001120    00000010                              : ref_a.o (.text:REF_A_enableReferenceVoltage)
                  00001130    00000010                              : ref_a.o (.text:REF_A_enableTempSensor)
                  00001140    0000000e     rtsv7M4_T_le_v4SPD16_eabi.lib : copy_decompress_none.obj (.text:decompress:none)
                  0000114e    0000000c     msp432p4xx_driverlib.lib : cpu.o (.text:CPU_cpsie)
                  0000115a    00000002     --HOLE-- [fill = 0]
                  0000115c    0000000c                              : sysctl.o (.text:SysCtl_getTempCalibrationConstant)
                  00001168    0000000c     rtsv7M4_T_le_v4SPD16_eabi.lib : copy_zero_init.obj (.text:decompress:ZI)
                  00001174    00000004     msp432p4xx_driverlib.lib : cpu.o (.text:CPU_wfi)
                  00001178    00000004     rtsv7M4_T_le_v4SPD16_eabi.lib : pre_init.obj (.text)

.const     0    0000117c    00000215     
                  0000117c    00000098     uart_pc_echo_12mhz_brclk.obj (.const:.string:$P$T5$7)
                  00001214    00000080     msp432p4xx_driverlib.lib : adc14.o (.const:_ctlRegs)
                  00001294    00000040                              : interrupt.o (.const)
                  000012d4    0000003e     uart_pc_echo_12mhz_brclk.obj (.const:.string:$P$T9$11)
                  00001312    00000002     --HOLE-- [fill = 0]
                  00001314    00000024     uart_pc_echo_12mhz_brclk.obj (.const:uartConfig)
                  00001338    00000012     uart_pc_echo_12mhz_brclk.obj (.const:.string:$P$T2$4)
                  0000134a    00000010     uart_pc_echo_12mhz_brclk.obj (.const:.string:$P$T0$2)
                  0000135a    0000000c     uart_pc_echo_12mhz_brclk.obj (.const:.string:$P$T10$12)
                  00001366    0000000a     uart_pc_echo_12mhz_brclk.obj (.const:.string:$P$T6$8)
                  00001370    0000000a     uart_pc_echo_12mhz_brclk.obj (.const:.string:$P$T7$9)
                  0000137a    0000000a     uart_pc_echo_12mhz_brclk.obj (.const:.string:$P$T8$10)
                  00001384    00000006     uart_pc_echo_12mhz_brclk.obj (.const:.string:$P$T3$5)
                  0000138a    00000004     uart_pc_echo_12mhz_brclk.obj (.const:.string:$P$T4$6)
                  0000138e    00000003     uart_pc_echo_12mhz_brclk.obj (.const:.string:$P$T1$3)

.cinit     0    00001398    00000050     
                  00001398    0000002b     (.cinit..data.load) [load image, compression = lzss]
                  000013c3    00000001     --HOLE-- [fill = 0]
                  000013c4    0000000c     (__TI_handler_table)
                  000013d0    00000008     (.cinit..bss.load) [load image, compression = zero_init]
                  000013d8    00000010     (__TI_cinit_table)

.init_array 
*          0    00000000    00000000     UNINITIALIZED

.data      0    20000000    00000035     UNINITIALIZED
                  20000000    00000018     uart_pc_echo_12mhz_brclk.obj (.data:pwmConfig)
                  20000018    0000000c     rtsv7M4_T_le_v4SPD16_eabi.lib : exit.obj (.data:$O1$$)
                  20000024    00000008                                   : _lock.obj (.data:$O1$$)
                  2000002c    00000004                                   : stkdepth_vars.obj (.data)
                  20000030    00000004     system_msp432p401r.obj (.data)
                  20000034    00000001     uart_pc_echo_12mhz_brclk.obj (.data)

.bss       0    20000038    00000008     UNINITIALIZED
                  20000038    00000004     (.common:tempC)
                  2000003c    00000004     (.common:tempF)

.stack     0    2000fe00    00000200     UNINITIALIZED
                  2000fe00    00000200     --HOLE--

MODULE SUMMARY

       Module                         code   ro data   rw data
       ------                         ----   -------   -------
    .\
       uart_pc_echo_12mhz_brclk.obj   1236   339       33     
       system_msp432p401r.obj         808    0         4      
       startup_msp432p401r_ccs.obj    18     320       0      
       challenge_lab3.obj             58     0         0      
    +--+------------------------------+------+---------+---------+
       Total:                         2120   659       37     
                                                              
    C:/Users/monis/Documents/Academics/ESD/msp432_driverlib_3_21_00_05/driverlib/MSP432P4xx/ccs/msp432p4xx_driverlib.lib
       adc14.o                        920    128       0      
       interrupt.o                    116    64        0      
       ref_a.o                        52     0         0      
       pcm.o                          40     0         0      
       cs.o                           36     0         0      
       wdt_a.o                        24     0         0      
       cpu.o                          16     0         0      
       sysctl.o                       12     0         0      
    +--+------------------------------+------+---------+---------+
       Total:                         1216   192       0      
                                                              
    C:\ti\ccsv7\tools\compiler\ti-cgt-arm_16.9.6.LTS\lib\rtsv7M4_T_le_v4SPD16_eabi.lib
       memcpy_t2.obj                  156    0         0      
       memset_t2.obj                  122    0         0      
       autoinit.obj                   112    0         0      
       copy_decompress_lzss.obj       104    0         0      
       exit.obj                       84     0         12     
       boot.obj                       84     0         0      
       cpy_tbl.obj                    76     0         0      
       _lock.obj                      20     0         8      
       args_main.obj                  24     0         0      
       copy_decompress_none.obj       14     0         0      
       copy_zero_init.obj             12     0         0      
       pre_init.obj                   4      0         0      
       stkdepth_vars.obj              0      0         4      
       mpu_init.obj                   2      0         0      
       startup.obj                    2      0         0      
    +--+------------------------------+------+---------+---------+
       Total:                         816    0         24     
                                                              
       Stack:                         0      0         512    
       Linker Generated:              0      79        0      
    +--+------------------------------+------+---------+---------+
       Grand Total:                   4152   930       573    


LINKER GENERATED COPY TABLES

__TI_cinit_table @ 000013d8 records: 2, size/record: 8, table size: 16
	.data: load addr=00001398, load size=0000002b bytes, run addr=20000000, run size=00000035 bytes, compression=lzss
	.bss: load addr=000013d0, load size=00000008 bytes, run addr=20000038, run size=00000008 bytes, compression=zero_init


LINKER GENERATED HANDLER TABLE

__TI_handler_table @ 000013c4 records: 3, size/record: 4, table size: 12
	index: 0, handler: __TI_decompress_lzss
	index: 1, handler: __TI_decompress_none
	index: 2, handler: __TI_zero_init


GLOBAL SYMBOLS: SORTED ALPHABETICALLY BY Name 

address   name                             
-------   ----                             
00000531  ADC14_IRQHandler                 
00000fed  ADC14_clearInterruptFlag         
00000c19  ADC14_configureConversionMemory  
00000e45  ADC14_configureSingleSampleMode  
00000efd  ADC14_enableConversion           
0000100d  ADC14_enableInterrupt            
00001101  ADC14_enableModule               
00000f55  ADC14_enableSampleTimer          
00000fa5  ADC14_getEnabledInterruptStatus  
0000104d  ADC14_getInterruptStatus         
00001069  ADC14_getResult                  
00000ec5  ADC14_initModule                 
00000f29  ADC14_setSampleHoldTime          
0000102d  ADC14_toggleConversionTrigger    
00000da5  C$$EXIT                          
0000114f  CPU_cpsie                        
00001175  CPU_wfi                          
00000fc9  CS_setDCOCenteredFrequency       
0000025f  Display_Dutycycle                
00000291  Display_Temperature              
00000431  EUSCIA0_IRQHandler               
00000ced  Interrupt_enableInterrupt        
00001111  Interrupt_enableMaster           
00000141  LED_toggle                       
00000f7d  PCM_gotoLPM0                     
00001121  REF_A_enableReferenceVoltage     
00001131  REF_A_enableTempSensor           
000010c5  REF_A_setReferenceVoltage        
UNDEFED   SHT$$INIT_ARRAY$$Base            
UNDEFED   SHT$$INIT_ARRAY$$Limit           
0000115d  SysCtl_getTempCalibrationConstant
20000030  SystemCoreClock                  
00000615  SystemCoreClockUpdate            
00000889  SystemInit                       
4000480c  WDTCTL_SYM                       
00001081  WDT_A_holdTimer                  
20010000  __STACK_END                      
00000200  __STACK_SIZE                     
000013d8  __TI_CINIT_Base                  
000013e8  __TI_CINIT_Limit                 
000013c4  __TI_Handler_Table_Base          
000013d0  __TI_Handler_Table_Limit         
00000ba9  __TI_auto_init                   
20000018  __TI_cleanup_ptr                 
00000c85  __TI_decompress_lzss             
00001141  __TI_decompress_none             
2000001c  __TI_dtors_ptr                   
20000020  __TI_enable_exit_profile_output  
ffffffff  __TI_pprof_out_hndl              
ffffffff  __TI_prof_data_size              
ffffffff  __TI_prof_data_start             
00000000  __TI_static_base__               
00001169  __TI_zero_init                   
00000b2d  __aeabi_memclr                   
00000b2d  __aeabi_memclr4                  
00000b2d  __aeabi_memclr8                  
00000a91  __aeabi_memcpy                   
00000a91  __aeabi_memcpy4                  
00000a91  __aeabi_memcpy8                  
00000b2f  __aeabi_memset                   
00000b2f  __aeabi_memset4                  
00000b2f  __aeabi_memset8                  
ffffffff  __binit__                        
ffffffff  __c_args__                       
00000ba7  __mpu_init                       
2000fe00  __stack                          
00001099  _args_main                       
00000d51  _c_int00                         
20000024  _lock                            
000010e7  _nop                             
000010df  _register_lock                   
000010d9  _register_unlock                 
00000ec3  _system_post_cinit               
00001179  _system_pre_init                 
20000028  _unlock                          
00000da9  abort                            
ffffffff  binit                            
00000df9  copy_in                          
00000db1  exit                             
000001a3  getchar                          
00000000  interruptVectors                 
000002ed  main                             
2000002c  main_func_sp                     
00000a91  memcpy                           
00000b35  memset                           
000001b3  my_printf                        
00000e89  operation                        
000001d5  print_number                     
0000018f  putchar                          
20000000  pwmConfig                        
20000038  tempC                            
2000003c  tempF                            
00001314  uartConfig                       


GLOBAL SYMBOLS: SORTED BY Symbol Address 

address   name                             
-------   ----                             
00000000  __TI_static_base__               
00000000  interruptVectors                 
00000141  LED_toggle                       
0000018f  putchar                          
000001a3  getchar                          
000001b3  my_printf                        
000001d5  print_number                     
00000200  __STACK_SIZE                     
0000025f  Display_Dutycycle                
00000291  Display_Temperature              
000002ed  main                             
00000431  EUSCIA0_IRQHandler               
00000531  ADC14_IRQHandler                 
00000615  SystemCoreClockUpdate            
00000889  SystemInit                       
00000a91  __aeabi_memcpy                   
00000a91  __aeabi_memcpy4                  
00000a91  __aeabi_memcpy8                  
00000a91  memcpy                           
00000b2d  __aeabi_memclr                   
00000b2d  __aeabi_memclr4                  
00000b2d  __aeabi_memclr8                  
00000b2f  __aeabi_memset                   
00000b2f  __aeabi_memset4                  
00000b2f  __aeabi_memset8                  
00000b35  memset                           
00000ba7  __mpu_init                       
00000ba9  __TI_auto_init                   
00000c19  ADC14_configureConversionMemory  
00000c85  __TI_decompress_lzss             
00000ced  Interrupt_enableInterrupt        
00000d51  _c_int00                         
00000da5  C$$EXIT                          
00000da9  abort                            
00000db1  exit                             
00000df9  copy_in                          
00000e45  ADC14_configureSingleSampleMode  
00000e89  operation                        
00000ec3  _system_post_cinit               
00000ec5  ADC14_initModule                 
00000efd  ADC14_enableConversion           
00000f29  ADC14_setSampleHoldTime          
00000f55  ADC14_enableSampleTimer          
00000f7d  PCM_gotoLPM0                     
00000fa5  ADC14_getEnabledInterruptStatus  
00000fc9  CS_setDCOCenteredFrequency       
00000fed  ADC14_clearInterruptFlag         
0000100d  ADC14_enableInterrupt            
0000102d  ADC14_toggleConversionTrigger    
0000104d  ADC14_getInterruptStatus         
00001069  ADC14_getResult                  
00001081  WDT_A_holdTimer                  
00001099  _args_main                       
000010c5  REF_A_setReferenceVoltage        
000010d9  _register_unlock                 
000010df  _register_lock                   
000010e7  _nop                             
00001101  ADC14_enableModule               
00001111  Interrupt_enableMaster           
00001121  REF_A_enableReferenceVoltage     
00001131  REF_A_enableTempSensor           
00001141  __TI_decompress_none             
0000114f  CPU_cpsie                        
0000115d  SysCtl_getTempCalibrationConstant
00001169  __TI_zero_init                   
00001175  CPU_wfi                          
00001179  _system_pre_init                 
00001314  uartConfig                       
000013c4  __TI_Handler_Table_Base          
000013d0  __TI_Handler_Table_Limit         
000013d8  __TI_CINIT_Base                  
000013e8  __TI_CINIT_Limit                 
20000000  pwmConfig                        
20000018  __TI_cleanup_ptr                 
2000001c  __TI_dtors_ptr                   
20000020  __TI_enable_exit_profile_output  
20000024  _lock                            
20000028  _unlock                          
2000002c  main_func_sp                     
20000030  SystemCoreClock                  
20000038  tempC                            
2000003c  tempF                            
2000fe00  __stack                          
20010000  __STACK_END                      
4000480c  WDTCTL_SYM                       
ffffffff  __TI_pprof_out_hndl              
ffffffff  __TI_prof_data_size              
ffffffff  __TI_prof_data_start             
ffffffff  __binit__                        
ffffffff  __c_args__                       
ffffffff  binit                            
UNDEFED   SHT$$INIT_ARRAY$$Base            
UNDEFED   SHT$$INIT_ARRAY$$Limit           

[93 symbols]
