
Hexadecimal

Area                               Addr   Size   Decimal Bytes (Attributes)
--------------------------------   ----   ----   ------- ----- ------------
.  .ABS.                           0000   0000 =      0. bytes (ABS,CON)

      Value  Global
   --------  --------------------------------
     0000    l_BIT_BANK
     0000    l_CONST
     0000    l_GSINIT
     0000    l_GSINIT1
     0000    l_GSINIT5
     0000    l_ISEG
     0000    l_PSEG
     0000    l_REG_BANK_1
     0000    l_REG_BANK_2
     0000    l_REG_BANK_3
     0000    l_RSEG
     0000    l_XINIT
     0000    l_XISEG
     0000    l__CODE
     0000    s_BSEG
     0000    s_DSEG
     0000    s_HOME
     0000    s_PSEG
     0000    s_REG_BANK_0
     0000    s_XSEG
     0000    s__CODE
     0001    l_BSEG
     0001    l_BSEG_BYTES
     0003    l_GSFINAL
     0003    l_GSINIT0
     0004    l_OSEG
     0008    l_REG_BANK_0
     0008    s_REG_BANK_1
     000A    l_GSINIT2
     0010    s_REG_BANK_2
     0018    s_REG_BANK_3
     001C    s_OSEG
     0020    s_BSEG_BYTES
     0021    s_BIT_BANK
     0021    s_RSEG
     0021    s_SSEG
     0022    l_GSINIT3
     0026    l_HOME
     0026    s_GSINIT0
     0029    s_GSINIT1
     0029    s_GSINIT2
     002A    l_GSINIT4
     0033    s_GSINIT3
     0055    s_GSINIT4
     007F    s_GSFINAL
     007F    s_GSINIT
     007F    s_GSINIT5
     0080    G$P0$0$0
     0080    G$P0_0$0$0
     0080    _P0
     0080    _P0_0
     0080    l_DSEG
     0080    s_ISEG
     0081    G$P0_1$0$0
     0081    G$SP$0$0
     0081    _P0_1
     0081    _SP
     0082    G$DP0L$0$0
     0082    G$DPL$0$0
     0082    G$P0_2$0$0
     0082    _DP0L
     0082    _DPL
     0082    _P0_2
     0082    s_CSEG
     0083    G$DP0H$0$0
     0083    G$DPH$0$0
     0083    G$P0_3$0$0
     0083    _DP0H
     0083    _DPH
     0083    _P0_3
     0084    G$P0_4$0$0
     0084    _P0_4
     0085    G$P0_5$0$0
     0085    _P0_5
     0086    G$P0_6$0$0
     0086    _P0_6
     0087    G$P0_7$0$0
     0087    G$PCON$0$0
     0087    _P0_7
     0087    _PCON
     0088    G$IT0$0$0
     0088    G$TCON$0$0
     0088    _IT0
     0088    _TCON
     0089    G$IE0$0$0
     0089    G$TMOD$0$0
     0089    _IE0
     0089    _TMOD
     008A    G$IT1$0$0
     008A    G$TL0$0$0
     008A    _IT1
     008A    _TL0
     008B    G$IE1$0$0
     008B    G$TL1$0$0
     008B    _IE1
     008B    _TL1
     008C    G$TH0$0$0
     008C    G$TR0$0$0
     008C    _TH0
     008C    _TR0
     008D    G$TF0$0$0
     008D    G$TH1$0$0
     008D    _TF0
     008D    _TH1
     008E    G$AUXR$0$0
     008E    G$TR1$0$0
     008E    _AUXR
     008E    _TR1
     008F    G$TF1$0$0
     008F    _TF1
     0090    G$P1$0$0
     0090    G$P1_0$0$0
     0090    _P1
     0090    _P1_0
     0091    G$P1_1$0$0
     0091    _P1_1
     0092    G$P1_2$0$0
     0092    _P1_2
     0093    G$P1_3$0$0
     0093    _P1_3
     0094    G$P1_4$0$0
     0094    _P1_4
     0095    G$P1_5$0$0
     0095    _P1_5
     0096    G$P1_6$0$0
     0096    _P1_6
     0097    G$CKRL$0$0
     0097    G$P1_7$0$0
     0097    _CKRL
     0097    _P1_7
     0098    G$RI$0$0
     0098    G$SCON$0$0
     0098    _RI
     0098    _SCON
     0099    G$SBUF$0$0
     0099    G$SBUF0$0$0
     0099    G$TI$0$0
     0099    _SBUF
     0099    _SBUF0
     0099    _TI
     009A    G$BRL$0$0
     009A    G$RB8$0$0
     009A    _BRL
     009A    _RB8
     009B    G$BDRCON$0$0
     009B    G$TB8$0$0
     009B    _BDRCON
     009B    _TB8
     009C    G$KBLS$0$0
     009C    G$REN$0$0
     009C    _KBLS
     009C    _REN
     009D    G$KBE$0$0
     009D    G$SM2$0$0
     009D    _KBE
     009D    _SM2
     009E    G$KBF$0$0
     009E    G$SM1$0$0
     009E    _KBF
     009E    _SM1
     009F    G$SM0$0$0
     009F    _SM0
     00A0    G$P2$0$0
     00A0    G$P2_0$0$0
     00A0    _P2
     00A0    _P2_0
     00A0    __XPAGE
     00A1    G$P2_1$0$0
     00A1    _P2_1
     00A2    G$AUXR1$0$0
     00A2    G$P2_2$0$0
     00A2    _AUXR1
     00A2    _P2_2
     00A3    G$P2_3$0$0
     00A3    _P2_3
     00A4    G$P2_4$0$0
     00A4    _P2_4
     00A5    G$P2_5$0$0
     00A5    _P2_5
     00A6    G$P2_6$0$0
     00A6    G$WDTRST$0$0
     00A6    _P2_6
     00A6    _WDTRST
     00A7    G$P2_7$0$0
     00A7    G$WDTPRG$0$0
     00A7    _P2_7
     00A7    _WDTPRG
     00A8    G$EX0$0$0
     00A8    G$IE$0$0
     00A8    G$IEN0$0$0
     00A8    _EX0
     00A8    _IE
     00A8    _IEN0
     00A9    G$ET0$0$0
     00A9    G$SADDR$0$0
     00A9    _ET0
     00A9    _SADDR
     00AA    G$EX1$0$0
     00AA    _EX1
     00AB    G$ET1$0$0
     00AB    _ET1
     00AC    G$ES$0$0
     00AC    _ES
     00AD    G$ET2$0$0
     00AD    _ET2
     00AE    G$EC$0$0
     00AE    _EC
     00AF    G$EA$0$0
     00AF    _EA
     00B0    G$P3$0$0
     00B0    G$P3_0$0$0
     00B0    G$RXD$0$0
     00B0    G$RXD0$0$0
     00B0    _P3
     00B0    _P3_0
     00B0    _RXD
     00B0    _RXD0
     00B1    G$IEN1$0$0
     00B1    G$P3_1$0$0
     00B1    G$TXD$0$0
     00B1    G$TXD0$0$0
     00B1    _IEN1
     00B1    _P3_1
     00B1    _TXD
     00B1    _TXD0
     00B2    G$INT0$0$0
     00B2    G$IPL1$0$0
     00B2    G$P3_2$0$0
     00B2    _INT0
     00B2    _IPL1
     00B2    _P3_2
     00B3    G$INT1$0$0
     00B3    G$IPH1$0$0
     00B3    G$P3_3$0$0
     00B3    _INT1
     00B3    _IPH1
     00B3    _P3_3
     00B4    G$P3_4$0$0
     00B4    G$T0$0$0
     00B4    _P3_4
     00B4    _T0
     00B5    G$P3_5$0$0
     00B5    G$T1$0$0
     00B5    _P3_5
     00B5    _T1
     00B6    G$P3_6$0$0
     00B6    G$WR$0$0
     00B6    _P3_6
     00B6    _WR
     00B7    G$IPH0$0$0
     00B7    G$P3_7$0$0
     00B7    G$RD$0$0
     00B7    _IPH0
     00B7    _P3_7
     00B7    _RD
     00B8    G$IP$0$0
     00B8    G$IPL0$0$0
     00B8    G$PX0$0$0
     00B8    G$PX0L$0$0
     00B8    _IP
     00B8    _IPL0
     00B8    _PX0
     00B8    _PX0L
     00B9    G$PT0$0$0
     00B9    G$PT0L$0$0
     00B9    G$SADEN$0$0
     00B9    _PT0
     00B9    _PT0L
     00B9    _SADEN
     00BA    G$PX1$0$0
     00BA    G$PX1L$0$0
     00BA    _PX1
     00BA    _PX1L
     00BB    G$PT1$0$0
     00BB    G$PT1L$0$0
     00BB    _PT1
     00BB    _PT1L
     00BC    G$PLS$0$0
     00BC    G$PS$0$0
     00BC    _PLS
     00BC    _PS
     00BD    G$PT2$0$0
     00BD    G$PT2L$0$0
     00BD    _PT2
     00BD    _PT2L
     00BE    G$PPCL$0$0
     00BE    _PPCL
     00C0    G$P4$0$0
     00C0    G$P4_0$0$0
     00C0    _P4
     00C0    _P4_0
     00C1    G$P4_1$0$0
     00C1    _P4_1
     00C2    G$P4_2$0$0
     00C2    _P4_2
     00C3    G$P4_3$0$0
     00C3    G$SPCON$0$0
     00C3    _P4_3
     00C3    _SPCON
     00C4    G$P4_4$0$0
     00C4    G$SPSTA$0$0
     00C4    _P4_4
     00C4    _SPSTA
     00C5    G$P4_5$0$0
     00C5    G$SPDAT$0$0
     00C5    _P4_5
     00C5    _SPDAT
     00C6    G$P4_6$0$0
     00C6    _P4_6
     00C7    G$P4_7$0$0
     00C7    _P4_7
     00C8    G$CP_RL2$0$0
     00C8    G$T2CON$0$0
     00C8    G$T2CON_0$0$0
     00C8    _CP_RL2
     00C8    _T2CON
     00C8    _T2CON_0
     00C9    G$C_T2$0$0
     00C9    G$T2CON_1$0$0
     00C9    G$T2MOD$0$0
     00C9    _C_T2
     00C9    _T2CON_1
     00C9    _T2MOD
     00CA    G$RCAP2L$0$0
     00CA    G$T2CON_2$0$0
     00CA    G$TR2$0$0
     00CA    _RCAP2L
     00CA    _T2CON_2
     00CA    _TR2
     00CB    G$EXEN2$0$0
     00CB    G$RCAP2H$0$0
     00CB    G$T2CON_3$0$0
     00CB    _EXEN2
     00CB    _RCAP2H
     00CB    _T2CON_3
     00CC    G$T2CON_4$0$0
     00CC    G$TCLK$0$0
     00CC    G$TL2$0$0
     00CC    _T2CON_4
     00CC    _TCLK
     00CC    _TL2
     00CD    G$RCLK$0$0
     00CD    G$T2CON_5$0$0
     00CD    G$TH2$0$0
     00CD    _RCLK
     00CD    _T2CON_5
     00CD    _TH2
     00CE    G$EXF2$0$0
     00CE    G$T2CON_6$0$0
     00CE    _EXF2
     00CE    _T2CON_6
     00CF    G$T2CON_7$0$0
     00CF    G$TF2$0$0
     00CF    _T2CON_7
     00CF    _TF2
     00D0    G$P$0$0
     00D0    G$PSW$0$0
     00D0    _P
     00D0    _PSW
     00D1    G$F1$0$0
     00D1    _F1
     00D2    G$EECON$0$0
     00D2    G$OV$0$0
     00D2    _EECON
     00D2    _OV
     00D3    G$RS0$0$0
     00D3    _RS0
     00D4    G$RS1$0$0
     00D4    _RS1
     00D5    G$F0$0$0
     00D5    _F0
     00D6    G$AC$0$0
     00D6    _AC
     00D7    G$CY$0$0
     00D7    _CY
     00D8    G$CCF0$0$0
     00D8    G$CCON$0$0
     00D8    _CCF0
     00D8    _CCON
     00D9    G$CCF1$0$0
     00D9    G$CMOD$0$0
     00D9    _CCF1
     00D9    _CMOD
     00DA    G$CCAPM0$0$0
     00DA    G$CCF2$0$0
     00DA    _CCAPM0
     00DA    _CCF2
     00DB    G$CCAPM1$0$0
     00DB    G$CCF3$0$0
     00DB    _CCAPM1
     00DB    _CCF3
     00DC    G$CCAPM2$0$0
     00DC    G$CCF4$0$0
     00DC    _CCAPM2
     00DC    _CCF4
     00DD    G$CCAPM3$0$0
     00DD    _CCAPM3
     00DE    G$CCAPM4$0$0
     00DE    G$CR$0$0
     00DE    _CCAPM4
     00DE    _CR
     00DF    G$CF$0$0
     00DF    _CF
     00DF    l_SSEG
     00E0    G$ACC$0$0
     00E0    _ACC
     00E8    G$P5$0$0
     00E8    G$P5_0$0$0
     00E8    _P5
     00E8    _P5_0
     00E9    G$CL$0$0
     00E9    G$P5_1$0$0
     00E9    _CL
     00E9    _P5_1
     00EA    G$CCAP0L$0$0
     00EA    G$P5_2$0$0
     00EA    _CCAP0L
     00EA    _P5_2
     00EB    G$CCAP1L$0$0
     00EB    G$P5_3$0$0
     00EB    _CCAP1L
     00EB    _P5_3
     00EC    G$CCAP2L$0$0
     00EC    G$P5_4$0$0
     00EC    _CCAP2L
     00EC    _P5_4
     00ED    G$CCAP3L$0$0
     00ED    G$P5_5$0$0
     00ED    _CCAP3L
     00ED    _P5_5
     00EE    G$CCAP4L$0$0
     00EE    G$P5_6$0$0
     00EE    _CCAP4L
     00EE    _P5_6
     00EF    G$P5_7$0$0
     00EF    _P5_7
     00F0    G$B$0$0
     00F0    G$BREG_F0$0$0
     00F0    _B
     00F0    _BREG_F0
     00F1    G$BREG_F1$0$0
     00F1    _BREG_F1
     00F2    G$BREG_F2$0$0
     00F2    _BREG_F2
     00F3    G$BREG_F3$0$0
     00F3    _BREG_F3
     00F4    G$BREG_F4$0$0
     00F4    _BREG_F4
     00F5    G$BREG_F5$0$0
     00F5    _BREG_F5
     00F6    G$BREG_F6$0$0
     00F6    _BREG_F6
     00F7    G$BREG_F7$0$0
     00F7    _BREG_F7
     00F9    G$CH$0$0
     00F9    _CH
     00FA    G$CCAP0H$0$0
     00FA    _CCAP0H
     00FB    G$CCAP1H$0$0
     00FB    _CCAP1H
     00FC    G$CCAP2H$0$0
     00FC    _CCAP2H
     00FD    G$CCAP3H$0$0
     00FD    _CCAP3H
     00FE    G$CCAP4H$0$0
     00FE    _CCAP4H
     0100    l_IRAM
     048E    l_XSEG
     048E    s_XISEG
     2D9D    l_CSEG
     2E1F    s_CONST
     2E1F    s_XINIT

Hexadecimal

Area                               Addr   Size   Decimal Bytes (Attributes)
--------------------------------   ----   ----   ------- ----- ------------
_CODE                              0000   0000 =      0. bytes (REL,CON)

Hexadecimal

Area                               Addr   Size   Decimal Bytes (Attributes)
--------------------------------   ----   ----   ------- ----- ------------
REG_BANK_0                         0000   0008 =      8. bytes (REL,OVR)

Hexadecimal

Area                               Addr   Size   Decimal Bytes (Attributes)
--------------------------------   ----   ----   ------- ----- ------------
REG_BANK_1                         0008   0000 =      0. bytes (REL,OVR)

Hexadecimal

Area                               Addr   Size   Decimal Bytes (Attributes)
--------------------------------   ----   ----   ------- ----- ------------
REG_BANK_2                         0010   0000 =      0. bytes (REL,OVR)

Hexadecimal

Area                               Addr   Size   Decimal Bytes (Attributes)
--------------------------------   ----   ----   ------- ----- ------------
REG_BANK_3                         0018   0000 =      0. bytes (REL,OVR)

Hexadecimal

Area                               Addr   Size   Decimal Bits  (Attributes)
--------------------------------   ----   ----   ------- ----- ------------
BSEG                               0000   0001 =      1. bits  (REL,CON,BIT)

Hexadecimal

Area                               Addr   Size   Decimal Bytes (Attributes)
--------------------------------   ----   ----   ------- ----- ------------
BSEG_BYTES                         0020   0001 =      1. bytes (REL,CON)

Hexadecimal

Area                               Addr   Size   Decimal Bytes (Attributes)
--------------------------------   ----   ----   ------- ----- ------------
BIT_BANK                           0021   0000 =      0. bytes (REL,OVR)

Hexadecimal

Area                               Addr   Size   Decimal Bytes (Attributes)
--------------------------------   ----   ----   ------- ----- ------------
DSEG                               0000   0080 =    128. bytes (REL,CON)

      Value  Global
   --------  --------------------------------
     0008    Li2c_eeprom_flush$sloc0$1$0
     000A    Llcd_cu_boulder$sloc0$1$0
     000B    Llcd_cu_boulder$sloc1$1$0
     000C    Lprint_number_hex$sloc1$1$0
     0010    Lprint_number$sloc1$1$0
     0014    Lus_delay$sloc0$1$0
     0018    Lus_delay$sloc1$1$0

Hexadecimal

Area                               Addr   Size   Decimal Bytes (Attributes)
--------------------------------   ----   ----   ------- ----- ------------
OSEG                               001C   0004 =      4. bytes (REL,OVR)

      Value  Global
   --------  --------------------------------
     001C    Lms_delay$sloc0$1$0
     001C    __divulong_sloc0_1_0
     001C    __modulong_sloc0_1_0
     001C    _ms_delay_sloc0_1_0

Hexadecimal

Area                               Addr   Size   Decimal Bytes (Attributes)
--------------------------------   ----   ----   ------- ----- ------------
ISEG                               0080   0000 =      0. bytes (REL,CON)

Hexadecimal

Area                               Addr   Size   Decimal Bytes (Attributes)
--------------------------------   ----   ----   ------- ----- ------------
SSEG                               0021   00DF =    223. bytes (REL,OVR)

      Value  Global
   --------  --------------------------------
     0021    __start__stack

Hexadecimal

Area                               Addr   Size   Decimal Bytes (Attributes)
--------------------------------   ----   ----   ------- ----- ------------
RSEG                               0021   0000 =      0. bytes (REL,CON)

Hexadecimal

Area                               Addr   Size   Decimal Bytes (Attributes)
--------------------------------   ----   ----   ------- ----- ------------
PSEG                               0000   0000 =      0. bytes (REL,CON,PAG,XDATA)

Hexadecimal

Area                               Addr   Size   Decimal Bytes (Attributes)
--------------------------------   ----   ----   ------- ----- ------------
XSEG                               0000   048E =   1166. bytes (REL,CON,XDATA)

      Value  Global
   --------  --------------------------------
  0D:0003    Lsda$value$1$1
  0D:0004    Lscl$value$1$1
  0D:0005    Lwrite_byte$data_byte$1$1
  0D:0006    Lread_byte$value$1$1
  0D:0007    Leeprom_write$data_byte$1$1
  0D:0007    _eeprom_write_PARM_2
  0D:0008    Leeprom_write$address$1$1
  0D:000A    Leeprom_write$address_LSB$1$1
  0D:000B    Leeprom_read$address$1$1
  0D:000D    Leeprom_read$address_LSB$1$1
  0D:000E    Li2c_eeprom_flush$i2c_eeprom_flush_txt$1$1
  0D:0026    Llcd_row_shifter$lcd_row_base_address$1$1
  0D:002A    Llcd_ddram_flush$ddram_flush_txt$1$1
  0D:003A    Llcd_cgram_flush$cgram_flush_txt$1$1
  0D:004A    Llcd_go_to_addr$address$1$1
  0D:004B    Llcd_go_to_addr$invalid_address_txt$1$1
  0D:005D    Llcd_go_to_x_y$column$1$1
  0D:005D    _lcd_go_to_x_y_PARM_2
  0D:005E    Llcd_go_to_x_y$row$1$1
  0D:005F    Llcd_go_to_x_y$invalid_row_txt$1$1
  0D:0074    Llcd_go_to_x_y$invalid_column_txt$1$1
  0D:008C    Llcd_go_to_x_y$lcd_row_base_address$1$1
  0D:0090    Llcd_command_write$data_byte$1$1
  0D:0091    Llcd_put_ch$data_byte$1$1
  0D:0092    Llcd_put_str$text_ptr$1$1
  0D:0094    Llcd_custom_character_creation$number_of_custom_characters$1$1
  0D:0095    Llcd_custom_character_creation$Base_query_txt$1$1
  0D:00B5    Llcd_custom_character_creation$character_number_txt$1$1
  0D:00C2    Llcd_custom_character_creation$row_number_txt$1$1
  0D:00C9    Llcd_cu_boulder$cu_boulder_array$1$1
  0D:01A9    Llcd_cu_boulder$array_counter$1$1
  0D:01AD    Llcd_cu_boulder$temp_char$1$1
  0D:01AF    G$lcd_current_column$0$0
  0D:01AF    _lcd_current_column
  0D:01B0    G$lcd_current_row$0$0
  0D:01B0    _lcd_current_row
  0D:01B1    Lmain$Welcome_txt$1$1
  0D:01DE    Lmain$Welcome_lcd_txt$1$1
  0D:01FE    Lmain$Instructions_txt$1$1
  0D:02EC    Lmain$Enter_data_txt$1$1
  0D:02FA    Lmain$Enter_Address_txt$1$1
  0D:030B    Lmain$Write_mode_txt$1$1
  0D:0318    Lmain$Write_complete_txt$1$1
  0D:032A    Lmain$Read_mode_txt$1$1
  0D:0337    Lmain$Data_read_txt$1$1
  0D:0344    Lmain$Read_complete_txt$1$1
  0D:0355    Lmain$LCD_address_jump_txt$1$1
  0D:0368    Lmain$LCD_coordinate_jump_txt$1$1
  0D:0380    Lmain$xcoordinate_txt$1$1
  0D:039C    Lmain$ycoordinate_txt$1$1
  0D:03BB    Lmain$custom_character_txt$1$1
  0D:040E    Lmain$invalid_txt$1$1
  0D:041E    Lmain$invalid_address$1$1
  0D:0430    G$loop$0$0
  0D:0430    _loop
  0D:0431    Lint_to_char$temp$1$1
  0D:0433    Lchar_to_int$temp$1$1
  0D:0434    Lprint_number_hex$display_width$1$1
  0D:0434    _print_number_hex_PARM_2
  0D:0435    Lprint_number_hex$number$1$1
  0D:0439    Lprint_number_hex$temp_ascii_store$1$1
  0D:0443    Lprint_number_hex$counter$1$1
  0D:0444    Lputchar$c$1$1
  0D:0445    Lmy_printf$text_ptr$1$1
  0D:0447    Lprint_number$number$1$1
  0D:044B    Lprint_number$temp_ascii_store$1$1
  0D:0455    Lprint_number$counter$1$1
  0D:0456    Lfetch_number$base$1$1
  0D:0457    Lfetch_number$scanned_digit$1$1
  0D:0458    Lfetch_number$digit_array$1$1
  0D:046C    Lfetch_number$digit_counter$1$1
  0D:046D    Lfetch_number$number$1$1
  0D:046F    Lms_delay$time$1$1
  0D:0473    Lus_delay$time$1$1
  0D:0477    __modulong_PARM_2
  0D:0480    __divulong_PARM_2
  0D:048C    __mulint_PARM_2

Hexadecimal

Area                               Addr   Size   Decimal Bytes (Attributes)
--------------------------------   ----   ----   ------- ----- ------------
XISEG                              048E   0000 =      0. bytes (REL,CON,XDATA)

Hexadecimal

Area                               Addr   Size   Decimal Bytes (Attributes)
--------------------------------   ----   ----   ------- ----- ------------
HOME                               0000   0026 =     38. bytes (REL,CON,CODE)

      Value  Global
   --------  --------------------------------
  0C:0000    A$main$761
  0C:0003    A$main$762
  0C:000B    A$main$764
  0C:0013    A$main$766
  0C:001B    A$main$768
  0C:0023    A$main$770

Hexadecimal

Area                               Addr   Size   Decimal Bytes (Attributes)
--------------------------------   ----   ----   ------- ----- ------------
GSINIT0                            0026   0003 =      3. bytes (REL,CON,CODE)

      Value  Global
   --------  --------------------------------
  0C:0026    __sdcc_gsinit_startup

Hexadecimal

Area                               Addr   Size   Decimal Bytes (Attributes)
--------------------------------   ----   ----   ------- ----- ------------
GSINIT1                            0029   0000 =      0. bytes (REL,CON,CODE)

Hexadecimal

Area                               Addr   Size   Decimal Bytes (Attributes)
--------------------------------   ----   ----   ------- ----- ------------
GSINIT2                            0029   000A =     10. bytes (REL,CON,CODE)

Hexadecimal

Area                               Addr   Size   Decimal Bytes (Attributes)
--------------------------------   ----   ----   ------- ----- ------------
GSINIT3                            0033   0022 =     34. bytes (REL,CON,CODE)

      Value  Global
   --------  --------------------------------
  0C:0033    __mcs51_genXINIT

Hexadecimal

Area                               Addr   Size   Decimal Bytes (Attributes)
--------------------------------   ----   ----   ------- ----- ------------
GSINIT4                            0055   002A =     42. bytes (REL,CON,CODE)

      Value  Global
   --------  --------------------------------
  0C:0055    __mcs51_genRAMCLEAR
  0C:005B    __mcs51_genXRAMCLEAR

Hexadecimal

Area                               Addr   Size   Decimal Bytes (Attributes)
--------------------------------   ----   ----   ------- ----- ------------
GSINIT5                            007F   0000 =      0. bytes (REL,CON,CODE)

Hexadecimal

Area                               Addr   Size   Decimal Bytes (Attributes)
--------------------------------   ----   ----   ------- ----- ------------
GSINIT                             007F   0000 =      0. bytes (REL,CON,CODE)

Hexadecimal

Area                               Addr   Size   Decimal Bytes (Attributes)
--------------------------------   ----   ----   ------- ----- ------------
GSFINAL                            007F   0003 =      3. bytes (REL,CON,CODE)

      Value  Global
   --------  --------------------------------
  0C:007F    A$main$785

Hexadecimal

Area                               Addr   Size   Decimal Bytes (Attributes)
--------------------------------   ----   ----   ------- ----- ------------
CSEG                               0082   2D9D =  11677. bytes (REL,CON,CODE)

      Value  Global
   --------  --------------------------------
  0C:0082    A$i2c$781
  0C:0082    C$i2c.c$14$0$0
  0C:0082    C$i2c.c$16$1$1
  0C:0082    G$i2c_clock_tick$0$0
  0C:0082    _i2c_clock_tick
  0C:0085    A$i2c$782
  0C:0088    A$i2c$786
  0C:0088    C$i2c.c$17$1$1
  0C:008B    A$i2c$793
  0C:008B    C$i2c.c$18$1$1
  0C:008B    C$i2c.c$19$1$1
  0C:008B    XG$i2c_clock_tick$0$0
  0C:008E    A$i2c$808
  0C:008E    C$i2c.c$26$1$1
  0C:008E    G$sda$0$0
  0C:008E    _sda
  0C:0090    A$i2c$809
  0C:0093    A$i2c$810
  0C:0094    A$i2c$814
  0C:0094    C$i2c.c$28$1$1
  0C:0097    A$i2c$815
  0C:0098    A$i2c$816
  0C:0099    A$i2c$821
  0C:009C    A$i2c$828
  0C:009C    C$i2c.c$30$2$2
  0C:009E    A$i2c$830
  0C:00A0    A$i2c$835
  0C:00A0    C$i2c.c$32$1$1
  0C:00A1    A$i2c$838
  0C:00A3    A$i2c$843
  0C:00A3    C$i2c.c$34$2$3
  0C:00A5    A$i2c$851
  0C:00A5    C$i2c.c$37$1$1
  0C:00A5    C$i2c.c$38$1$1
  0C:00A5    XG$sda$0$0
  0C:00A6    A$i2c$865
  0C:00A6    C$i2c.c$45$1$1
  0C:00A6    G$scl$0$0
  0C:00A6    _scl
  0C:00A8    A$i2c$866
  0C:00AB    A$i2c$867
  0C:00AC    A$i2c$871
  0C:00AC    C$i2c.c$47$1$1
  0C:00AF    A$i2c$872
  0C:00B0    A$i2c$873
  0C:00B1    A$i2c$878
  0C:00B4    A$i2c$885
  0C:00B4    C$i2c.c$49$2$2
  0C:00B6    A$i2c$887
  0C:00B8    A$i2c$892
  0C:00B8    C$i2c.c$51$1$1
  0C:00B9    A$i2c$895
  0C:00BB    A$i2c$900
  0C:00BB    C$i2c.c$53$2$3
  0C:00BD    A$i2c$908
  0C:00BD    C$i2c.c$56$1$1
  0C:00BD    C$i2c.c$57$1$1
  0C:00BD    XG$scl$0$0
  0C:00BE    A$i2c$923
  0C:00BE    C$i2c.c$63$1$1
  0C:00BE    C$i2c.c$65$1$1
  0C:00BE    G$acknowledge_check$0$0
  0C:00BE    _acknowledge_check
  0C:00C1    A$i2c$930
  0C:00C1    C$i2c.c$66$1$1
  0C:00C4    A$i2c$938
  0C:00C4    C$i2c.c$67$1$1
  0C:00C4    C$i2c.c$68$1$1
  0C:00C4    XG$acknowledge_check$0$0
  0C:00C5    A$i2c$953
  0C:00C5    C$i2c.c$74$1$1
  0C:00C5    C$i2c.c$76$1$1
  0C:00C5    G$no_acknowledge$0$0
  0C:00C5    _no_acknowledge
  0C:00C8    A$i2c$954
  0C:00CB    A$i2c$958
  0C:00CB    C$i2c.c$77$1$1
  0C:00CE    A$i2c$959
  0C:00D1    A$i2c$963
  0C:00D1    C$i2c.c$78$1$1
  0C:00D4    A$i2c$964
  0C:00D7    A$i2c$968
  0C:00D7    C$i2c.c$79$1$1
  0C:00DA    A$i2c$975
  0C:00DA    C$i2c.c$80$1$1
  0C:00DA    C$i2c.c$81$1$1
  0C:00DA    XG$no_acknowledge$0$0
  0C:00DD    A$i2c$991
  0C:00DD    C$i2c.c$87$1$1
  0C:00DD    C$i2c.c$89$1$1
  0C:00DD    G$start_i2c$0$0
  0C:00DD    _start_i2c
  0C:00E0    A$i2c$992
  0C:00E3    A$i2c$996
  0C:00E3    C$i2c.c$90$1$1
  0C:00E6    A$i2c$997
  0C:00E9    A$i2c$1001
  0C:00E9    C$i2c.c$91$1$1
  0C:00EC    A$i2c$1002
  0C:00EF    A$i2c$1006
  0C:00EF    C$i2c.c$92$1$1
  0C:00F2    A$i2c$1013
  0C:00F2    C$i2c.c$93$1$1
  0C:00F2    C$i2c.c$94$1$1
  0C:00F2    XG$start_i2c$0$0
  0C:00F5    A$i2c$1029
  0C:00F5    C$i2c.c$100$1$1
  0C:00F5    C$i2c.c$102$1$1
  0C:00F5    G$stop_i2c$0$0
  0C:00F5    _stop_i2c
  0C:00F8    A$i2c$1030
  0C:00FB    A$i2c$1034
  0C:00FB    C$i2c.c$103$1$1
  0C:00FE    A$i2c$1035
  0C:0101    A$i2c$1039
  0C:0101    C$i2c.c$104$1$1
  0C:0104    A$i2c$1040
  0C:0107    A$i2c$1044
  0C:0107    C$i2c.c$105$1$1
  0C:010A    A$i2c$1051
  0C:010A    C$i2c.c$106$1$1
  0C:010A    C$i2c.c$107$1$1
  0C:010A    XG$stop_i2c$0$0
  0C:010D    A$i2c$1067
  0C:010D    C$i2c.c$114$1$1
  0C:010D    G$write_byte$0$0
  0C:010D    _write_byte
  0C:010F    A$i2c$1068
  0C:0112    A$i2c$1069
  0C:0113    A$i2c$1073
  0C:0113    C$i2c.c$117$1$1
  0C:0116    A$i2c$1074
  0C:0119    A$i2c$1078
  0C:011B    A$i2c$1082
  0C:011E    A$i2c$1086
  0C:0120    A$i2c$1091
  0C:0120    C$i2c.c$120$2$2
  0C:0123    A$i2c$1092
  0C:0124    A$i2c$1094
  0C:0125    A$i2c$1098
  0C:0128    A$i2c$1103
  0C:0128    C$i2c.c$122$3$3
  0C:012B    A$i2c$1104
  0C:012D    A$i2c$1105
  0C:0130    A$i2c$1106
  0C:0132    A$i2c$1108
  0C:0134    A$i2c$1113
  0C:0134    C$i2c.c$126$3$4
  0C:0137    A$i2c$1114
  0C:0139    A$i2c$1115
  0C:013C    A$i2c$1116
  0C:013E    A$i2c$1121
  0C:013E    C$i2c.c$128$2$2
  0C:0140    A$i2c$1122
  0C:0143    A$i2c$1123
  0C:0145    A$i2c$1127
  0C:0145    C$i2c.c$129$2$2
  0C:0148    A$i2c$1128
  0C:0149    A$i2c$1135
  0C:014B    A$i2c$1136
  0C:014C    A$i2c$1137
  0C:014F    A$i2c$1139
  0C:0150    A$i2c$1144
  0C:0150    C$i2c.c$118$1$1
  0C:0151    A$i2c$1146
  0C:0153    A$i2c$1151
  0C:0153    C$i2c.c$131$1$1
  0C:0156    A$i2c$1158
  0C:0156    C$i2c.c$132$1$1
  0C:0156    C$i2c.c$133$1$1
  0C:0156    XG$write_byte$0$0
  0C:0159    A$i2c$1176
  0C:0159    C$i2c.c$140$1$1
  0C:0159    C$i2c.c$142$1$1
  0C:0159    G$read_byte$0$0
  0C:0159    _read_byte
  0C:015C    A$i2c$1178
  0C:015D    A$i2c$1179
  0C:015E    A$i2c$1183
  0C:015E    C$i2c.c$143$1$1
  0C:0161    A$i2c$1184
  0C:0164    A$i2c$1188
  0C:0166    A$i2c$1192
  0C:0169    A$i2c$1196
  0C:016B    A$i2c$1201
  0C:016B    C$i2c.c$146$2$2
  0C:016E    A$i2c$1202
  0C:0170    A$i2c$1203
  0C:0173    A$i2c$1204
  0C:0175    A$i2c$1208
  0C:0175    C$i2c.c$147$2$2
  0C:0178    A$i2c$1209
  0C:0179    A$i2c$1216
  0C:017B    A$i2c$1217
  0C:017C    A$i2c$1218
  0C:017F    A$i2c$1220
  0C:0180    A$i2c$1226
  0C:0180    C$i2c.c$148$2$2
  0C:0183    A$i2c$1232
  0C:0183    C$i2c.c$150$3$3
  0C:0186    A$i2c$1233
  0C:0187    A$i2c$1234
  0C:0188    A$i2c$1236
  0C:018A    A$i2c$1237
  0C:018B    A$i2c$1239
  0C:018D    A$i2c$1245
  0C:018D    C$i2c.c$154$3$4
  0C:0190    A$i2c$1246
  0C:0191    A$i2c$1247
  0C:0192    A$i2c$1249
  0C:0194    A$i2c$1250
  0C:0195    A$i2c$1255
  0C:0195    C$i2c.c$156$2$2
  0C:0198    A$i2c$1256
  0C:019A    A$i2c$1257
  0C:019D    A$i2c$1258
  0C:019F    A$i2c$1263
  0C:019F    C$i2c.c$144$1$1
  0C:01A0    A$i2c$1265
  0C:01A2    A$i2c$1270
  0C:01A2    C$i2c.c$158$1$1
  0C:01A5    A$i2c$1271
  0C:01A6    A$i2c$1276
  0C:01A6    C$i2c.c$159$1$1
  0C:01A6    XG$read_byte$0$0
  0C:01A8    A$i2c$1278
  0C:01A9    A$i2c$1295
  0C:01A9    C$i2c.c$167$1$1
  0C:01A9    G$eeprom_write$0$0
  0C:01A9    _eeprom_write
  0C:01AB    A$i2c$1296
  0C:01AD    A$i2c$1297
  0C:01B0    A$i2c$1298
  0C:01B1    A$i2c$1299
  0C:01B2    A$i2c$1300
  0C:01B3    A$i2c$1301
  0C:01B4    A$i2c$1305
  0C:01B4    C$i2c.c$170$1$1
  0C:01B7    A$i2c$1306
  0C:01B8    A$i2c$1307
  0C:01B9    A$i2c$1308
  0C:01BA    A$i2c$1309
  0C:01BB    A$i2c$1310
  0C:01BC    A$i2c$1312
  0C:01BF    A$i2c$1313
  0C:01C0    A$i2c$1314
  0C:01C1    A$i2c$1320
  0C:01C1    C$i2c.c$171$1$1
  0C:01C2    A$i2c$1321
  0C:01C4    A$i2c$1322
  0C:01C5    A$i2c$1323
  0C:01C6    A$i2c$1324
  0C:01C7    A$i2c$1325
  0C:01C8    A$i2c$1326
  0C:01C9    A$i2c$1327
  0C:01CB    A$i2c$1328
  0C:01CC    A$i2c$1330
  0C:01CF    A$i2c$1331
  0C:01D0    A$i2c$1332
  0C:01D1    A$i2c$1333
  0C:01D2    A$i2c$1334
  0C:01D3    A$i2c$1335
  0C:01D4    A$i2c$1339
  0C:01D4    C$i2c.c$172$1$1
  0C:01D7    A$i2c$1340
  0C:01D8    A$i2c$1341
  0C:01D9    A$i2c$1342
  0C:01DA    A$i2c$1343
  0C:01DB    A$i2c$1344
  0C:01DC    A$i2c$1349
  0C:01DC    C$i2c.c$173$1$1
  0C:01DE    A$i2c$1350
  0C:01DF    A$i2c$1358
  0C:01DF    C$i2c.c$174$1$1
  0C:01DF    C$i2c.c$175$1$1
  0C:01E1    A$i2c$1359
  0C:01E2    A$i2c$1363
  0C:01E2    C$i2c.c$176$1$1
  0C:01E4    A$i2c$1364
  0C:01E7    A$i2c$1365
  0C:01E9    A$i2c$1369
  0C:01E9    C$i2c.c$177$1$1
  0C:01EB    A$i2c$1370
  0C:01EE    A$i2c$1374
  0C:01EE    C$i2c.c$178$1$1
  0C:01F1    A$i2c$1378
  0C:01F1    C$i2c.c$179$1$1
  0C:01F4    A$i2c$1379
  0C:01F5    A$i2c$1381
  0C:01F6    A$i2c$1383
  0C:01F8    A$i2c$1384
  0C:01FB    A$i2c$1388
  0C:01FB    C$i2c.c$180$1$1
  0C:01FE    A$i2c$1392
  0C:01FE    C$i2c.c$181$1$1
  0C:0201    A$i2c$1393
  0C:0202    A$i2c$1395
  0C:0203    A$i2c$1397
  0C:0205    A$i2c$1398
  0C:0208    A$i2c$1402
  0C:0208    C$i2c.c$182$1$1
  0C:020B    A$i2c$1412
  0C:020B    C$i2c.c$183$1$1
  0C:020B    C$i2c.c$184$1$1
  0C:020B    C$i2c.c$185$1$1
  0C:020B    XG$eeprom_write$0$0
  0C:020E    A$i2c$1430
  0C:020E    C$i2c.c$193$1$1
  0C:020E    G$eeprom_read$0$0
  0C:020E    _eeprom_read
  0C:0210    A$i2c$1431
  0C:0212    A$i2c$1432
  0C:0215    A$i2c$1433
  0C:0216    A$i2c$1434
  0C:0217    A$i2c$1435
  0C:0218    A$i2c$1436
  0C:0219    A$i2c$1440
  0C:0219    C$i2c.c$196$1$1
  0C:021C    A$i2c$1441
  0C:021D    A$i2c$1442
  0C:021E    A$i2c$1443
  0C:021F    A$i2c$1444
  0C:0220    A$i2c$1445
  0C:0221    A$i2c$1447
  0C:0224    A$i2c$1448
  0C:0225    A$i2c$1449
  0C:0226    A$i2c$1455
  0C:0226    C$i2c.c$197$1$1
  0C:0227    A$i2c$1456
  0C:0229    A$i2c$1457
  0C:022A    A$i2c$1458
  0C:022B    A$i2c$1459
  0C:022C    A$i2c$1460
  0C:022D    A$i2c$1461
  0C:022E    A$i2c$1462
  0C:0230    A$i2c$1463
  0C:0231    A$i2c$1465
  0C:0234    A$i2c$1466
  0C:0235    A$i2c$1467
  0C:0236    A$i2c$1468
  0C:0237    A$i2c$1469
  0C:0238    A$i2c$1470
  0C:0239    A$i2c$1474
  0C:0239    C$i2c.c$198$1$1
  0C:023C    A$i2c$1475
  0C:023D    A$i2c$1476
  0C:023E    A$i2c$1477
  0C:023F    A$i2c$1478
  0C:0240    A$i2c$1479
  0C:0241    A$i2c$1484
  0C:0241    C$i2c.c$199$1$1
  0C:0243    A$i2c$1485
  0C:0244    A$i2c$1493
  0C:0244    C$i2c.c$200$1$1
  0C:0244    C$i2c.c$201$1$1
  0C:0246    A$i2c$1494
  0C:0247    A$i2c$1498
  0C:0247    C$i2c.c$202$1$1
  0C:0249    A$i2c$1499
  0C:024C    A$i2c$1500
  0C:024E    A$i2c$1504
  0C:024E    C$i2c.c$203$1$1
  0C:0250    A$i2c$1505
  0C:0252    A$i2c$1506
  0C:0255    A$i2c$1507
  0C:0257    A$i2c$1511
  0C:0257    C$i2c.c$204$1$1
  0C:0259    A$i2c$1512
  0C:025C    A$i2c$1513
  0C:025E    A$i2c$1517
  0C:025E    C$i2c.c$205$1$1
  0C:0261    A$i2c$1518
  0C:0262    A$i2c$1520
  0C:0263    A$i2c$1522
  0C:0265    A$i2c$1523
  0C:0267    A$i2c$1524
  0C:026A    A$i2c$1525
  0C:026C    A$i2c$1529
  0C:026C    C$i2c.c$206$1$1
  0C:026E    A$i2c$1530
  0C:0271    A$i2c$1531
  0C:0273    A$i2c$1535
  0C:0273    C$i2c.c$207$1$1
  0C:0276    A$i2c$1539
  0C:0276    C$i2c.c$208$1$1
  0C:0278    A$i2c$1540
  0C:027B    A$i2c$1541
  0C:027D    A$i2c$1545
  0C:027D    C$i2c.c$209$1$1
  0C:027F    A$i2c$1546
  0C:0282    A$i2c$1550
  0C:0282    C$i2c.c$210$1$1
  0C:0285    A$i2c$1554
  0C:0285    C$i2c.c$211$1$1
  0C:0288    A$i2c$1555
  0C:028A    A$i2c$1559
  0C:028A    C$i2c.c$212$1$1
  0C:028C    A$i2c$1560
  0C:028F    A$i2c$1561
  0C:0291    A$i2c$1565
  0C:0291    C$i2c.c$213$1$1
  0C:0293    A$i2c$1566
  0C:0296    A$i2c$1567
  0C:0298    A$i2c$1571
  0C:0298    C$i2c.c$214$1$1
  0C:029A    A$i2c$1575
  0C:029A    C$i2c.c$215$1$1
  0C:029A    XG$eeprom_read$0$0
  0C:029B    A$i2c$1598
  0C:029B    C$i2c.c$221$1$1
  0C:029B    C$i2c.c$223$1$1
  0C:029B    G$i2c_eeprom_flush$0$0
  0C:029B    _i2c_eeprom_flush
  0C:029E    A$i2c$1599
  0C:02A0    A$i2c$1600
  0C:02A1    A$i2c$1603
  0C:02A4    A$i2c$1604
  0C:02A6    A$i2c$1605
  0C:02A7    A$i2c$1608
  0C:02AA    A$i2c$1609
  0C:02AC    A$i2c$1610
  0C:02AD    A$i2c$1613
  0C:02B0    A$i2c$1614
  0C:02B2    A$i2c$1615
  0C:02B3    A$i2c$1618
  0C:02B6    A$i2c$1619
  0C:02B8    A$i2c$1620
  0C:02B9    A$i2c$1623
  0C:02BC    A$i2c$1624
  0C:02BE    A$i2c$1625
  0C:02BF    A$i2c$1628
  0C:02C2    A$i2c$1629
  0C:02C4    A$i2c$1630
  0C:02C5    A$i2c$1633
  0C:02C8    A$i2c$1634
  0C:02CA    A$i2c$1635
  0C:02CB    A$i2c$1638
  0C:02CE    A$i2c$1639
  0C:02D0    A$i2c$1640
  0C:02D1    A$i2c$1643
  0C:02D4    A$i2c$1644
  0C:02D6    A$i2c$1645
  0C:02D7    A$i2c$1648
  0C:02DA    A$i2c$1649
  0C:02DC    A$i2c$1650
  0C:02DD    A$i2c$1653
  0C:02E0    A$i2c$1654
  0C:02E2    A$i2c$1655
  0C:02E3    A$i2c$1658
  0C:02E6    A$i2c$1659
  0C:02E8    A$i2c$1660
  0C:02E9    A$i2c$1663
  0C:02EC    A$i2c$1664
  0C:02EE    A$i2c$1665
  0C:02EF    A$i2c$1668
  0C:02F2    A$i2c$1669
  0C:02F4    A$i2c$1670
  0C:02F5    A$i2c$1673
  0C:02F8    A$i2c$1674
  0C:02FA    A$i2c$1675
  0C:02FB    A$i2c$1678
  0C:02FE    A$i2c$1679
  0C:0300    A$i2c$1680
  0C:0301    A$i2c$1683
  0C:0304    A$i2c$1684
  0C:0306    A$i2c$1685
  0C:0307    A$i2c$1688
  0C:030A    A$i2c$1689
  0C:030C    A$i2c$1690
  0C:030D    A$i2c$1693
  0C:0310    A$i2c$1694
  0C:0312    A$i2c$1695
  0C:0313    A$i2c$1698
  0C:0316    A$i2c$1700
  0C:0317    A$i2c$1701
  0C:0318    A$i2c$1706
  0C:0318    C$i2c.c$226$1$1
  0C:031B    A$i2c$1707
  0C:031E    A$i2c$1711
  0C:0320    A$i2c$1712
  0C:0322    A$i2c$1714
  0C:0324    A$i2c$1718
  0C:0327    A$i2c$1721
  0C:0329    A$i2c$1722
  0C:032C    A$i2c$1727
  0C:032C    C$i2c.c$229$2$2
  0C:032F    A$i2c$1728
  0C:0331    A$i2c$1729
  0C:0333    A$i2c$1730
  0C:0335    A$i2c$1731
  0C:0338    A$i2c$1732
  0C:033A    A$i2c$1733
  0C:033C    A$i2c$1734
  0C:033E    A$i2c$1738
  0C:033E    C$i2c.c$230$2$2
  0C:0341    A$i2c$1739
  0C:0343    A$i2c$1740
  0C:0345    A$i2c$1741
  0C:0347    A$i2c$1742
  0C:034A    A$i2c$1743
  0C:034C    A$i2c$1744
  0C:034E    A$i2c$1745
  0C:0350    A$i2c$1749
  0C:0350    C$i2c.c$231$2$2
  0C:0352    A$i2c$1750
  0C:0354    A$i2c$1751
  0C:0356    A$i2c$1752
  0C:0358    A$i2c$1754
  0C:035B    A$i2c$1755
  0C:035D    A$i2c$1756
  0C:035E    A$i2c$1758
  0C:0360    A$i2c$1759
  0C:0362    A$i2c$1760
  0C:0364    A$i2c$1761
  0C:0365    A$i2c$1762
  0C:0367    A$i2c$1763
  0C:0369    A$i2c$1764
  0C:036B    A$i2c$1765
  0C:036E    A$i2c$1766
  0C:0370    A$i2c$1767
  0C:0372    A$i2c$1768
  0C:0374    A$i2c$1772
  0C:0374    C$i2c.c$232$2$2
  0C:0377    A$i2c$1773
  0C:0379    A$i2c$1774
  0C:037B    A$i2c$1775
  0C:037D    A$i2c$1776
  0C:0380    A$i2c$1777
  0C:0382    A$i2c$1778
  0C:0384    A$i2c$1779
  0C:0386    A$i2c$1783
  0C:0386    C$i2c.c$233$3$3
  0C:0388    A$i2c$1784
  0C:038A    A$i2c$1786
  0C:038C    A$i2c$1790
  0C:038F    A$i2c$1794
  0C:0391    A$i2c$1799
  0C:0391    C$i2c.c$235$1$1
  0C:0393    A$i2c$1801
  0C:0396    A$i2c$1802
  0C:0398    A$i2c$1803
  0C:039A    A$i2c$1804
  0C:039C    A$i2c$1805
  0C:039E    A$i2c$1806
  0C:03A1    A$i2c$1807
  0C:03A3    A$i2c$1808
  0C:03A5    A$i2c$1809
  0C:03A7    A$i2c$1810
  0C:03A9    A$i2c$1814
  0C:03A9    C$i2c.c$236$3$3
  0C:03AB    A$i2c$1815
  0C:03AD    A$i2c$1818
  0C:03AE    A$i2c$1819
  0C:03B0    A$i2c$1820
  0C:03B1    A$i2c$1822
  0C:03B2    A$i2c$1823
  0C:03B4    A$i2c$1824
  0C:03B5    A$i2c$1826
  0C:03B7    A$i2c$1827
  0C:03B9    A$i2c$1828
  0C:03BB    A$i2c$1829
  0C:03BD    A$i2c$1830
  0C:03BF    A$i2c$1831
  0C:03C1    A$i2c$1832
  0C:03C4    A$i2c$1833
  0C:03C6    A$i2c$1834
  0C:03C8    A$i2c$1835
  0C:03CA    A$i2c$1836
  0C:03CC    A$i2c$1837
  0C:03CE    A$i2c$1841
  0C:03CE    C$i2c.c$237$3$3
  0C:03D0    A$i2c$1842
  0C:03D2    A$i2c$1843
  0C:03D4    A$i2c$1845
  0C:03D7    A$i2c$1846
  0C:03D9    A$i2c$1847
  0C:03DA    A$i2c$1849
  0C:03DC    A$i2c$1850
  0C:03DE    A$i2c$1851
  0C:03E0    A$i2c$1852
  0C:03E1    A$i2c$1853
  0C:03E3    A$i2c$1854
  0C:03E5    A$i2c$1855
  0C:03E7    A$i2c$1856
  0C:03E9    A$i2c$1857
  0C:03EC    A$i2c$1858
  0C:03EE    A$i2c$1859
  0C:03F0    A$i2c$1860
  0C:03F2    A$i2c$1861
  0C:03F4    A$i2c$1866
  0C:03F4    C$i2c.c$233$2$2
  0C:03F5    A$i2c$1868
  0C:03F7    A$i2c$1870
  0C:03F9    A$i2c$1876
  0C:03F9    C$i2c.c$239$2$2
  0C:03FB    A$i2c$1878
  0C:03FC    A$i2c$1879
  0C:03FD    A$i2c$1881
  0C:03FE    A$i2c$1883
  0C:03FF    A$i2c$1884
  0C:0400    A$i2c$1889
  0C:0400    C$i2c.c$227$1$1
  0C:0401    A$i2c$1890
  0C:0404    A$i2c$1898
  0C:0404    C$i2c.c$241$1$1
  0C:0404    C$i2c.c$242$1$1
  0C:0404    XG$i2c_eeprom_flush$0$0
  0C:0405    A$i2c$1914
  0C:0405    C$i2c.c$248$1$1
  0C:0405    C$i2c.c$251$1$1
  0C:0405    G$eeprom_reset$0$0
  0C:0405    _eeprom_reset
  0C:0408    A$i2c$1918
  0C:0408    C$i2c.c$252$1$1
  0C:040A    A$i2c$1923
  0C:040A    C$i2c.c$254$2$2
  0C:040D    A$i2c$1924
  0C:040F    A$i2c$1925
  0C:0412    A$i2c$1926
  0C:0414    A$i2c$1930
  0C:0414    C$i2c.c$255$2$2
  0C:0416    A$i2c$1931
  0C:0419    A$i2c$1932
  0C:041B    A$i2c$1936
  0C:041D    A$i2c$1950
  0C:041D    C$i2c.c$252$2$2
  0C:041D    C$i2c.c$257$1$1
  0C:041D    C$i2c.c$258$1$1
  0C:041D    C$i2c.c$259$1$1
  0C:041D    XG$eeprom_reset$0$0
  0C:0420    A$lcd$778
  0C:0420    C$lcd.c$15$0$0
  0C:0420    C$lcd.c$17$1$1
  0C:0420    G$lcd_init$0$0
  0C:0420    _lcd_init
  0C:0423    A$lcd$779
  0C:0424    A$lcd$780
  0C:0426    A$lcd$781
  0C:0429    A$lcd$786
  0C:0429    C$lcd.c$18$1$1
  0C:042C    A$lcd$789
  0C:042E    A$lcd$790
  0C:042F    A$lcd$797
  0C:042F    C$lcd.c$19$1$1
  0C:0432    A$lcd$798
  0C:0433    A$lcd$799
  0C:0435    A$lcd$800
  0C:0438    A$lcd$805
  0C:0438    C$lcd.c$20$1$1
  0C:043B    A$lcd$808
  0C:043D    A$lcd$809
  0C:043E    A$lcd$816
  0C:043E    C$lcd.c$21$1$1
  0C:0441    A$lcd$817
  0C:0442    A$lcd$818
  0C:0444    A$lcd$819
  0C:0447    A$lcd$824
  0C:0447    C$lcd.c$22$1$1
  0C:044A    A$lcd$827
  0C:044C    A$lcd$828
  0C:044D    A$lcd$832
  0C:044D    C$lcd.c$23$1$1
  0C:0450    A$lcd$833
  0C:0453    A$lcd$837
  0C:0453    C$lcd.c$24$1$1
  0C:0456    A$lcd$838
  0C:0459    A$lcd$842
  0C:0459    C$lcd.c$25$1$1
  0C:045C    A$lcd$843
  0C:045F    A$lcd$847
  0C:045F    C$lcd.c$26$1$1
  0C:0462    A$lcd$848
  0C:0465    A$lcd$852
  0C:0465    C$lcd.c$27$1$1
  0C:0468    A$lcd$859
  0C:0468    C$lcd.c$28$1$1
  0C:0468    C$lcd.c$29$1$1
  0C:0468    XG$lcd_init$0$0
  0C:046B    A$lcd$877
  0C:046B    C$lcd.c$35$1$1
  0C:046B    C$lcd.c$37$1$1
  0C:046B    G$lcd_row_shifter$0$0
  0C:046B    _lcd_row_shifter
  0C:046E    A$lcd$878
  0C:0470    A$lcd$879
  0C:0471    A$lcd$882
  0C:0474    A$lcd$883
  0C:0476    A$lcd$884
  0C:0477    A$lcd$887
  0C:047A    A$lcd$888
  0C:047C    A$lcd$889
  0C:047D    A$lcd$892
  0C:0480    A$lcd$893
  0C:0482    A$lcd$894
  0C:0483    A$lcd$898
  0C:0483    C$lcd.c$38$1$1
  0C:0486    A$lcd$899
  0C:0487    A$lcd$900
  0C:0488    A$lcd$903
  0C:048B    A$lcd$908
  0C:048D    A$lcd$913
  0C:048D    C$lcd.c$40$2$2
  0C:0490    A$lcd$915
  0C:0491    A$lcd$916
  0C:0492    A$lcd$918
  0C:0494    A$lcd$923
  0C:0494    C$lcd.c$44$2$3
  0C:0497    A$lcd$925
  0C:0499    A$lcd$927
  0C:049A    A$lcd$928
  0C:049B    A$lcd$933
  0C:049B    C$lcd.c$46$1$1
  0C:049E    A$lcd$934
  0C:049F    A$lcd$936
  0C:04A0    A$lcd$938
  0C:04A2    A$lcd$939
  0C:04A4    A$lcd$941
  0C:04A5    A$lcd$942
  0C:04A7    A$lcd$943
  0C:04A9    A$lcd$946
  0C:04AA    A$lcd$948
  0C:04AB    A$lcd$950
  0C:04AD    A$lcd$957
  0C:04AD    C$lcd.c$47$1$1
  0C:04AD    C$lcd.c$48$1$1
  0C:04AD    XG$lcd_row_shifter$0$0
  0C:04B0    A$lcd$976
  0C:04B0    C$lcd.c$54$1$1
  0C:04B0    C$lcd.c$56$1$1
  0C:04B0    G$lcd_busy_wait$0$0
  0C:04B0    _lcd_busy_wait
  0C:04B3    A$lcd$977
  0C:04B4    A$lcd$979
  0C:04B5    A$lcd$983
  0C:04B8    A$lcd$991
  0C:04B8    C$lcd.c$57$1$1
  0C:04B8    C$lcd.c$58$1$1
  0C:04B8    XG$lcd_busy_wait$0$0
  0C:04B9    A$lcd$1013
  0C:04B9    C$lcd.c$64$1$1
  0C:04B9    C$lcd.c$66$1$1
  0C:04B9    G$lcd_ddram_flush$0$0
  0C:04B9    _lcd_ddram_flush
  0C:04BC    A$lcd$1014
  0C:04BE    A$lcd$1015
  0C:04BF    A$lcd$1018
  0C:04C2    A$lcd$1019
  0C:04C4    A$lcd$1020
  0C:04C5    A$lcd$1023
  0C:04C8    A$lcd$1024
  0C:04CA    A$lcd$1025
  0C:04CB    A$lcd$1028
  0C:04CE    A$lcd$1029
  0C:04D0    A$lcd$1030
  0C:04D1    A$lcd$1033
  0C:04D4    A$lcd$1034
  0C:04D6    A$lcd$1035
  0C:04D7    A$lcd$1038
  0C:04DA    A$lcd$1039
  0C:04DC    A$lcd$1040
  0C:04DD    A$lcd$1043
  0C:04E0    A$lcd$1044
  0C:04E2    A$lcd$1045
  0C:04E3    A$lcd$1048
  0C:04E6    A$lcd$1049
  0C:04E8    A$lcd$1050
  0C:04E9    A$lcd$1053
  0C:04EC    A$lcd$1054
  0C:04EE    A$lcd$1055
  0C:04EF    A$lcd$1058
  0C:04F2    A$lcd$1059
  0C:04F4    A$lcd$1060
  0C:04F5    A$lcd$1063
  0C:04F8    A$lcd$1064
  0C:04FA    A$lcd$1065
  0C:04FB    A$lcd$1068
  0C:04FE    A$lcd$1069
  0C:0500    A$lcd$1070
  0C:0501    A$lcd$1073
  0C:0504    A$lcd$1074
  0C:0506    A$lcd$1075
  0C:0507    A$lcd$1078
  0C:050A    A$lcd$1079
  0C:050C    A$lcd$1080
  0C:050D    A$lcd$1083
  0C:0510    A$lcd$1084
  0C:0512    A$lcd$1085
  0C:0513    A$lcd$1088
  0C:0516    A$lcd$1090
  0C:0517    A$lcd$1091
  0C:0518    A$lcd$1095
  0C:0518    C$lcd.c$70$1$1
  0C:051B    A$lcd$1096
  0C:051E    A$lcd$1101
  0C:051E    C$lcd.c$71$1$1
  0C:0521    A$lcd$1102
  0C:0524    A$lcd$1106
  0C:0526    A$lcd$1107
  0C:0528    A$lcd$1109
  0C:052A    A$lcd$1113
  0C:052D    A$lcd$1116
  0C:052F    A$lcd$1117
  0C:0532    A$lcd$1122
  0C:0532    C$lcd.c$74$2$2
  0C:0535    A$lcd$1123
  0C:0537    A$lcd$1124
  0C:0539    A$lcd$1125
  0C:053B    A$lcd$1126
  0C:053E    A$lcd$1127
  0C:0540    A$lcd$1128
  0C:0542    A$lcd$1129
  0C:0544    A$lcd$1133
  0C:0544    C$lcd.c$75$2$2
  0C:0547    A$lcd$1134
  0C:0549    A$lcd$1135
  0C:054B    A$lcd$1136
  0C:054D    A$lcd$1137
  0C:0550    A$lcd$1138
  0C:0552    A$lcd$1139
  0C:0554    A$lcd$1140
  0C:0556    A$lcd$1144
  0C:0556    C$lcd.c$76$2$2
  0C:0558    A$lcd$1145
  0C:055A    A$lcd$1146
  0C:055C    A$lcd$1147
  0C:055E    A$lcd$1149
  0C:0561    A$lcd$1150
  0C:0563    A$lcd$1151
  0C:0564    A$lcd$1153
  0C:0566    A$lcd$1154
  0C:0568    A$lcd$1155
  0C:056A    A$lcd$1156
  0C:056B    A$lcd$1157
  0C:056D    A$lcd$1158
  0C:056F    A$lcd$1159
  0C:0571    A$lcd$1160
  0C:0574    A$lcd$1161
  0C:0576    A$lcd$1162
  0C:0578    A$lcd$1163
  0C:057A    A$lcd$1167
  0C:057A    C$lcd.c$77$2$2
  0C:057D    A$lcd$1168
  0C:057F    A$lcd$1169
  0C:0581    A$lcd$1170
  0C:0583    A$lcd$1171
  0C:0586    A$lcd$1172
  0C:0588    A$lcd$1173
  0C:058A    A$lcd$1174
  0C:058C    A$lcd$1178
  0C:058C    C$lcd.c$78$1$1
  0C:058E    A$lcd$1182
  0C:0591    A$lcd$1186
  0C:0593    A$lcd$1191
  0C:0593    C$lcd.c$80$3$3
  0C:0596    A$lcd$1192
  0C:0598    A$lcd$1193
  0C:059A    A$lcd$1194
  0C:059C    A$lcd$1195
  0C:059E    A$lcd$1196
  0C:05A1    A$lcd$1197
  0C:05A3    A$lcd$1198
  0C:05A5    A$lcd$1199
  0C:05A7    A$lcd$1200
  0C:05A9    A$lcd$1206
  0C:05A9    C$lcd.c$81$3$3
  0C:05AC    A$lcd$1207
  0C:05AD    A$lcd$1208
  0C:05AE    A$lcd$1212
  0C:05AE    C$lcd.c$82$3$3
  0C:05B0    A$lcd$1213
  0C:05B2    A$lcd$1214
  0C:05B4    A$lcd$1216
  0C:05B7    A$lcd$1217
  0C:05B9    A$lcd$1218
  0C:05BA    A$lcd$1220
  0C:05BC    A$lcd$1221
  0C:05BE    A$lcd$1222
  0C:05C0    A$lcd$1223
  0C:05C1    A$lcd$1224
  0C:05C3    A$lcd$1225
  0C:05C5    A$lcd$1226
  0C:05C7    A$lcd$1227
  0C:05C9    A$lcd$1228
  0C:05CC    A$lcd$1229
  0C:05CE    A$lcd$1230
  0C:05D0    A$lcd$1231
  0C:05D2    A$lcd$1232
  0C:05D4    A$lcd$1237
  0C:05D4    C$lcd.c$78$2$2
  0C:05D5    A$lcd$1239
  0C:05D7    A$lcd$1245
  0C:05D7    C$lcd.c$84$2$2
  0C:05D9    A$lcd$1247
  0C:05DA    A$lcd$1248
  0C:05DB    A$lcd$1250
  0C:05DC    A$lcd$1252
  0C:05DD    A$lcd$1253
  0C:05DE    A$lcd$1258
  0C:05DE    C$lcd.c$72$1$1
  0C:05DF    A$lcd$1259
  0C:05E2    A$lcd$1264
  0C:05E2    C$lcd.c$86$1$1
  0C:05E5    A$lcd$1265
  0C:05E6    A$lcd$1266
  0C:05E7    A$lcd$1268
  0C:05EA    A$lcd$1269
  0C:05EB    A$lcd$1271
  0C:05EC    A$lcd$1272
  0C:05EF    A$lcd$1274
  0C:05F0    A$lcd$1276
  0C:05F2    A$lcd$1283
  0C:05F2    C$lcd.c$87$1$1
  0C:05F2    C$lcd.c$88$1$1
  0C:05F2    XG$lcd_ddram_flush$0$0
  0C:05F5    A$lcd$1306
  0C:05F5    C$lcd.c$94$1$1
  0C:05F5    C$lcd.c$96$1$1
  0C:05F5    G$lcd_cgram_flush$0$0
  0C:05F5    _lcd_cgram_flush
  0C:05F8    A$lcd$1307
  0C:05FA    A$lcd$1308
  0C:05FB    A$lcd$1311
  0C:05FE    A$lcd$1312
  0C:0600    A$lcd$1313
  0C:0601    A$lcd$1316
  0C:0604    A$lcd$1317
  0C:0606    A$lcd$1318
  0C:0607    A$lcd$1321
  0C:060A    A$lcd$1322
  0C:060C    A$lcd$1323
  0C:060D    A$lcd$1326
  0C:0610    A$lcd$1327
  0C:0612    A$lcd$1328
  0C:0613    A$lcd$1331
  0C:0616    A$lcd$1332
  0C:0618    A$lcd$1333
  0C:0619    A$lcd$1336
  0C:061C    A$lcd$1337
  0C:061E    A$lcd$1338
  0C:061F    A$lcd$1341
  0C:0622    A$lcd$1342
  0C:0624    A$lcd$1343
  0C:0625    A$lcd$1346
  0C:0628    A$lcd$1347
  0C:062A    A$lcd$1348
  0C:062B    A$lcd$1351
  0C:062E    A$lcd$1352
  0C:0630    A$lcd$1353
  0C:0631    A$lcd$1356
  0C:0634    A$lcd$1357
  0C:0636    A$lcd$1358
  0C:0637    A$lcd$1361
  0C:063A    A$lcd$1362
  0C:063C    A$lcd$1363
  0C:063D    A$lcd$1366
  0C:0640    A$lcd$1367
  0C:0642    A$lcd$1368
  0C:0643    A$lcd$1371
  0C:0646    A$lcd$1372
  0C:0648    A$lcd$1373
  0C:0649    A$lcd$1376
  0C:064C    A$lcd$1377
  0C:064E    A$lcd$1378
  0C:064F    A$lcd$1381
  0C:0652    A$lcd$1383
  0C:0653    A$lcd$1384
  0C:0654    A$lcd$1388
  0C:0654    C$lcd.c$101$1$1
  0C:0657    A$lcd$1389
  0C:065A    A$lcd$1394
  0C:065A    C$lcd.c$102$1$1
  0C:065D    A$lcd$1395
  0C:0660    A$lcd$1399
  0C:0662    A$lcd$1400
  0C:0664    A$lcd$1402
  0C:0666    A$lcd$1406
  0C:0669    A$lcd$1409
  0C:066B    A$lcd$1410
  0C:066E    A$lcd$1415
  0C:066E    C$lcd.c$105$2$2
  0C:0671    A$lcd$1416
  0C:0673    A$lcd$1417
  0C:0675    A$lcd$1418
  0C:0677    A$lcd$1419
  0C:067A    A$lcd$1420
  0C:067C    A$lcd$1421
  0C:067E    A$lcd$1422
  0C:0680    A$lcd$1426
  0C:0680    C$lcd.c$106$2$2
  0C:0683    A$lcd$1427
  0C:0685    A$lcd$1428
  0C:0687    A$lcd$1429
  0C:0689    A$lcd$1430
  0C:068C    A$lcd$1431
  0C:068E    A$lcd$1432
  0C:0690    A$lcd$1433
  0C:0692    A$lcd$1437
  0C:0692    C$lcd.c$107$2$2
  0C:0694    A$lcd$1438
  0C:0696    A$lcd$1439
  0C:0698    A$lcd$1440
  0C:069A    A$lcd$1442
  0C:069D    A$lcd$1443
  0C:069F    A$lcd$1444
  0C:06A0    A$lcd$1446
  0C:06A2    A$lcd$1447
  0C:06A4    A$lcd$1448
  0C:06A6    A$lcd$1449
  0C:06A7    A$lcd$1450
  0C:06A9    A$lcd$1451
  0C:06AB    A$lcd$1452
  0C:06AD    A$lcd$1453
  0C:06B0    A$lcd$1454
  0C:06B2    A$lcd$1455
  0C:06B4    A$lcd$1456
  0C:06B6    A$lcd$1460
  0C:06B6    C$lcd.c$108$2$2
  0C:06B9    A$lcd$1461
  0C:06BB    A$lcd$1462
  0C:06BD    A$lcd$1463
  0C:06BF    A$lcd$1464
  0C:06C2    A$lcd$1465
  0C:06C4    A$lcd$1466
  0C:06C6    A$lcd$1467
  0C:06C8    A$lcd$1471
  0C:06C8    C$lcd.c$109$1$1
  0C:06CA    A$lcd$1475
  0C:06CD    A$lcd$1479
  0C:06CF    A$lcd$1484
  0C:06CF    C$lcd.c$111$3$3
  0C:06D2    A$lcd$1485
  0C:06D4    A$lcd$1486
  0C:06D6    A$lcd$1487
  0C:06D8    A$lcd$1488
  0C:06DA    A$lcd$1489
  0C:06DD    A$lcd$1490
  0C:06DF    A$lcd$1491
  0C:06E1    A$lcd$1492
  0C:06E3    A$lcd$1493
  0C:06E5    A$lcd$1499
  0C:06E5    C$lcd.c$112$3$3
  0C:06E8    A$lcd$1500
  0C:06E9    A$lcd$1501
  0C:06EA    A$lcd$1505
  0C:06EA    C$lcd.c$113$3$3
  0C:06EC    A$lcd$1506
  0C:06EE    A$lcd$1507
  0C:06F0    A$lcd$1509
  0C:06F3    A$lcd$1510
  0C:06F5    A$lcd$1511
  0C:06F6    A$lcd$1513
  0C:06F8    A$lcd$1514
  0C:06FA    A$lcd$1515
  0C:06FC    A$lcd$1516
  0C:06FD    A$lcd$1517
  0C:06FF    A$lcd$1518
  0C:0701    A$lcd$1519
  0C:0703    A$lcd$1520
  0C:0705    A$lcd$1521
  0C:0708    A$lcd$1522
  0C:070A    A$lcd$1523
  0C:070C    A$lcd$1524
  0C:070E    A$lcd$1525
  0C:0710    A$lcd$1530
  0C:0710    C$lcd.c$109$2$2
  0C:0711    A$lcd$1532
  0C:0713    A$lcd$1538
  0C:0713    C$lcd.c$115$2$2
  0C:0715    A$lcd$1540
  0C:0716    A$lcd$1541
  0C:0717    A$lcd$1543
  0C:0718    A$lcd$1545
  0C:0719    A$lcd$1546
  0C:071A    A$lcd$1551
  0C:071A    C$lcd.c$103$1$1
  0C:071B    A$lcd$1552
  0C:071E    A$lcd$1557
  0C:071E    C$lcd.c$117$1$1
  0C:0721    A$lcd$1558
  0C:0722    A$lcd$1559
  0C:0723    A$lcd$1561
  0C:0726    A$lcd$1562
  0C:0727    A$lcd$1564
  0C:0728    A$lcd$1565
  0C:072B    A$lcd$1567
  0C:072C    A$lcd$1569
  0C:072E    A$lcd$1576
  0C:072E    C$lcd.c$118$1$1
  0C:072E    C$lcd.c$119$1$1
  0C:072E    XG$lcd_cgram_flush$0$0
  0C:0731    A$lcd$1592
  0C:0731    C$lcd.c$126$1$1
  0C:0731    G$lcd_go_to_addr$0$0
  0C:0731    _lcd_go_to_addr
  0C:0733    A$lcd$1593
  0C:0736    A$lcd$1594
  0C:0737    A$lcd$1599
  0C:0737    C$lcd.c$128$1$1
  0C:073A    A$lcd$1600
  0C:073C    A$lcd$1601
  0C:073D    A$lcd$1604
  0C:0740    A$lcd$1605
  0C:0742    A$lcd$1606
  0C:0743    A$lcd$1609
  0C:0746    A$lcd$1610
  0C:0748    A$lcd$1611
  0C:0749    A$lcd$1614
  0C:074C    A$lcd$1615
  0C:074E    A$lcd$1616
  0C:074F    A$lcd$1619
  0C:0752    A$lcd$1620
  0C:0754    A$lcd$1621
  0C:0755    A$lcd$1624
  0C:0758    A$lcd$1625
  0C:075A    A$lcd$1626
  0C:075B    A$lcd$1629
  0C:075E    A$lcd$1630
  0C:0760    A$lcd$1631
  0C:0761    A$lcd$1634
  0C:0764    A$lcd$1635
  0C:0766    A$lcd$1636
  0C:0767    A$lcd$1639
  0C:076A    A$lcd$1640
  0C:076C    A$lcd$1641
  0C:076D    A$lcd$1644
  0C:0770    A$lcd$1645
  0C:0772    A$lcd$1646
  0C:0773    A$lcd$1649
  0C:0776    A$lcd$1650
  0C:0778    A$lcd$1651
  0C:0779    A$lcd$1654
  0C:077C    A$lcd$1655
  0C:077E    A$lcd$1656
  0C:077F    A$lcd$1659
  0C:0782    A$lcd$1660
  0C:0784    A$lcd$1661
  0C:0785    A$lcd$1664
  0C:0788    A$lcd$1665
  0C:078A    A$lcd$1666
  0C:078B    A$lcd$1669
  0C:078E    A$lcd$1670
  0C:0790    A$lcd$1671
  0C:0791    A$lcd$1674
  0C:0794    A$lcd$1675
  0C:0796    A$lcd$1676
  0C:0797    A$lcd$1679
  0C:079A    A$lcd$1680
  0C:079C    A$lcd$1681
  0C:079D    A$lcd$1684
  0C:07A0    A$lcd$1686
  0C:07A1    A$lcd$1687
  0C:07A2    A$lcd$1691
  0C:07A2    C$lcd.c$129$1$1
  0C:07A5    A$lcd$1692
  0C:07A6    A$lcd$1693
  0C:07A7    A$lcd$1696
  0C:07AA    A$lcd$1701
  0C:07AC    A$lcd$1708
  0C:07AD    A$lcd$1709
  0C:07AF    A$lcd$1710
  0C:07B1    A$lcd$1714
  0C:07B4    A$lcd$1715
  0C:07B5    A$lcd$1716
  0C:07B6    A$lcd$1719
  0C:07B9    A$lcd$1724
  0C:07BB    A$lcd$1731
  0C:07BC    A$lcd$1732
  0C:07BE    A$lcd$1733
  0C:07C0    A$lcd$1737
  0C:07C3    A$lcd$1738
  0C:07C4    A$lcd$1739
  0C:07C5    A$lcd$1742
  0C:07C8    A$lcd$1747
  0C:07CA    A$lcd$1754
  0C:07CB    A$lcd$1755
  0C:07CD    A$lcd$1756
  0C:07CF    A$lcd$1760
  0C:07D2    A$lcd$1761
  0C:07D3    A$lcd$1762
  0C:07D4    A$lcd$1765
  0C:07D7    A$lcd$1768
  0C:07D9    A$lcd$1769
  0C:07DC    A$lcd$1775
  0C:07DD    A$lcd$1776
  0C:07DF    A$lcd$1777
  0C:07E1    A$lcd$1778
  0C:07E4    A$lcd$1784
  0C:07E4    C$lcd.c$131$2$2
  0C:07E7    A$lcd$1789
  0C:07E7    C$lcd.c$132$2$2
  0C:07EA    A$lcd$1790
  0C:07EB    A$lcd$1791
  0C:07EC    A$lcd$1793
  0C:07EE    A$lcd$1794
  0C:07EF    A$lcd$1798
  0C:07EF    C$lcd.c$133$2$2
  0C:07F2    A$lcd$1799
  0C:07F3    A$lcd$1801
  0C:07F4    A$lcd$1803
  0C:07F6    A$lcd$1804
  0C:07F8    A$lcd$1805
  0C:07FB    A$lcd$1806
  0C:07FD    A$lcd$1810
  0C:07FD    C$lcd.c$134$2$2
  0C:0800    A$lcd$1811
  0C:0802    A$lcd$1812
  0C:0803    A$lcd$1813
  0C:0804    A$lcd$1818
  0C:0804    C$lcd.c$135$2$2
  0C:0807    A$lcd$1823
  0C:0809    A$lcd$1829
  0C:080A    A$lcd$1830
  0C:080C    A$lcd$1833
  0C:080E    A$lcd$1838
  0C:080E    C$lcd.c$137$3$3
  0C:0811    A$lcd$1839
  0C:0813    A$lcd$1840
  0C:0814    A$lcd$1845
  0C:0814    C$lcd.c$139$2$2
  0C:0817    A$lcd$1846
  0C:0818    A$lcd$1847
  0C:0819    A$lcd$1850
  0C:081C    A$lcd$1855
  0C:081E    A$lcd$1861
  0C:081F    A$lcd$1862
  0C:0821    A$lcd$1865
  0C:0823    A$lcd$1870
  0C:0823    C$lcd.c$141$3$4
  0C:0826    A$lcd$1871
  0C:0828    A$lcd$1872
  0C:0829    A$lcd$1877
  0C:0829    C$lcd.c$143$2$2
  0C:082C    A$lcd$1878
  0C:082D    A$lcd$1879
  0C:082E    A$lcd$1882
  0C:0831    A$lcd$1887
  0C:0833    A$lcd$1893
  0C:0834    A$lcd$1894
  0C:0836    A$lcd$1897
  0C:0838    A$lcd$1902
  0C:0838    C$lcd.c$145$3$5
  0C:083B    A$lcd$1903
  0C:083D    A$lcd$1904
  0C:083E    A$lcd$1909
  0C:083E    C$lcd.c$147$2$2
  0C:0841    A$lcd$1910
  0C:0842    A$lcd$1911
  0C:0843    A$lcd$1914
  0C:0846    A$lcd$1919
  0C:0848    A$lcd$1925
  0C:0849    A$lcd$1926
  0C:084B    A$lcd$1929
  0C:084D    A$lcd$1934
  0C:084D    C$lcd.c$149$3$6
  0C:0850    A$lcd$1936
  0C:0851    A$lcd$1937
  0C:0852    A$lcd$1939
  0C:0854    A$lcd$1945
  0C:0854    C$lcd.c$154$2$7
  0C:0857    A$lcd$1946
  0C:085A    A$lcd$1954
  0C:085A    C$lcd.c$156$1$1
  0C:085A    C$lcd.c$157$1$1
  0C:085A    XG$lcd_go_to_addr$0$0
  0C:085B    A$lcd$1973
  0C:085B    C$lcd.c$165$1$1
  0C:085B    G$lcd_go_to_x_y$0$0
  0C:085B    _lcd_go_to_x_y
  0C:085D    A$lcd$1974
  0C:0860    A$lcd$1975
  0C:0861    A$lcd$1980
  0C:0861    C$lcd.c$167$1$1
  0C:0864    A$lcd$1981
  0C:0866    A$lcd$1982
  0C:0867    A$lcd$1985
  0C:086A    A$lcd$1986
  0C:086C    A$lcd$1987
  0C:086D    A$lcd$1990
  0C:0870    A$lcd$1991
  0C:0872    A$lcd$1992
  0C:0873    A$lcd$1995
  0C:0876    A$lcd$1996
  0C:0878    A$lcd$1997
  0C:0879    A$lcd$2000
  0C:087C    A$lcd$2001
  0C:087E    A$lcd$2002
  0C:087F    A$lcd$2005
  0C:0882    A$lcd$2006
  0C:0884    A$lcd$2007
  0C:0885    A$lcd$2010
  0C:0888    A$lcd$2011
  0C:088A    A$lcd$2012
  0C:088B    A$lcd$2015
  0C:088E    A$lcd$2016
  0C:0890    A$lcd$2017
  0C:0891    A$lcd$2020
  0C:0894    A$lcd$2021
  0C:0896    A$lcd$2022
  0C:0897    A$lcd$2025
  0C:089A    A$lcd$2026
  0C:089C    A$lcd$2027
  0C:089D    A$lcd$2030
  0C:08A0    A$lcd$2031
  0C:08A2    A$lcd$2032
  0C:08A3    A$lcd$2035
  0C:08A6    A$lcd$2036
  0C:08A8    A$lcd$2037
  0C:08A9    A$lcd$2040
  0C:08AC    A$lcd$2041
  0C:08AE    A$lcd$2042
  0C:08AF    A$lcd$2045
  0C:08B2    A$lcd$2046
  0C:08B4    A$lcd$2047
  0C:08B5    A$lcd$2050
  0C:08B8    A$lcd$2051
  0C:08BA    A$lcd$2052
  0C:08BB    A$lcd$2055
  0C:08BE    A$lcd$2056
  0C:08C0    A$lcd$2057
  0C:08C1    A$lcd$2060
  0C:08C4    A$lcd$2061
  0C:08C6    A$lcd$2062
  0C:08C7    A$lcd$2065
  0C:08CA    A$lcd$2066
  0C:08CC    A$lcd$2067
  0C:08CD    A$lcd$2070
  0C:08D0    A$lcd$2071
  0C:08D2    A$lcd$2072
  0C:08D3    A$lcd$2075
  0C:08D6    A$lcd$2076
  0C:08D8    A$lcd$2077
  0C:08D9    A$lcd$2080
  0C:08DC    A$lcd$2082
  0C:08DD    A$lcd$2083
  0C:08DE    A$lcd$2088
  0C:08DE    C$lcd.c$168$1$1
  0C:08E1    A$lcd$2089
  0C:08E3    A$lcd$2090
  0C:08E4    A$lcd$2093
  0C:08E7    A$lcd$2094
  0C:08E9    A$lcd$2095
  0C:08EA    A$lcd$2098
  0C:08ED    A$lcd$2099
  0C:08EF    A$lcd$2100
  0C:08F0    A$lcd$2103
  0C:08F3    A$lcd$2104
  0C:08F5    A$lcd$2105
  0C:08F6    A$lcd$2108
  0C:08F9    A$lcd$2109
  0C:08FB    A$lcd$2110
  0C:08FC    A$lcd$2113
  0C:08FF    A$lcd$2114
  0C:0901    A$lcd$2115
  0C:0902    A$lcd$2118
  0C:0905    A$lcd$2119
  0C:0907    A$lcd$2120
  0C:0908    A$lcd$2123
  0C:090B    A$lcd$2124
  0C:090D    A$lcd$2125
  0C:090E    A$lcd$2128
  0C:0911    A$lcd$2129
  0C:0913    A$lcd$2130
  0C:0914    A$lcd$2133
  0C:0917    A$lcd$2134
  0C:0919    A$lcd$2135
  0C:091A    A$lcd$2138
  0C:091D    A$lcd$2139
  0C:091F    A$lcd$2140
  0C:0920    A$lcd$2143
  0C:0923    A$lcd$2144
  0C:0925    A$lcd$2145
  0C:0926    A$lcd$2148
  0C:0929    A$lcd$2149
  0C:092B    A$lcd$2150
  0C:092C    A$lcd$2153
  0C:092F    A$lcd$2154
  0C:0931    A$lcd$2155
  0C:0932    A$lcd$2158
  0C:0935    A$lcd$2159
  0C:0937    A$lcd$2160
  0C:0938    A$lcd$2163
  0C:093B    A$lcd$2164
  0C:093D    A$lcd$2165
  0C:093E    A$lcd$2168
  0C:0941    A$lcd$2169
  0C:0943    A$lcd$2170
  0C:0944    A$lcd$2173
  0C:0947    A$lcd$2174
  0C:0949    A$lcd$2175
  0C:094A    A$lcd$2178
  0C:094D    A$lcd$2179
  0C:094F    A$lcd$2180
  0C:0950    A$lcd$2183
  0C:0953    A$lcd$2184
  0C:0955    A$lcd$2185
  0C:0956    A$lcd$2188
  0C:0959    A$lcd$2189
  0C:095B    A$lcd$2190
  0C:095C    A$lcd$2193
  0C:095F    A$lcd$2194
  0C:0961    A$lcd$2195
  0C:0962    A$lcd$2198
  0C:0965    A$lcd$2199
  0C:0967    A$lcd$2200
  0C:0968    A$lcd$2203
  0C:096B    A$lcd$2205
  0C:096C    A$lcd$2206
  0C:096D    A$lcd$2211
  0C:096D    C$lcd.c$169$1$1
  0C:0970    A$lcd$2212
  0C:0972    A$lcd$2213
  0C:0973    A$lcd$2216
  0C:0976    A$lcd$2217
  0C:0978    A$lcd$2218
  0C:0979    A$lcd$2221
  0C:097C    A$lcd$2222
  0C:097E    A$lcd$2223
  0C:097F    A$lcd$2226
  0C:0982    A$lcd$2227
  0C:0984    A$lcd$2228
  0C:0985    A$lcd$2232
  0C:0985    C$lcd.c$171$1$1
  0C:0988    A$lcd$2233
  0C:0989    A$lcd$2234
  0C:098A    A$lcd$2237
  0C:098D    A$lcd$2242
  0C:098F    A$lcd$2248
  0C:098F    C$lcd.c$173$2$2
  0C:0992    A$lcd$2255
  0C:0992    C$lcd.c$174$2$2
  0C:0995    A$lcd$2260
  0C:0995    C$lcd.c$176$1$1
  0C:0998    A$lcd$2261
  0C:0999    A$lcd$2262
  0C:099A    A$lcd$2265
  0C:099D    A$lcd$2270
  0C:099F    A$lcd$2276
  0C:099F    C$lcd.c$178$2$3
  0C:09A2    A$lcd$2283
  0C:09A2    C$lcd.c$179$2$3
  0C:09A5    A$lcd$2289
  0C:09A5    C$lcd.c$181$1$1
  0C:09A6    A$lcd$2290
  0C:09A8    A$lcd$2291
  0C:09AA    A$lcd$2293
  0C:09AB    A$lcd$2294
  0C:09AD    A$lcd$2295
  0C:09AF    A$lcd$2298
  0C:09B0    A$lcd$2299
  0C:09B1    A$lcd$2302
  0C:09B2    A$lcd$2304
  0C:09B3    A$lcd$2308
  0C:09B3    C$lcd.c$182$1$1
  0C:09B4    A$lcd$2310
  0C:09B6    A$lcd$2317
  0C:09B6    C$lcd.c$183$1$1
  0C:09B6    C$lcd.c$184$1$1
  0C:09B6    XG$lcd_go_to_x_y$0$0
  0C:09B9    A$lcd$2332
  0C:09B9    C$lcd.c$191$1$1
  0C:09B9    G$lcd_command_write$0$0
  0C:09B9    _lcd_command_write
  0C:09BB    A$lcd$2333
  0C:09BE    A$lcd$2334
  0C:09BF    A$lcd$2338
  0C:09BF    C$lcd.c$193$1$1
  0C:09C2    A$lcd$2342
  0C:09C2    C$lcd.c$194$1$1
  0C:09C4    A$lcd$2343
  0C:09C6    A$lcd$2345
  0C:09C9    A$lcd$2346
  0C:09CA    A$lcd$2349
  0C:09CB    A$lcd$2350
  0C:09CD    A$lcd$2351
  0C:09CF    A$lcd$2353
  0C:09D0    A$lcd$2360
  0C:09D0    C$lcd.c$195$1$1
  0C:09D0    C$lcd.c$196$1$1
  0C:09D0    XG$lcd_command_write$0$0
  0C:09D1    A$lcd$2374
  0C:09D1    C$lcd.c$203$1$1
  0C:09D1    G$lcd_put_ch$0$0
  0C:09D1    _lcd_put_ch
  0C:09D3    A$lcd$2375
  0C:09D6    A$lcd$2376
  0C:09D7    A$lcd$2380
  0C:09D7    C$lcd.c$205$1$1
  0C:09DA    A$lcd$2384
  0C:09DA    C$lcd.c$206$1$1
  0C:09DC    A$lcd$2385
  0C:09DE    A$lcd$2387
  0C:09E1    A$lcd$2388
  0C:09E2    A$lcd$2391
  0C:09E3    A$lcd$2392
  0C:09E5    A$lcd$2393
  0C:09E7    A$lcd$2395
  0C:09E8    A$lcd$2399
  0C:09E8    C$lcd.c$207$1$1
  0C:09EB    A$lcd$2400
  0C:09EC    A$lcd$2401
  0C:09ED    A$lcd$2403
  0C:09F0    A$lcd$2405
  0C:09F2    A$lcd$2407
  0C:09F3    A$lcd$2408
  0C:09F4    A$lcd$2412
  0C:09F4    C$lcd.c$208$1$1
  0C:09F7    A$lcd$2413
  0C:09F8    A$lcd$2414
  0C:09F9    A$lcd$2417
  0C:09FC    A$lcd$2422
  0C:09FE    A$lcd$2427
  0C:09FE    C$lcd.c$210$2$2
  0C:0A01    A$lcd$2435
  0C:0A01    C$lcd.c$212$1$1
  0C:0A01    C$lcd.c$213$1$1
  0C:0A01    XG$lcd_put_ch$0$0
  0C:0A02    A$lcd$2449
  0C:0A02    C$lcd.c$220$1$1
  0C:0A02    G$lcd_put_str$0$0
  0C:0A02    _lcd_put_str
  0C:0A04    A$lcd$2450
  0C:0A06    A$lcd$2451
  0C:0A09    A$lcd$2452
  0C:0A0A    A$lcd$2453
  0C:0A0B    A$lcd$2454
  0C:0A0C    A$lcd$2455
  0C:0A0D    A$lcd$2459
  0C:0A0D    C$lcd.c$222$1$1
  0C:0A10    A$lcd$2460
  0C:0A11    A$lcd$2461
  0C:0A12    A$lcd$2462
  0C:0A13    A$lcd$2463
  0C:0A14    A$lcd$2464
  0C:0A15    A$lcd$2468
  0C:0A17    A$lcd$2469
  0C:0A19    A$lcd$2470
  0C:0A1A    A$lcd$2474
  0C:0A1B    A$lcd$2476
  0C:0A1D    A$lcd$2481
  0C:0A1D    C$lcd.c$224$2$2
  0C:0A1F    A$lcd$2482
  0C:0A21    A$lcd$2483
  0C:0A23    A$lcd$2484
  0C:0A26    A$lcd$2485
  0C:0A28    A$lcd$2486
  0C:0A2A    A$lcd$2491
  0C:0A2A    C$lcd.c$225$2$2
  0C:0A2B    A$lcd$2492
  0C:0A2E    A$lcd$2493
  0C:0A2F    A$lcd$2496
  0C:0A32    A$lcd$2497
  0C:0A33    A$lcd$2498
  0C:0A34    A$lcd$2499
  0C:0A35    A$lcd$2500
  0C:0A36    A$lcd$2501
  0C:0A37    A$lcd$2503
  0C:0A39    A$lcd$2506
  0C:0A3C    A$lcd$2507
  0C:0A3D    A$lcd$2508
  0C:0A3E    A$lcd$2509
  0C:0A3F    A$lcd$2510
  0C:0A40    A$lcd$2511
  0C:0A41    A$lcd$2518
  0C:0A41    C$lcd.c$227$1$1
  0C:0A41    C$lcd.c$228$1$1
  0C:0A41    XG$lcd_put_str$0$0
  0C:0A42    A$lcd$2533
  0C:0A42    C$lcd.c$234$1$1
  0C:0A42    C$lcd.c$236$1$1
  0C:0A42    G$lcd_clear$0$0
  0C:0A42    _lcd_clear
  0C:0A45    A$lcd$2534
  0C:0A48    A$lcd$2538
  0C:0A48    C$lcd.c$237$1$1
  0C:0A4B    A$lcd$2545
  0C:0A4B    C$lcd.c$238$1$1
  0C:0A4C    A$lcd$2546
  0C:0A4D    A$lcd$2547
  0C:0A50    A$lcd$2548
  0C:0A51    A$lcd$2555
  0C:0A51    C$lcd.c$239$1$1
  0C:0A51    C$lcd.c$240$1$1
  0C:0A51    XG$lcd_clear$0$0
  0C:0A52    A$lcd$2577
  0C:0A52    C$lcd.c$246$1$1
  0C:0A52    G$lcd_custom_character_creation$0$0
  0C:0A52    _lcd_custom_character_creation
  0C:0A54    A$lcd$2578
  0C:0A57    A$lcd$2579
  0C:0A58    A$lcd$2584
  0C:0A58    C$lcd.c$248$1$1
  0C:0A5B    A$lcd$2585
  0C:0A5D    A$lcd$2586
  0C:0A5E    A$lcd$2589
  0C:0A61    A$lcd$2590
  0C:0A63    A$lcd$2591
  0C:0A64    A$lcd$2594
  0C:0A67    A$lcd$2595
  0C:0A69    A$lcd$2596
  0C:0A6A    A$lcd$2599
  0C:0A6D    A$lcd$2600
  0C:0A6F    A$lcd$2601
  0C:0A70    A$lcd$2604
  0C:0A73    A$lcd$2605
  0C:0A75    A$lcd$2606
  0C:0A76    A$lcd$2609
  0C:0A79    A$lcd$2610
  0C:0A7B    A$lcd$2611
  0C:0A7C    A$lcd$2614
  0C:0A7F    A$lcd$2615
  0C:0A81    A$lcd$2616
  0C:0A82    A$lcd$2619
  0C:0A85    A$lcd$2620
  0C:0A87    A$lcd$2621
  0C:0A88    A$lcd$2624
  0C:0A8B    A$lcd$2625
  0C:0A8D    A$lcd$2626
  0C:0A8E    A$lcd$2629
  0C:0A91    A$lcd$2630
  0C:0A93    A$lcd$2631
  0C:0A94    A$lcd$2634
  0C:0A97    A$lcd$2635
  0C:0A99    A$lcd$2636
  0C:0A9A    A$lcd$2639
  0C:0A9D    A$lcd$2640
  0C:0A9F    A$lcd$2641
  0C:0AA0    A$lcd$2644
  0C:0AA3    A$lcd$2645
  0C:0AA5    A$lcd$2646
  0C:0AA6    A$lcd$2649
  0C:0AA9    A$lcd$2650
  0C:0AAB    A$lcd$2651
  0C:0AAC    A$lcd$2654
  0C:0AAF    A$lcd$2655
  0C:0AB1    A$lcd$2656
  0C:0AB2    A$lcd$2659
  0C:0AB5    A$lcd$2660
  0C:0AB7    A$lcd$2661
  0C:0AB8    A$lcd$2664
  0C:0ABB    A$lcd$2665
  0C:0ABD    A$lcd$2666
  0C:0ABE    A$lcd$2669
  0C:0AC1    A$lcd$2670
  0C:0AC3    A$lcd$2671
  0C:0AC4    A$lcd$2674
  0C:0AC7    A$lcd$2675
  0C:0AC9    A$lcd$2676
  0C:0ACA    A$lcd$2679
  0C:0ACD    A$lcd$2680
  0C:0ACF    A$lcd$2681
  0C:0AD0    A$lcd$2684
  0C:0AD3    A$lcd$2685
  0C:0AD5    A$lcd$2686
  0C:0AD6    A$lcd$2689
  0C:0AD9    A$lcd$2690
  0C:0ADB    A$lcd$2691
  0C:0ADC    A$lcd$2694
  0C:0ADF    A$lcd$2695
  0C:0AE1    A$lcd$2696
  0C:0AE2    A$lcd$2699
  0C:0AE5    A$lcd$2700
  0C:0AE7    A$lcd$2701
  0C:0AE8    A$lcd$2704
  0C:0AEB    A$lcd$2705
  0C:0AED    A$lcd$2706
  0C:0AEE    A$lcd$2709
  0C:0AF1    A$lcd$2710
  0C:0AF3    A$lcd$2711
  0C:0AF4    A$lcd$2714
  0C:0AF7    A$lcd$2715
  0C:0AF9    A$lcd$2716
  0C:0AFA    A$lcd$2719
  0C:0AFD    A$lcd$2720
  0C:0AFF    A$lcd$2721
  0C:0B00    A$lcd$2724
  0C:0B03    A$lcd$2725
  0C:0B05    A$lcd$2726
  0C:0B06    A$lcd$2729
  0C:0B09    A$lcd$2730
  0C:0B0B    A$lcd$2731
  0C:0B0C    A$lcd$2734
  0C:0B0F    A$lcd$2735
  0C:0B11    A$lcd$2736
  0C:0B12    A$lcd$2739
  0C:0B15    A$lcd$2741
  0C:0B16    A$lcd$2742
  0C:0B17    A$lcd$2747
  0C:0B17    C$lcd.c$250$1$1
  0C:0B1A    A$lcd$2748
  0C:0B1C    A$lcd$2749
  0C:0B1D    A$lcd$2752
  0C:0B20    A$lcd$2753
  0C:0B22    A$lcd$2754
  0C:0B23    A$lcd$2757
  0C:0B26    A$lcd$2758
  0C:0B28    A$lcd$2759
  0C:0B29    A$lcd$2762
  0C:0B2C    A$lcd$2763
  0C:0B2E    A$lcd$2764
  0C:0B2F    A$lcd$2767
  0C:0B32    A$lcd$2768
  0C:0B34    A$lcd$2769
  0C:0B35    A$lcd$2772
  0C:0B38    A$lcd$2773
  0C:0B3A    A$lcd$2774
  0C:0B3B    A$lcd$2777
  0C:0B3E    A$lcd$2778
  0C:0B40    A$lcd$2779
  0C:0B41    A$lcd$2782
  0C:0B44    A$lcd$2783
  0C:0B46    A$lcd$2784
  0C:0B47    A$lcd$2787
  0C:0B4A    A$lcd$2788
  0C:0B4C    A$lcd$2789
  0C:0B4D    A$lcd$2792
  0C:0B50    A$lcd$2793
  0C:0B52    A$lcd$2794
  0C:0B53    A$lcd$2797
  0C:0B56    A$lcd$2798
  0C:0B58    A$lcd$2799
  0C:0B59    A$lcd$2802
  0C:0B5C    A$lcd$2803
  0C:0B5E    A$lcd$2804
  0C:0B5F    A$lcd$2807
  0C:0B62    A$lcd$2809
  0C:0B63    A$lcd$2810
  0C:0B64    A$lcd$2815
  0C:0B64    C$lcd.c$251$1$1
  0C:0B67    A$lcd$2816
  0C:0B69    A$lcd$2817
  0C:0B6A    A$lcd$2820
  0C:0B6D    A$lcd$2821
  0C:0B6F    A$lcd$2822
  0C:0B70    A$lcd$2825
  0C:0B73    A$lcd$2826
  0C:0B75    A$lcd$2827
  0C:0B76    A$lcd$2830
  0C:0B79    A$lcd$2831
  0C:0B7B    A$lcd$2832
  0C:0B7C    A$lcd$2835
  0C:0B7F    A$lcd$2836
  0C:0B81    A$lcd$2837
  0C:0B82    A$lcd$2840
  0C:0B85    A$lcd$2841
  0C:0B87    A$lcd$2842
  0C:0B88    A$lcd$2845
  0C:0B8B    A$lcd$2847
  0C:0B8C    A$lcd$2848
  0C:0B8D    A$lcd$2852
  0C:0B8D    C$lcd.c$252$1$1
  0C:0B90    A$lcd$2857
  0C:0B90    C$lcd.c$253$1$1
  0C:0B93    A$lcd$2858
  0C:0B96    A$lcd$2862
  0C:0B96    C$lcd.c$254$1$1
  0C:0B99    A$lcd$2863
  0C:0B9C    A$lcd$2864
  0C:0B9E    A$lcd$2865
  0C:0BA0    A$lcd$2870
  0C:0BA3    A$lcd$2871
  0C:0BA4    A$lcd$2872
  0C:0BA5    A$lcd$2874
  0C:0BA7    A$lcd$2878
  0C:0BA8    A$lcd$2879
  0C:0BA9    A$lcd$2880
  0C:0BAA    A$lcd$2882
  0C:0BAC    A$lcd$2883
  0C:0BAF    A$lcd$2889
  0C:0BAF    C$lcd.c$257$2$2
  0C:0BB2    A$lcd$2890
  0C:0BB4    A$lcd$2891
  0C:0BB6    A$lcd$2892
  0C:0BB8    A$lcd$2893
  0C:0BBB    A$lcd$2894
  0C:0BBD    A$lcd$2895
  0C:0BBF    A$lcd$2896
  0C:0BC1    A$lcd$2900
  0C:0BC1    C$lcd.c$258$2$2
  0C:0BC3    A$lcd$2901
  0C:0BC5    A$lcd$2904
  0C:0BC6    A$lcd$2905
  0C:0BC9    A$lcd$2906
  0C:0BCA    A$lcd$2909
  0C:0BCB    A$lcd$2910
  0C:0BCC    A$lcd$2911
  0C:0BCE    A$lcd$2912
  0C:0BCF    A$lcd$2914
  0C:0BD0    A$lcd$2915
  0C:0BD2    A$lcd$2916
  0C:0BD4    A$lcd$2917
  0C:0BD6    A$lcd$2919
  0C:0BD8    A$lcd$2920
  0C:0BDA    A$lcd$2921
  0C:0BDC    A$lcd$2922
  0C:0BDF    A$lcd$2923
  0C:0BE1    A$lcd$2924
  0C:0BE3    A$lcd$2925
  0C:0BE5    A$lcd$2931
  0C:0BE5    C$lcd.c$259$3$3
  0C:0BE6    A$lcd$2932
  0C:0BE7    A$lcd$2933
  0C:0BE8    A$lcd$2934
  0C:0BEA    A$lcd$2935
  0C:0BEB    A$lcd$2937
  0C:0BEE    A$lcd$2939
  0C:0BF0    A$lcd$2943
  0C:0BF3    A$lcd$2946
  0C:0BF5    A$lcd$2947
  0C:0BF8    A$lcd$2952
  0C:0BF8    C$lcd.c$261$1$1
  0C:0BFA    A$lcd$2955
  0C:0BFD    A$lcd$2956
  0C:0BFF    A$lcd$2957
  0C:0C01    A$lcd$2958
  0C:0C03    A$lcd$2959
  0C:0C05    A$lcd$2960
  0C:0C07    A$lcd$2961
  0C:0C0A    A$lcd$2962
  0C:0C0C    A$lcd$2963
  0C:0C0E    A$lcd$2964
  0C:0C10    A$lcd$2965
  0C:0C12    A$lcd$2966
  0C:0C14    A$lcd$2970
  0C:0C14    C$lcd.c$262$3$3
  0C:0C16    A$lcd$2971
  0C:0C18    A$lcd$2972
  0C:0C1A    A$lcd$2973
  0C:0C1C    A$lcd$2975
  0C:0C1E    A$lcd$2976
  0C:0C20    A$lcd$2977
  0C:0C22    A$lcd$2978
  0C:0C23    A$lcd$2979
  0C:0C25    A$lcd$2980
  0C:0C27    A$lcd$2981
  0C:0C29    A$lcd$2982
  0C:0C2B    A$lcd$2983
  0C:0C2D    A$lcd$2984
  0C:0C30    A$lcd$2985
  0C:0C32    A$lcd$2986
  0C:0C34    A$lcd$2987
  0C:0C36    A$lcd$2988
  0C:0C38    A$lcd$2989
  0C:0C3A    A$lcd$2993
  0C:0C3A    C$lcd.c$263$3$3
  0C:0C3C    A$lcd$2994
  0C:0C3E    A$lcd$2995
  0C:0C40    A$lcd$2996
  0C:0C42    A$lcd$2997
  0C:0C44    A$lcd$2998
  0C:0C47    A$lcd$2999
  0C:0C49    A$lcd$3000
  0C:0C4B    A$lcd$3001
  0C:0C4D    A$lcd$3002
  0C:0C4F    A$lcd$3003
  0C:0C51    A$lcd$3004
  0C:0C53    A$lcd$3011
  0C:0C53    C$lcd.c$264$3$3
  0C:0C54    A$lcd$3012
  0C:0C55    A$lcd$3013
  0C:0C56    A$lcd$3014
  0C:0C58    A$lcd$3016
  0C:0C59    A$lcd$3018
  0C:0C5B    A$lcd$3022
  0C:0C5B    C$lcd.c$265$3$3
  0C:0C5C    A$lcd$3023
  0C:0C5D    A$lcd$3027
  0C:0C5D    C$lcd.c$266$3$3
  0C:0C5F    A$lcd$3031
  0C:0C5F    C$lcd.c$267$3$3
  0C:0C60    A$lcd$3033
  0C:0C62    A$lcd$3034
  0C:0C64    A$lcd$3035
  0C:0C66    A$lcd$3036
  0C:0C68    A$lcd$3037
  0C:0C6A    A$lcd$3038
  0C:0C6C    A$lcd$3039
  0C:0C6F    A$lcd$3040
  0C:0C71    A$lcd$3041
  0C:0C73    A$lcd$3042
  0C:0C75    A$lcd$3043
  0C:0C77    A$lcd$3044
  0C:0C79    A$lcd$3048
  0C:0C79    C$lcd.c$268$3$3
  0C:0C7B    A$lcd$3049
  0C:0C7D    A$lcd$3050
  0C:0C7F    A$lcd$3051
  0C:0C81    A$lcd$3052
  0C:0C83    A$lcd$3053
  0C:0C85    A$lcd$3054
  0C:0C88    A$lcd$3055
  0C:0C8A    A$lcd$3056
  0C:0C8C    A$lcd$3057
  0C:0C8E    A$lcd$3058
  0C:0C90    A$lcd$3059
  0C:0C92    A$lcd$3064
  0C:0C92    C$lcd.c$259$2$2
  0C:0C93    A$lcd$3066
  0C:0C95    A$lcd$3067
  0C:0C98    A$lcd$3072
  0C:0C98    C$lcd.c$270$2$2
  0C:0C9B    A$lcd$3073
  0C:0C9C    A$lcd$3074
  0C:0C9D    A$lcd$3076
  0C:0CA0    A$lcd$3077
  0C:0CA2    A$lcd$3078
  0C:0CA4    A$lcd$3079
  0C:0CA6    A$lcd$3080
  0C:0CA9    A$lcd$3081
  0C:0CAB    A$lcd$3082
  0C:0CAD    A$lcd$3083
  0C:0CAF    A$lcd$3087
  0C:0CAF    C$lcd.c$271$2$2
  0C:0CB1    A$lcd$3088
  0C:0CB3    A$lcd$3089
  0C:0CB5    A$lcd$3090
  0C:0CB7    A$lcd$3091
  0C:0CBA    A$lcd$3092
  0C:0CBC    A$lcd$3093
  0C:0CBE    A$lcd$3094
  0C:0CC0    A$lcd$3099
  0C:0CC0    C$lcd.c$255$1$1
  0C:0CC1    A$lcd$3100
  0C:0CC4    A$lcd$3108
  0C:0CC4    C$lcd.c$273$1$1
  0C:0CC4    C$lcd.c$274$1$1
  0C:0CC4    XG$lcd_custom_character_creation$0$0
  0C:0CC5    A$lcd$3135
  0C:0CC5    C$lcd.c$280$1$1
  0C:0CC5    C$lcd.c$282$1$1
  0C:0CC5    G$lcd_cu_boulder$0$0
  0C:0CC5    _lcd_cu_boulder
  0C:0CC8    A$lcd$3136
  0C:0CCA    A$lcd$3137
  0C:0CCB    A$lcd$3140
  0C:0CCE    A$lcd$3141
  0C:0CD0    A$lcd$3142
  0C:0CD1    A$lcd$3145
  0C:0CD4    A$lcd$3146
  0C:0CD6    A$lcd$3147
  0C:0CD7    A$lcd$3150
  0C:0CDA    A$lcd$3151
  0C:0CDC    A$lcd$3152
  0C:0CDD    A$lcd$3155
  0C:0CE0    A$lcd$3156
  0C:0CE2    A$lcd$3157
  0C:0CE3    A$lcd$3160
  0C:0CE6    A$lcd$3161
  0C:0CE8    A$lcd$3162
  0C:0CE9    A$lcd$3165
  0C:0CEC    A$lcd$3166
  0C:0CEE    A$lcd$3167
  0C:0CEF    A$lcd$3170
  0C:0CF2    A$lcd$3171
  0C:0CF4    A$lcd$3172
  0C:0CF5    A$lcd$3175
  0C:0CF8    A$lcd$3176
  0C:0CFA    A$lcd$3177
  0C:0CFB    A$lcd$3180
  0C:0CFE    A$lcd$3193
  0C:0CFF    A$lcd$3194
  0C:0D00    A$lcd$3195
  0C:0D03    A$lcd$3196
  0C:0D04    A$lcd$3197
  0C:0D07    A$lcd$3199
  0C:0D08    A$lcd$3200
  0C:0D0B    A$lcd$3201
  0C:0D0C    A$lcd$3204
  0C:0D0F    A$lcd$3206
  0C:0D10    A$lcd$3207
  0C:0D11    A$lcd$3210
  0C:0D14    A$lcd$3211
  0C:0D16    A$lcd$3212
  0C:0D17    A$lcd$3215
  0C:0D1A    A$lcd$3216
  0C:0D1C    A$lcd$3217
  0C:0D1D    A$lcd$3220
  0C:0D20    A$lcd$3221
  0C:0D22    A$lcd$3222
  0C:0D23    A$lcd$3225
  0C:0D26    A$lcd$3238
  0C:0D27    A$lcd$3239
  0C:0D28    A$lcd$3240
  0C:0D2B    A$lcd$3241
  0C:0D2C    A$lcd$3242
  0C:0D2F    A$lcd$3244
  0C:0D30    A$lcd$3245
  0C:0D33    A$lcd$3246
  0C:0D34    A$lcd$3249
  0C:0D37    A$lcd$3251
  0C:0D38    A$lcd$3252
  0C:0D39    A$lcd$3255
  0C:0D3C    A$lcd$3256
  0C:0D3E    A$lcd$3257
  0C:0D3F    A$lcd$3260
  0C:0D42    A$lcd$3261
  0C:0D44    A$lcd$3262
  0C:0D45    A$lcd$3265
  0C:0D48    A$lcd$3266
  0C:0D4A    A$lcd$3267
  0C:0D4B    A$lcd$3270
  0C:0D4E    A$lcd$3271
  0C:0D50    A$lcd$3272
  0C:0D51    A$lcd$3275
  0C:0D54    A$lcd$3288
  0C:0D55    A$lcd$3289
  0C:0D56    A$lcd$3290
  0C:0D59    A$lcd$3291
  0C:0D5A    A$lcd$3292
  0C:0D5D    A$lcd$3294
  0C:0D5E    A$lcd$3295
  0C:0D61    A$lcd$3296
  0C:0D62    A$lcd$3299
  0C:0D65    A$lcd$3300
  0C:0D67    A$lcd$3301
  0C:0D68    A$lcd$3304
  0C:0D6B    A$lcd$3305
  0C:0D6D    A$lcd$3306
  0C:0D6E    A$lcd$3309
  0C:0D71    A$lcd$3311
  0C:0D72    A$lcd$3312
  0C:0D73    A$lcd$3315
  0C:0D76    A$lcd$3316
  0C:0D78    A$lcd$3317
  0C:0D79    A$lcd$3320
  0C:0D7C    A$lcd$3321
  0C:0D7E    A$lcd$3322
  0C:0D7F    A$lcd$3325
  0C:0D82    A$lcd$3326
  0C:0D84    A$lcd$3327
  0C:0D85    A$lcd$3330
  0C:0D88    A$lcd$3331
  0C:0D8A    A$lcd$3332
  0C:0D8B    A$lcd$3335
  0C:0D8E    A$lcd$3336
  0C:0D90    A$lcd$3337
  0C:0D91    A$lcd$3340
  0C:0D94    A$lcd$3341
  0C:0D96    A$lcd$3342
  0C:0D97    A$lcd$3345
  0C:0D9A    A$lcd$3346
  0C:0D9C    A$lcd$3347
  0C:0D9D    A$lcd$3350
  0C:0DA0    A$lcd$3363
  0C:0DA1    A$lcd$3364
  0C:0DA2    A$lcd$3365
  0C:0DA5    A$lcd$3366
  0C:0DA6    A$lcd$3367
  0C:0DA9    A$lcd$3369
  0C:0DAA    A$lcd$3370
  0C:0DAD    A$lcd$3371
  0C:0DAE    A$lcd$3374
  0C:0DB1    A$lcd$3387
  0C:0DB2    A$lcd$3388
  0C:0DB3    A$lcd$3389
  0C:0DB6    A$lcd$3390
  0C:0DB7    A$lcd$3391
  0C:0DBA    A$lcd$3393
  0C:0DBB    A$lcd$3394
  0C:0DBE    A$lcd$3395
  0C:0DBF    A$lcd$3398
  0C:0DC2    A$lcd$3411
  0C:0DC3    A$lcd$3412
  0C:0DC4    A$lcd$3413
  0C:0DC7    A$lcd$3414
  0C:0DC8    A$lcd$3415
  0C:0DCB    A$lcd$3417
  0C:0DCC    A$lcd$3418
  0C:0DCF    A$lcd$3419
  0C:0DD0    A$lcd$3422
  0C:0DD3    A$lcd$3435
  0C:0DD4    A$lcd$3436
  0C:0DD5    A$lcd$3437
  0C:0DD8    A$lcd$3438
  0C:0DD9    A$lcd$3439
  0C:0DDC    A$lcd$3441
  0C:0DDD    A$lcd$3442
  0C:0DE0    A$lcd$3443
  0C:0DE1    A$lcd$3446
  0C:0DE4    A$lcd$3447
  0C:0DE6    A$lcd$3448
  0C:0DE7    A$lcd$3451
  0C:0DEA    A$lcd$3452
  0C:0DEC    A$lcd$3453
  0C:0DED    A$lcd$3456
  0C:0DF0    A$lcd$3457
  0C:0DF2    A$lcd$3458
  0C:0DF3    A$lcd$3461
  0C:0DF6    A$lcd$3462
  0C:0DF8    A$lcd$3463
  0C:0DF9    A$lcd$3466
  0C:0DFC    A$lcd$3467
  0C:0DFE    A$lcd$3468
  0C:0DFF    A$lcd$3471
  0C:0E02    A$lcd$3472
  0C:0E04    A$lcd$3473
  0C:0E05    A$lcd$3476
  0C:0E08    A$lcd$3477
  0C:0E0A    A$lcd$3478
  0C:0E0B    A$lcd$3481
  0C:0E0E    A$lcd$3482
  0C:0E10    A$lcd$3483
  0C:0E11    A$lcd$3486
  0C:0E14    A$lcd$3487
  0C:0E16    A$lcd$3488
  0C:0E17    A$lcd$3491
  0C:0E1A    A$lcd$3492
  0C:0E1C    A$lcd$3493
  0C:0E1D    A$lcd$3496
  0C:0E20    A$lcd$3497
  0C:0E22    A$lcd$3498
  0C:0E23    A$lcd$3501
  0C:0E26    A$lcd$3502
  0C:0E28    A$lcd$3503
  0C:0E29    A$lcd$3506
  0C:0E2C    A$lcd$3507
  0C:0E2E    A$lcd$3508
  0C:0E2F    A$lcd$3511
  0C:0E32    A$lcd$3512
  0C:0E34    A$lcd$3513
  0C:0E35    A$lcd$3516
  0C:0E38    A$lcd$3517
  0C:0E3A    A$lcd$3518
  0C:0E3B    A$lcd$3521
  0C:0E3E    A$lcd$3522
  0C:0E40    A$lcd$3523
  0C:0E41    A$lcd$3526
  0C:0E44    A$lcd$3527
  0C:0E46    A$lcd$3528
  0C:0E47    A$lcd$3531
  0C:0E4A    A$lcd$3544
  0C:0E4B    A$lcd$3545
  0C:0E4C    A$lcd$3546
  0C:0E4F    A$lcd$3547
  0C:0E50    A$lcd$3548
  0C:0E53    A$lcd$3550
  0C:0E54    A$lcd$3551
  0C:0E57    A$lcd$3552
  0C:0E58    A$lcd$3555
  0C:0E5B    A$lcd$3564
  0C:0E5C    A$lcd$3565
  0C:0E5D    A$lcd$3566
  0C:0E60    A$lcd$3567
  0C:0E61    A$lcd$3568
  0C:0E64    A$lcd$3570
  0C:0E65    A$lcd$3573
  0C:0E68    A$lcd$3574
  0C:0E6A    A$lcd$3575
  0C:0E6B    A$lcd$3578
  0C:0E6E    A$lcd$3579
  0C:0E70    A$lcd$3580
  0C:0E71    A$lcd$3583
  0C:0E74    A$lcd$3584
  0C:0E76    A$lcd$3585
  0C:0E77    A$lcd$3588
  0C:0E7A    A$lcd$3589
  0C:0E7C    A$lcd$3590
  0C:0E7D    A$lcd$3593
  0C:0E80    A$lcd$3594
  0C:0E82    A$lcd$3595
  0C:0E83    A$lcd$3598
  0C:0E86    A$lcd$3599
  0C:0E88    A$lcd$3600
  0C:0E89    A$lcd$3603
  0C:0E8C    A$lcd$3604
  0C:0E8E    A$lcd$3605
  0C:0E8F    A$lcd$3608
  0C:0E92    A$lcd$3609
  0C:0E94    A$lcd$3610
  0C:0E95    A$lcd$3613
  0C:0E98    A$lcd$3614
  0C:0E9A    A$lcd$3615
  0C:0E9B    A$lcd$3618
  0C:0E9E    A$lcd$3619
  0C:0EA0    A$lcd$3620
  0C:0EA1    A$lcd$3623
  0C:0EA4    A$lcd$3624
  0C:0EA6    A$lcd$3625
  0C:0EA7    A$lcd$3628
  0C:0EAA    A$lcd$3629
  0C:0EAC    A$lcd$3630
  0C:0EAD    A$lcd$3633
  0C:0EB0    A$lcd$3634
  0C:0EB2    A$lcd$3635
  0C:0EB3    A$lcd$3638
  0C:0EB6    A$lcd$3639
  0C:0EB8    A$lcd$3640
  0C:0EB9    A$lcd$3643
  0C:0EBC    A$lcd$3644
  0C:0EBE    A$lcd$3645
  0C:0EBF    A$lcd$3648
  0C:0EC2    A$lcd$3649
  0C:0EC4    A$lcd$3650
  0C:0EC5    A$lcd$3653
  0C:0EC8    A$lcd$3654
  0C:0ECA    A$lcd$3655
  0C:0ECB    A$lcd$3658
  0C:0ECE    A$lcd$3671
  0C:0ECF    A$lcd$3672
  0C:0ED0    A$lcd$3673
  0C:0ED3    A$lcd$3674
  0C:0ED4    A$lcd$3675
  0C:0ED7    A$lcd$3677
  0C:0ED8    A$lcd$3678
  0C:0EDB    A$lcd$3679
  0C:0EDC    A$lcd$3682
  0C:0EDF    A$lcd$3684
  0C:0EE0    A$lcd$3685
  0C:0EE1    A$lcd$3688
  0C:0EE4    A$lcd$3689
  0C:0EE6    A$lcd$3690
  0C:0EE7    A$lcd$3693
  0C:0EEA    A$lcd$3694
  0C:0EEC    A$lcd$3695
  0C:0EED    A$lcd$3698
  0C:0EF0    A$lcd$3699
  0C:0EF2    A$lcd$3700
  0C:0EF3    A$lcd$3703
  0C:0EF6    A$lcd$3704
  0C:0EF8    A$lcd$3705
  0C:0EF9    A$lcd$3708
  0C:0EFC    A$lcd$3709
  0C:0EFE    A$lcd$3710
  0C:0EFF    A$lcd$3713
  0C:0F02    A$lcd$3714
  0C:0F04    A$lcd$3715
  0C:0F05    A$lcd$3718
  0C:0F08    A$lcd$3719
  0C:0F0A    A$lcd$3720
  0C:0F0B    A$lcd$3723
  0C:0F0E    A$lcd$3724
  0C:0F10    A$lcd$3725
  0C:0F11    A$lcd$3728
  0C:0F14    A$lcd$3729
  0C:0F16    A$lcd$3730
  0C:0F17    A$lcd$3733
  0C:0F1A    A$lcd$3735
  0C:0F1B    A$lcd$3736
  0C:0F1C    A$lcd$3739
  0C:0F1F    A$lcd$3740
  0C:0F21    A$lcd$3741
  0C:0F22    A$lcd$3744
  0C:0F25    A$lcd$3745
  0C:0F27    A$lcd$3746
  0C:0F28    A$lcd$3749
  0C:0F2B    A$lcd$3750
  0C:0F2D    A$lcd$3751
  0C:0F2E    A$lcd$3754
  0C:0F31    A$lcd$3755
  0C:0F33    A$lcd$3756
  0C:0F34    A$lcd$3759
  0C:0F37    A$lcd$3760
  0C:0F39    A$lcd$3761
  0C:0F3A    A$lcd$3764
  0C:0F3D    A$lcd$3765
  0C:0F3F    A$lcd$3766
  0C:0F40    A$lcd$3769
  0C:0F43    A$lcd$3770
  0C:0F45    A$lcd$3771
  0C:0F46    A$lcd$3774
  0C:0F49    A$lcd$3776
  0C:0F4A    A$lcd$3777
  0C:0F4B    A$lcd$3780
  0C:0F4E    A$lcd$3781
  0C:0F50    A$lcd$3782
  0C:0F51    A$lcd$3785
  0C:0F54    A$lcd$3798
  0C:0F55    A$lcd$3799
  0C:0F56    A$lcd$3800
  0C:0F59    A$lcd$3801
  0C:0F5A    A$lcd$3802
  0C:0F5D    A$lcd$3804
  0C:0F5E    A$lcd$3805
  0C:0F61    A$lcd$3806
  0C:0F62    A$lcd$3809
  0C:0F65    A$lcd$3811
  0C:0F66    A$lcd$3812
  0C:0F67    A$lcd$3815
  0C:0F6A    A$lcd$3816
  0C:0F6C    A$lcd$3817
  0C:0F6D    A$lcd$3820
  0C:0F70    A$lcd$3821
  0C:0F72    A$lcd$3822
  0C:0F73    A$lcd$3825
  0C:0F76    A$lcd$3838
  0C:0F77    A$lcd$3839
  0C:0F78    A$lcd$3840
  0C:0F7B    A$lcd$3841
  0C:0F7C    A$lcd$3842
  0C:0F7F    A$lcd$3844
  0C:0F80    A$lcd$3845
  0C:0F83    A$lcd$3846
  0C:0F84    A$lcd$3849
  0C:0F87    A$lcd$3862
  0C:0F88    A$lcd$3863
  0C:0F89    A$lcd$3864
  0C:0F8C    A$lcd$3865
  0C:0F8D    A$lcd$3866
  0C:0F90    A$lcd$3868
  0C:0F91    A$lcd$3869
  0C:0F94    A$lcd$3870
  0C:0F95    A$lcd$3873
  0C:0F98    A$lcd$3874
  0C:0F9A    A$lcd$3875
  0C:0F9B    A$lcd$3878
  0C:0F9E    A$lcd$3891
  0C:0F9F    A$lcd$3892
  0C:0FA0    A$lcd$3893
  0C:0FA3    A$lcd$3894
  0C:0FA4    A$lcd$3895
  0C:0FA7    A$lcd$3897
  0C:0FA8    A$lcd$3898
  0C:0FAB    A$lcd$3899
  0C:0FAC    A$lcd$3902
  0C:0FAF    A$lcd$3903
  0C:0FB1    A$lcd$3904
  0C:0FB2    A$lcd$3907
  0C:0FB5    A$lcd$3908
  0C:0FB7    A$lcd$3909
  0C:0FB8    A$lcd$3912
  0C:0FBB    A$lcd$3913
  0C:0FBD    A$lcd$3914
  0C:0FBE    A$lcd$3917
  0C:0FC1    A$lcd$3918
  0C:0FC3    A$lcd$3919
  0C:0FC4    A$lcd$3922
  0C:0FC7    A$lcd$3923
  0C:0FC9    A$lcd$3924
  0C:0FCA    A$lcd$3927
  0C:0FCD    A$lcd$3928
  0C:0FCF    A$lcd$3929
  0C:0FD0    A$lcd$3932
  0C:0FD3    A$lcd$3933
  0C:0FD5    A$lcd$3934
  0C:0FD6    A$lcd$3937
  0C:0FD9    A$lcd$3938
  0C:0FDB    A$lcd$3939
  0C:0FDC    A$lcd$3942
  0C:0FDF    A$lcd$3943
  0C:0FE1    A$lcd$3944
  0C:0FE2    A$lcd$3947
  0C:0FE5    A$lcd$3948
  0C:0FE7    A$lcd$3949
  0C:0FE8    A$lcd$3952
  0C:0FEB    A$lcd$3953
  0C:0FED    A$lcd$3954
  0C:0FEE    A$lcd$3957
  0C:0FF1    A$lcd$3958
  0C:0FF3    A$lcd$3959
  0C:0FF4    A$lcd$3962
  0C:0FF7    A$lcd$3963
  0C:0FF9    A$lcd$3964
  0C:0FFA    A$lcd$3967
  0C:0FFD    A$lcd$3968
  0C:0FFF    A$lcd$3969
  0C:1000    A$lcd$3972
  0C:1003    A$lcd$3973
  0C:1005    A$lcd$3974
  0C:1006    A$lcd$3977
  0C:1009    A$lcd$3978
  0C:100B    A$lcd$3979
  0C:100C    A$lcd$3982
  0C:100F    A$lcd$3983
  0C:1011    A$lcd$3984
  0C:1012    A$lcd$3987
  0C:1015    A$lcd$3988
  0C:1017    A$lcd$3989
  0C:1018    A$lcd$3992
  0C:101B    A$lcd$3993
  0C:101D    A$lcd$3994
  0C:101E    A$lcd$3997
  0C:1021    A$lcd$4010
  0C:1022    A$lcd$4011
  0C:1023    A$lcd$4012
[...]
  0C:25E6    A$uart$1532
  0C:25E7    A$uart$1536
  0C:25E8    A$uart$1539
  0C:25EB    A$uart$1545
  0C:25EB    C$uart.c$152$2$11
  0C:25EC    A$uart$1546
  0C:25EE    A$uart$1547
  0C:25F0    A$uart$1549
  0C:25F1    A$uart$1550
  0C:25F3    A$uart$1551
  0C:25F5    A$uart$1554
  0C:25F6    A$uart$1556
  0C:25F7    A$uart$1558
  0C:25F9    A$uart$1559
  0C:25FB    A$uart$1560
  0C:25FE    A$uart$1561
  0C:2600    A$uart$1566
  0C:2600    C$uart.c$150$1$1
  0C:2601    A$uart$1568
  0C:2603    A$uart$1576
  0C:2603    C$uart.c$154$1$1
  0C:2603    C$uart.c$155$1$1
  0C:2603    XG$print_number_hex$0$0
  0C:2604    A$uart$1598
  0C:2604    C$uart.c$162$1$1
  0C:2604    C$uart.c$165$1$1
  0C:2604    C$uart.c$168$1$1
  0C:2604    G$getchar$0$0
  0C:2604    _getchar
  0C:2607    A$uart$1599
  0C:2609    A$uart$1604
  0C:2609    C$uart.c$169$1$1
  0C:260C    A$uart$1608
  0C:260C    C$uart.c$170$1$1
  0C:260C    XG$getchar$0$0
  0C:260D    A$uart$1622
  0C:260D    C$uart.c$178$1$1
  0C:260D    G$putchar$0$0
  0C:260D    _putchar
  0C:260F    A$uart$1623
  0C:2612    A$uart$1624
  0C:2613    A$uart$1631
  0C:2613    C$uart.c$180$1$1
  0C:2616    A$uart$1636
  0C:2616    C$uart.c$181$1$1
  0C:2619    A$uart$1637
  0C:261A    A$uart$1638
  0C:261C    A$uart$1642
  0C:261C    C$uart.c$182$1$1
  0C:261E    A$uart$1646
  0C:261E    C$uart.c$183$1$1
  0C:261E    XG$putchar$0$0
  0C:261F    A$uart$1661
  0C:261F    C$uart.c$189$1$1
  0C:261F    C$uart.c$192$1$1
  0C:261F    G$init_hardware$0$0
  0C:261F    _init_hardware
  0C:2622    A$uart$1665
  0C:2622    C$uart.c$193$1$1
  0C:2625    A$uart$1669
  0C:2625    C$uart.c$194$1$1
  0C:2628    A$uart$1673
  0C:2628    C$uart.c$195$1$1
  0C:262B    A$uart$1677
  0C:262B    C$uart.c$196$1$1
  0C:262E    A$uart$1681
  0C:262E    C$uart.c$197$1$1
  0C:2631    A$uart$1685
  0C:2631    C$uart.c$198$1$1
  0C:2633    A$uart$1689
  0C:2633    C$uart.c$199$1$1
  0C:2633    XG$init_hardware$0$0
  0C:2634    A$uart$1703
  0C:2634    C$uart.c$206$1$1
  0C:2634    G$my_printf$0$0
  0C:2634    _my_printf
  0C:2636    A$uart$1704
  0C:2638    A$uart$1705
  0C:263B    A$uart$1706
  0C:263C    A$uart$1707
  0C:263D    A$uart$1708
  0C:263E    A$uart$1709
  0C:263F    A$uart$1713
  0C:263F    C$uart.c$208$1$1
  0C:2642    A$uart$1714
  0C:2643    A$uart$1715
  0C:2644    A$uart$1716
  0C:2645    A$uart$1717
  0C:2646    A$uart$1718
  0C:2647    A$uart$1722
  0C:2649    A$uart$1723
  0C:264B    A$uart$1724
  0C:264C    A$uart$1728
  0C:264D    A$uart$1730
  0C:264F    A$uart$1735
  0C:264F    C$uart.c$210$2$2
  0C:2651    A$uart$1736
  0C:2653    A$uart$1737
  0C:2655    A$uart$1738
  0C:2658    A$uart$1739
  0C:265A    A$uart$1740
  0C:265C    A$uart$1745
  0C:265C    C$uart.c$211$2$2
  0C:265D    A$uart$1746
  0C:2660    A$uart$1747
  0C:2661    A$uart$1750
  0C:2664    A$uart$1751
  0C:2665    A$uart$1752
  0C:2666    A$uart$1753
  0C:2667    A$uart$1754
  0C:2668    A$uart$1755
  0C:2669    A$uart$1757
  0C:266B    A$uart$1760
  0C:266E    A$uart$1761
  0C:266F    A$uart$1762
  0C:2670    A$uart$1763
  0C:2671    A$uart$1764
  0C:2672    A$uart$1765
  0C:2673    A$uart$1772
  0C:2673    C$uart.c$213$1$1
  0C:2673    C$uart.c$214$1$1
  0C:2673    XG$my_printf$0$0
  0C:2674    A$uart$1790
  0C:2674    C$uart.c$221$1$1
  0C:2674    G$print_number$0$0
  0C:2674    _print_number
  0C:2676    A$uart$1791
  0C:2678    A$uart$1792
  0C:267A    A$uart$1793
  0C:267B    A$uart$1794
  0C:267E    A$uart$1795
  0C:267F    A$uart$1796
  0C:2680    A$uart$1797
  0C:2681    A$uart$1798
  0C:2682    A$uart$1799
  0C:2683    A$uart$1800
  0C:2684    A$uart$1801
  0C:2685    A$uart$1802
  0C:2686    A$uart$1803
  0C:2687    A$uart$1804
  0C:2688    A$uart$1805
  0C:2689    A$uart$1809
  0C:2689    C$uart.c$225$2$2
  0C:268B    A$uart$1815
  0C:268B    C$uart.c$227$2$2
  0C:268C    A$uart$1816
  0C:268E    A$uart$1817
  0C:268F    A$uart$1819
  0C:2690    A$uart$1820
  0C:2692    A$uart$1821
  0C:2693    A$uart$1823
  0C:2696    A$uart$1824
  0C:2697    A$uart$1825
  0C:2699    A$uart$1826
  0C:269A    A$uart$1827
  0C:269B    A$uart$1828
  0C:269D    A$uart$1829
  0C:269E    A$uart$1830
  0C:269F    A$uart$1831
  0C:26A1    A$uart$1832
  0C:26A2    A$uart$1833
  0C:26A3    A$uart$1834
  0C:26A5    A$uart$1836
  0C:26A8    A$uart$1837
  0C:26AA    A$uart$1838
  0C:26AB    A$uart$1839
  0C:26AC    A$uart$1840
  0C:26AD    A$uart$1841
  0C:26AE    A$uart$1842
  0C:26AF    A$uart$1843
  0C:26B0    A$uart$1844
  0C:26B1    A$uart$1845
  0C:26B2    A$uart$1847
  0C:26B5    A$uart$1848
  0C:26B8    A$uart$1849
  0C:26BB    A$uart$1850
  0C:26BD    A$uart$1851
  0C:26BF    A$uart$1852
  0C:26C1    A$uart$1853
  0C:26C3    A$uart$1854
  0C:26C6    A$uart$1855
  0C:26C8    A$uart$1856
  0C:26CA    A$uart$1857
  0C:26CC    A$uart$1858
  0C:26CD    A$uart$1859
  0C:26CF    A$uart$1860
  0C:26D1    A$uart$1861
  0C:26D3    A$uart$1865
  0C:26D5    A$uart$1867
  0C:26D6    A$uart$1870
  0C:26D7    A$uart$1871
  0C:26D9    A$uart$1872
  0C:26DB    A$uart$1874
  0C:26DC    A$uart$1878
  0C:26DC    C$uart.c$228$1$1
  0C:26DF    A$uart$1879
  0C:26E1    A$uart$1880
  0C:26E2    A$uart$1881
  0C:26E3    A$uart$1882
  0C:26E4    A$uart$1883
  0C:26E5    A$uart$1884
  0C:26E6    A$uart$1885
  0C:26E7    A$uart$1886
  0C:26E8    A$uart$1887
  0C:26E9    A$uart$1889
  0C:26EC    A$uart$1890
  0C:26EF    A$uart$1891
  0C:26F2    A$uart$1892
  0C:26F4    A$uart$1893
  0C:26F6    A$uart$1894
  0C:26F9    A$uart$1895
  0C:26FB    A$uart$1896
  0C:26FD    A$uart$1897
  0C:26FF    A$uart$1898
  0C:2700    A$uart$1899
  0C:2702    A$uart$1901
  0C:2705    A$uart$1902
  0C:2706    A$uart$1903
  0C:2707    A$uart$1904
  0C:2708    A$uart$1905
  0C:2709    A$uart$1906
  0C:270A    A$uart$1907
  0C:270B    A$uart$1908
  0C:270C    A$uart$1909
  0C:270D    A$uart$1910
  0C:270E    A$uart$1911
  0C:270F    A$uart$1912
  0C:2710    A$uart$1917
  0C:2710    C$uart.c$229$2$2
  0C:2711    A$uart$1921
  0C:2711    C$uart.c$230$1$1
  0C:2714    A$uart$1922
  0C:2715    A$uart$1923
  0C:2716    A$uart$1924
  0C:2717    A$uart$1925
  0C:2718    A$uart$1926
  0C:2719    A$uart$1927
  0C:271A    A$uart$1928
  0C:271B    A$uart$1929
  0C:271C    A$uart$1930
  0C:271D    A$uart$1931
  0C:271E    A$uart$1932
  0C:271F    A$uart$1934
  0C:2720    A$uart$1935
  0C:2721    A$uart$1936
  0C:2722    A$uart$1937
  0C:2723    A$uart$1939
  0C:2725    A$uart$1940
  0C:2728    A$uart$1946
  0C:2729    A$uart$1947
  0C:272A    A$uart$1949
  0C:272D    A$uart$1950
  0C:272E    A$uart$1952
  0C:2731    A$uart$1953
  0C:2732    A$uart$1954
  0C:2733    A$uart$1958
  0C:2734    A$uart$1961
  0C:2737    A$uart$1967
  0C:2737    C$uart.c$233$2$3
  0C:2738    A$uart$1968
  0C:273A    A$uart$1969
  0C:273C    A$uart$1971
  0C:273D    A$uart$1972
  0C:273F    A$uart$1973
  0C:2741    A$uart$1976
  0C:2742    A$uart$1978
  0C:2743    A$uart$1980
  0C:2745    A$uart$1981
  0C:2747    A$uart$1982
  0C:274A    A$uart$1983
  0C:274C    A$uart$1988
  0C:274C    C$uart.c$231$1$1
  0C:274D    A$uart$1990
  0C:274F    A$uart$1998
  0C:274F    C$uart.c$235$1$1
  0C:274F    C$uart.c$236$1$1
  0C:274F    XG$print_number$0$0
  0C:2750    A$uart$2017
  0C:2750    C$uart.c$244$1$1
  0C:2750    G$fetch_number$0$0
  0C:2750    _fetch_number
  0C:2752    A$uart$2018
  0C:2755    A$uart$2019
  0C:2756    A$uart$2023
  0C:2756    C$uart.c$246$1$1
  0C:2759    A$uart$2031
  0C:2759    C$uart.c$247$1$1
  0C:275A    A$uart$2032
  0C:275B    A$uart$2033
  0C:275E    A$uart$2034
  0C:275F    A$uart$2035
  0C:2762    A$uart$2037
  0C:2763    A$uart$2038
  0C:2764    A$uart$2039
  0C:2765    A$uart$2044
  0C:2765    C$uart.c$248$3$3
  0C:2768    A$uart$2045
  0C:2769    A$uart$2046
  0C:276A    A$uart$2049
  0C:276D    A$uart$2050
  0C:2770    A$uart$2055
  0C:2770    C$uart.c$250$2$2
  0C:2773    A$uart$2056
  0C:2775    A$uart$2058
  0C:2778    A$uart$2059
  0C:2779    A$uart$2060
  0C:277A    A$uart$2065
  0C:277A    C$uart.c$251$2$2
  0C:277D    A$uart$2070
  0C:277F    A$uart$2077
  0C:2780    A$uart$2078
  0C:2782    A$uart$2079
  0C:2784    A$uart$2086
  0C:2784    C$uart.c$252$2$2
  0C:2787    A$uart$2091
  0C:2789    A$uart$2098
  0C:278A    A$uart$2099
  0C:278C    A$uart$2100
  0C:278E    A$uart$2107
  0C:278E    C$uart.c$253$2$2
  0C:2791    A$uart$2112
  0C:2793    A$uart$2118
  0C:2794    A$uart$2119
  0C:2796    A$uart$2122
  0C:2798    A$uart$2128
  0C:2798    C$uart.c$255$3$3
  0C:279A    A$uart$2129
  0C:279C    A$uart$2130
  0C:279F    A$uart$2131
  0C:27A1    A$uart$2135
  0C:27A1    C$uart.c$256$3$3
  0C:27A4    A$uart$2136
  0C:27A5    A$uart$2138
  0C:27A6    A$uart$2140
  0C:27A8    A$uart$2141
  0C:27A9    A$uart$2143
  0C:27AA    A$uart$2144
  0C:27AC    A$uart$2145
  0C:27AD    A$uart$2147
  0C:27AF    A$uart$2148
  0C:27B1    A$uart$2149
  0C:27B3    A$uart$2150
  0C:27B5    A$uart$2151
  0C:27B8    A$uart$2152
  0C:27BA    A$uart$2153
  0C:27BC    A$uart$2154
  0C:27BE    A$uart$2155
  0C:27C0    A$uart$2158
  0C:27C2    A$uart$2159
  0C:27C4    A$uart$2160
  0C:27C5    A$uart$2161
  0C:27C6    A$uart$2165
  0C:27C6    C$uart.c$257$3$3
  0C:27C9    A$uart$2167
  0C:27CB    A$uart$2169
  0C:27CC    A$uart$2170
  0C:27CD    A$uart$2172
  0C:27CF    A$uart$2178
  0C:27CF    C$uart.c$259$2$2
  0C:27D2    A$uart$2179
  0C:27D4    A$uart$2181
  0C:27D7    A$uart$2186
  0C:27D7    C$uart.c$261$3$4
  0C:27DA    A$uart$2187
  0C:27DD    A$uart$2191
  0C:27DD    C$uart.c$262$3$4
  0C:27E0    A$uart$2192
  0C:27E3    A$uart$2196
  0C:27E3    C$uart.c$263$3$4
  0C:27E6    A$uart$2197
  0C:27E9    A$uart$2201
  0C:27E9    C$uart.c$264$3$4
  0C:27EC    A$uart$2202
  0C:27ED    A$uart$2205
  0C:27EE    A$uart$2207
  0C:27EF    A$uart$2209
  0C:27F2    A$uart$2210
  0C:27F3    A$uart$2211
  0C:27F6    A$uart$2216
  0C:27F9    A$uart$2217
  0C:27FA    A$uart$2218
  0C:27FB    A$uart$2220
  0C:27FE    A$uart$2221
  0C:27FF    A$uart$2222
  0C:2800    A$uart$2224
  0C:2802    A$uart$2228
  0C:2803    A$uart$2229
  0C:2804    A$uart$2230
  0C:2805    A$uart$2233
  0C:2807    A$uart$2238
  0C:2807    C$uart.c$269$2$5
  0C:280A    A$uart$2239
  0C:280B    A$uart$2240
  0C:280C    A$uart$2241
  0C:280D    A$uart$2242
  0C:280E    A$uart$2243
  0C:280F    A$uart$2245
  0C:2812    A$uart$2246
  0C:2813    A$uart$2247
  0C:2814    A$uart$2248
  0C:2815    A$uart$2250
  0C:2816    A$uart$2251
  0C:2817    A$uart$2253
  0C:2819    A$uart$2254
  0C:281B    A$uart$2255
  0C:281D    A$uart$2256
  0C:281F    A$uart$2257
  0C:2821    A$uart$2258
  0C:2824    A$uart$2259
  0C:2826    A$uart$2260
  0C:2829    A$uart$2261
  0C:282B    A$uart$2262
  0C:282D    A$uart$2263
  0C:282F    A$uart$2265
  0C:2832    A$uart$2266
  0C:2833    A$uart$2267
  0C:2834    A$uart$2268
  0C:2836    A$uart$2269
  0C:2837    A$uart$2274
  0C:2837    C$uart.c$270$2$5
  0C:2838    A$uart$2275
  0C:283A    A$uart$2276
  0C:283C    A$uart$2278
  0C:283D    A$uart$2279
  0C:283F    A$uart$2280
  0C:2841    A$uart$2283
  0C:2842    A$uart$2284
  0C:2843    A$uart$2286
  0C:2845    A$uart$2288
  0C:2848    A$uart$2289
  0C:2849    A$uart$2290
  0C:284A    A$uart$2291
  0C:284B    A$uart$2292
  0C:284C    A$uart$2293
  0C:284D    A$uart$2295
  0C:2850    A$uart$2297
  0C:2851    A$uart$2299
  0C:2852    A$uart$2300
  0C:2853    A$uart$2302
  0C:2854    A$uart$2304
  0C:2855    A$uart$2305
  0C:2856    A$uart$2306
  0C:2857    A$uart$2311
  0C:2857    C$uart.c$267$1$1
  0C:2858    A$uart$2313
  0C:285A    A$uart$2318
  0C:285A    C$uart.c$272$1$1
  0C:285D    A$uart$2319
  0C:285E    A$uart$2320
  0C:285F    A$uart$2321
  0C:2860    A$uart$2322
  0C:2861    A$uart$2327
  0C:2861    C$uart.c$273$1$1
  0C:2861    XG$fetch_number$0$0
  0C:2863    A$uart$2328
  0C:2865    A$uart$2330
  0C:2866    A$uart$2347
  0C:2866    C$uart.c$280$1$1
  0C:2866    G$ms_delay$0$0
  0C:2866    _ms_delay
  0C:2868    A$uart$2348
  0C:286A    A$uart$2349
  0C:286C    A$uart$2350
  0C:286D    A$uart$2351
  0C:2870    A$uart$2352
  0C:2871    A$uart$2353
  0C:2872    A$uart$2354
  0C:2873    A$uart$2355
  0C:2874    A$uart$2356
  0C:2875    A$uart$2357
  0C:2876    A$uart$2358
  0C:2877    A$uart$2359
  0C:2878    A$uart$2360
  0C:2879    A$uart$2361
  0C:287A    A$uart$2362
  0C:287B    A$uart$2366
  0C:287E    A$uart$2367
  0C:287F    A$uart$2368
  0C:2880    A$uart$2369
  0C:2881    A$uart$2370
  0C:2882    A$uart$2371
  0C:2883    A$uart$2372
  0C:2884    A$uart$2373
  0C:2885    A$uart$2374
  0C:2886    A$uart$2375
  0C:2887    A$uart$2376
  0C:2888    A$uart$2377
  0C:2889    A$uart$2379
  0C:288B    A$uart$2380
  0C:288D    A$uart$2381
  0C:288F    A$uart$2382
  0C:2891    A$uart$2386
  0C:2892    A$uart$2387
  0C:2893    A$uart$2388
  0C:2894    A$uart$2389
  0C:2895    A$uart$2390
  0C:2896    A$uart$2391
  0C:2897    A$uart$2392
  0C:2898    A$uart$2393
  0C:2899    A$uart$2394
  0C:289A    A$uart$2397
  0C:289C    A$uart$2402
  0C:289C    C$uart.c$285$1$1
  0C:289F    A$uart$2403
  0C:28A2    A$uart$2404
  0C:28A5    A$uart$2405
  0C:28A8    A$uart$2409
  0C:28AA    A$uart$2410
  0C:28AC    A$uart$2411
  0C:28AF    A$uart$2412
  0C:28B1    A$uart$2413
  0C:28B4    A$uart$2414
  0C:28B6    A$uart$2415
  0C:28B9    A$uart$2416
  0C:28BB    A$uart$2419
  0C:28BD    A$uart$2420
  0C:28BF    A$uart$2421
  0C:28C1    A$uart$2422
  0C:28C3    A$uart$2425
  0C:28C5    A$uart$2432
  0C:28C5    C$uart.c$283$1$1
  0C:28C6    A$uart$2433
  0C:28C9    A$uart$2434
  0C:28CA    A$uart$2435
  0C:28CD    A$uart$2436
  0C:28CE    A$uart$2437
  0C:28D1    A$uart$2438
  0C:28D2    A$uart$2440
  0C:28D4    A$uart$2448
  0C:28D4    C$uart.c$287$1$1
  0C:28D4    C$uart.c$288$1$1
  0C:28D4    XG$ms_delay$0$0
  0C:28D5    A$uart$2465
  0C:28D5    C$uart.c$296$1$1
  0C:28D5    G$us_delay$0$0
  0C:28D5    _us_delay
  0C:28D7    A$uart$2466
  0C:28D9    A$uart$2467
  0C:28DB    A$uart$2468
  0C:28DC    A$uart$2469
  0C:28DF    A$uart$2470
  0C:28E0    A$uart$2471
  0C:28E1    A$uart$2472
  0C:28E2    A$uart$2473
  0C:28E3    A$uart$2474
  0C:28E4    A$uart$2475
  0C:28E5    A$uart$2476
  0C:28E6    A$uart$2477
  0C:28E7    A$uart$2478
  0C:28E8    A$uart$2479
  0C:28E9    A$uart$2480
  0C:28EA    A$uart$2484
  0C:28EA    C$uart.c$299$1$1
  0C:28ED    A$uart$2485
  0C:28EE    A$uart$2486
  0C:28F0    A$uart$2487
  0C:28F1    A$uart$2488
  0C:28F2    A$uart$2489
  0C:28F4    A$uart$2490
  0C:28F5    A$uart$2491
  0C:28F6    A$uart$2492
  0C:28F8    A$uart$2493
  0C:28F9    A$uart$2494
  0C:28FA    A$uart$2495
  0C:28FC    A$uart$2497
  0C:28FE    A$uart$2498
  0C:2900    A$uart$2499
  0C:2902    A$uart$2500
  0C:2904    A$uart$2503
  0C:2907    A$uart$2504
  0C:290A    A$uart$2505
  0C:290D    A$uart$2506
  0C:290F    A$uart$2507
  0C:2911    A$uart$2508
  0C:2913    A$uart$2509
  0C:2915    A$uart$2510
  0C:2917    A$uart$2511
  0C:291A    A$uart$2512
  0C:291C    A$uart$2513
  0C:291E    A$uart$2514
  0C:2920    A$uart$2515
  0C:2921    A$uart$2516
  0C:2923    A$uart$2517
  0C:2925    A$uart$2518
  0C:2927    A$uart$2519
  0C:2929    A$uart$2521
  0C:292B    A$uart$2522
  0C:292D    A$uart$2523
  0C:292F    A$uart$2524
  0C:2931    A$uart$2525
  0C:2933    A$uart$2526
  0C:2935    A$uart$2527
  0C:2937    A$uart$2528
  0C:2939    A$uart$2529
  0C:293B    A$uart$2530
  0C:293D    A$uart$2531
  0C:293F    A$uart$2532
  0C:2941    A$uart$2534
  0C:2943    A$uart$2535
  0C:2945    A$uart$2536
  0C:2947    A$uart$2537
  0C:2948    A$uart$2538
  0C:294B    A$uart$2539
  0C:294E    A$uart$2540
  0C:2951    A$uart$2541
  0C:2954    A$uart$2542
  0C:2956    A$uart$2543
  0C:2958    A$uart$2544
  0C:295A    A$uart$2545
  0C:295C    A$uart$2546
  0C:295E    A$uart$2547
  0C:2960    A$uart$2548
  0C:2962    A$uart$2549
  0C:2964    A$uart$2551
  0C:2966    A$uart$2552
  0C:2968    A$uart$2553
  0C:296A    A$uart$2554
  0C:296B    A$uart$2555
  0C:296D    A$uart$2556
  0C:296F    A$uart$2557
  0C:2971    A$uart$2558
  0C:2973    A$uart$2559
  0C:2976    A$uart$2560
  0C:2978    A$uart$2561
  0C:297A    A$uart$2562
  0C:297C    A$uart$2563
  0C:297D    A$uart$2564
  0C:297F    A$uart$2565
  0C:2981    A$uart$2566
  0C:2983    A$uart$2567
  0C:2985    A$uart$2569
  0C:2987    A$uart$2570
  0C:2989    A$uart$2571
  0C:298B    A$uart$2572
  0C:298D    A$uart$2573
  0C:298F    A$uart$2574
  0C:2991    A$uart$2575
  0C:2993    A$uart$2576
  0C:2995    A$uart$2578
  0C:2997    A$uart$2579
  0C:2999    A$uart$2580
  0C:299B    A$uart$2581
  0C:299C    A$uart$2582
  0C:299F    A$uart$2583
  0C:29A1    A$uart$2584
  0C:29A3    A$uart$2585
  0C:29A5    A$uart$2586
  0C:29A7    A$uart$2587
  0C:29A9    A$uart$2588
  0C:29AB    A$uart$2589
  0C:29AD    A$uart$2590
  0C:29AF    A$uart$2592
  0C:29B0    A$uart$2595
  0C:29B2    A$uart$2599
  0C:29B3    A$uart$2600
  0C:29B6    A$uart$2601
  0C:29B7    A$uart$2602
  0C:29BA    A$uart$2603
  0C:29BB    A$uart$2604
  0C:29BE    A$uart$2605
  0C:29BF    A$uart$2607
  0C:29C2    A$uart$2615
  0C:29C2    C$uart.c$300$1$1
  0C:29C2    C$uart.c$301$1$1
  0C:29C2    XG$us_delay$0$0
  0C:29C3    A$uart$2627
  0C:29C3    C$uart.c$307$1$1
  0C:29C3    G$wake_up$0$0
  0C:29C3    _wake_up
  0C:29C5    A$uart$2628
  0C:29C7    A$uart$2629
  0C:29C9    A$uart$2633
  0C:29C9    C$uart.c$309$1$1
  0C:29CC    A$uart$2635
  0C:29CD    A$uart$2636
  0C:29CE    A$uart$2638
  0C:29D0    A$uart$2639
  0C:29D2    A$uart$2640
  0C:29D4    A$uart$2643
  0C:29D4    C$uart.c$310$1$1
  0C:29D4    XG$wake_up$0$0
  0C:29D5    __modulong
  0C:2B1E    ___fsmul
  0C:2BC1    fsgetargs
  0C:2BEF    __divulong
  0C:2CFB    fs_normalize_a
  0C:2D24    ___ulong2fs
  0C:2D2D    ulong2fs_doit
  0C:2D37    ___fslt
  0C:2D67    __mulint
  0C:2D87    fs_compare_uint32
  0C:2DA5    fs_check_negative_zeros
  0C:2DD0    fs_round_and_return
  0C:2DE8    fs_zerocheck_return
  0C:2DF1    fs_return_zero
  0C:2DF9    fs_direct_return
  0C:2E07    fs_return_inf
  0C:2E14    fs_return_nan

Hexadecimal

Area                               Addr   Size   Decimal Bytes (Attributes)
--------------------------------   ----   ----   ------- ----- ------------
CONST                              2E1F   0000 =      0. bytes (REL,CON,CODE)

Hexadecimal

Area                               Addr   Size   Decimal Bytes (Attributes)
--------------------------------   ----   ----   ------- ----- ------------
XINIT                              2E1F   0000 =      0. bytes (REL,CON,CODE)
ASxxxx Linker V01.70 + NoICE + SDCC Feb 1999,  page 1.

Files Linked      [ module(s) ]

obj\Debug\i2c.rel
obj\Debug\lcd.rel
obj\Debug\main.rel
obj\Debug\uart.rel

Libraries Linked            [   object  file   ]

C:\Program Files (x86)\SDCC\bin\..\lib\large/liblong.lib    [    _modulong.rel ]
C:\Program Files (x86)\SDCC\bin\..\lib\large/libfloat.lib    [           _fsmul ]
C:\Program Files (x86)\SDCC\bin\..\lib\large/libfloat.lib    [      _fsget2args ]
C:\Program Files (x86)\SDCC\bin\..\lib\large/liblong.lib    [    _divulong.rel ]
C:\Program Files (x86)\SDCC\bin\..\lib\large/mcs51.lib    [     crtclear.rel ]
C:\Program Files (x86)\SDCC\bin\..\lib\large/libfloat.lib    [     _fsnormalize ]
C:\Program Files (x86)\SDCC\bin\..\lib\large/mcs51.lib    [     crtxinit.rel ]
C:\Program Files (x86)\SDCC\bin\..\lib\large/libfloat.lib    [        _ulong2fs ]
C:\Program Files (x86)\SDCC\bin\..\lib\large/libfloat.lib    [            _fslt ]
C:\Program Files (x86)\SDCC\bin\..\lib\large/libint.lib    [          _mulint ]
C:\Program Files (x86)\SDCC\bin\..\lib\large/mcs51.lib    [    crtxclear.rel ]
C:\Program Files (x86)\SDCC\bin\..\lib\large/libfloat.lib    [           _fscmp ]
C:\Program Files (x86)\SDCC\bin\..\lib\large/libfloat.lib    [     _fsreturnval ]
C:\Program Files (x86)\SDCC\bin\..\lib\large/mcs51.lib    [   crtpagesfr.rel ]
C:\Program Files (x86)\SDCC\bin\..\lib\large/mcs51.lib    [     crtstart.rel ]

ASxxxx Linker V01.70 + NoICE + SDCC Feb 1999,  page 2.

User Base Address Definitions

HOME = 0x0000
ISEG = 0x0080
BSEG = 0x0000

