
Hexadecimal

Area                               Addr   Size   Decimal Bytes (Attributes)
--------------------------------   ----   ----   ------- ----- ------------
.  .ABS.                           0000   0000 =      0. bytes (ABS,CON)

      Value  Global
   --------  --------------------------------
     0000    l_BIT_BANK
     0000    l_CONST
     0000    l_GSINIT1
     0000    l_GSINIT5
     0000    l_ISEG
     0000    l_PSEG
     0000    l_REG_BANK_1
     0000    l_REG_BANK_2
     0000    l_REG_BANK_3
     0000    l_RSEG
     0000    l_XINIT
     0000    l_XISEG
     0000    l__CODE
     0000    s_BSEG
     0000    s_DSEG
     0000    s_HOME
     0000    s_PSEG
     0000    s_REG_BANK_0
     0000    s_XSEG
     0000    s__CODE
     0001    l_BSEG
     0001    l_BSEG_BYTES
     0003    l_GSFINAL
     0003    l_GSINIT0
     0004    l_OSEG
     0008    l_REG_BANK_0
     0008    s_REG_BANK_1
     000A    l_GSINIT2
     0010    s_REG_BANK_2
     0018    s_REG_BANK_3
     0020    s_BSEG_BYTES
     0021    s_BIT_BANK
     0022    l_GSINIT3
     0026    l_HOME
     0026    s_GSINIT0
     0029    s_GSINIT1
     0029    s_GSINIT2
     002A    l_GSINIT4
     0031    s_OSEG
     0033    s_GSINIT3
     0035    s_RSEG
     0035    s_SSEG
     0055    s_GSINIT4
     007D    l_DSEG
     007F    s_GSINIT
     007F    s_GSINIT5
     0080    G$P0$0$0
     0080    G$P0_0$0$0
     0080    _P0
     0080    _P0_0
     0080    s_ISEG
     0081    G$P0_1$0$0
     0081    G$SP$0$0
     0081    _P0_1
     0081    _SP
     0082    G$DP0L$0$0
     0082    G$DPL$0$0
     0082    G$P0_2$0$0
     0082    _DP0L
     0082    _DPL
     0082    _P0_2
     0083    G$DP0H$0$0
     0083    G$DPH$0$0
     0083    G$P0_3$0$0
     0083    _DP0H
     0083    _DPH
     0083    _P0_3
     0084    G$P0_4$0$0
     0084    _P0_4
     0085    G$P0_5$0$0
     0085    _P0_5
     0086    G$P0_6$0$0
     0086    _P0_6
     0087    G$P0_7$0$0
     0087    G$PCON$0$0
     0087    _P0_7
     0087    _PCON
     0088    G$IT0$0$0
     0088    G$TCON$0$0
     0088    _IT0
     0088    _TCON
     0089    G$IE0$0$0
     0089    G$TMOD$0$0
     0089    _IE0
     0089    _TMOD
     008A    G$IT1$0$0
     008A    G$TL0$0$0
     008A    _IT1
     008A    _TL0
     008B    G$IE1$0$0
     008B    G$TL1$0$0
     008B    _IE1
     008B    _TL1
     008C    G$TH0$0$0
     008C    G$TR0$0$0
     008C    _TH0
     008C    _TR0
     008D    G$TF0$0$0
     008D    G$TH1$0$0
     008D    _TF0
     008D    _TH1
     008E    G$AUXR$0$0
     008E    G$TR1$0$0
     008E    _AUXR
     008E    _TR1
     008F    G$TF1$0$0
     008F    _TF1
     0090    G$P1$0$0
     0090    G$P1_0$0$0
     0090    _P1
     0090    _P1_0
     0091    G$P1_1$0$0
     0091    _P1_1
     0092    G$P1_2$0$0
     0092    _P1_2
     0093    G$P1_3$0$0
     0093    _P1_3
     0094    G$P1_4$0$0
     0094    _P1_4
     0095    G$P1_5$0$0
     0095    _P1_5
     0096    G$P1_6$0$0
     0096    _P1_6
     0097    G$CKRL$0$0
     0097    G$P1_7$0$0
     0097    _CKRL
     0097    _P1_7
     0098    G$RI$0$0
     0098    G$SCON$0$0
     0098    _RI
     0098    _SCON
     0099    G$SBUF$0$0
     0099    G$SBUF0$0$0
     0099    G$TI$0$0
     0099    _SBUF
     0099    _SBUF0
     0099    _TI
     009A    G$BRL$0$0
     009A    G$RB8$0$0
     009A    _BRL
     009A    _RB8
     009B    G$BDRCON$0$0
     009B    G$TB8$0$0
     009B    _BDRCON
     009B    _TB8
     009C    G$KBLS$0$0
     009C    G$REN$0$0
     009C    _KBLS
     009C    _REN
     009D    G$KBE$0$0
     009D    G$SM2$0$0
     009D    _KBE
     009D    _SM2
     009E    G$KBF$0$0
     009E    G$SM1$0$0
     009E    _KBF
     009E    _SM1
     009F    G$SM0$0$0
     009F    _SM0
     00A0    G$P2$0$0
     00A0    G$P2_0$0$0
     00A0    _P2
     00A0    _P2_0
     00A0    __XPAGE
     00A1    G$P2_1$0$0
     00A1    _P2_1
     00A2    G$AUXR1$0$0
     00A2    G$P2_2$0$0
     00A2    _AUXR1
     00A2    _P2_2
     00A3    G$P2_3$0$0
     00A3    _P2_3
     00A4    G$P2_4$0$0
     00A4    _P2_4
     00A5    G$P2_5$0$0
     00A5    _P2_5
     00A6    G$P2_6$0$0
     00A6    G$WDTRST$0$0
     00A6    _P2_6
     00A6    _WDTRST
     00A7    G$P2_7$0$0
     00A7    G$WDTPRG$0$0
     00A7    _P2_7
     00A7    _WDTPRG
     00A8    G$EX0$0$0
     00A8    G$IE$0$0
     00A8    G$IEN0$0$0
     00A8    _EX0
     00A8    _IE
     00A8    _IEN0
     00A9    G$ET0$0$0
     00A9    G$SADDR$0$0
     00A9    _ET0
     00A9    _SADDR
     00AA    G$EX1$0$0
     00AA    _EX1
     00AB    G$ET1$0$0
     00AB    _ET1
     00AC    G$ES$0$0
     00AC    _ES
     00AD    G$ET2$0$0
     00AD    _ET2
     00AE    G$EC$0$0
     00AE    _EC
     00AF    G$EA$0$0
     00AF    _EA
     00B0    G$P3$0$0
     00B0    G$P3_0$0$0
     00B0    G$RXD$0$0
     00B0    G$RXD0$0$0
     00B0    _P3
     00B0    _P3_0
     00B0    _RXD
     00B0    _RXD0
     00B1    G$IEN1$0$0
     00B1    G$P3_1$0$0
     00B1    G$TXD$0$0
     00B1    G$TXD0$0$0
     00B1    _IEN1
     00B1    _P3_1
     00B1    _TXD
     00B1    _TXD0
     00B2    G$INT0$0$0
     00B2    G$IPL1$0$0
     00B2    G$P3_2$0$0
     00B2    _INT0
     00B2    _IPL1
     00B2    _P3_2
     00B3    G$INT1$0$0
     00B3    G$IPH1$0$0
     00B3    G$P3_3$0$0
     00B3    _INT1
     00B3    _IPH1
     00B3    _P3_3
     00B4    G$P3_4$0$0
     00B4    G$T0$0$0
     00B4    _P3_4
     00B4    _T0
     00B5    G$P3_5$0$0
     00B5    G$T1$0$0
     00B5    _P3_5
     00B5    _T1
     00B6    G$P3_6$0$0
     00B6    G$WR$0$0
     00B6    _P3_6
     00B6    _WR
     00B7    G$IPH0$0$0
     00B7    G$P3_7$0$0
     00B7    G$RD$0$0
     00B7    _IPH0
     00B7    _P3_7
     00B7    _RD
     00B8    G$IP$0$0
     00B8    G$IPL0$0$0
     00B8    G$PX0$0$0
     00B8    G$PX0L$0$0
     00B8    _IP
     00B8    _IPL0
     00B8    _PX0
     00B8    _PX0L
     00B9    G$PT0$0$0
     00B9    G$PT0L$0$0
     00B9    G$SADEN$0$0
     00B9    _PT0
     00B9    _PT0L
     00B9    _SADEN
     00BA    G$PX1$0$0
     00BA    G$PX1L$0$0
     00BA    _PX1
     00BA    _PX1L
     00BB    G$PT1$0$0
     00BB    G$PT1L$0$0
     00BB    _PT1
     00BB    _PT1L
     00BC    G$PLS$0$0
     00BC    G$PS$0$0
     00BC    _PLS
     00BC    _PS
     00BD    G$PT2$0$0
     00BD    G$PT2L$0$0
     00BD    _PT2
     00BD    _PT2L
     00BE    G$PPCL$0$0
     00BE    _PPCL
     00C0    G$P4$0$0
     00C0    G$P4_0$0$0
     00C0    _P4
     00C0    _P4_0
     00C1    G$P4_1$0$0
     00C1    _P4_1
     00C2    G$P4_2$0$0
     00C2    _P4_2
     00C3    G$P4_3$0$0
     00C3    G$SPCON$0$0
     00C3    _P4_3
     00C3    _SPCON
     00C4    G$P4_4$0$0
     00C4    G$SPSTA$0$0
     00C4    _P4_4
     00C4    _SPSTA
     00C5    G$P4_5$0$0
     00C5    G$SPDAT$0$0
     00C5    _P4_5
     00C5    _SPDAT
     00C6    G$P4_6$0$0
     00C6    _P4_6
     00C7    G$P4_7$0$0
     00C7    _P4_7
     00C8    G$CP_RL2$0$0
     00C8    G$T2CON$0$0
     00C8    G$T2CON_0$0$0
     00C8    _CP_RL2
     00C8    _T2CON
     00C8    _T2CON_0
     00C9    G$C_T2$0$0
     00C9    G$T2CON_1$0$0
     00C9    G$T2MOD$0$0
     00C9    _C_T2
     00C9    _T2CON_1
     00C9    _T2MOD
     00CA    G$RCAP2L$0$0
     00CA    G$T2CON_2$0$0
     00CA    G$TR2$0$0
     00CA    _RCAP2L
     00CA    _T2CON_2
     00CA    _TR2
     00CB    G$EXEN2$0$0
     00CB    G$RCAP2H$0$0
     00CB    G$T2CON_3$0$0
     00CB    _EXEN2
     00CB    _RCAP2H
     00CB    _T2CON_3
     00CB    l_SSEG
     00CC    G$T2CON_4$0$0
     00CC    G$TCLK$0$0
     00CC    G$TL2$0$0
     00CC    _T2CON_4
     00CC    _TCLK
     00CC    _TL2
     00CD    G$RCLK$0$0
     00CD    G$T2CON_5$0$0
     00CD    G$TH2$0$0
     00CD    _RCLK
     00CD    _T2CON_5
     00CD    _TH2
     00CE    G$EXF2$0$0
     00CE    G$T2CON_6$0$0
     00CE    _EXF2
     00CE    _T2CON_6
     00CF    G$T2CON_7$0$0
     00CF    G$TF2$0$0
     00CF    _T2CON_7
     00CF    _TF2
     00D0    G$P$0$0
     00D0    G$PSW$0$0
     00D0    _P
     00D0    _PSW
     00D1    G$F1$0$0
     00D1    _F1
     00D2    G$EECON$0$0
     00D2    G$OV$0$0
     00D2    _EECON
     00D2    _OV
     00D3    G$RS0$0$0
     00D3    _RS0
     00D4    G$RS1$0$0
     00D4    _RS1
     00D5    G$F0$0$0
     00D5    _F0
     00D6    G$AC$0$0
     00D6    _AC
     00D7    G$CY$0$0
     00D7    _CY
     00D8    G$CCF0$0$0
     00D8    G$CCON$0$0
     00D8    _CCF0
     00D8    _CCON
     00D9    G$CCF1$0$0
     00D9    G$CMOD$0$0
     00D9    _CCF1
     00D9    _CMOD
     00DA    G$CCAPM0$0$0
     00DA    G$CCF2$0$0
     00DA    _CCAPM0
     00DA    _CCF2
     00DB    G$CCAPM1$0$0
     00DB    G$CCF3$0$0
     00DB    _CCAPM1
     00DB    _CCF3
     00DC    G$CCAPM2$0$0
     00DC    G$CCF4$0$0
     00DC    _CCAPM2
     00DC    _CCF4
     00DD    G$CCAPM3$0$0
     00DD    _CCAPM3
     00DE    G$CCAPM4$0$0
     00DE    G$CR$0$0
     00DE    _CCAPM4
     00DE    _CR
     00DF    G$CF$0$0
     00DF    _CF
     00E0    G$ACC$0$0
     00E0    _ACC
     00E8    G$P5$0$0
     00E8    G$P5_0$0$0
     00E8    _P5
     00E8    _P5_0
     00E9    G$CL$0$0
     00E9    G$P5_1$0$0
     00E9    _CL
     00E9    _P5_1
     00EA    G$CCAP0L$0$0
     00EA    G$P5_2$0$0
     00EA    _CCAP0L
     00EA    _P5_2
     00EB    G$CCAP1L$0$0
     00EB    G$P5_3$0$0
     00EB    _CCAP1L
     00EB    _P5_3
     00EC    G$CCAP2L$0$0
     00EC    G$P5_4$0$0
     00EC    _CCAP2L
     00EC    _P5_4
     00ED    G$CCAP3L$0$0
     00ED    G$P5_5$0$0
     00ED    _CCAP3L
     00ED    _P5_5
     00EE    G$CCAP4L$0$0
     00EE    G$P5_6$0$0
     00EE    _CCAP4L
     00EE    _P5_6
     00EF    G$P5_7$0$0
     00EF    _P5_7
     00F0    G$B$0$0
     00F0    G$BREG_F0$0$0
     00F0    _B
     00F0    _BREG_F0
     00F1    G$BREG_F1$0$0
     00F1    _BREG_F1
     00F2    G$BREG_F2$0$0
     00F2    _BREG_F2
     00F3    G$BREG_F3$0$0
     00F3    _BREG_F3
     00F4    G$BREG_F4$0$0
     00F4    _BREG_F4
     00F5    G$BREG_F5$0$0
     00F5    _BREG_F5
     00F6    G$BREG_F6$0$0
     00F6    _BREG_F6
     00F7    G$BREG_F7$0$0
     00F7    _BREG_F7
     00F9    G$CH$0$0
     00F9    _CH
     00FA    G$CCAP0H$0$0
     00FA    _CCAP0H
     00FB    G$CCAP1H$0$0
     00FB    _CCAP1H
     00FC    G$CCAP2H$0$0
     00FC    _CCAP2H
     00FD    G$CCAP3H$0$0
     00FD    _CCAP3H
     00FE    G$CCAP4H$0$0
     00FE    _CCAP4H
     0100    l_IRAM
     04A3    l_GSINIT
     0522    s_GSFINAL
     0525    s_CSEG
     0554    l_XSEG
     0554    s_XISEG
     33FC    l_CSEG
     3921    s_CONST
     3921    s_XINIT

Hexadecimal

Area                               Addr   Size   Decimal Bytes (Attributes)
--------------------------------   ----   ----   ------- ----- ------------
_CODE                              0000   0000 =      0. bytes (REL,CON)

Hexadecimal

Area                               Addr   Size   Decimal Bytes (Attributes)
--------------------------------   ----   ----   ------- ----- ------------
REG_BANK_0                         0000   0008 =      8. bytes (REL,OVR)

Hexadecimal

Area                               Addr   Size   Decimal Bytes (Attributes)
--------------------------------   ----   ----   ------- ----- ------------
REG_BANK_1                         0008   0000 =      0. bytes (REL,OVR)

Hexadecimal

Area                               Addr   Size   Decimal Bytes (Attributes)
--------------------------------   ----   ----   ------- ----- ------------
REG_BANK_2                         0010   0000 =      0. bytes (REL,OVR)

Hexadecimal

Area                               Addr   Size   Decimal Bytes (Attributes)
--------------------------------   ----   ----   ------- ----- ------------
REG_BANK_3                         0018   0000 =      0. bytes (REL,OVR)

Hexadecimal

Area                               Addr   Size   Decimal Bits  (Attributes)
--------------------------------   ----   ----   ------- ----- ------------
BSEG                               0000   0001 =      1. bits  (REL,CON,BIT)

Hexadecimal

Area                               Addr   Size   Decimal Bytes (Attributes)
--------------------------------   ----   ----   ------- ----- ------------
BSEG_BYTES                         0020   0001 =      1. bytes (REL,CON)

Hexadecimal

Area                               Addr   Size   Decimal Bytes (Attributes)
--------------------------------   ----   ----   ------- ----- ------------
BIT_BANK                           0021   0000 =      0. bytes (REL,OVR)

Hexadecimal

Area                               Addr   Size   Decimal Bytes (Attributes)
--------------------------------   ----   ----   ------- ----- ------------
DSEG                               0000   007D =    125. bytes (REL,CON)

      Value  Global
   --------  --------------------------------
     0008    Li2c_eeprom_flush$sloc0$1$0
     000A    Llcd_print_number$sloc0$1$0
     000B    Llcd_print_number$sloc1$1$0
     000C    Llcd_print_number$sloc3$1$0
     0010    Llcd_cu_boulder$sloc0$1$0
     0011    Llcd_cu_boulder$sloc1$1$0
     0012    Lrtc_diplay$sloc0$1$0
     0013    Lrtc_diplay$sloc1$1$0
     0021    Lprint_number_hex$sloc1$1$0
     0025    Lprint_number$sloc1$1$0
     0029    Lus_delay$sloc0$1$0
     002D    Lus_delay$sloc1$1$0

Hexadecimal

Area                               Addr   Size   Decimal Bytes (Attributes)
--------------------------------   ----   ----   ------- ----- ------------
OSEG                               0031   0004 =      4. bytes (REL,OVR)

      Value  Global
   --------  --------------------------------
     0031    Lms_delay$sloc0$1$0
     0031    __divulong_sloc0_1_0
     0031    __modulong_sloc0_1_0
     0031    _ms_delay_sloc0_1_0

Hexadecimal

Area                               Addr   Size   Decimal Bytes (Attributes)
--------------------------------   ----   ----   ------- ----- ------------
ISEG                               0080   0000 =      0. bytes (REL,CON)

Hexadecimal

Area                               Addr   Size   Decimal Bytes (Attributes)
--------------------------------   ----   ----   ------- ----- ------------
SSEG                               0035   00CB =    203. bytes (REL,OVR)

      Value  Global
   --------  --------------------------------
     0035    __start__stack

Hexadecimal

Area                               Addr   Size   Decimal Bytes (Attributes)
--------------------------------   ----   ----   ------- ----- ------------
RSEG                               0035   0000 =      0. bytes (REL,CON)

Hexadecimal

Area                               Addr   Size   Decimal Bytes (Attributes)
--------------------------------   ----   ----   ------- ----- ------------
PSEG                               0000   0000 =      0. bytes (REL,CON,PAG,XDATA)

Hexadecimal

Area                               Addr   Size   Decimal Bytes (Attributes)
--------------------------------   ----   ----   ------- ----- ------------
XSEG                               0000   0554 =   1364. bytes (REL,CON,XDATA)

      Value  Global
   --------  --------------------------------
  0D:0008    Lwrite_byte$data_byte$1$1
  0D:0009    Lread_byte$value$1$1
  0D:000A    Leeprom_write$data_byte$1$1
  0D:000A    _eeprom_write_PARM_2
  0D:000B    Leeprom_write$address$1$1
  0D:000D    Leeprom_write$address_LSB$1$1
  0D:000E    Leeprom_read$address$1$1
  0D:0010    Leeprom_read$address_LSB$1$1
  0D:0011    Li2c_eeprom_flush$i2c_eeprom_flush_txt$1$1
  0D:0026    Li2c_io_expander_write$data_byte$1$1
  0D:002F    Llcd_print_number$display_width$1$1
  0D:002F    _lcd_print_number_PARM_2
  0D:0030    Llcd_print_number$number$1$1
  0D:0034    Llcd_print_number$temp_ascii_store$1$1
  0D:003E    Llcd_print_number$counter$1$1
  0D:003F    Llcd_row_shifter$lcd_row_base_address$1$1
  0D:0043    Llcd_ddram_flush$ddram_flush_txt$1$1
  0D:0053    Llcd_cgram_flush$cgram_flush_txt$1$1
  0D:0063    Llcd_go_to_addr$address$1$1
  0D:0064    Llcd_go_to_addr$invalid_address_txt$1$1
  0D:0076    Llcd_go_to_x_y$column$1$1
  0D:0076    _lcd_go_to_x_y_PARM_2
  0D:0077    Llcd_go_to_x_y$row$1$1
  0D:0078    Llcd_go_to_x_y$invalid_row_txt$1$1
  0D:008D    Llcd_go_to_x_y$invalid_column_txt$1$1
  0D:00A5    Llcd_go_to_x_y$lcd_row_base_address$1$1
  0D:00A9    Llcd_command_write$data_byte$1$1
  0D:00AA    Llcd_put_ch$data_byte$1$1
  0D:00AB    Llcd_put_str$text_ptr$1$1
  0D:00AD    Llcd_custom_character_creation$number_of_custom_characters$1$1
  0D:00AE    Llcd_custom_character_creation$Base_query_txt$1$1
  0D:00CE    Llcd_custom_character_creation$character_number_txt$1$1
  0D:00DB    Llcd_custom_character_creation$row_number_txt$1$1
  0D:00E2    Llcd_cu_boulder$cu_boulder_array$1$1
  0D:01C2    Llcd_cu_boulder$array_counter$1$1
  0D:01C6    Llcd_cu_boulder$temp_char$1$1
  0D:01CF    Lmain$Welcome_txt$1$1
  0D:01FC    Lmain$Welcome_lcd_txt$1$1
  0D:021C    Lmain$Instructions_txt$1$1
  0D:0376    Lmain$Enter_data_txt$1$1
  0D:0384    Lmain$Enter_Address_txt$1$1
  0D:0395    Lmain$Write_mode_txt$1$1
  0D:03A2    Lmain$Write_complete_txt$1$1
  0D:03B4    Lmain$Read_mode_txt$1$1
  0D:03C1    Lmain$Data_read_txt$1$1
  0D:03CE    Lmain$Read_complete_txt$1$1
  0D:03DF    Lmain$LCD_address_jump_txt$1$1
  0D:03F2    Lmain$LCD_coordinate_jump_txt$1$1
  0D:040A    Lmain$xcoordinate_txt$1$1
  0D:0426    Lmain$ycoordinate_txt$1$1
  0D:0445    Lmain$custom_character_txt$1$1
  0D:0498    Lmain$invalid_txt$1$1
  0D:04A8    Lmain$invalid_address$1$1
  0D:04BA    Lmain$DAC_on_txt$1$1
  0D:04C6    Lmain$DAC_off_txt$1$1
  0D:04D4    G$lcd_current_column$0$0
  0D:04D4    _lcd_current_column
  0D:04D5    G$lcd_current_row$0$0
  0D:04D5    _lcd_current_row
  0D:04D6    G$timer_on_off_flag$0$0
  0D:04D6    _timer_on_off_flag
  0D:04D7    G$time$0$0
  0D:04D7    _time
  0D:04DB    Lrtc_interrupt_handler$counter$1$1
  0D:04DD    Lrtc_diplay$tenth_of_second$1$1
  0D:04DE    Lrtc_diplay$seconds$1$1
  0D:04DF    Lrtc_diplay$minutes$1$1
  0D:04E0    Lrtc_diplay$prev_seconds$1$1
  0D:04E1    Lrtc_diplay$prev_minutes$1$1
  0D:04E2    G$loop$0$0
  0D:04E2    _loop
  0D:04E3    Lint_to_char$temp$1$1
  0D:04E5    Lchar_to_int$temp$1$1
  0D:04E6    Lprint_number_hex$display_width$1$1
  0D:04E6    _print_number_hex_PARM_2
  0D:04E7    Lprint_number_hex$number$1$1
  0D:04EB    Lprint_number_hex$temp_ascii_store$1$1
  0D:04F5    Lprint_number_hex$counter$1$1
  0D:04F6    Lputchar$c$1$1
  0D:04F7    Lmy_printf$text_ptr$1$1
  0D:04F9    Lprint_number$number$1$1
  0D:04FD    Lprint_number$temp_ascii_store$1$1
  0D:0507    Lprint_number$counter$1$1
  0D:0508    Lfetch_number$base$1$1
  0D:0509    Lfetch_number$scanned_digit$1$1
  0D:050A    Lfetch_number$digit_array$1$1
  0D:051E    Lfetch_number$digit_counter$1$1
  0D:051F    Lfetch_number$number$1$1
  0D:0521    Lms_delay$time$1$1
  0D:0525    Lus_delay$time$1$1
  0D:0529    __modslong_PARM_2
  0D:0531    __modulong_PARM_2
  0D:053A    __divslong_PARM_2
  0D:0542    __divulong_PARM_2
  0D:054E    __mulint_PARM_2
  0D:0550    __mullong_PARM_2

Hexadecimal

Area                               Addr   Size   Decimal Bytes (Attributes)
--------------------------------   ----   ----   ------- ----- ------------
XISEG                              0554   0000 =      0. bytes (REL,CON,XDATA)

Hexadecimal

Area                               Addr   Size   Decimal Bytes (Attributes)
--------------------------------   ----   ----   ------- ----- ------------
HOME                               0000   0026 =     38. bytes (REL,CON,CODE)

      Value  Global
   --------  --------------------------------
  0C:0000    A$main$775
  0C:0003    A$main$776
  0C:000B    A$main$778
  0C:0013    A$main$780
  0C:001B    A$main$782
  0C:0023    A$main$784

Hexadecimal

Area                               Addr   Size   Decimal Bytes (Attributes)
--------------------------------   ----   ----   ------- ----- ------------
GSINIT0                            0026   0003 =      3. bytes (REL,CON,CODE)

      Value  Global
   --------  --------------------------------
  0C:0026    __sdcc_gsinit_startup

Hexadecimal

Area                               Addr   Size   Decimal Bytes (Attributes)
--------------------------------   ----   ----   ------- ----- ------------
GSINIT1                            0029   0000 =      0. bytes (REL,CON,CODE)

Hexadecimal

Area                               Addr   Size   Decimal Bytes (Attributes)
--------------------------------   ----   ----   ------- ----- ------------
GSINIT2                            0029   000A =     10. bytes (REL,CON,CODE)

Hexadecimal

Area                               Addr   Size   Decimal Bytes (Attributes)
--------------------------------   ----   ----   ------- ----- ------------
GSINIT3                            0033   0022 =     34. bytes (REL,CON,CODE)

      Value  Global
   --------  --------------------------------
  0C:0033    __mcs51_genXINIT

Hexadecimal

Area                               Addr   Size   Decimal Bytes (Attributes)
--------------------------------   ----   ----   ------- ----- ------------
GSINIT4                            0055   002A =     42. bytes (REL,CON,CODE)

      Value  Global
   --------  --------------------------------
  0C:0055    __mcs51_genRAMCLEAR
  0C:005B    __mcs51_genXRAMCLEAR

Hexadecimal

Area                               Addr   Size   Decimal Bytes (Attributes)
--------------------------------   ----   ----   ------- ----- ------------
GSINIT5                            007F   0000 =      0. bytes (REL,CON,CODE)

Hexadecimal

Area                               Addr   Size   Decimal Bytes (Attributes)
--------------------------------   ----   ----   ------- ----- ------------
GSINIT                             007F   04A3 =   1187. bytes (REL,CON,CODE)

      Value  Global
   --------  --------------------------------
  0C:007F    A$lcd$795
  0C:007F    C$lcd.c$350$1$1
  0C:0082    A$lcd$796
  0C:0084    A$lcd$797
  0C:0085    A$lcd$800
  0C:0088    A$lcd$801
  0C:008A    A$lcd$802
  0C:008B    A$lcd$805
  0C:008E    A$lcd$806
  0C:0090    A$lcd$807
  0C:0091    A$lcd$810
  0C:0094    A$lcd$811
  0C:0096    A$lcd$812
  0C:0097    A$lcd$815
  0C:009A    A$lcd$816
  0C:009C    A$lcd$817
  0C:009D    A$lcd$820
  0C:00A0    A$lcd$821
  0C:00A2    A$lcd$822
  0C:00A3    A$lcd$825
  0C:00A6    A$lcd$826
  0C:00A8    A$lcd$827
  0C:00A9    A$lcd$830
  0C:00AC    A$lcd$831
  0C:00AE    A$lcd$832
  0C:00AF    A$lcd$835
  0C:00B2    A$lcd$836
  0C:00B4    A$lcd$837
  0C:00B5    A$lcd$840
  0C:00B8    A$lcd$853
  0C:00B9    A$lcd$854
  0C:00BA    A$lcd$855
  0C:00BD    A$lcd$856
  0C:00BE    A$lcd$857
  0C:00C1    A$lcd$859
  0C:00C2    A$lcd$860
  0C:00C5    A$lcd$861
  0C:00C6    A$lcd$864
  0C:00C9    A$lcd$866
  0C:00CA    A$lcd$867
  0C:00CB    A$lcd$870
  0C:00CE    A$lcd$871
  0C:00D0    A$lcd$872
  0C:00D1    A$lcd$875
  0C:00D4    A$lcd$876
  0C:00D6    A$lcd$877
  0C:00D7    A$lcd$880
  0C:00DA    A$lcd$881
  0C:00DC    A$lcd$882
  0C:00DD    A$lcd$885
  0C:00E0    A$lcd$898
  0C:00E1    A$lcd$899
  0C:00E2    A$lcd$900
  0C:00E5    A$lcd$901
  0C:00E6    A$lcd$902
  0C:00E9    A$lcd$904
  0C:00EA    A$lcd$905
  0C:00ED    A$lcd$906
  0C:00EE    A$lcd$909
  0C:00F1    A$lcd$911
  0C:00F2    A$lcd$912
  0C:00F3    A$lcd$915
  0C:00F6    A$lcd$916
  0C:00F8    A$lcd$917
  0C:00F9    A$lcd$920
  0C:00FC    A$lcd$921
  0C:00FE    A$lcd$922
  0C:00FF    A$lcd$925
  0C:0102    A$lcd$926
  0C:0104    A$lcd$927
  0C:0105    A$lcd$930
  0C:0108    A$lcd$931
  0C:010A    A$lcd$932
  0C:010B    A$lcd$935
  0C:010E    A$lcd$948
  0C:010F    A$lcd$949
  0C:0110    A$lcd$950
  0C:0113    A$lcd$951
  0C:0114    A$lcd$952
  0C:0117    A$lcd$954
  0C:0118    A$lcd$955
  0C:011B    A$lcd$956
  0C:011C    A$lcd$959
  0C:011F    A$lcd$960
  0C:0121    A$lcd$961
  0C:0122    A$lcd$964
  0C:0125    A$lcd$965
  0C:0127    A$lcd$966
  0C:0128    A$lcd$969
  0C:012B    A$lcd$971
  0C:012C    A$lcd$972
  0C:012D    A$lcd$975
  0C:0130    A$lcd$976
  0C:0132    A$lcd$977
  0C:0133    A$lcd$980
  0C:0136    A$lcd$981
  0C:0138    A$lcd$982
  0C:0139    A$lcd$985
  0C:013C    A$lcd$986
  0C:013E    A$lcd$987
  0C:013F    A$lcd$990
  0C:0142    A$lcd$991
  0C:0144    A$lcd$992
  0C:0145    A$lcd$995
  0C:0148    A$lcd$996
  0C:014A    A$lcd$997
  0C:014B    A$lcd$1000
  0C:014E    A$lcd$1001
  0C:0150    A$lcd$1002
  0C:0151    A$lcd$1005
  0C:0154    A$lcd$1006
  0C:0156    A$lcd$1007
  0C:0157    A$lcd$1010
  0C:015A    A$lcd$1023
  0C:015B    A$lcd$1024
  0C:015C    A$lcd$1025
  0C:015F    A$lcd$1026
  0C:0160    A$lcd$1027
  0C:0163    A$lcd$1029
  0C:0164    A$lcd$1030
  0C:0167    A$lcd$1031
  0C:0168    A$lcd$1034
  0C:016B    A$lcd$1047
  0C:016C    A$lcd$1048
  0C:016D    A$lcd$1049
  0C:0170    A$lcd$1050
  0C:0171    A$lcd$1051
  0C:0174    A$lcd$1053
  0C:0175    A$lcd$1054
  0C:0178    A$lcd$1055
  0C:0179    A$lcd$1058
  0C:017C    A$lcd$1071
  0C:017D    A$lcd$1072
  0C:017E    A$lcd$1073
  0C:0181    A$lcd$1074
  0C:0182    A$lcd$1075
  0C:0185    A$lcd$1077
  0C:0186    A$lcd$1078
  0C:0189    A$lcd$1079
  0C:018A    A$lcd$1082
  0C:018D    A$lcd$1095
  0C:018E    A$lcd$1096
  0C:018F    A$lcd$1097
  0C:0192    A$lcd$1098
  0C:0193    A$lcd$1099
  0C:0196    A$lcd$1101
  0C:0197    A$lcd$1102
  0C:019A    A$lcd$1103
  0C:019B    A$lcd$1106
  0C:019E    A$lcd$1107
  0C:01A0    A$lcd$1108
  0C:01A1    A$lcd$1111
  0C:01A4    A$lcd$1112
  0C:01A6    A$lcd$1113
  0C:01A7    A$lcd$1116
  0C:01AA    A$lcd$1117
  0C:01AC    A$lcd$1118
  0C:01AD    A$lcd$1121
  0C:01B0    A$lcd$1122
  0C:01B2    A$lcd$1123
  0C:01B3    A$lcd$1126
  0C:01B6    A$lcd$1127
  0C:01B8    A$lcd$1128
  0C:01B9    A$lcd$1131
  0C:01BC    A$lcd$1132
  0C:01BE    A$lcd$1133
  0C:01BF    A$lcd$1136
  0C:01C2    A$lcd$1137
  0C:01C4    A$lcd$1138
  0C:01C5    A$lcd$1141
  0C:01C8    A$lcd$1142
  0C:01CA    A$lcd$1143
  0C:01CB    A$lcd$1146
  0C:01CE    A$lcd$1147
  0C:01D0    A$lcd$1148
  0C:01D1    A$lcd$1151
  0C:01D4    A$lcd$1152
  0C:01D6    A$lcd$1153
  0C:01D7    A$lcd$1156
  0C:01DA    A$lcd$1157
  0C:01DC    A$lcd$1158
  0C:01DD    A$lcd$1161
  0C:01E0    A$lcd$1162
  0C:01E2    A$lcd$1163
  0C:01E3    A$lcd$1166
  0C:01E6    A$lcd$1167
  0C:01E8    A$lcd$1168
  0C:01E9    A$lcd$1171
  0C:01EC    A$lcd$1172
  0C:01EE    A$lcd$1173
  0C:01EF    A$lcd$1176
  0C:01F2    A$lcd$1177
  0C:01F4    A$lcd$1178
  0C:01F5    A$lcd$1181
  0C:01F8    A$lcd$1182
  0C:01FA    A$lcd$1183
  0C:01FB    A$lcd$1186
  0C:01FE    A$lcd$1187
  0C:0200    A$lcd$1188
  0C:0201    A$lcd$1191
  0C:0204    A$lcd$1204
  0C:0205    A$lcd$1205
  0C:0206    A$lcd$1206
  0C:0209    A$lcd$1207
  0C:020A    A$lcd$1208
  0C:020D    A$lcd$1210
  0C:020E    A$lcd$1211
  0C:0211    A$lcd$1212
  0C:0212    A$lcd$1215
  0C:0215    A$lcd$1224
  0C:0216    A$lcd$1225
  0C:0217    A$lcd$1226
  0C:021A    A$lcd$1227
  0C:021B    A$lcd$1228
  0C:021E    A$lcd$1230
  0C:021F    A$lcd$1233
  0C:0222    A$lcd$1234
  0C:0224    A$lcd$1235
  0C:0225    A$lcd$1238
  0C:0228    A$lcd$1239
  0C:022A    A$lcd$1240
  0C:022B    A$lcd$1243
  0C:022E    A$lcd$1244
  0C:0230    A$lcd$1245
  0C:0231    A$lcd$1248
  0C:0234    A$lcd$1249
  0C:0236    A$lcd$1250
  0C:0237    A$lcd$1253
  0C:023A    A$lcd$1254
  0C:023C    A$lcd$1255
  0C:023D    A$lcd$1258
  0C:0240    A$lcd$1259
  0C:0242    A$lcd$1260
  0C:0243    A$lcd$1263
  0C:0246    A$lcd$1264
  0C:0248    A$lcd$1265
  0C:0249    A$lcd$1268
  0C:024C    A$lcd$1269
  0C:024E    A$lcd$1270
  0C:024F    A$lcd$1273
  0C:0252    A$lcd$1274
  0C:0254    A$lcd$1275
  0C:0255    A$lcd$1278
  0C:0258    A$lcd$1279
  0C:025A    A$lcd$1280
  0C:025B    A$lcd$1283
  0C:025E    A$lcd$1284
  0C:0260    A$lcd$1285
  0C:0261    A$lcd$1288
  0C:0264    A$lcd$1289
  0C:0266    A$lcd$1290
  0C:0267    A$lcd$1293
  0C:026A    A$lcd$1294
  0C:026C    A$lcd$1295
  0C:026D    A$lcd$1298
  0C:0270    A$lcd$1299
  0C:0272    A$lcd$1300
  0C:0273    A$lcd$1303
  0C:0276    A$lcd$1304
  0C:0278    A$lcd$1305
  0C:0279    A$lcd$1308
  0C:027C    A$lcd$1309
  0C:027E    A$lcd$1310
  0C:027F    A$lcd$1313
  0C:0282    A$lcd$1314
  0C:0284    A$lcd$1315
  0C:0285    A$lcd$1318
  0C:0288    A$lcd$1331
  0C:0289    A$lcd$1332
  0C:028A    A$lcd$1333
  0C:028D    A$lcd$1334
  0C:028E    A$lcd$1335
  0C:0291    A$lcd$1337
  0C:0292    A$lcd$1338
  0C:0295    A$lcd$1339
  0C:0296    A$lcd$1342
  0C:0299    A$lcd$1344
  0C:029A    A$lcd$1345
  0C:029B    A$lcd$1348
  0C:029E    A$lcd$1349
  0C:02A0    A$lcd$1350
  0C:02A1    A$lcd$1353
  0C:02A4    A$lcd$1354
  0C:02A6    A$lcd$1355
  0C:02A7    A$lcd$1358
  0C:02AA    A$lcd$1359
  0C:02AC    A$lcd$1360
  0C:02AD    A$lcd$1363
  0C:02B0    A$lcd$1364
  0C:02B2    A$lcd$1365
  0C:02B3    A$lcd$1368
  0C:02B6    A$lcd$1369
  0C:02B8    A$lcd$1370
  0C:02B9    A$lcd$1373
  0C:02BC    A$lcd$1374
  0C:02BE    A$lcd$1375
  0C:02BF    A$lcd$1378
  0C:02C2    A$lcd$1379
  0C:02C4    A$lcd$1380
  0C:02C5    A$lcd$1383
  0C:02C8    A$lcd$1384
  0C:02CA    A$lcd$1385
  0C:02CB    A$lcd$1388
  0C:02CE    A$lcd$1389
  0C:02D0    A$lcd$1390
  0C:02D1    A$lcd$1393
  0C:02D4    A$lcd$1395
  0C:02D5    A$lcd$1396
  0C:02D6    A$lcd$1399
  0C:02D9    A$lcd$1400
  0C:02DB    A$lcd$1401
  0C:02DC    A$lcd$1404
  0C:02DF    A$lcd$1405
  0C:02E1    A$lcd$1406
  0C:02E2    A$lcd$1409
  0C:02E5    A$lcd$1410
  0C:02E7    A$lcd$1411
  0C:02E8    A$lcd$1414
  0C:02EB    A$lcd$1415
  0C:02ED    A$lcd$1416
  0C:02EE    A$lcd$1419
  0C:02F1    A$lcd$1420
  0C:02F3    A$lcd$1421
  0C:02F4    A$lcd$1424
  0C:02F7    A$lcd$1425
  0C:02F9    A$lcd$1426
  0C:02FA    A$lcd$1429
  0C:02FD    A$lcd$1430
  0C:02FF    A$lcd$1431
  0C:0300    A$lcd$1434
  0C:0303    A$lcd$1436
  0C:0304    A$lcd$1437
  0C:0305    A$lcd$1440
  0C:0308    A$lcd$1441
  0C:030A    A$lcd$1442
  0C:030B    A$lcd$1445
  0C:030E    A$lcd$1458
  0C:030F    A$lcd$1459
  0C:0310    A$lcd$1460
  0C:0313    A$lcd$1461
  0C:0314    A$lcd$1462
  0C:0317    A$lcd$1464
  0C:0318    A$lcd$1465
  0C:031B    A$lcd$1466
  0C:031C    A$lcd$1469
  0C:031F    A$lcd$1471
  0C:0320    A$lcd$1472
  0C:0321    A$lcd$1475
  0C:0324    A$lcd$1476
  0C:0326    A$lcd$1477
  0C:0327    A$lcd$1480
  0C:032A    A$lcd$1481
  0C:032C    A$lcd$1482
  0C:032D    A$lcd$1485
  0C:0330    A$lcd$1498
  0C:0331    A$lcd$1499
  0C:0332    A$lcd$1500
  0C:0335    A$lcd$1501
  0C:0336    A$lcd$1502
  0C:0339    A$lcd$1504
  0C:033A    A$lcd$1505
  0C:033D    A$lcd$1506
  0C:033E    A$lcd$1509
  0C:0341    A$lcd$1522
  0C:0342    A$lcd$1523
  0C:0343    A$lcd$1524
  0C:0346    A$lcd$1525
  0C:0347    A$lcd$1526
  0C:034A    A$lcd$1528
  0C:034B    A$lcd$1529
  0C:034E    A$lcd$1530
  0C:034F    A$lcd$1533
  0C:0352    A$lcd$1534
  0C:0354    A$lcd$1535
  0C:0355    A$lcd$1538
  0C:0358    A$lcd$1551
  0C:0359    A$lcd$1552
  0C:035A    A$lcd$1553
  0C:035D    A$lcd$1554
  0C:035E    A$lcd$1555
  0C:0361    A$lcd$1557
  0C:0362    A$lcd$1558
  0C:0365    A$lcd$1559
  0C:0366    A$lcd$1562
  0C:0369    A$lcd$1563
  0C:036B    A$lcd$1564
  0C:036C    A$lcd$1567
  0C:036F    A$lcd$1568
  0C:0371    A$lcd$1569
  0C:0372    A$lcd$1572
  0C:0375    A$lcd$1573
  0C:0377    A$lcd$1574
  0C:0378    A$lcd$1577
  0C:037B    A$lcd$1578
  0C:037D    A$lcd$1579
  0C:037E    A$lcd$1582
  0C:0381    A$lcd$1583
  0C:0383    A$lcd$1584
  0C:0384    A$lcd$1587
  0C:0387    A$lcd$1588
  0C:0389    A$lcd$1589
  0C:038A    A$lcd$1592
  0C:038D    A$lcd$1593
  0C:038F    A$lcd$1594
  0C:0390    A$lcd$1597
  0C:0393    A$lcd$1598
  0C:0395    A$lcd$1599
  0C:0396    A$lcd$1602
  0C:0399    A$lcd$1603
  0C:039B    A$lcd$1604
  0C:039C    A$lcd$1607
  0C:039F    A$lcd$1608
  0C:03A1    A$lcd$1609
  0C:03A2    A$lcd$1612
  0C:03A5    A$lcd$1613
  0C:03A7    A$lcd$1614
  0C:03A8    A$lcd$1617
  0C:03AB    A$lcd$1618
  0C:03AD    A$lcd$1619
  0C:03AE    A$lcd$1622
  0C:03B1    A$lcd$1623
  0C:03B3    A$lcd$1624
  0C:03B4    A$lcd$1627
  0C:03B7    A$lcd$1628
  0C:03B9    A$lcd$1629
  0C:03BA    A$lcd$1632
  0C:03BD    A$lcd$1633
  0C:03BF    A$lcd$1634
  0C:03C0    A$lcd$1637
  0C:03C3    A$lcd$1638
  0C:03C5    A$lcd$1639
  0C:03C6    A$lcd$1642
  0C:03C9    A$lcd$1643
  0C:03CB    A$lcd$1644
  0C:03CC    A$lcd$1647
  0C:03CF    A$lcd$1648
  0C:03D1    A$lcd$1649
  0C:03D2    A$lcd$1652
  0C:03D5    A$lcd$1653
  0C:03D7    A$lcd$1654
  0C:03D8    A$lcd$1657
  0C:03DB    A$lcd$1670
  0C:03DC    A$lcd$1671
  0C:03DD    A$lcd$1672
  0C:03E0    A$lcd$1673
  0C:03E1    A$lcd$1674
  0C:03E4    A$lcd$1676
  0C:03E5    A$lcd$1677
  0C:03E8    A$lcd$1678
  0C:03E9    A$lcd$1681
  0C:03EC    A$lcd$1694
  0C:03ED    A$lcd$1695
  0C:03EE    A$lcd$1696
  0C:03F1    A$lcd$1697
  0C:03F2    A$lcd$1698
  0C:03F5    A$lcd$1700
  0C:03F6    A$lcd$1701
  0C:03F9    A$lcd$1702
  0C:03FA    A$lcd$1705
  0C:03FD    A$lcd$1718
  0C:03FE    A$lcd$1719
  0C:03FF    A$lcd$1720
  0C:0402    A$lcd$1721
  0C:0403    A$lcd$1722
  0C:0406    A$lcd$1724
  0C:0407    A$lcd$1725
  0C:040A    A$lcd$1726
  0C:040B    A$lcd$1729
  0C:040E    A$lcd$1742
  0C:040F    A$lcd$1743
  0C:0410    A$lcd$1744
  0C:0413    A$lcd$1745
  0C:0414    A$lcd$1746
  0C:0417    A$lcd$1748
  0C:0418    A$lcd$1749
  0C:041B    A$lcd$1750
  0C:041C    A$lcd$1753
  0C:041F    A$lcd$1754
  0C:0421    A$lcd$1755
  0C:0422    A$lcd$1758
  0C:0425    A$lcd$1759
  0C:0427    A$lcd$1760
  0C:0428    A$lcd$1763
  0C:042B    A$lcd$1764
  0C:042D    A$lcd$1765
  0C:042E    A$lcd$1768
  0C:0431    A$lcd$1769
  0C:0433    A$lcd$1770
  0C:0434    A$lcd$1773
  0C:0437    A$lcd$1786
  0C:0438    A$lcd$1787
  0C:0439    A$lcd$1788
  0C:043C    A$lcd$1789
  0C:043D    A$lcd$1790
  0C:0440    A$lcd$1792
  0C:0441    A$lcd$1793
  0C:0444    A$lcd$1794
  0C:0445    A$lcd$1797
  0C:0448    A$lcd$1806
  0C:0449    A$lcd$1807
  0C:044A    A$lcd$1808
  0C:044D    A$lcd$1809
  0C:044E    A$lcd$1810
  0C:0451    A$lcd$1812
  0C:0452    A$lcd$1815
  0C:0455    A$lcd$1816
  0C:0457    A$lcd$1817
  0C:0458    A$lcd$1820
  0C:045B    A$lcd$1821
  0C:045D    A$lcd$1822
  0C:045E    A$lcd$1825
  0C:0461    A$lcd$1826
  0C:0463    A$lcd$1827
  0C:0464    A$lcd$1830
  0C:0467    A$lcd$1831
  0C:0469    A$lcd$1832
  0C:046A    A$lcd$1835
  0C:046D    A$lcd$1836
  0C:046F    A$lcd$1837
  0C:0470    A$lcd$1840
  0C:0473    A$lcd$1841
  0C:0475    A$lcd$1842
  0C:0476    A$lcd$1845
  0C:0479    A$lcd$1846
  0C:047B    A$lcd$1847
  0C:047C    A$lcd$1850
  0C:047F    A$lcd$1863
  0C:0480    A$lcd$1864
  0C:0481    A$lcd$1865
  0C:0484    A$lcd$1866
  0C:0485    A$lcd$1867
  0C:0488    A$lcd$1869
  0C:0489    A$lcd$1870
  0C:048C    A$lcd$1871
  0C:048D    A$lcd$1874
  0C:0490    A$lcd$1876
  0C:0491    A$lcd$1877
  0C:0492    A$lcd$1880
  0C:0495    A$lcd$1881
  0C:0497    A$lcd$1882
  0C:0498    A$lcd$1885
  0C:049B    A$lcd$1886
  0C:049D    A$lcd$1887
  0C:049E    A$lcd$1890
  0C:04A1    A$lcd$1891
  0C:04A3    A$lcd$1892
  0C:04A4    A$lcd$1895
  0C:04A7    A$lcd$1908
  0C:04A8    A$lcd$1909
  0C:04A9    A$lcd$1910
  0C:04AC    A$lcd$1911
  0C:04AD    A$lcd$1912
  0C:04B0    A$lcd$1914
  0C:04B1    A$lcd$1915
  0C:04B4    A$lcd$1916
  0C:04B5    A$lcd$1919
  0C:04B8    A$lcd$1921
  0C:04B9    A$lcd$1922
  0C:04BA    A$lcd$1925
  0C:04BD    A$lcd$1926
  0C:04BF    A$lcd$1927
  0C:04C0    A$lcd$1930
  0C:04C3    A$lcd$1931
  0C:04C5    A$lcd$1932
  0C:04C6    A$lcd$1935
  0C:04C9    A$lcd$1936
  0C:04CB    A$lcd$1937
  0C:04CC    A$lcd$1940
  0C:04CF    A$lcd$1941
  0C:04D1    A$lcd$1942
  0C:04D2    A$lcd$1945
  0C:04D5    A$lcd$1946
  0C:04D7    A$lcd$1947
  0C:04D8    A$lcd$1950
  0C:04DB    A$lcd$1951
  0C:04DD    A$lcd$1952
  0C:04DE    A$lcd$1955
  0C:04E1    A$lcd$1956
  0C:04E3    A$lcd$1957
  0C:04E4    A$lcd$1960
  0C:04E7    A$lcd$1961
  0C:04E9    A$lcd$1962
  0C:04EA    A$lcd$1965
  0C:04ED    A$lcd$1966
  0C:04EF    A$lcd$1967
  0C:04F0    A$lcd$1970
  0C:04F3    A$lcd$1983
  0C:04F4    A$lcd$1984
  0C:04F5    A$lcd$1985
  0C:04F8    A$lcd$1986
  0C:04F9    A$lcd$1987
  0C:04FC    A$lcd$1989
  0C:04FD    A$lcd$1990
  0C:0500    A$lcd$1991
  0C:0501    A$lcd$1994
  0C:0504    A$lcd$2007
  0C:0505    A$lcd$2008
  0C:0506    A$lcd$2009
  0C:0509    A$lcd$2010
  0C:050A    A$lcd$2011
  0C:050D    A$lcd$2013
  0C:050E    A$lcd$2014
  0C:0511    A$lcd$2015
  0C:0512    A$rtc$751
  0C:0512    C$rtc.c$18$1$1
  0C:0515    A$rtc$752
  0C:0516    A$rtc$753
  0C:0517    A$rtc$754
  0C:0518    A$rtc$755
  0C:0519    A$rtc$773
  0C:0519    C$rtc.c$68$1$1
  0C:051C    A$rtc$778
  0C:051D    A$rtc$779
  0C:051E    A$rtc$780
  0C:0521    A$rtc$781

Hexadecimal

Area                               Addr   Size   Decimal Bytes (Attributes)
--------------------------------   ----   ----   ------- ----- ------------
GSFINAL                            0522   0003 =      3. bytes (REL,CON,CODE)

      Value  Global
   --------  --------------------------------
  0C:0522    A$main$799

Hexadecimal

Area                               Addr   Size   Decimal Bytes (Attributes)
--------------------------------   ----   ----   ------- ----- ------------
CSEG                               0525   33FC =  13308. bytes (REL,CON,CODE)

      Value  Global
   --------  --------------------------------
  0C:0525    A$i2c$747
  0C:0525    C$i2c.c$15$0$0
  0C:0525    C$i2c.c$17$1$1
  0C:0525    G$i2c_clock_tick$0$0
  0C:0525    _i2c_clock_tick
  0C:0527    A$i2c$751
  0C:0527    C$i2c.c$18$1$1
  0C:0529    A$i2c$758
  0C:0529    C$i2c.c$19$1$1
  0C:0529    C$i2c.c$20$1$1
  0C:0529    XG$i2c_clock_tick$0$0
  0C:052A    A$i2c$773
  0C:052A    C$i2c.c$27$1$1
  0C:052A    C$i2c.c$29$1$1
  0C:052A    G$acknowledge_check$0$0
  0C:052A    _acknowledge_check
  0C:052D    A$i2c$780
  0C:052D    C$i2c.c$30$1$1
  0C:0530    A$i2c$788
  0C:0530    C$i2c.c$31$1$1
  0C:0530    C$i2c.c$32$1$1
  0C:0530    XG$acknowledge_check$0$0
  0C:0531    A$i2c$803
  0C:0531    C$i2c.c$38$1$1
  0C:0531    C$i2c.c$40$1$1
  0C:0531    G$send_acknowledge$0$0
  0C:0531    _send_acknowledge
  0C:0533    A$i2c$807
  0C:0533    C$i2c.c$41$1$1
  0C:0535    A$i2c$811
  0C:0535    C$i2c.c$42$1$1
  0C:0537    A$i2c$815
  0C:0537    C$i2c.c$43$1$1
  0C:0539    A$i2c$822
  0C:0539    C$i2c.c$44$1$1
  0C:0539    C$i2c.c$45$1$1
  0C:0539    XG$send_acknowledge$0$0
  0C:053A    A$i2c$837
  0C:053A    C$i2c.c$51$1$1
  0C:053A    C$i2c.c$53$1$1
  0C:053A    G$start_i2c$0$0
  0C:053A    _start_i2c
  0C:053C    A$i2c$841
  0C:053C    C$i2c.c$54$1$1
  0C:053E    A$i2c$845
  0C:053E    C$i2c.c$55$1$1
  0C:0540    A$i2c$849
  0C:0540    C$i2c.c$56$1$1
  0C:0542    A$i2c$856
  0C:0542    C$i2c.c$57$1$1
  0C:0542    C$i2c.c$58$1$1
  0C:0542    XG$start_i2c$0$0
  0C:0543    A$i2c$871
  0C:0543    C$i2c.c$64$1$1
  0C:0543    C$i2c.c$66$1$1
  0C:0543    G$stop_i2c$0$0
  0C:0543    _stop_i2c
  0C:0545    A$i2c$875
  0C:0545    C$i2c.c$67$1$1
  0C:0547    A$i2c$879
  0C:0547    C$i2c.c$68$1$1
  0C:0549    A$i2c$883
  0C:0549    C$i2c.c$69$1$1
  0C:054B    A$i2c$890
  0C:054B    C$i2c.c$70$1$1
  0C:054B    C$i2c.c$71$1$1
  0C:054B    XG$stop_i2c$0$0
  0C:054C    A$i2c$905
  0C:054C    C$i2c.c$78$1$1
  0C:054C    G$write_byte$0$0
  0C:054C    _write_byte
  0C:054E    A$i2c$906
  0C:0551    A$i2c$907
  0C:0552    A$i2c$911
  0C:0552    C$i2c.c$81$1$1
  0C:0554    A$i2c$915
  0C:0556    A$i2c$919
  0C:0559    A$i2c$923
  0C:055B    A$i2c$928
  0C:055B    C$i2c.c$84$2$2
  0C:055E    A$i2c$929
  0C:055F    A$i2c$931
  0C:0560    A$i2c$935
  0C:0563    A$i2c$940
  0C:0563    C$i2c.c$86$3$3
  0C:0565    A$i2c$942
  0C:0567    A$i2c$947
  0C:0567    C$i2c.c$90$3$4
  0C:0569    A$i2c$952
  0C:0569    C$i2c.c$92$2$2
  0C:056B    A$i2c$953
  0C:056E    A$i2c$954
  0C:0570    A$i2c$958
  0C:0570    C$i2c.c$93$2$2
  0C:0573    A$i2c$959
  0C:0574    A$i2c$966
  0C:0576    A$i2c$967
  0C:0577    A$i2c$968
  0C:057A    A$i2c$970
  0C:057B    A$i2c$975
  0C:057B    C$i2c.c$82$1$1
  0C:057C    A$i2c$977
  0C:057E    A$i2c$982
  0C:057E    C$i2c.c$95$1$1
  0C:0580    A$i2c$989
  0C:0580    C$i2c.c$96$1$1
  0C:0580    C$i2c.c$97$1$1
  0C:0580    XG$write_byte$0$0
  0C:0581    A$i2c$1006
  0C:0581    C$i2c.c$104$1$1
  0C:0581    C$i2c.c$106$1$1
  0C:0581    G$read_byte$0$0
  0C:0581    _read_byte
  0C:0584    A$i2c$1008
  0C:0585    A$i2c$1009
  0C:0586    A$i2c$1013
  0C:0586    C$i2c.c$107$1$1
  0C:0588    A$i2c$1017
  0C:058A    A$i2c$1021
  0C:058D    A$i2c$1025
  0C:058F    A$i2c$1030
  0C:058F    C$i2c.c$110$2$2
  0C:0591    A$i2c$1034
  0C:0591    C$i2c.c$111$2$2
  0C:0594    A$i2c$1035
  0C:0595    A$i2c$1042
  0C:0597    A$i2c$1043
  0C:0598    A$i2c$1044
  0C:059B    A$i2c$1046
  0C:059C    A$i2c$1052
  0C:059C    C$i2c.c$112$2$2
  0C:059F    A$i2c$1058
  0C:059F    C$i2c.c$114$3$3
  0C:05A2    A$i2c$1059
  0C:05A3    A$i2c$1060
  0C:05A4    A$i2c$1062
  0C:05A6    A$i2c$1063
  0C:05A7    A$i2c$1065
  0C:05A9    A$i2c$1071
  0C:05A9    C$i2c.c$118$3$4
  0C:05AC    A$i2c$1072
  0C:05AD    A$i2c$1073
  0C:05AE    A$i2c$1075
  0C:05B0    A$i2c$1076
  0C:05B1    A$i2c$1081
  0C:05B1    C$i2c.c$120$2$2
  0C:05B3    A$i2c$1086
  0C:05B3    C$i2c.c$108$1$1
  0C:05B4    A$i2c$1088
  0C:05B6    A$i2c$1093
  0C:05B6    C$i2c.c$122$1$1
  0C:05B9    A$i2c$1094
  0C:05BA    A$i2c$1099
  0C:05BA    C$i2c.c$123$1$1
  0C:05BA    XG$read_byte$0$0
  0C:05BC    A$i2c$1101
  0C:05BD    A$i2c$1118
  0C:05BD    C$i2c.c$131$1$1
  0C:05BD    G$eeprom_write$0$0
  0C:05BD    _eeprom_write
  0C:05BF    A$i2c$1119
  0C:05C1    A$i2c$1120
  0C:05C4    A$i2c$1121
  0C:05C5    A$i2c$1122
  0C:05C6    A$i2c$1123
  0C:05C7    A$i2c$1124
  0C:05C8    A$i2c$1128
  0C:05C8    C$i2c.c$134$1$1
  0C:05CB    A$i2c$1129
  0C:05CC    A$i2c$1130
  0C:05CD    A$i2c$1131
  0C:05CE    A$i2c$1132
  0C:05CF    A$i2c$1133
  0C:05D0    A$i2c$1135
  0C:05D3    A$i2c$1136
  0C:05D4    A$i2c$1137
  0C:05D5    A$i2c$1143
  0C:05D5    C$i2c.c$135$1$1
  0C:05D6    A$i2c$1144
  0C:05D8    A$i2c$1145
  0C:05D9    A$i2c$1146
  0C:05DA    A$i2c$1147
  0C:05DB    A$i2c$1148
  0C:05DC    A$i2c$1149
  0C:05DD    A$i2c$1150
  0C:05DF    A$i2c$1151
  0C:05E0    A$i2c$1153
  0C:05E3    A$i2c$1154
  0C:05E4    A$i2c$1155
  0C:05E5    A$i2c$1156
  0C:05E6    A$i2c$1157
  0C:05E7    A$i2c$1158
  0C:05E8    A$i2c$1162
  0C:05E8    C$i2c.c$136$1$1
  0C:05EB    A$i2c$1163
  0C:05EC    A$i2c$1164
  0C:05ED    A$i2c$1165
  0C:05EE    A$i2c$1166
  0C:05EF    A$i2c$1167
  0C:05F0    A$i2c$1172
  0C:05F0    C$i2c.c$137$1$1
  0C:05F2    A$i2c$1173
  0C:05F3    A$i2c$1181
  0C:05F3    C$i2c.c$138$1$1
  0C:05F3    C$i2c.c$139$1$1
  0C:05F5    A$i2c$1182
  0C:05F6    A$i2c$1186
  0C:05F6    C$i2c.c$140$1$1
  0C:05F8    A$i2c$1187
  0C:05FB    A$i2c$1188
  0C:05FD    A$i2c$1192
  0C:05FD    C$i2c.c$141$1$1
  0C:05FF    A$i2c$1193
  0C:0602    A$i2c$1197
  0C:0602    C$i2c.c$142$1$1
  0C:0605    A$i2c$1201
  0C:0605    C$i2c.c$143$1$1
  0C:0608    A$i2c$1202
  0C:0609    A$i2c$1204
  0C:060A    A$i2c$1206
  0C:060C    A$i2c$1207
  0C:060F    A$i2c$1211
  0C:060F    C$i2c.c$144$1$1
  0C:0612    A$i2c$1215
  0C:0612    C$i2c.c$145$1$1
  0C:0615    A$i2c$1216
  0C:0616    A$i2c$1218
  0C:0617    A$i2c$1220
  0C:0619    A$i2c$1221
  0C:061C    A$i2c$1225
  0C:061C    C$i2c.c$146$1$1
  0C:061F    A$i2c$1235
  0C:061F    C$i2c.c$147$1$1
  0C:061F    C$i2c.c$148$1$1
  0C:061F    C$i2c.c$149$1$1
  0C:061F    XG$eeprom_write$0$0
  0C:0622    A$i2c$1253
  0C:0622    C$i2c.c$157$1$1
  0C:0622    G$eeprom_read$0$0
  0C:0622    _eeprom_read
  0C:0624    A$i2c$1254
  0C:0626    A$i2c$1255
  0C:0629    A$i2c$1256
  0C:062A    A$i2c$1257
  0C:062B    A$i2c$1258
  0C:062C    A$i2c$1259
  0C:062D    A$i2c$1263
  0C:062D    C$i2c.c$160$1$1
  0C:0630    A$i2c$1264
  0C:0631    A$i2c$1265
  0C:0632    A$i2c$1266
  0C:0633    A$i2c$1267
  0C:0634    A$i2c$1268
  0C:0635    A$i2c$1270
  0C:0638    A$i2c$1271
  0C:0639    A$i2c$1272
  0C:063A    A$i2c$1278
  0C:063A    C$i2c.c$161$1$1
  0C:063B    A$i2c$1279
  0C:063D    A$i2c$1280
  0C:063E    A$i2c$1281
  0C:063F    A$i2c$1282
  0C:0640    A$i2c$1283
  0C:0641    A$i2c$1284
  0C:0642    A$i2c$1285
  0C:0644    A$i2c$1286
  0C:0645    A$i2c$1288
  0C:0648    A$i2c$1289
  0C:0649    A$i2c$1290
  0C:064A    A$i2c$1291
  0C:064B    A$i2c$1292
  0C:064C    A$i2c$1293
  0C:064D    A$i2c$1297
  0C:064D    C$i2c.c$162$1$1
  0C:0650    A$i2c$1298
  0C:0651    A$i2c$1299
  0C:0652    A$i2c$1300
  0C:0653    A$i2c$1301
  0C:0654    A$i2c$1302
  0C:0655    A$i2c$1307
  0C:0655    C$i2c.c$163$1$1
  0C:0657    A$i2c$1308
  0C:0658    A$i2c$1316
  0C:0658    C$i2c.c$164$1$1
  0C:0658    C$i2c.c$165$1$1
  0C:065A    A$i2c$1317
  0C:065B    A$i2c$1321
  0C:065B    C$i2c.c$166$1$1
  0C:065D    A$i2c$1322
  0C:0660    A$i2c$1323
  0C:0662    A$i2c$1327
  0C:0662    C$i2c.c$167$1$1
  0C:0664    A$i2c$1328
  0C:0666    A$i2c$1329
  0C:0669    A$i2c$1330
  0C:066B    A$i2c$1334
  0C:066B    C$i2c.c$168$1$1
  0C:066D    A$i2c$1335
  0C:0670    A$i2c$1336
  0C:0672    A$i2c$1340
  0C:0672    C$i2c.c$169$1$1
  0C:0675    A$i2c$1341
  0C:0676    A$i2c$1343
  0C:0677    A$i2c$1345
  0C:0679    A$i2c$1346
  0C:067B    A$i2c$1347
  0C:067E    A$i2c$1348
  0C:0680    A$i2c$1352
  0C:0680    C$i2c.c$170$1$1
  0C:0682    A$i2c$1353
  0C:0685    A$i2c$1354
  0C:0687    A$i2c$1358
  0C:0687    C$i2c.c$171$1$1
  0C:068A    A$i2c$1362
  0C:068A    C$i2c.c$172$1$1
  0C:068C    A$i2c$1363
  0C:068F    A$i2c$1364
  0C:0691    A$i2c$1368
  0C:0691    C$i2c.c$173$1$1
  0C:0693    A$i2c$1369
  0C:0696    A$i2c$1373
  0C:0696    C$i2c.c$174$1$1
  0C:0699    A$i2c$1377
  0C:0699    C$i2c.c$175$1$1
  0C:069C    A$i2c$1378
  0C:069E    A$i2c$1382
  0C:069E    C$i2c.c$176$1$1
  0C:06A0    A$i2c$1383
  0C:06A3    A$i2c$1384
  0C:06A5    A$i2c$1388
  0C:06A5    C$i2c.c$177$1$1
  0C:06A7    A$i2c$1389
  0C:06AA    A$i2c$1390
  0C:06AC    A$i2c$1394
  0C:06AC    C$i2c.c$178$1$1
  0C:06AE    A$i2c$1398
  0C:06AE    C$i2c.c$179$1$1
  0C:06AE    XG$eeprom_read$0$0
  0C:06AF    A$i2c$1421
  0C:06AF    C$i2c.c$185$1$1
  0C:06AF    C$i2c.c$187$1$1
  0C:06AF    G$i2c_eeprom_flush$0$0
  0C:06AF    _i2c_eeprom_flush
  0C:06B2    A$i2c$1422
  0C:06B4    A$i2c$1423
  0C:06B5    A$i2c$1426
  0C:06B8    A$i2c$1427
  0C:06BA    A$i2c$1428
  0C:06BB    A$i2c$1431
  0C:06BE    A$i2c$1432
  0C:06C0    A$i2c$1433
  0C:06C1    A$i2c$1436
  0C:06C4    A$i2c$1437
  0C:06C6    A$i2c$1438
  0C:06C7    A$i2c$1441
  0C:06CA    A$i2c$1442
  0C:06CC    A$i2c$1443
  0C:06CD    A$i2c$1446
  0C:06D0    A$i2c$1447
  0C:06D2    A$i2c$1448
  0C:06D3    A$i2c$1451
  0C:06D6    A$i2c$1452
  0C:06D8    A$i2c$1453
  0C:06D9    A$i2c$1456
  0C:06DC    A$i2c$1457
  0C:06DE    A$i2c$1458
  0C:06DF    A$i2c$1461
  0C:06E2    A$i2c$1462
  0C:06E4    A$i2c$1463
  0C:06E5    A$i2c$1466
  0C:06E8    A$i2c$1467
  0C:06EA    A$i2c$1468
  0C:06EB    A$i2c$1471
  0C:06EE    A$i2c$1472
  0C:06F0    A$i2c$1473
  0C:06F1    A$i2c$1476
  0C:06F4    A$i2c$1477
  0C:06F6    A$i2c$1478
  0C:06F7    A$i2c$1481
  0C:06FA    A$i2c$1482
  0C:06FC    A$i2c$1483
  0C:06FD    A$i2c$1486
  0C:0700    A$i2c$1487
  0C:0702    A$i2c$1488
  0C:0703    A$i2c$1491
  0C:0706    A$i2c$1492
  0C:0708    A$i2c$1493
  0C:0709    A$i2c$1496
  0C:070C    A$i2c$1497
  0C:070E    A$i2c$1498
  0C:070F    A$i2c$1501
  0C:0712    A$i2c$1502
  0C:0714    A$i2c$1503
  0C:0715    A$i2c$1506
  0C:0718    A$i2c$1507
  0C:071A    A$i2c$1508
  0C:071B    A$i2c$1511
  0C:071E    A$i2c$1512
  0C:0720    A$i2c$1513
  0C:0721    A$i2c$1516
  0C:0724    A$i2c$1517
  0C:0726    A$i2c$1518
  0C:0727    A$i2c$1521
  0C:072A    A$i2c$1523
  0C:072B    A$i2c$1524
  0C:072C    A$i2c$1529
  0C:072C    C$i2c.c$190$1$1
  0C:072F    A$i2c$1530
  0C:0732    A$i2c$1534
  0C:0734    A$i2c$1535
  0C:0736    A$i2c$1537
  0C:0738    A$i2c$1541
  0C:073B    A$i2c$1544
  0C:073D    A$i2c$1545
  0C:0740    A$i2c$1550
  0C:0740    C$i2c.c$193$2$2
  0C:0743    A$i2c$1551
  0C:0745    A$i2c$1552
  0C:0747    A$i2c$1553
  0C:0749    A$i2c$1554
  0C:074C    A$i2c$1555
  0C:074E    A$i2c$1556
  0C:0750    A$i2c$1557
  0C:0752    A$i2c$1561
  0C:0752    C$i2c.c$194$2$2
  0C:0755    A$i2c$1562
  0C:0757    A$i2c$1563
  0C:0759    A$i2c$1564
  0C:075B    A$i2c$1565
  0C:075E    A$i2c$1566
  0C:0760    A$i2c$1567
  0C:0762    A$i2c$1568
  0C:0764    A$i2c$1572
  0C:0764    C$i2c.c$195$2$2
  0C:0766    A$i2c$1573
  0C:0768    A$i2c$1574
  0C:076A    A$i2c$1575
  0C:076C    A$i2c$1577
  0C:076F    A$i2c$1578
  0C:0771    A$i2c$1579
  0C:0772    A$i2c$1581
  0C:0774    A$i2c$1582
  0C:0776    A$i2c$1583
  0C:0778    A$i2c$1584
  0C:0779    A$i2c$1585
  0C:077B    A$i2c$1586
  0C:077D    A$i2c$1587
  0C:077F    A$i2c$1588
  0C:0782    A$i2c$1589
  0C:0784    A$i2c$1590
  0C:0786    A$i2c$1591
  0C:0788    A$i2c$1595
  0C:0788    C$i2c.c$196$2$2
  0C:078B    A$i2c$1596
  0C:078D    A$i2c$1597
  0C:078F    A$i2c$1598
  0C:0791    A$i2c$1599
  0C:0794    A$i2c$1600
  0C:0796    A$i2c$1601
  0C:0798    A$i2c$1602
  0C:079A    A$i2c$1606
  0C:079A    C$i2c.c$197$3$3
  0C:079C    A$i2c$1607
  0C:079E    A$i2c$1609
  0C:07A0    A$i2c$1613
  0C:07A3    A$i2c$1617
  0C:07A5    A$i2c$1622
  0C:07A5    C$i2c.c$199$1$1
  0C:07A7    A$i2c$1624
  0C:07AA    A$i2c$1625
  0C:07AC    A$i2c$1626
  0C:07AE    A$i2c$1627
  0C:07B0    A$i2c$1628
  0C:07B2    A$i2c$1629
  0C:07B5    A$i2c$1630
  0C:07B7    A$i2c$1631
  0C:07B9    A$i2c$1632
  0C:07BB    A$i2c$1633
  0C:07BD    A$i2c$1637
  0C:07BD    C$i2c.c$200$3$3
  0C:07BF    A$i2c$1638
  0C:07C1    A$i2c$1641
  0C:07C2    A$i2c$1642
  0C:07C4    A$i2c$1643
  0C:07C5    A$i2c$1645
  0C:07C6    A$i2c$1646
  0C:07C8    A$i2c$1647
  0C:07C9    A$i2c$1649
  0C:07CB    A$i2c$1650
  0C:07CD    A$i2c$1651
  0C:07CF    A$i2c$1652
  0C:07D1    A$i2c$1653
  0C:07D3    A$i2c$1654
  0C:07D5    A$i2c$1655
  0C:07D8    A$i2c$1656
  0C:07DA    A$i2c$1657
  0C:07DC    A$i2c$1658
  0C:07DE    A$i2c$1659
  0C:07E0    A$i2c$1660
  0C:07E2    A$i2c$1664
  0C:07E2    C$i2c.c$201$3$3
  0C:07E4    A$i2c$1665
  0C:07E6    A$i2c$1666
  0C:07E8    A$i2c$1668
  0C:07EB    A$i2c$1669
  0C:07ED    A$i2c$1670
  0C:07EE    A$i2c$1672
  0C:07F0    A$i2c$1673
  0C:07F2    A$i2c$1674
  0C:07F4    A$i2c$1675
  0C:07F5    A$i2c$1676
  0C:07F7    A$i2c$1677
  0C:07F9    A$i2c$1678
  0C:07FB    A$i2c$1679
  0C:07FD    A$i2c$1680
  0C:0800    A$i2c$1681
  0C:0802    A$i2c$1682
  0C:0804    A$i2c$1683
  0C:0806    A$i2c$1684
  0C:0808    A$i2c$1689
  0C:0808    C$i2c.c$197$2$2
  0C:0809    A$i2c$1691
  0C:080B    A$i2c$1693
  0C:080D    A$i2c$1699
  0C:080D    C$i2c.c$203$2$2
  0C:080F    A$i2c$1701
  0C:0810    A$i2c$1702
  0C:0811    A$i2c$1704
  0C:0812    A$i2c$1706
  0C:0813    A$i2c$1707
  0C:0814    A$i2c$1712
  0C:0814    C$i2c.c$191$1$1
  0C:0815    A$i2c$1713
  0C:0818    A$i2c$1721
  0C:0818    C$i2c.c$205$1$1
  0C:0818    C$i2c.c$206$1$1
  0C:0818    XG$i2c_eeprom_flush$0$0
  0C:0819    A$i2c$1737
  0C:0819    C$i2c.c$212$1$1
  0C:0819    C$i2c.c$215$1$1
  0C:0819    G$eeprom_reset$0$0
  0C:0819    _eeprom_reset
  0C:081C    A$i2c$1741
  0C:081E    A$i2c$1745
  0C:0821    A$i2c$1749
  0C:0823    A$i2c$1754
  0C:0823    C$i2c.c$218$2$2
  0C:0825    A$i2c$1758
  0C:0825    C$i2c.c$219$2$2
  0C:0827    A$i2c$1759
  0C:082A    A$i2c$1760
  0C:082C    A$i2c$1765
  0C:082C    C$i2c.c$216$1$1
  0C:082D    A$i2c$1767
  0C:082F    A$i2c$1778
  0C:082F    C$i2c.c$221$1$1
  0C:082F    C$i2c.c$222$1$1
  0C:082F    C$i2c.c$223$1$1
  0C:082F    XG$eeprom_reset$0$0
  0C:0832    A$i2c$1794
  0C:0832    C$i2c.c$230$1$1
  0C:0832    G$i2c_io_expander_write$0$0
  0C:0832    _i2c_io_expander_write
  0C:0834    A$i2c$1795
  0C:0837    A$i2c$1796
  0C:0838    A$i2c$1800
  0C:0838    C$i2c.c$235$1$1
  0C:083B    A$i2c$1804
  0C:083B    C$i2c.c$236$1$1
  0C:083E    A$i2c$1805
  0C:0841    A$i2c$1809
  0C:0841    C$i2c.c$237$1$1
  0C:0844    A$i2c$1813
  0C:0844    C$i2c.c$238$1$1
  0C:0847    A$i2c$1814
  0C:0848    A$i2c$1816
  0C:0849    A$i2c$1818
  0C:084B    A$i2c$1819
  0C:084E    A$i2c$1823
  0C:084E    C$i2c.c$239$1$1
  0C:0851    A$i2c$1833
  0C:0851    C$i2c.c$240$1$1
  0C:0851    C$i2c.c$241$1$1
  0C:0851    C$i2c.c$242$1$1
  0C:0851    XG$i2c_io_expander_write$0$0
  0C:0854    A$i2c$1851
  0C:0854    C$i2c.c$249$1$1
  0C:0854    C$i2c.c$254$1$1
  0C:0854    G$i2c_io_expander_read$0$0
  0C:0854    _i2c_io_expander_read
  0C:0857    A$i2c$1855
  0C:0857    C$i2c.c$255$1$1
  0C:085A    A$i2c$1856
  0C:085D    A$i2c$1860
  0C:085D    C$i2c.c$256$1$1
  0C:0860    A$i2c$1864
  0C:0860    C$i2c.c$257$1$1
  0C:0863    A$i2c$1865
  0C:0865    A$i2c$1869
  0C:0865    C$i2c.c$258$1$1
  0C:0867    A$i2c$1870
  0C:086A    A$i2c$1871
  0C:086C    A$i2c$1875
  0C:086C    C$i2c.c$259$1$1
  0C:086E    A$i2c$1876
  0C:0871    A$i2c$1877
  0C:0873    A$i2c$1881
  0C:0873    C$i2c.c$260$1$1
  0C:0875    A$i2c$1885
  0C:0875    C$i2c.c$261$1$1
  0C:0875    XG$i2c_io_expander_read$0$0
  0C:0876    A$lcd$2055
  0C:0876    C$lcd.c$19$0$0
  0C:0876    G$lcd_print_number$0$0
  0C:0876    _lcd_print_number
  0C:0878    A$lcd$2056
  0C:087A    A$lcd$2057
  0C:087C    A$lcd$2058
  0C:087D    A$lcd$2059
  0C:0880    A$lcd$2060
  0C:0881    A$lcd$2061
  0C:0882    A$lcd$2062
  0C:0883    A$lcd$2063
  0C:0884    A$lcd$2064
  0C:0885    A$lcd$2065
  0C:0886    A$lcd$2066
  0C:0887    A$lcd$2067
  0C:0888    A$lcd$2068
  0C:0889    A$lcd$2069
  0C:088A    A$lcd$2070
  0C:088B    A$lcd$2074
  0C:088E    A$lcd$2075
  0C:088F    A$lcd$2076
  0C:0891    A$lcd$2078
  0C:0894    A$lcd$2079
  0C:0895    A$lcd$2080
  0C:0896    A$lcd$2081
  0C:0897    A$lcd$2082
  0C:0898    A$lcd$2083
  0C:0899    A$lcd$2084
  0C:089A    A$lcd$2085
  0C:089B    A$lcd$2086
  0C:089C    A$lcd$2087
  0C:089D    A$lcd$2088
  0C:089E    A$lcd$2089
  0C:089F    A$lcd$2091
  0C:08A1    A$lcd$2092
  0C:08A3    A$lcd$2093
  0C:08A5    A$lcd$2094
  0C:08A7    A$lcd$2097
  0C:08A8    A$lcd$2098
  0C:08AA    A$lcd$2099
  0C:08AB    A$lcd$2101
  0C:08AC    A$lcd$2102
  0C:08AD    A$lcd$2104
  0C:08AE    A$lcd$2105
  0C:08AF    A$lcd$2107
  0C:08B0    A$lcd$2108
  0C:08B1    A$lcd$2109
  0C:08B2    A$lcd$2110
  0C:08B3    A$lcd$2111
  0C:08B5    A$lcd$2113
  0C:08B7    A$lcd$2114
  0C:08B9    A$lcd$2115
  0C:08BB    A$lcd$2116
  0C:08BD    A$lcd$2119
  0C:08BE    A$lcd$2120
  0C:08C0    A$lcd$2121
  0C:08C1    A$lcd$2123
  0C:08C2    A$lcd$2124
  0C:08C3    A$lcd$2126
  0C:08C4    A$lcd$2127
  0C:08C5    A$lcd$2129
  0C:08C6    A$lcd$2130
  0C:08C7    A$lcd$2131
  0C:08C8    A$lcd$2132
  0C:08C9    A$lcd$2133
  0C:08CA    A$lcd$2137
  0C:08CB    A$lcd$2138
  0C:08CD    A$lcd$2139
  0C:08CE    A$lcd$2140
  0C:08D0    A$lcd$2141
  0C:08D1    A$lcd$2143
  0C:08D2    A$lcd$2144
  0C:08D3    A$lcd$2146
  0C:08D4    A$lcd$2147
  0C:08D5    A$lcd$2148
  0C:08D6    A$lcd$2149
  0C:08D7    A$lcd$2150
  0C:08D8    A$lcd$2152
  0C:08DA    A$lcd$2156
  0C:08DB    A$lcd$2158
  0C:08DD    A$lcd$2159
  0C:08DF    A$lcd$2160
  0C:08E2    A$lcd$2161
  0C:08E4    A$lcd$2164
  0C:08E6    A$lcd$2169
  0C:08E6    C$lcd.c$26$2$2
  0C:08E8    A$lcd$2170
  0C:08EA    A$lcd$2171
  0C:08EC    A$lcd$2172
  0C:08EF    A$lcd$2173
  0C:08F1    A$lcd$2174
  0C:08F3    A$lcd$2175
  0C:08F5    A$lcd$2180
  0C:08F5    C$lcd.c$27$2$2
  0C:08F8    A$lcd$2182
  0C:08FA    A$lcd$2186
  0C:08FD    A$lcd$2188
  0C:08FF    A$lcd$2194
  0C:0902    A$lcd$2201
  0C:0902    C$lcd.c$32$4$4
  0C:0903    A$lcd$2204
  0C:0905    A$lcd$2210
  0C:0905    C$lcd.c$34$5$5
  0C:0908    A$lcd$2213
  0C:090A    A$lcd$2214
  0C:090B    A$lcd$2220
  0C:090B    C$lcd.c$36$4$4
  0C:090B    C$lcd.c$39$3$3
  0C:090D    A$lcd$2225
  0C:090D    C$lcd.c$42$4$6
  0C:090E    A$lcd$2228
  0C:0910    A$lcd$2234
  0C:0910    C$lcd.c$44$5$7
  0C:0913    A$lcd$2237
  0C:0915    A$lcd$2238
  0C:0916    A$lcd$2244
  0C:0916    C$lcd.c$46$4$6
  0C:0916    C$lcd.c$49$3$3
  0C:0918    A$lcd$2249
  0C:0918    C$lcd.c$52$4$8
  0C:091A    A$lcd$2252
  0C:091C    A$lcd$2258
  0C:091C    C$lcd.c$54$5$9
  0C:091F    A$lcd$2261
  0C:0921    A$lcd$2262
  0C:0922    A$lcd$2270
  0C:0922    C$lcd.c$24$1$1
  0C:0922    C$lcd.c$58$2$2
  0C:0923    A$lcd$2274
  0C:0923    C$lcd.c$60$1$1
  0C:0925    A$lcd$2277
  0C:0927    A$lcd$2283
  0C:0927    C$lcd.c$62$2$10
  0C:0928    A$lcd$2284
  0C:092A    A$lcd$2285
  0C:092B    A$lcd$2287
  0C:092C    A$lcd$2288
  0C:092E    A$lcd$2289
  0C:092F    A$lcd$2291
  0C:0932    A$lcd$2292
  0C:0933    A$lcd$2293
  0C:0935    A$lcd$2294
  0C:0936    A$lcd$2295
  0C:0937    A$lcd$2296
  0C:0939    A$lcd$2297
  0C:093A    A$lcd$2298
  0C:093B    A$lcd$2299
  0C:093D    A$lcd$2300
  0C:093E    A$lcd$2301
  0C:093F    A$lcd$2302
  0C:0941    A$lcd$2304
  0C:0944    A$lcd$2305
  0C:0946    A$lcd$2306
  0C:0947    A$lcd$2307
  0C:0948    A$lcd$2308
  0C:0949    A$lcd$2309
  0C:094A    A$lcd$2310
  0C:094B    A$lcd$2311
  0C:094C    A$lcd$2312
  0C:094D    A$lcd$2313
  0C:094E    A$lcd$2315
  0C:0951    A$lcd$2316
  0C:0954    A$lcd$2317
  0C:0957    A$lcd$2318
  0C:0959    A$lcd$2319
  0C:095B    A$lcd$2320
  0C:095D    A$lcd$2321
  0C:095F    A$lcd$2322
  0C:0962    A$lcd$2323
  0C:0964    A$lcd$2324
  0C:0966    A$lcd$2325
  0C:0968    A$lcd$2326
  0C:0969    A$lcd$2327
  0C:096B    A$lcd$2328
  0C:096D    A$lcd$2329
  0C:096F    A$lcd$2333
  0C:0971    A$lcd$2335
  0C:0972    A$lcd$2338
  0C:0973    A$lcd$2339
  0C:0975    A$lcd$2340
  0C:0977    A$lcd$2342
  0C:0978    A$lcd$2346
  0C:0978    C$lcd.c$63$1$1
  0C:097B    A$lcd$2347
  0C:097D    A$lcd$2348
  0C:097E    A$lcd$2349
  0C:097F    A$lcd$2350
  0C:0980    A$lcd$2351
  0C:0981    A$lcd$2352
  0C:0982    A$lcd$2353
  0C:0983    A$lcd$2354
  0C:0984    A$lcd$2355
  0C:0985    A$lcd$2357
  0C:0988    A$lcd$2358
  0C:098B    A$lcd$2359
  0C:098E    A$lcd$2360
  0C:0990    A$lcd$2361
  0C:0992    A$lcd$2362
  0C:0995    A$lcd$2363
  0C:0997    A$lcd$2364
  0C:0999    A$lcd$2365
  0C:099B    A$lcd$2366
  0C:099C    A$lcd$2367
  0C:099E    A$lcd$2369
  0C:09A1    A$lcd$2370
  0C:09A2    A$lcd$2371
  0C:09A3    A$lcd$2372
  0C:09A4    A$lcd$2373
  0C:09A5    A$lcd$2374
  0C:09A6    A$lcd$2375
  0C:09A7    A$lcd$2376
  0C:09A8    A$lcd$2377
  0C:09A9    A$lcd$2378
  0C:09AA    A$lcd$2379
  0C:09AB    A$lcd$2380
  0C:09AC    A$lcd$2385
  0C:09AC    C$lcd.c$64$2$10
  0C:09AD    A$lcd$2389
  0C:09AD    C$lcd.c$65$1$1
  0C:09B0    A$lcd$2390
  0C:09B1    A$lcd$2391
  0C:09B2    A$lcd$2392
  0C:09B3    A$lcd$2393
  0C:09B4    A$lcd$2394
  0C:09B5    A$lcd$2395
  0C:09B6    A$lcd$2396
  0C:09B7    A$lcd$2397
  0C:09B8    A$lcd$2398
  0C:09B9    A$lcd$2399
  0C:09BA    A$lcd$2400
  0C:09BB    A$lcd$2403
  0C:09BC    A$lcd$2405
  0C:09BD    A$lcd$2406
  0C:09BE    A$lcd$2408
  0C:09BF    A$lcd$2409
  0C:09C0    A$lcd$2411
  0C:09C1    A$lcd$2412
  0C:09C2    A$lcd$2414
  0C:09C4    A$lcd$2415
  0C:09C6    A$lcd$2416
  0C:09C9    A$lcd$2417
  0C:09CB    A$lcd$2419
  0C:09CD    A$lcd$2420
  0C:09D0    A$lcd$2426
  0C:09D1    A$lcd$2427
  0C:09D2    A$lcd$2429
  0C:09D5    A$lcd$2430
  0C:09D6    A$lcd$2432
  0C:09D9    A$lcd$2433
  0C:09DA    A$lcd$2434
  0C:09DB    A$lcd$2438
  0C:09DC    A$lcd$2440
  0C:09DE    A$lcd$2441
  0C:09E0    A$lcd$2442
  0C:09E3    A$lcd$2443
  0C:09E5    A$lcd$2446
  0C:09E7    A$lcd$2451
  0C:09E7    C$lcd.c$68$2$11
  0C:09E9    A$lcd$2452
  0C:09EC    A$lcd$2453
  0C:09EE    A$lcd$2457
  0C:09EE    C$lcd.c$69$2$11
  0C:09F0    A$lcd$2458
  0C:09F2    A$lcd$2461
  0C:09F3    A$lcd$2462
  0C:09F5    A$lcd$2463
  0C:09F7    A$lcd$2465
  0C:09F8    A$lcd$2466
  0C:09FA    A$lcd$2467
  0C:09FC    A$lcd$2470
  0C:09FD    A$lcd$2473
  0C:09FE    A$lcd$2474
  0C:0A00    A$lcd$2475
  0C:0A02    A$lcd$2477
  0C:0A03    A$lcd$2482
  0C:0A03    C$lcd.c$66$1$1
  0C:0A04    A$lcd$2484
  0C:0A06    A$lcd$2492
  0C:0A06    C$lcd.c$71$1$1
  0C:0A06    C$lcd.c$72$1$1
  0C:0A06    XG$lcd_print_number$0$0
  0C:0A07    A$lcd$2510
  0C:0A07    C$lcd.c$78$1$1
  0C:0A07    C$lcd.c$80$1$1
  0C:0A07    G$lcd_init$0$0
  0C:0A07    _lcd_init
  0C:0A0A    A$lcd$2511
  0C:0A0B    A$lcd$2512
  0C:0A0D    A$lcd$2513
  0C:0A10    A$lcd$2518
  0C:0A10    C$lcd.c$81$1$1
  0C:0A13    A$lcd$2521
  0C:0A15    A$lcd$2522
  0C:0A16    A$lcd$2529
  0C:0A16    C$lcd.c$82$1$1
  0C:0A19    A$lcd$2530
  0C:0A1A    A$lcd$2531
  0C:0A1C    A$lcd$2532
  0C:0A1F    A$lcd$2537
  0C:0A1F    C$lcd.c$83$1$1
  0C:0A22    A$lcd$2540
  0C:0A24    A$lcd$2541
  0C:0A25    A$lcd$2548
  0C:0A25    C$lcd.c$84$1$1
  0C:0A28    A$lcd$2549
  0C:0A29    A$lcd$2550
  0C:0A2B    A$lcd$2551
  0C:0A2E    A$lcd$2556
  0C:0A2E    C$lcd.c$85$1$1
  0C:0A31    A$lcd$2559
  0C:0A33    A$lcd$2560
  0C:0A34    A$lcd$2564
  0C:0A34    C$lcd.c$86$1$1
  0C:0A37    A$lcd$2565
  0C:0A3A    A$lcd$2569
  0C:0A3A    C$lcd.c$87$1$1
  0C:0A3D    A$lcd$2570
  0C:0A40    A$lcd$2574
  0C:0A40    C$lcd.c$88$1$1
  0C:0A43    A$lcd$2575
  0C:0A46    A$lcd$2579
  0C:0A46    C$lcd.c$89$1$1
  0C:0A49    A$lcd$2580
  0C:0A4C    A$lcd$2584
  0C:0A4C    C$lcd.c$90$1$1
  0C:0A4F    A$lcd$2591
  0C:0A4F    C$lcd.c$91$1$1
  0C:0A4F    C$lcd.c$92$1$1
  0C:0A4F    XG$lcd_init$0$0
  0C:0A52    A$lcd$2609
  0C:0A52    C$lcd.c$100$1$1
  0C:0A52    C$lcd.c$98$1$1
  0C:0A52    G$lcd_row_shifter$0$0
  0C:0A52    _lcd_row_shifter
  0C:0A55    A$lcd$2610
  0C:0A57    A$lcd$2611
  0C:0A58    A$lcd$2614
  0C:0A5B    A$lcd$2615
  0C:0A5D    A$lcd$2616
  0C:0A5E    A$lcd$2619
  0C:0A61    A$lcd$2620
  0C:0A63    A$lcd$2621
  0C:0A64    A$lcd$2624
  0C:0A67    A$lcd$2625
  0C:0A69    A$lcd$2626
  0C:0A6A    A$lcd$2630
  0C:0A6A    C$lcd.c$101$1$1
  0C:0A6D    A$lcd$2634
  0C:0A6D    C$lcd.c$102$1$1
  0C:0A70    A$lcd$2635
  0C:0A71    A$lcd$2636
  0C:0A72    A$lcd$2641
  0C:0A75    A$lcd$2646
  0C:0A78    A$lcd$2647
  0C:0A79    A$lcd$2648
  0C:0A7A    A$lcd$2653
  0C:0A7D    A$lcd$2660
  0C:0A7D    C$lcd.c$104$2$2
  0C:0A80    A$lcd$2662
  0C:0A81    A$lcd$2663
  0C:0A82    A$lcd$2665
  0C:0A84    A$lcd$2674
  0C:0A84    C$lcd.c$106$1$1
  0C:0A85    A$lcd$2675
  0C:0A87    A$lcd$2676
  0C:0A89    A$lcd$2682
  0C:0A89    C$lcd.c$108$2$3
  0C:0A8C    A$lcd$2683
  0C:0A8F    A$lcd$2684
  0C:0A91    A$lcd$2686
  0C:0A94    A$lcd$2687
  0C:0A95    A$lcd$2689
  0C:0A97    A$lcd$2695
  0C:0A97    C$lcd.c$110$1$1
  0C:0A9A    A$lcd$2699
  0C:0A9C    A$lcd$2704
  0C:0A9C    C$lcd.c$112$2$4
  0C:0A9F    A$lcd$2706
  0C:0AA1    A$lcd$2708
  0C:0AA2    A$lcd$2709
  0C:0AA3    A$lcd$2714
  0C:0AA3    C$lcd.c$114$1$1
  0C:0AA6    A$lcd$2718
  0C:0AA6    C$lcd.c$115$1$1
  0C:0AA9    A$lcd$2719
  0C:0AAA    A$lcd$2720
  0C:0AAB    A$lcd$2722
  0C:0AAE    A$lcd$2724
  0C:0AAF    A$lcd$2725
  0C:0AB0    A$lcd$2727
  0C:0AB2    A$lcd$2728
  0C:0AB5    A$lcd$2732
  0C:0AB5    C$lcd.c$116$1$1
  0C:0AB8    A$lcd$2733
  0C:0AB9    A$lcd$2735
  0C:0ABA    A$lcd$2736
  0C:0ABD    A$lcd$2738
  0C:0ABE    A$lcd$2741
  0C:0AC1    A$lcd$2742
  0C:0AC4    A$lcd$2746
  0C:0AC4    C$lcd.c$117$1$1
  0C:0AC7    A$lcd$2748
  0C:0AC8    A$lcd$2749
  0C:0AC9    A$lcd$2752
  0C:0ACC    A$lcd$2759
  0C:0ACC    C$lcd.c$118$1$1
  0C:0ACC    C$lcd.c$119$1$1
  0C:0ACC    XG$lcd_row_shifter$0$0
  0C:0ACF    A$lcd$2778
  0C:0ACF    C$lcd.c$125$1$1
  0C:0ACF    C$lcd.c$127$1$1
  0C:0ACF    G$lcd_busy_wait$0$0
  0C:0ACF    _lcd_busy_wait
  0C:0AD2    A$lcd$2779
  0C:0AD3    A$lcd$2781
  0C:0AD4    A$lcd$2785
  0C:0AD7    A$lcd$2793
  0C:0AD7    C$lcd.c$128$1$1
  0C:0AD7    C$lcd.c$129$1$1
  0C:0AD7    XG$lcd_busy_wait$0$0
  0C:0AD8    A$lcd$2815
  0C:0AD8    C$lcd.c$135$1$1
  0C:0AD8    C$lcd.c$137$1$1
  0C:0AD8    G$lcd_ddram_flush$0$0
  0C:0AD8    _lcd_ddram_flush
  0C:0ADB    A$lcd$2816
  0C:0ADD    A$lcd$2817
  0C:0ADE    A$lcd$2820
  0C:0AE1    A$lcd$2821
  0C:0AE3    A$lcd$2822
  0C:0AE4    A$lcd$2825
  0C:0AE7    A$lcd$2826
  0C:0AE9    A$lcd$2827
  0C:0AEA    A$lcd$2830
  0C:0AED    A$lcd$2831
  0C:0AEF    A$lcd$2832
  0C:0AF0    A$lcd$2835
  0C:0AF3    A$lcd$2836
  0C:0AF5    A$lcd$2837
  0C:0AF6    A$lcd$2840
  0C:0AF9    A$lcd$2841
  0C:0AFB    A$lcd$2842
  0C:0AFC    A$lcd$2845
  0C:0AFF    A$lcd$2846
  0C:0B01    A$lcd$2847
  0C:0B02    A$lcd$2850
  0C:0B05    A$lcd$2851
  0C:0B07    A$lcd$2852
  0C:0B08    A$lcd$2855
  0C:0B0B    A$lcd$2856
  0C:0B0D    A$lcd$2857
  0C:0B0E    A$lcd$2860
  0C:0B11    A$lcd$2861
  0C:0B13    A$lcd$2862
  0C:0B14    A$lcd$2865
  0C:0B17    A$lcd$2866
  0C:0B19    A$lcd$2867
  0C:0B1A    A$lcd$2870
  0C:0B1D    A$lcd$2871
  0C:0B1F    A$lcd$2872
  0C:0B20    A$lcd$2875
  0C:0B23    A$lcd$2876
  0C:0B25    A$lcd$2877
  0C:0B26    A$lcd$2880
  0C:0B29    A$lcd$2881
  0C:0B2B    A$lcd$2882
  0C:0B2C    A$lcd$2885
  0C:0B2F    A$lcd$2886
  0C:0B31    A$lcd$2887
  0C:0B32    A$lcd$2890
  0C:0B35    A$lcd$2892
  0C:0B36    A$lcd$2893
  0C:0B37    A$lcd$2897
  0C:0B37    C$lcd.c$141$1$1
  0C:0B3A    A$lcd$2898
  0C:0B3D    A$lcd$2903
  0C:0B3D    C$lcd.c$142$1$1
  0C:0B40    A$lcd$2904
  0C:0B43    A$lcd$2908
  0C:0B45    A$lcd$2909
  0C:0B47    A$lcd$2911
  0C:0B49    A$lcd$2915
  0C:0B4C    A$lcd$2918
  0C:0B4E    A$lcd$2919
  0C:0B51    A$lcd$2924
  0C:0B51    C$lcd.c$145$2$2
  0C:0B54    A$lcd$2925
  0C:0B56    A$lcd$2926
  0C:0B58    A$lcd$2927
  0C:0B5A    A$lcd$2928
  0C:0B5D    A$lcd$2929
  0C:0B5F    A$lcd$2930
  0C:0B61    A$lcd$2931
  0C:0B63    A$lcd$2935
  0C:0B63    C$lcd.c$146$2$2
  0C:0B66    A$lcd$2936
  0C:0B68    A$lcd$2937
  0C:0B6A    A$lcd$2938
  0C:0B6C    A$lcd$2939
  0C:0B6F    A$lcd$2940
  0C:0B71    A$lcd$2941
  0C:0B73    A$lcd$2942
  0C:0B75    A$lcd$2946
  0C:0B75    C$lcd.c$147$2$2
  0C:0B77    A$lcd$2947
  0C:0B79    A$lcd$2948
  0C:0B7B    A$lcd$2949
  0C:0B7D    A$lcd$2951
  0C:0B80    A$lcd$2952
  0C:0B82    A$lcd$2953
  0C:0B83    A$lcd$2955
  0C:0B85    A$lcd$2956
  0C:0B87    A$lcd$2957
  0C:0B89    A$lcd$2958
  0C:0B8A    A$lcd$2959
  0C:0B8C    A$lcd$2960
  0C:0B8E    A$lcd$2961
  0C:0B90    A$lcd$2962
  0C:0B93    A$lcd$2963
  0C:0B95    A$lcd$2964
  0C:0B97    A$lcd$2965
  0C:0B99    A$lcd$2969
  0C:0B99    C$lcd.c$148$2$2
  0C:0B9C    A$lcd$2970
  0C:0B9E    A$lcd$2971
  0C:0BA0    A$lcd$2972
  0C:0BA2    A$lcd$2973
  0C:0BA5    A$lcd$2974
  0C:0BA7    A$lcd$2975
  0C:0BA9    A$lcd$2976
  0C:0BAB    A$lcd$2980
  0C:0BAB    C$lcd.c$149$1$1
  0C:0BAD    A$lcd$2984
  0C:0BB0    A$lcd$2988
  0C:0BB2    A$lcd$2993
  0C:0BB2    C$lcd.c$151$3$3
  0C:0BB5    A$lcd$2994
  0C:0BB7    A$lcd$2995
  0C:0BB9    A$lcd$2996
  0C:0BBB    A$lcd$2997
  0C:0BBD    A$lcd$2998
  0C:0BC0    A$lcd$2999
  0C:0BC2    A$lcd$3000
  0C:0BC4    A$lcd$3001
  0C:0BC6    A$lcd$3002
  0C:0BC8    A$lcd$3008
  0C:0BC8    C$lcd.c$152$3$3
  0C:0BCB    A$lcd$3009
  0C:0BCC    A$lcd$3010
  0C:0BCD    A$lcd$3014
  0C:0BCD    C$lcd.c$153$3$3
  0C:0BCF    A$lcd$3015
  0C:0BD1    A$lcd$3016
  0C:0BD3    A$lcd$3018
  0C:0BD6    A$lcd$3019
  0C:0BD8    A$lcd$3020
  0C:0BD9    A$lcd$3022
  0C:0BDB    A$lcd$3023
  0C:0BDD    A$lcd$3024
  0C:0BDF    A$lcd$3025
  0C:0BE0    A$lcd$3026
  0C:0BE2    A$lcd$3027
  0C:0BE4    A$lcd$3028
  0C:0BE6    A$lcd$3029
  0C:0BE8    A$lcd$3030
  0C:0BEB    A$lcd$3031
  0C:0BED    A$lcd$3032
  0C:0BEF    A$lcd$3033
  0C:0BF1    A$lcd$3034
  0C:0BF3    A$lcd$3039
  0C:0BF3    C$lcd.c$149$2$2
  0C:0BF4    A$lcd$3041
  0C:0BF6    A$lcd$3047
  0C:0BF6    C$lcd.c$155$2$2
  0C:0BF8    A$lcd$3049
  0C:0BF9    A$lcd$3050
  0C:0BFA    A$lcd$3052
  0C:0BFB    A$lcd$3054
  0C:0BFC    A$lcd$3055
  0C:0BFD    A$lcd$3060
  0C:0BFD    C$lcd.c$143$1$1
  0C:0BFE    A$lcd$3061
  0C:0C01    A$lcd$3066
  0C:0C01    C$lcd.c$157$1$1
  0C:0C04    A$lcd$3067
  0C:0C05    A$lcd$3068
  0C:0C06    A$lcd$3070
  0C:0C09    A$lcd$3071
  0C:0C0A    A$lcd$3073
  0C:0C0B    A$lcd$3074
  0C:0C0E    A$lcd$3076
  0C:0C0F    A$lcd$3078
  0C:0C11    A$lcd$3085
  0C:0C11    C$lcd.c$158$1$1
  0C:0C11    C$lcd.c$159$1$1
  0C:0C11    XG$lcd_ddram_flush$0$0
  0C:0C14    A$lcd$3108
  0C:0C14    C$lcd.c$165$1$1
  0C:0C14    C$lcd.c$167$1$1
  0C:0C14    G$lcd_cgram_flush$0$0
  0C:0C14    _lcd_cgram_flush
  0C:0C17    A$lcd$3109
  0C:0C19    A$lcd$3110
  0C:0C1A    A$lcd$3113
  0C:0C1D    A$lcd$3114
  0C:0C1F    A$lcd$3115
  0C:0C20    A$lcd$3118
  0C:0C23    A$lcd$3119
  0C:0C25    A$lcd$3120
  0C:0C26    A$lcd$3123
  0C:0C29    A$lcd$3124
  0C:0C2B    A$lcd$3125
  0C:0C2C    A$lcd$3128
  0C:0C2F    A$lcd$3129
  0C:0C31    A$lcd$3130
  0C:0C32    A$lcd$3133
  0C:0C35    A$lcd$3134
  0C:0C37    A$lcd$3135
  0C:0C38    A$lcd$3138
  0C:0C3B    A$lcd$3139
  0C:0C3D    A$lcd$3140
  0C:0C3E    A$lcd$3143
  0C:0C41    A$lcd$3144
  0C:0C43    A$lcd$3145
  0C:0C44    A$lcd$3148
  0C:0C47    A$lcd$3149
  0C:0C49    A$lcd$3150
  0C:0C4A    A$lcd$3153
  0C:0C4D    A$lcd$3154
  0C:0C4F    A$lcd$3155
  0C:0C50    A$lcd$3158
  0C:0C53    A$lcd$3159
  0C:0C55    A$lcd$3160
  0C:0C56    A$lcd$3163
  0C:0C59    A$lcd$3164
  0C:0C5B    A$lcd$3165
  0C:0C5C    A$lcd$3168
  0C:0C5F    A$lcd$3169
  0C:0C61    A$lcd$3170
  0C:0C62    A$lcd$3173
  0C:0C65    A$lcd$3174
  0C:0C67    A$lcd$3175
  0C:0C68    A$lcd$3178
  0C:0C6B    A$lcd$3179
  0C:0C6D    A$lcd$3180
  0C:0C6E    A$lcd$3183
  0C:0C71    A$lcd$3185
  0C:0C72    A$lcd$3186
  0C:0C73    A$lcd$3190
  0C:0C73    C$lcd.c$172$1$1
  0C:0C76    A$lcd$3191
  0C:0C79    A$lcd$3196
  0C:0C79    C$lcd.c$173$1$1
  0C:0C7C    A$lcd$3197
  0C:0C7F    A$lcd$3201
  0C:0C81    A$lcd$3202
  0C:0C83    A$lcd$3204
  0C:0C85    A$lcd$3208
  0C:0C88    A$lcd$3211
  0C:0C8A    A$lcd$3212
  0C:0C8D    A$lcd$3217
  0C:0C8D    C$lcd.c$176$2$2
  0C:0C90    A$lcd$3218
  0C:0C92    A$lcd$3219
  0C:0C94    A$lcd$3220
  0C:0C96    A$lcd$3221
  0C:0C99    A$lcd$3222
  0C:0C9B    A$lcd$3223
  0C:0C9D    A$lcd$3224
  0C:0C9F    A$lcd$3228
  0C:0C9F    C$lcd.c$177$2$2
  0C:0CA2    A$lcd$3229
  0C:0CA4    A$lcd$3230
  0C:0CA6    A$lcd$3231
  0C:0CA8    A$lcd$3232
  0C:0CAB    A$lcd$3233
  0C:0CAD    A$lcd$3234
  0C:0CAF    A$lcd$3235
  0C:0CB1    A$lcd$3239
  0C:0CB1    C$lcd.c$178$2$2
  0C:0CB3    A$lcd$3240
  0C:0CB5    A$lcd$3241
  0C:0CB7    A$lcd$3242
  0C:0CB9    A$lcd$3244
  0C:0CBC    A$lcd$3245
  0C:0CBE    A$lcd$3246
  0C:0CBF    A$lcd$3248
  0C:0CC1    A$lcd$3249
  0C:0CC3    A$lcd$3250
  0C:0CC5    A$lcd$3251
  0C:0CC6    A$lcd$3252
  0C:0CC8    A$lcd$3253
  0C:0CCA    A$lcd$3254
  0C:0CCC    A$lcd$3255
  0C:0CCF    A$lcd$3256
  0C:0CD1    A$lcd$3257
  0C:0CD3    A$lcd$3258
  0C:0CD5    A$lcd$3262
  0C:0CD5    C$lcd.c$179$2$2
  0C:0CD8    A$lcd$3263
  0C:0CDA    A$lcd$3264
  0C:0CDC    A$lcd$3265
  0C:0CDE    A$lcd$3266
  0C:0CE1    A$lcd$3267
  0C:0CE3    A$lcd$3268
  0C:0CE5    A$lcd$3269
  0C:0CE7    A$lcd$3273
  0C:0CE7    C$lcd.c$180$1$1
  0C:0CE9    A$lcd$3277
  0C:0CEC    A$lcd$3281
  0C:0CEE    A$lcd$3286
  0C:0CEE    C$lcd.c$182$3$3
  0C:0CF1    A$lcd$3287
  0C:0CF3    A$lcd$3288
  0C:0CF5    A$lcd$3289
  0C:0CF7    A$lcd$3290
  0C:0CF9    A$lcd$3291
  0C:0CFC    A$lcd$3292
  0C:0CFE    A$lcd$3293
  0C:0D00    A$lcd$3294
  0C:0D02    A$lcd$3295
  0C:0D04    A$lcd$3301
  0C:0D04    C$lcd.c$183$3$3
  0C:0D07    A$lcd$3302
  0C:0D08    A$lcd$3303
  0C:0D09    A$lcd$3307
  0C:0D09    C$lcd.c$184$3$3
  0C:0D0B    A$lcd$3308
  0C:0D0D    A$lcd$3309
  0C:0D0F    A$lcd$3311
  0C:0D12    A$lcd$3312
  0C:0D14    A$lcd$3313
  0C:0D15    A$lcd$3315
  0C:0D17    A$lcd$3316
  0C:0D19    A$lcd$3317
  0C:0D1B    A$lcd$3318
  0C:0D1C    A$lcd$3319
  0C:0D1E    A$lcd$3320
  0C:0D20    A$lcd$3321
  0C:0D22    A$lcd$3322
  0C:0D24    A$lcd$3323
  0C:0D27    A$lcd$3324
  0C:0D29    A$lcd$3325
  0C:0D2B    A$lcd$3326
  0C:0D2D    A$lcd$3327
  0C:0D2F    A$lcd$3332
  0C:0D2F    C$lcd.c$180$2$2
  0C:0D30    A$lcd$3334
  0C:0D32    A$lcd$3340
  0C:0D32    C$lcd.c$186$2$2
  0C:0D34    A$lcd$3342
  0C:0D35    A$lcd$3343
  0C:0D36    A$lcd$3345
  0C:0D37    A$lcd$3347
  0C:0D38    A$lcd$3348
  0C:0D39    A$lcd$3353
  0C:0D39    C$lcd.c$174$1$1
  0C:0D3A    A$lcd$3354
  0C:0D3D    A$lcd$3359
  0C:0D3D    C$lcd.c$188$1$1
  0C:0D40    A$lcd$3360
  0C:0D41    A$lcd$3361
  0C:0D42    A$lcd$3363
  0C:0D45    A$lcd$3364
  0C:0D46    A$lcd$3366
  0C:0D47    A$lcd$3367
  0C:0D4A    A$lcd$3369
  0C:0D4B    A$lcd$3371
  0C:0D4D    A$lcd$3378
  0C:0D4D    C$lcd.c$189$1$1
  0C:0D4D    C$lcd.c$190$1$1
  0C:0D4D    XG$lcd_cgram_flush$0$0
  0C:0D50    A$lcd$3394
  0C:0D50    C$lcd.c$197$1$1
  0C:0D50    G$lcd_go_to_addr$0$0
  0C:0D50    _lcd_go_to_addr
  0C:0D52    A$lcd$3395
  0C:0D55    A$lcd$3396
  0C:0D56    A$lcd$3401
  0C:0D56    C$lcd.c$199$1$1
  0C:0D59    A$lcd$3402
  0C:0D5B    A$lcd$3403
  0C:0D5C    A$lcd$3406
  0C:0D5F    A$lcd$3407
  0C:0D61    A$lcd$3408
  0C:0D62    A$lcd$3411
  0C:0D65    A$lcd$3412
  0C:0D67    A$lcd$3413
  0C:0D68    A$lcd$3416
  0C:0D6B    A$lcd$3417
  0C:0D6D    A$lcd$3418
  0C:0D6E    A$lcd$3421
  0C:0D71    A$lcd$3422
  0C:0D73    A$lcd$3423
  0C:0D74    A$lcd$3426
  0C:0D77    A$lcd$3427
  0C:0D79    A$lcd$3428
  0C:0D7A    A$lcd$3431
  0C:0D7D    A$lcd$3432
  0C:0D7F    A$lcd$3433
  0C:0D80    A$lcd$3436
  0C:0D83    A$lcd$3437
  0C:0D85    A$lcd$3438
  0C:0D86    A$lcd$3441
  0C:0D89    A$lcd$3442
  0C:0D8B    A$lcd$3443
  0C:0D8C    A$lcd$3446
  0C:0D8F    A$lcd$3447
  0C:0D91    A$lcd$3448
  0C:0D92    A$lcd$3451
  0C:0D95    A$lcd$3452
  0C:0D97    A$lcd$3453
  0C:0D98    A$lcd$3456
  0C:0D9B    A$lcd$3457
  0C:0D9D    A$lcd$3458
  0C:0D9E    A$lcd$3461
  0C:0DA1    A$lcd$3462
  0C:0DA3    A$lcd$3463
  0C:0DA4    A$lcd$3466
  0C:0DA7    A$lcd$3467
  0C:0DA9    A$lcd$3468
  0C:0DAA    A$lcd$3471
  0C:0DAD    A$lcd$3472
  0C:0DAF    A$lcd$3473
  0C:0DB0    A$lcd$3476
  0C:0DB3    A$lcd$3477
  0C:0DB5    A$lcd$3478
  0C:0DB6    A$lcd$3481
  0C:0DB9    A$lcd$3482
  0C:0DBB    A$lcd$3483
  0C:0DBC    A$lcd$3486
  0C:0DBF    A$lcd$3488
  0C:0DC0    A$lcd$3489
  0C:0DC1    A$lcd$3493
  0C:0DC1    C$lcd.c$200$1$1
  0C:0DC4    A$lcd$3494
  0C:0DC5    A$lcd$3495
  0C:0DC6    A$lcd$3498
  0C:0DC9    A$lcd$3503
  0C:0DCB    A$lcd$3510
  0C:0DCC    A$lcd$3511
  0C:0DCE    A$lcd$3512
  0C:0DD0    A$lcd$3516
  0C:0DD3    A$lcd$3517
  0C:0DD4    A$lcd$3518
  0C:0DD5    A$lcd$3521
  0C:0DD8    A$lcd$3526
  0C:0DDA    A$lcd$3533
  0C:0DDB    A$lcd$3534
  0C:0DDD    A$lcd$3535
  0C:0DDF    A$lcd$3539
  0C:0DE2    A$lcd$3540
  0C:0DE3    A$lcd$3541
  0C:0DE4    A$lcd$3544
  0C:0DE7    A$lcd$3549
  0C:0DE9    A$lcd$3556
  0C:0DEA    A$lcd$3557
  0C:0DEC    A$lcd$3558
  0C:0DEE    A$lcd$3562
  0C:0DF1    A$lcd$3563
  0C:0DF2    A$lcd$3564
  0C:0DF3    A$lcd$3567
  0C:0DF6    A$lcd$3572
  0C:0DF8    A$lcd$3578
  0C:0DF9    A$lcd$3579
  0C:0DFB    A$lcd$3582
  0C:0DFD    A$lcd$3588
  0C:0DFD    C$lcd.c$202$2$2
  0C:0E00    A$lcd$3593
  0C:0E00    C$lcd.c$203$2$2
  0C:0E03    A$lcd$3594
  0C:0E04    A$lcd$3595
  0C:0E05    A$lcd$3597
  0C:0E07    A$lcd$3598
  0C:0E08    A$lcd$3602
  0C:0E08    C$lcd.c$204$2$2
  0C:0E0B    A$lcd$3603
  0C:0E0C    A$lcd$3605
  0C:0E0D    A$lcd$3607
  0C:0E0F    A$lcd$3608
  0C:0E12    A$lcd$3610
  0C:0E14    A$lcd$3616
  0C:0E14    C$lcd.c$208$2$3
  0C:0E17    A$lcd$3617
  0C:0E1A    A$lcd$3625
  0C:0E1A    C$lcd.c$210$1$1
  0C:0E1A    C$lcd.c$211$1$1
  0C:0E1A    XG$lcd_go_to_addr$0$0
  0C:0E1B    A$lcd$3644
  0C:0E1B    C$lcd.c$219$1$1
  0C:0E1B    G$lcd_go_to_x_y$0$0
  0C:0E1B    _lcd_go_to_x_y
  0C:0E1D    A$lcd$3645
  0C:0E20    A$lcd$3646
  0C:0E21    A$lcd$3651
  0C:0E21    C$lcd.c$221$1$1
  0C:0E24    A$lcd$3652
  0C:0E26    A$lcd$3653
  0C:0E27    A$lcd$3656
  0C:0E2A    A$lcd$3657
  0C:0E2C    A$lcd$3658
  0C:0E2D    A$lcd$3661
  0C:0E30    A$lcd$3662
  0C:0E32    A$lcd$3663
  0C:0E33    A$lcd$3666
  0C:0E36    A$lcd$3667
  0C:0E38    A$lcd$3668
  0C:0E39    A$lcd$3671
  0C:0E3C    A$lcd$3672
  0C:0E3E    A$lcd$3673
  0C:0E3F    A$lcd$3676
  0C:0E42    A$lcd$3677
  0C:0E44    A$lcd$3678
  0C:0E45    A$lcd$3681
  0C:0E48    A$lcd$3682
  0C:0E4A    A$lcd$3683
  0C:0E4B    A$lcd$3686
  0C:0E4E    A$lcd$3687
  0C:0E50    A$lcd$3688
  0C:0E51    A$lcd$3691
  0C:0E54    A$lcd$3692
  0C:0E56    A$lcd$3693
  0C:0E57    A$lcd$3696
  0C:0E5A    A$lcd$3697
  0C:0E5C    A$lcd$3698
  0C:0E5D    A$lcd$3701
  0C:0E60    A$lcd$3702
  0C:0E62    A$lcd$3703
  0C:0E63    A$lcd$3706
  0C:0E66    A$lcd$3707
  0C:0E68    A$lcd$3708
  0C:0E69    A$lcd$3711
  0C:0E6C    A$lcd$3712
  0C:0E6E    A$lcd$3713
  0C:0E6F    A$lcd$3716
  0C:0E72    A$lcd$3717
  0C:0E74    A$lcd$3718
  0C:0E75    A$lcd$3721
  0C:0E78    A$lcd$3722
  0C:0E7A    A$lcd$3723
  0C:0E7B    A$lcd$3726
  0C:0E7E    A$lcd$3727
  0C:0E80    A$lcd$3728
  0C:0E81    A$lcd$3731
  0C:0E84    A$lcd$3732
  0C:0E86    A$lcd$3733
  0C:0E87    A$lcd$3736
  0C:0E8A    A$lcd$3737
  0C:0E8C    A$lcd$3738
  0C:0E8D    A$lcd$3741
  0C:0E90    A$lcd$3742
  0C:0E92    A$lcd$3743
  0C:0E93    A$lcd$3746
  0C:0E96    A$lcd$3747
  0C:0E98    A$lcd$3748
  0C:0E99    A$lcd$3751
  0C:0E9C    A$lcd$3753
  0C:0E9D    A$lcd$3754
  0C:0E9E    A$lcd$3759
  0C:0E9E    C$lcd.c$222$1$1
  0C:0EA1    A$lcd$3760
  0C:0EA3    A$lcd$3761
  0C:0EA4    A$lcd$3764
  0C:0EA7    A$lcd$3765
  0C:0EA9    A$lcd$3766
  0C:0EAA    A$lcd$3769
  0C:0EAD    A$lcd$3770
  0C:0EAF    A$lcd$3771
  0C:0EB0    A$lcd$3774
  0C:0EB3    A$lcd$3775
  0C:0EB5    A$lcd$3776
  0C:0EB6    A$lcd$3779
  0C:0EB9    A$lcd$3780
  0C:0EBB    A$lcd$3781
  0C:0EBC    A$lcd$3784
  0C:0EBF    A$lcd$3785
  0C:0EC1    A$lcd$3786
  0C:0EC2    A$lcd$3789
  0C:0EC5    A$lcd$3790
  0C:0EC7    A$lcd$3791
  0C:0EC8    A$lcd$3794
  0C:0ECB    A$lcd$3795
  0C:0ECD    A$lcd$3796
  0C:0ECE    A$lcd$3799
  0C:0ED1    A$lcd$3800
  0C:0ED3    A$lcd$3801
  0C:0ED4    A$lcd$3804
  0C:0ED7    A$lcd$3805
  0C:0ED9    A$lcd$3806
  0C:0EDA    A$lcd$3809
  0C:0EDD    A$lcd$3810
  0C:0EDF    A$lcd$3811
  0C:0EE0    A$lcd$3814
  0C:0EE3    A$lcd$3815
  0C:0EE5    A$lcd$3816
  0C:0EE6    A$lcd$3819
  0C:0EE9    A$lcd$3820
  0C:0EEB    A$lcd$3821
  0C:0EEC    A$lcd$3824
  0C:0EEF    A$lcd$3825
  0C:0EF1    A$lcd$3826
  0C:0EF2    A$lcd$3829
  0C:0EF5    A$lcd$3830
  0C:0EF7    A$lcd$3831
  0C:0EF8    A$lcd$3834
  0C:0EFB    A$lcd$3835
  0C:0EFD    A$lcd$3836
  0C:0EFE    A$lcd$3839
  0C:0F01    A$lcd$3840
  0C:0F03    A$lcd$3841
  0C:0F04    A$lcd$3844
  0C:0F07    A$lcd$3845
  0C:0F09    A$lcd$3846
  0C:0F0A    A$lcd$3849
  0C:0F0D    A$lcd$3850
  0C:0F0F    A$lcd$3851
  0C:0F10    A$lcd$3854
  0C:0F13    A$lcd$3855
  0C:0F15    A$lcd$3856
  0C:0F16    A$lcd$3859
  0C:0F19    A$lcd$3860
  0C:0F1B    A$lcd$3861
  0C:0F1C    A$lcd$3864
  0C:0F1F    A$lcd$3865
  0C:0F21    A$lcd$3866
  0C:0F22    A$lcd$3869
  0C:0F25    A$lcd$3870
  0C:0F27    A$lcd$3871
  0C:0F28    A$lcd$3874
  0C:0F2B    A$lcd$3876
  0C:0F2C    A$lcd$3877
  0C:0F2D    A$lcd$3882
  0C:0F2D    C$lcd.c$223$1$1
  0C:0F30    A$lcd$3883
  0C:0F32    A$lcd$3884
  0C:0F33    A$lcd$3887
  0C:0F36    A$lcd$3888
  0C:0F38    A$lcd$3889
  0C:0F39    A$lcd$3892
  0C:0F3C    A$lcd$3893
  0C:0F3E    A$lcd$3894
  0C:0F3F    A$lcd$3897
  0C:0F42    A$lcd$3898
  0C:0F44    A$lcd$3899
  0C:0F45    A$lcd$3903
  0C:0F45    C$lcd.c$225$1$1
  0C:0F48    A$lcd$3907
  0C:0F48    C$lcd.c$226$1$1
  0C:0F4B    A$lcd$3908
  0C:0F4C    A$lcd$3909
  0C:0F4D    A$lcd$3912
  0C:0F50    A$lcd$3917
  0C:0F52    A$lcd$3923
  0C:0F52    C$lcd.c$228$2$2
  0C:0F55    A$lcd$3924
  0C:0F58    A$lcd$3925
  0C:0F5A    A$lcd$3927
  0C:0F5D    A$lcd$3928
  0C:0F5E    A$lcd$3933
  0C:0F5E    C$lcd.c$230$1$1
  0C:0F61    A$lcd$3934
  0C:0F62    A$lcd$3935
  0C:0F63    A$lcd$3938
  0C:0F66    A$lcd$3943
  0C:0F68    A$lcd$3949
  0C:0F68    C$lcd.c$232$2$3
  0C:0F6B    A$lcd$3950
  0C:0F6E    A$lcd$3951
  0C:0F70    A$lcd$3953
  0C:0F73    A$lcd$3954
  0C:0F74    A$lcd$3959
  0C:0F74    C$lcd.c$234$1$1
  0C:0F77    A$lcd$3960
  0C:0F78    A$lcd$3962
  0C:0F79    A$lcd$3964
  0C:0F7B    A$lcd$3965
  0C:0F7D    A$lcd$3967
  0C:0F7E    A$lcd$3968
  0C:0F80    A$lcd$3969
  0C:0F82    A$lcd$3972
  0C:0F83    A$lcd$3973
  0C:0F84    A$lcd$3975
  0C:0F87    A$lcd$3976
  0C:0F88    A$lcd$3978
  0C:0F89    A$lcd$3981
  0C:0F8A    A$lcd$3982
  0C:0F8B    A$lcd$3987
  0C:0F8B    C$lcd.c$235$1$1
  0C:0F8E    A$lcd$3992
  0C:0F90    A$lcd$3999
  0C:0F91    A$lcd$4000
  0C:0F93    A$lcd$4001
  0C:0F95    A$lcd$4006
  0C:0F98    A$lcd$4011
  0C:0F9A    A$lcd$4018
  0C:0F9B    A$lcd$4019
  0C:0F9D    A$lcd$4020
  0C:0F9F    A$lcd$4025
  0C:0FA2    A$lcd$4030
  0C:0FA4    A$lcd$4037
  0C:0FA5    A$lcd$4038
  0C:0FA7    A$lcd$4039
  0C:0FA9    A$lcd$4044
  0C:0FAC    A$lcd$4049
  0C:0FAE    A$lcd$4055
  0C:0FAF    A$lcd$4056
  0C:0FB1    A$lcd$4059
  0C:0FB3    A$lcd$4065
  0C:0FB3    C$lcd.c$237$2$4
  0C:0FB5    A$lcd$4066
  0C:0FB8    A$lcd$4070
  0C:0FB8    C$lcd.c$238$2$4
[...]
  0C:2EDE    C$uart.c$207$1$1
  0C:2EDE    G$my_printf$0$0
  0C:2EDE    _my_printf
  0C:2EE0    A$uart$1704
  0C:2EE2    A$uart$1705
  0C:2EE5    A$uart$1706
  0C:2EE6    A$uart$1707
  0C:2EE7    A$uart$1708
  0C:2EE8    A$uart$1709
  0C:2EE9    A$uart$1713
  0C:2EE9    C$uart.c$209$1$1
  0C:2EEC    A$uart$1714
  0C:2EED    A$uart$1715
  0C:2EEE    A$uart$1716
  0C:2EEF    A$uart$1717
  0C:2EF0    A$uart$1718
  0C:2EF1    A$uart$1722
  0C:2EF3    A$uart$1723
  0C:2EF5    A$uart$1724
  0C:2EF6    A$uart$1728
  0C:2EF7    A$uart$1730
  0C:2EF9    A$uart$1735
  0C:2EF9    C$uart.c$211$2$2
  0C:2EFB    A$uart$1736
  0C:2EFD    A$uart$1737
  0C:2EFF    A$uart$1738
  0C:2F02    A$uart$1739
  0C:2F04    A$uart$1740
  0C:2F06    A$uart$1745
  0C:2F06    C$uart.c$212$2$2
  0C:2F07    A$uart$1746
  0C:2F0A    A$uart$1747
  0C:2F0B    A$uart$1750
  0C:2F0E    A$uart$1751
  0C:2F0F    A$uart$1752
  0C:2F10    A$uart$1753
  0C:2F11    A$uart$1754
  0C:2F12    A$uart$1755
  0C:2F13    A$uart$1757
  0C:2F15    A$uart$1760
  0C:2F18    A$uart$1761
  0C:2F19    A$uart$1762
  0C:2F1A    A$uart$1763
  0C:2F1B    A$uart$1764
  0C:2F1C    A$uart$1765
  0C:2F1D    A$uart$1772
  0C:2F1D    C$uart.c$214$1$1
  0C:2F1D    C$uart.c$215$1$1
  0C:2F1D    XG$my_printf$0$0
  0C:2F1E    A$uart$1790
  0C:2F1E    C$uart.c$222$1$1
  0C:2F1E    G$print_number$0$0
  0C:2F1E    _print_number
  0C:2F20    A$uart$1791
  0C:2F22    A$uart$1792
  0C:2F24    A$uart$1793
  0C:2F25    A$uart$1794
  0C:2F28    A$uart$1795
  0C:2F29    A$uart$1796
  0C:2F2A    A$uart$1797
  0C:2F2B    A$uart$1798
  0C:2F2C    A$uart$1799
  0C:2F2D    A$uart$1800
  0C:2F2E    A$uart$1801
  0C:2F2F    A$uart$1802
  0C:2F30    A$uart$1803
  0C:2F31    A$uart$1804
  0C:2F32    A$uart$1805
  0C:2F33    A$uart$1809
  0C:2F33    C$uart.c$226$1$1
  0C:2F36    A$uart$1810
  0C:2F37    A$uart$1811
  0C:2F38    A$uart$1812
  0C:2F39    A$uart$1813
  0C:2F3A    A$uart$1814
  0C:2F3B    A$uart$1815
  0C:2F3C    A$uart$1816
  0C:2F3D    A$uart$1817
  0C:2F3E    A$uart$1818
  0C:2F3F    A$uart$1819
  0C:2F40    A$uart$1822
  0C:2F41    A$uart$1826
  0C:2F44    A$uart$1831
  0C:2F44    C$uart.c$228$2$2
  0C:2F47    A$uart$1832
  0C:2F49    A$uart$1833
  0C:2F4B    A$uart$1834
  0C:2F4D    A$uart$1835
  0C:2F4F    A$uart$1836
  0C:2F52    A$uart$1837
  0C:2F54    A$uart$1838
  0C:2F56    A$uart$1839
  0C:2F58    A$uart$1840
  0C:2F5A    A$uart$1844
  0C:2F5A    C$uart.c$229$1$1
  0C:2F5D    A$uart$1845
  0C:2F5F    A$uart$1846
  0C:2F60    A$uart$1847
  0C:2F61    A$uart$1849
  0C:2F62    A$uart$1850
  0C:2F63    A$uart$1851
  0C:2F65    A$uart$1852
  0C:2F66    A$uart$1853
  0C:2F67    A$uart$1855
  0C:2F68    A$uart$1857
  0C:2F6A    A$uart$1858
  0C:2F6C    A$uart$1859
  0C:2F6E    A$uart$1860
  0C:2F6F    A$uart$1861
  0C:2F72    A$uart$1862
  0C:2F74    A$uart$1863
  0C:2F76    A$uart$1864
  0C:2F78    A$uart$1865
  0C:2F79    A$uart$1867
  0C:2F7C    A$uart$1868
  0C:2F7D    A$uart$1869
  0C:2F7E    A$uart$1870
  0C:2F7F    A$uart$1871
  0C:2F80    A$uart$1872
  0C:2F81    A$uart$1873
  0C:2F82    A$uart$1874
  0C:2F83    A$uart$1875
  0C:2F84    A$uart$1876
  0C:2F85    A$uart$1877
  0C:2F86    A$uart$1878
  0C:2F87    A$uart$1883
  0C:2F87    C$uart.c$231$1$1
  0C:2F89    A$uart$1889
  0C:2F89    C$uart.c$233$2$3
  0C:2F8A    A$uart$1890
  0C:2F8C    A$uart$1891
  0C:2F8D    A$uart$1893
  0C:2F8E    A$uart$1894
  0C:2F90    A$uart$1895
  0C:2F91    A$uart$1897
  0C:2F94    A$uart$1898
  0C:2F95    A$uart$1899
  0C:2F97    A$uart$1900
  0C:2F98    A$uart$1901
  0C:2F99    A$uart$1902
  0C:2F9B    A$uart$1903
  0C:2F9C    A$uart$1904
  0C:2F9D    A$uart$1905
  0C:2F9F    A$uart$1906
  0C:2FA0    A$uart$1907
  0C:2FA1    A$uart$1908
  0C:2FA3    A$uart$1910
  0C:2FA6    A$uart$1911
  0C:2FA8    A$uart$1912
  0C:2FA9    A$uart$1913
  0C:2FAA    A$uart$1914
  0C:2FAB    A$uart$1915
  0C:2FAC    A$uart$1916
  0C:2FAD    A$uart$1917
  0C:2FAE    A$uart$1918
  0C:2FAF    A$uart$1919
  0C:2FB0    A$uart$1921
  0C:2FB3    A$uart$1922
  0C:2FB6    A$uart$1923
  0C:2FB9    A$uart$1924
  0C:2FBB    A$uart$1925
  0C:2FBD    A$uart$1926
  0C:2FBF    A$uart$1927
  0C:2FC1    A$uart$1928
  0C:2FC4    A$uart$1929
  0C:2FC6    A$uart$1930
  0C:2FC8    A$uart$1931
  0C:2FCA    A$uart$1932
  0C:2FCB    A$uart$1933
  0C:2FCD    A$uart$1934
  0C:2FCF    A$uart$1935
  0C:2FD1    A$uart$1939
  0C:2FD3    A$uart$1941
  0C:2FD4    A$uart$1944
  0C:2FD5    A$uart$1945
  0C:2FD7    A$uart$1946
  0C:2FD9    A$uart$1948
  0C:2FDA    A$uart$1952
  0C:2FDA    C$uart.c$234$1$1
  0C:2FDD    A$uart$1953
  0C:2FDF    A$uart$1954
  0C:2FE0    A$uart$1955
  0C:2FE1    A$uart$1956
  0C:2FE2    A$uart$1957
  0C:2FE3    A$uart$1958
  0C:2FE4    A$uart$1959
  0C:2FE5    A$uart$1960
  0C:2FE6    A$uart$1961
  0C:2FE7    A$uart$1963
  0C:2FEA    A$uart$1964
  0C:2FED    A$uart$1965
  0C:2FF0    A$uart$1966
  0C:2FF2    A$uart$1967
  0C:2FF4    A$uart$1968
  0C:2FF7    A$uart$1969
  0C:2FF9    A$uart$1970
  0C:2FFB    A$uart$1971
  0C:2FFD    A$uart$1972
  0C:2FFE    A$uart$1973
  0C:3000    A$uart$1975
  0C:3003    A$uart$1976
  0C:3004    A$uart$1977
  0C:3005    A$uart$1978
  0C:3006    A$uart$1979
  0C:3007    A$uart$1980
  0C:3008    A$uart$1981
  0C:3009    A$uart$1982
  0C:300A    A$uart$1983
  0C:300B    A$uart$1984
  0C:300C    A$uart$1985
  0C:300D    A$uart$1986
  0C:300E    A$uart$1991
  0C:300E    C$uart.c$235$2$3
  0C:300F    A$uart$1995
  0C:300F    C$uart.c$236$1$1
  0C:3012    A$uart$1996
  0C:3013    A$uart$1997
  0C:3014    A$uart$1998
  0C:3015    A$uart$1999
  0C:3016    A$uart$2000
  0C:3017    A$uart$2001
  0C:3018    A$uart$2002
  0C:3019    A$uart$2003
  0C:301A    A$uart$2004
  0C:301B    A$uart$2005
  0C:301C    A$uart$2006
  0C:301D    A$uart$2009
  0C:301E    A$uart$2011
  0C:301F    A$uart$2012
  0C:3020    A$uart$2014
  0C:3021    A$uart$2015
  0C:3022    A$uart$2017
  0C:3023    A$uart$2018
  0C:3024    A$uart$2020
  0C:3026    A$uart$2021
  0C:3028    A$uart$2022
  0C:302B    A$uart$2023
  0C:302D    A$uart$2025
  0C:302F    A$uart$2026
  0C:3032    A$uart$2032
  0C:3033    A$uart$2033
  0C:3034    A$uart$2035
  0C:3037    A$uart$2036
  0C:3038    A$uart$2038
  0C:303B    A$uart$2039
  0C:303C    A$uart$2040
  0C:303D    A$uart$2044
  0C:303E    A$uart$2047
  0C:3041    A$uart$2053
  0C:3041    C$uart.c$239$2$4
  0C:3042    A$uart$2054
  0C:3044    A$uart$2055
  0C:3046    A$uart$2057
  0C:3047    A$uart$2058
  0C:3049    A$uart$2059
  0C:304B    A$uart$2062
  0C:304C    A$uart$2064
  0C:304D    A$uart$2066
  0C:304F    A$uart$2067
  0C:3051    A$uart$2068
  0C:3054    A$uart$2069
  0C:3056    A$uart$2074
  0C:3056    C$uart.c$237$1$1
  0C:3057    A$uart$2076
  0C:3059    A$uart$2084
  0C:3059    C$uart.c$241$1$1
  0C:3059    C$uart.c$242$1$1
  0C:3059    XG$print_number$0$0
  0C:305A    A$uart$2103
  0C:305A    C$uart.c$250$1$1
  0C:305A    G$fetch_number$0$0
  0C:305A    _fetch_number
  0C:305C    A$uart$2104
  0C:305F    A$uart$2105
  0C:3060    A$uart$2109
  0C:3060    C$uart.c$252$1$1
  0C:3063    A$uart$2117
  0C:3063    C$uart.c$253$1$1
  0C:3064    A$uart$2118
  0C:3065    A$uart$2119
  0C:3068    A$uart$2120
  0C:3069    A$uart$2121
  0C:306C    A$uart$2123
  0C:306D    A$uart$2124
  0C:306E    A$uart$2125
  0C:306F    A$uart$2130
  0C:306F    C$uart.c$254$3$3
  0C:3072    A$uart$2131
  0C:3073    A$uart$2132
  0C:3074    A$uart$2135
  0C:3077    A$uart$2136
  0C:307A    A$uart$2141
  0C:307A    C$uart.c$256$2$2
  0C:307D    A$uart$2142
  0C:307F    A$uart$2144
  0C:3082    A$uart$2145
  0C:3083    A$uart$2146
  0C:3084    A$uart$2151
  0C:3084    C$uart.c$257$2$2
  0C:3087    A$uart$2156
  0C:3089    A$uart$2163
  0C:308A    A$uart$2164
  0C:308C    A$uart$2165
  0C:308E    A$uart$2172
  0C:308E    C$uart.c$258$2$2
  0C:3091    A$uart$2177
  0C:3093    A$uart$2184
  0C:3094    A$uart$2185
  0C:3096    A$uart$2186
  0C:3098    A$uart$2193
  0C:3098    C$uart.c$259$2$2
  0C:309B    A$uart$2198
  0C:309D    A$uart$2204
  0C:309E    A$uart$2205
  0C:30A0    A$uart$2208
  0C:30A2    A$uart$2214
  0C:30A2    C$uart.c$261$3$3
  0C:30A4    A$uart$2215
  0C:30A6    A$uart$2216
  0C:30A9    A$uart$2217
  0C:30AB    A$uart$2221
  0C:30AB    C$uart.c$262$3$3
  0C:30AE    A$uart$2222
  0C:30AF    A$uart$2224
  0C:30B0    A$uart$2226
  0C:30B2    A$uart$2227
  0C:30B3    A$uart$2229
  0C:30B4    A$uart$2230
  0C:30B6    A$uart$2231
  0C:30B7    A$uart$2233
  0C:30B9    A$uart$2234
  0C:30BB    A$uart$2235
  0C:30BD    A$uart$2236
  0C:30BF    A$uart$2237
  0C:30C2    A$uart$2238
  0C:30C4    A$uart$2239
  0C:30C6    A$uart$2240
  0C:30C8    A$uart$2241
  0C:30CA    A$uart$2244
  0C:30CC    A$uart$2245
  0C:30CE    A$uart$2246
  0C:30CF    A$uart$2247
  0C:30D0    A$uart$2251
  0C:30D0    C$uart.c$263$3$3
  0C:30D3    A$uart$2253
  0C:30D5    A$uart$2255
  0C:30D6    A$uart$2256
  0C:30D7    A$uart$2258
  0C:30D9    A$uart$2264
  0C:30D9    C$uart.c$265$2$2
  0C:30DC    A$uart$2265
  0C:30DE    A$uart$2267
  0C:30E1    A$uart$2272
  0C:30E1    C$uart.c$267$3$4
  0C:30E4    A$uart$2273
  0C:30E7    A$uart$2277
  0C:30E7    C$uart.c$268$3$4
  0C:30EA    A$uart$2278
  0C:30ED    A$uart$2282
  0C:30ED    C$uart.c$269$3$4
  0C:30F0    A$uart$2283
  0C:30F3    A$uart$2287
  0C:30F3    C$uart.c$270$3$4
  0C:30F6    A$uart$2288
  0C:30F7    A$uart$2291
  0C:30F8    A$uart$2293
  0C:30F9    A$uart$2295
  0C:30FC    A$uart$2296
  0C:30FD    A$uart$2297
  0C:3100    A$uart$2302
  0C:3103    A$uart$2303
  0C:3104    A$uart$2304
  0C:3105    A$uart$2306
  0C:3108    A$uart$2307
  0C:3109    A$uart$2308
  0C:310A    A$uart$2310
  0C:310C    A$uart$2314
  0C:310D    A$uart$2315
  0C:310E    A$uart$2316
  0C:310F    A$uart$2319
  0C:3111    A$uart$2324
  0C:3111    C$uart.c$275$2$5
  0C:3114    A$uart$2325
  0C:3115    A$uart$2326
  0C:3116    A$uart$2327
  0C:3117    A$uart$2328
  0C:3118    A$uart$2329
  0C:3119    A$uart$2331
  0C:311C    A$uart$2332
  0C:311D    A$uart$2333
  0C:311E    A$uart$2334
  0C:311F    A$uart$2336
  0C:3120    A$uart$2337
  0C:3121    A$uart$2339
  0C:3123    A$uart$2340
  0C:3125    A$uart$2341
  0C:3127    A$uart$2342
  0C:3129    A$uart$2343
  0C:312B    A$uart$2344
  0C:312E    A$uart$2345
  0C:3130    A$uart$2346
  0C:3133    A$uart$2347
  0C:3135    A$uart$2348
  0C:3137    A$uart$2349
  0C:3139    A$uart$2351
  0C:313C    A$uart$2352
  0C:313D    A$uart$2353
  0C:313E    A$uart$2354
  0C:3140    A$uart$2355
  0C:3141    A$uart$2360
  0C:3141    C$uart.c$276$2$5
  0C:3142    A$uart$2361
  0C:3144    A$uart$2362
  0C:3146    A$uart$2364
  0C:3147    A$uart$2365
  0C:3149    A$uart$2366
  0C:314B    A$uart$2369
  0C:314C    A$uart$2370
  0C:314D    A$uart$2372
  0C:314F    A$uart$2374
  0C:3152    A$uart$2375
  0C:3153    A$uart$2376
  0C:3154    A$uart$2377
  0C:3155    A$uart$2378
  0C:3156    A$uart$2379
  0C:3157    A$uart$2381
  0C:315A    A$uart$2383
  0C:315B    A$uart$2385
  0C:315C    A$uart$2386
  0C:315D    A$uart$2388
  0C:315E    A$uart$2390
  0C:315F    A$uart$2391
  0C:3160    A$uart$2392
  0C:3161    A$uart$2397
  0C:3161    C$uart.c$273$1$1
  0C:3162    A$uart$2399
  0C:3164    A$uart$2404
  0C:3164    C$uart.c$278$1$1
  0C:3167    A$uart$2405
  0C:3168    A$uart$2406
  0C:3169    A$uart$2407
  0C:316A    A$uart$2408
  0C:316B    A$uart$2413
  0C:316B    C$uart.c$279$1$1
  0C:316B    XG$fetch_number$0$0
  0C:316D    A$uart$2414
  0C:316F    A$uart$2416
  0C:3170    A$uart$2433
  0C:3170    C$uart.c$286$1$1
  0C:3170    G$ms_delay$0$0
  0C:3170    _ms_delay
  0C:3172    A$uart$2434
  0C:3174    A$uart$2435
  0C:3176    A$uart$2436
  0C:3177    A$uart$2437
  0C:317A    A$uart$2438
  0C:317B    A$uart$2439
  0C:317C    A$uart$2440
  0C:317D    A$uart$2441
  0C:317E    A$uart$2442
  0C:317F    A$uart$2443
  0C:3180    A$uart$2444
  0C:3181    A$uart$2445
  0C:3182    A$uart$2446
  0C:3183    A$uart$2447
  0C:3184    A$uart$2448
  0C:3185    A$uart$2452
  0C:3188    A$uart$2453
  0C:3189    A$uart$2454
  0C:318A    A$uart$2455
  0C:318B    A$uart$2456
  0C:318C    A$uart$2457
  0C:318D    A$uart$2458
  0C:318E    A$uart$2459
  0C:318F    A$uart$2460
  0C:3190    A$uart$2461
  0C:3191    A$uart$2462
  0C:3192    A$uart$2463
  0C:3193    A$uart$2465
  0C:3195    A$uart$2466
  0C:3197    A$uart$2467
  0C:3199    A$uart$2468
  0C:319B    A$uart$2472
  0C:319C    A$uart$2473
  0C:319D    A$uart$2474
  0C:319E    A$uart$2475
  0C:319F    A$uart$2476
  0C:31A0    A$uart$2477
  0C:31A1    A$uart$2478
  0C:31A2    A$uart$2479
  0C:31A3    A$uart$2480
  0C:31A4    A$uart$2483
  0C:31A6    A$uart$2488
  0C:31A6    C$uart.c$291$1$1
  0C:31A9    A$uart$2489
  0C:31AC    A$uart$2490
  0C:31AF    A$uart$2491
  0C:31B2    A$uart$2495
  0C:31B4    A$uart$2496
  0C:31B6    A$uart$2497
  0C:31B9    A$uart$2498
  0C:31BB    A$uart$2499
  0C:31BE    A$uart$2500
  0C:31C0    A$uart$2501
  0C:31C3    A$uart$2502
  0C:31C5    A$uart$2505
  0C:31C7    A$uart$2506
  0C:31C9    A$uart$2507
  0C:31CB    A$uart$2508
  0C:31CD    A$uart$2511
  0C:31CF    A$uart$2518
  0C:31CF    C$uart.c$289$1$1
  0C:31D0    A$uart$2519
  0C:31D3    A$uart$2520
  0C:31D4    A$uart$2521
  0C:31D7    A$uart$2522
  0C:31D8    A$uart$2523
  0C:31DB    A$uart$2524
  0C:31DC    A$uart$2526
  0C:31DE    A$uart$2534
  0C:31DE    C$uart.c$293$1$1
  0C:31DE    C$uart.c$294$1$1
  0C:31DE    XG$ms_delay$0$0
  0C:31DF    A$uart$2551
  0C:31DF    C$uart.c$302$1$1
  0C:31DF    G$us_delay$0$0
  0C:31DF    _us_delay
  0C:31E1    A$uart$2552
  0C:31E3    A$uart$2553
  0C:31E5    A$uart$2554
  0C:31E6    A$uart$2555
  0C:31E9    A$uart$2556
  0C:31EA    A$uart$2557
  0C:31EB    A$uart$2558
  0C:31EC    A$uart$2559
  0C:31ED    A$uart$2560
  0C:31EE    A$uart$2561
  0C:31EF    A$uart$2562
  0C:31F0    A$uart$2563
  0C:31F1    A$uart$2564
  0C:31F2    A$uart$2565
  0C:31F3    A$uart$2566
  0C:31F4    A$uart$2570
  0C:31F4    C$uart.c$305$1$1
  0C:31F7    A$uart$2571
  0C:31F8    A$uart$2572
  0C:31FA    A$uart$2573
  0C:31FB    A$uart$2574
  0C:31FC    A$uart$2575
  0C:31FE    A$uart$2576
  0C:31FF    A$uart$2577
  0C:3200    A$uart$2578
  0C:3202    A$uart$2579
  0C:3203    A$uart$2580
  0C:3204    A$uart$2581
  0C:3206    A$uart$2583
  0C:3208    A$uart$2584
  0C:320A    A$uart$2585
  0C:320C    A$uart$2586
  0C:320E    A$uart$2589
  0C:3211    A$uart$2590
  0C:3214    A$uart$2591
  0C:3217    A$uart$2592
  0C:3219    A$uart$2593
  0C:321B    A$uart$2594
  0C:321D    A$uart$2595
  0C:321F    A$uart$2596
  0C:3221    A$uart$2597
  0C:3224    A$uart$2598
  0C:3226    A$uart$2599
  0C:3228    A$uart$2600
  0C:322A    A$uart$2601
  0C:322B    A$uart$2602
  0C:322D    A$uart$2603
  0C:322F    A$uart$2604
  0C:3231    A$uart$2605
  0C:3233    A$uart$2607
  0C:3235    A$uart$2608
  0C:3237    A$uart$2609
  0C:3239    A$uart$2610
  0C:323B    A$uart$2611
  0C:323D    A$uart$2612
  0C:323F    A$uart$2613
  0C:3241    A$uart$2614
  0C:3243    A$uart$2615
  0C:3245    A$uart$2616
  0C:3247    A$uart$2617
  0C:3249    A$uart$2618
  0C:324B    A$uart$2620
  0C:324D    A$uart$2621
  0C:324F    A$uart$2622
  0C:3251    A$uart$2623
  0C:3252    A$uart$2624
  0C:3255    A$uart$2625
  0C:3258    A$uart$2626
  0C:325B    A$uart$2627
  0C:325E    A$uart$2628
  0C:3260    A$uart$2629
  0C:3262    A$uart$2630
  0C:3264    A$uart$2631
  0C:3266    A$uart$2632
  0C:3268    A$uart$2633
  0C:326A    A$uart$2634
  0C:326C    A$uart$2635
  0C:326E    A$uart$2637
  0C:3270    A$uart$2638
  0C:3272    A$uart$2639
  0C:3274    A$uart$2640
  0C:3275    A$uart$2641
  0C:3277    A$uart$2642
  0C:3279    A$uart$2643
  0C:327B    A$uart$2644
  0C:327D    A$uart$2645
  0C:3280    A$uart$2646
  0C:3282    A$uart$2647
  0C:3284    A$uart$2648
  0C:3286    A$uart$2649
  0C:3287    A$uart$2650
  0C:3289    A$uart$2651
  0C:328B    A$uart$2652
  0C:328D    A$uart$2653
  0C:328F    A$uart$2655
  0C:3291    A$uart$2656
  0C:3293    A$uart$2657
  0C:3295    A$uart$2658
  0C:3297    A$uart$2659
  0C:3299    A$uart$2660
  0C:329B    A$uart$2661
  0C:329D    A$uart$2662
  0C:329F    A$uart$2664
  0C:32A1    A$uart$2665
  0C:32A3    A$uart$2666
  0C:32A5    A$uart$2667
  0C:32A6    A$uart$2668
  0C:32A9    A$uart$2669
  0C:32AB    A$uart$2670
  0C:32AD    A$uart$2671
  0C:32AF    A$uart$2672
  0C:32B1    A$uart$2673
  0C:32B3    A$uart$2674
  0C:32B5    A$uart$2675
  0C:32B7    A$uart$2676
  0C:32B9    A$uart$2678
  0C:32BA    A$uart$2681
  0C:32BC    A$uart$2685
  0C:32BD    A$uart$2686
  0C:32C0    A$uart$2687
  0C:32C1    A$uart$2688
  0C:32C4    A$uart$2689
  0C:32C5    A$uart$2690
  0C:32C8    A$uart$2691
  0C:32C9    A$uart$2693
  0C:32CC    A$uart$2701
  0C:32CC    C$uart.c$306$1$1
  0C:32CC    C$uart.c$307$1$1
  0C:32CC    XG$us_delay$0$0
  0C:32CD    A$uart$2713
  0C:32CD    C$uart.c$313$1$1
  0C:32CD    G$wake_up$0$0
  0C:32CD    _wake_up
  0C:32CF    A$uart$2714
  0C:32D1    A$uart$2715
  0C:32D3    A$uart$2719
  0C:32D3    C$uart.c$315$1$1
  0C:32D6    A$uart$2721
  0C:32D7    A$uart$2722
  0C:32D8    A$uart$2724
  0C:32DA    A$uart$2725
  0C:32DC    A$uart$2726
  0C:32DE    A$uart$2729
  0C:32DE    C$uart.c$316$1$1
  0C:32DE    XG$wake_up$0$0
  0C:32DF    __modslong
  0C:33A0    __modulong
  0C:34E9    ___fsmul
  0C:358C    __divslong
  0C:3657    fsgetargs
  0C:3685    __divulong
  0C:3791    fs_normalize_a
  0C:37BA    ___ulong2fs
  0C:37C3    ulong2fs_doit
  0C:37CD    ___fslt
  0C:37FD    __mulint
  0C:381D    __mullong
  0C:381D    __mullong_dummy
  0C:3889    fs_compare_uint32
  0C:38A7    fs_check_negative_zeros
  0C:38D2    fs_round_and_return
  0C:38EA    fs_zerocheck_return
  0C:38F3    fs_return_zero
  0C:38FB    fs_direct_return
  0C:3909    fs_return_inf
  0C:3916    fs_return_nan

Hexadecimal

Area                               Addr   Size   Decimal Bytes (Attributes)
--------------------------------   ----   ----   ------- ----- ------------
CONST                              3921   0000 =      0. bytes (REL,CON,CODE)

Hexadecimal

Area                               Addr   Size   Decimal Bytes (Attributes)
--------------------------------   ----   ----   ------- ----- ------------
XINIT                              3921   0000 =      0. bytes (REL,CON,CODE)
ASxxxx Linker V01.70 + NoICE + SDCC Feb 1999,  page 1.

Files Linked      [ module(s) ]

obj\Debug\i2c.rel
obj\Debug\lcd.rel
obj\Debug\main.rel
obj\Debug\rtc.rel
obj\Debug\uart.rel

Libraries Linked            [   object  file   ]

C:\Program Files (x86)\SDCC\bin\..\lib\large/liblong.lib    [    _modslong.rel ]
C:\Program Files (x86)\SDCC\bin\..\lib\large/liblong.lib    [    _modulong.rel ]
C:\Program Files (x86)\SDCC\bin\..\lib\large/libfloat.lib    [           _fsmul ]
C:\Program Files (x86)\SDCC\bin\..\lib\large/liblong.lib    [    _divslong.rel ]
C:\Program Files (x86)\SDCC\bin\..\lib\large/libfloat.lib    [      _fsget2args ]
C:\Program Files (x86)\SDCC\bin\..\lib\large/liblong.lib    [    _divulong.rel ]
C:\Program Files (x86)\SDCC\bin\..\lib\large/mcs51.lib    [     crtclear.rel ]
C:\Program Files (x86)\SDCC\bin\..\lib\large/libfloat.lib    [     _fsnormalize ]
C:\Program Files (x86)\SDCC\bin\..\lib\large/mcs51.lib    [     crtxinit.rel ]
C:\Program Files (x86)\SDCC\bin\..\lib\large/libfloat.lib    [        _ulong2fs ]
C:\Program Files (x86)\SDCC\bin\..\lib\large/libfloat.lib    [            _fslt ]
C:\Program Files (x86)\SDCC\bin\..\lib\large/libint.lib    [          _mulint ]
C:\Program Files (x86)\SDCC\bin\..\lib\large/liblong.lib    [     _mullong.rel ]
C:\Program Files (x86)\SDCC\bin\..\lib\large/mcs51.lib    [    crtxclear.rel ]
C:\Program Files (x86)\SDCC\bin\..\lib\large/libfloat.lib    [           _fscmp ]
C:\Program Files (x86)\SDCC\bin\..\lib\large/libfloat.lib    [     _fsreturnval ]
C:\Program Files (x86)\SDCC\bin\..\lib\large/mcs51.lib    [   crtpagesfr.rel ]
C:\Program Files (x86)\SDCC\bin\..\lib\large/mcs51.lib    [     crtstart.rel ]

ASxxxx Linker V01.70 + NoICE + SDCC Feb 1999,  page 2.

User Base Address Definitions

HOME = 0x0000
ISEG = 0x0080
BSEG = 0x0000

