
Hexadecimal

Area                               Addr   Size   Decimal Bytes (Attributes)
--------------------------------   ----   ----   ------- ----- ------------
.  .ABS.                           0000   0000 =      0. bytes (ABS,CON)

      Value  Global
   --------  --------------------------------
     0000    l_BIT_BANK
     0000    l_CONST
     0000    l_GSINIT1
     0000    l_GSINIT5
     0000    l_ISEG
     0000    l_PSEG
     0000    l_REG_BANK_1
     0000    l_REG_BANK_2
     0000    l_REG_BANK_3
     0000    l_RSEG
     0000    l__CODE
     0000    s_BSEG
     0000    s_DSEG
     0000    s_HOME
     0000    s_PSEG
     0000    s_REG_BANK_0
     0000    s__CODE
     0001    l_BSEG
     0001    l_BSEG_BYTES
     0003    l_GSFINAL
     0003    l_GSINIT0
     0003    l_HOME
     0003    s_GSINIT0
     0004    l_OSEG
     0004    l_XINIT
     0004    l_XISEG
     0006    s_GSINIT1
     0006    s_GSINIT2
     0007    l_GSINIT
     0008    l_REG_BANK_0
     0008    s_REG_BANK_1
     000A    l_GSINIT2
     0010    s_GSINIT3
     0010    s_REG_BANK_2
     0018    s_REG_BANK_3
     001C    s_OSEG
     0020    s_BSEG_BYTES
     0021    s_BIT_BANK
     0021    s_RSEG
     0021    s_SSEG
     0022    l_GSINIT3
     002A    l_GSINIT4
     0032    s_GSINIT4
     005C    s_GSINIT
     005C    s_GSINIT5
     0063    s_GSFINAL
     0066    s_CSEG
     0080    G$P0$0$0
     0080    G$P0_0$0$0
     0080    _P0
     0080    _P0_0
     0080    l_DSEG
     0080    s_ISEG
     0081    G$P0_1$0$0
     0081    G$SP$0$0
     0081    _P0_1
     0081    _SP
     0082    G$DP0L$0$0
     0082    G$DPL$0$0
     0082    G$P0_2$0$0
     0082    _DP0L
     0082    _DPL
     0082    _P0_2
     0083    G$DP0H$0$0
     0083    G$DPH$0$0
     0083    G$P0_3$0$0
     0083    _DP0H
     0083    _DPH
     0083    _P0_3
     0084    G$P0_4$0$0
     0084    _P0_4
     0085    G$P0_5$0$0
     0085    _P0_5
     0086    G$P0_6$0$0
     0086    _P0_6
     0087    G$P0_7$0$0
     0087    G$PCON$0$0
     0087    _P0_7
     0087    _PCON
     0088    G$IT0$0$0
     0088    G$TCON$0$0
     0088    _IT0
     0088    _TCON
     0089    G$IE0$0$0
     0089    G$TMOD$0$0
     0089    _IE0
     0089    _TMOD
     008A    G$IT1$0$0
     008A    G$TL0$0$0
     008A    _IT1
     008A    _TL0
     008B    G$IE1$0$0
     008B    G$TL1$0$0
     008B    _IE1
     008B    _TL1
     008C    G$TH0$0$0
     008C    G$TR0$0$0
     008C    _TH0
     008C    _TR0
     008D    G$TF0$0$0
     008D    G$TH1$0$0
     008D    _TF0
     008D    _TH1
     008E    G$AUXR$0$0
     008E    G$TR1$0$0
     008E    _AUXR
     008E    _TR1
     008F    G$CKCKON0$0$0
     008F    G$CKCKON1$0$0
     008F    G$TF1$0$0
     008F    _CKCKON0
     008F    _CKCKON1
     008F    _TF1
     0090    G$P1$0$0
     0090    G$P1_0$0$0
     0090    _P1
     0090    _P1_0
     0091    G$P1_1$0$0
     0091    _P1_1
     0092    G$P1_2$0$0
     0092    _P1_2
     0093    G$P1_3$0$0
     0093    _P1_3
     0094    G$P1_4$0$0
     0094    _P1_4
     0095    G$P1_5$0$0
     0095    _P1_5
     0096    G$P1_6$0$0
     0096    _P1_6
     0097    G$CKRL$0$0
     0097    G$P1_7$0$0
     0097    _CKRL
     0097    _P1_7
     0098    G$RI$0$0
     0098    G$SCON$0$0
     0098    _RI
     0098    _SCON
     0099    G$SBUF$0$0
     0099    G$SBUF0$0$0
     0099    G$TI$0$0
     0099    _SBUF
     0099    _SBUF0
     0099    _TI
     009A    G$BRL$0$0
     009A    G$RB8$0$0
     009A    _BRL
     009A    _RB8
     009B    G$BDRCON$0$0
     009B    G$TB8$0$0
     009B    _BDRCON
     009B    _TB8
     009C    G$KBLS$0$0
     009C    G$REN$0$0
     009C    _KBLS
     009C    _REN
     009D    G$KBE$0$0
     009D    G$SM2$0$0
     009D    _KBE
     009D    _SM2
     009E    G$KBF$0$0
     009E    G$SM1$0$0
     009E    _KBF
     009E    _SM1
     009F    G$SM0$0$0
     009F    _SM0
     00A0    G$P2$0$0
     00A0    G$P2_0$0$0
     00A0    _P2
     00A0    _P2_0
     00A0    __XPAGE
     00A1    G$P2_1$0$0
     00A1    _P2_1
     00A2    G$AUXR1$0$0
     00A2    G$P2_2$0$0
     00A2    _AUXR1
     00A2    _P2_2
     00A3    G$P2_3$0$0
     00A3    _P2_3
     00A4    G$P2_4$0$0
     00A4    _P2_4
     00A5    G$P2_5$0$0
     00A5    _P2_5
     00A6    G$P2_6$0$0
     00A6    G$WDTRST$0$0
     00A6    _P2_6
     00A6    _WDTRST
     00A7    G$P2_7$0$0
     00A7    G$WDTPRG$0$0
     00A7    _P2_7
     00A7    _WDTPRG
     00A8    G$EX0$0$0
     00A8    G$IE$0$0
     00A8    G$IEN0$0$0
     00A8    _EX0
     00A8    _IE
     00A8    _IEN0
     00A9    G$ET0$0$0
     00A9    G$SADDR$0$0
     00A9    _ET0
     00A9    _SADDR
     00AA    G$EX1$0$0
     00AA    _EX1
     00AB    G$ET1$0$0
     00AB    _ET1
     00AC    G$ES$0$0
     00AC    _ES
     00AD    G$ET2$0$0
     00AD    _ET2
     00AE    G$EC$0$0
     00AE    _EC
     00AF    G$EA$0$0
     00AF    _EA
     00B0    G$P3$0$0
     00B0    G$P3_0$0$0
     00B0    G$RXD$0$0
     00B0    G$RXD0$0$0
     00B0    _P3
     00B0    _P3_0
     00B0    _RXD
     00B0    _RXD0
     00B1    G$IEN1$0$0
     00B1    G$P3_1$0$0
     00B1    G$TXD$0$0
     00B1    G$TXD0$0$0
     00B1    _IEN1
     00B1    _P3_1
     00B1    _TXD
     00B1    _TXD0
     00B2    G$INT0$0$0
     00B2    G$IPL1$0$0
     00B2    G$P3_2$0$0
     00B2    _INT0
     00B2    _IPL1
     00B2    _P3_2
     00B3    G$INT1$0$0
     00B3    G$IPH1$0$0
     00B3    G$P3_3$0$0
     00B3    _INT1
     00B3    _IPH1
     00B3    _P3_3
     00B4    G$P3_4$0$0
     00B4    G$T0$0$0
     00B4    _P3_4
     00B4    _T0
     00B5    G$P3_5$0$0
     00B5    G$T1$0$0
     00B5    _P3_5
     00B5    _T1
     00B6    G$P3_6$0$0
     00B6    G$WR$0$0
     00B6    _P3_6
     00B6    _WR
     00B7    G$IPH0$0$0
     00B7    G$P3_7$0$0
     00B7    G$RD$0$0
     00B7    _IPH0
     00B7    _P3_7
     00B7    _RD
     00B8    G$IP$0$0
     00B8    G$IPL0$0$0
     00B8    G$PX0$0$0
     00B8    G$PX0L$0$0
     00B8    _IP
     00B8    _IPL0
     00B8    _PX0
     00B8    _PX0L
     00B9    G$PT0$0$0
     00B9    G$PT0L$0$0
     00B9    G$SADEN$0$0
     00B9    _PT0
     00B9    _PT0L
     00B9    _SADEN
     00BA    G$PX1$0$0
     00BA    G$PX1L$0$0
     00BA    _PX1
     00BA    _PX1L
     00BB    G$PT1$0$0
     00BB    G$PT1L$0$0
     00BB    _PT1
     00BB    _PT1L
     00BC    G$PLS$0$0
     00BC    G$PS$0$0
     00BC    _PLS
     00BC    _PS
     00BD    G$PT2$0$0
     00BD    G$PT2L$0$0
     00BD    _PT2
     00BD    _PT2L
     00BE    G$PPCL$0$0
     00BE    _PPCL
     00C0    G$P4$0$0
     00C0    G$P4_0$0$0
     00C0    _P4
     00C0    _P4_0
     00C1    G$P4_1$0$0
     00C1    _P4_1
     00C2    G$P4_2$0$0
     00C2    _P4_2
     00C3    G$P4_3$0$0
     00C3    G$SPCON$0$0
     00C3    _P4_3
     00C3    _SPCON
     00C4    G$P4_4$0$0
     00C4    G$SPSTA$0$0
     00C4    _P4_4
     00C4    _SPSTA
     00C5    G$P4_5$0$0
     00C5    G$SPDAT$0$0
     00C5    _P4_5
     00C5    _SPDAT
     00C6    G$P4_6$0$0
     00C6    _P4_6
     00C7    G$P4_7$0$0
     00C7    _P4_7
     00C8    G$CP_RL2$0$0
     00C8    G$T2CON$0$0
     00C8    G$T2CON_0$0$0
     00C8    _CP_RL2
     00C8    _T2CON
     00C8    _T2CON_0
     00C9    G$C_T2$0$0
     00C9    G$T2CON_1$0$0
     00C9    G$T2MOD$0$0
     00C9    _C_T2
     00C9    _T2CON_1
     00C9    _T2MOD
     00CA    G$RCAP2L$0$0
     00CA    G$T2CON_2$0$0
     00CA    G$TR2$0$0
     00CA    _RCAP2L
     00CA    _T2CON_2
     00CA    _TR2
     00CB    G$EXEN2$0$0
     00CB    G$RCAP2H$0$0
     00CB    G$T2CON_3$0$0
     00CB    _EXEN2
     00CB    _RCAP2H
     00CB    _T2CON_3
     00CC    G$T2CON_4$0$0
     00CC    G$TCLK$0$0
     00CC    G$TL2$0$0
     00CC    _T2CON_4
     00CC    _TCLK
     00CC    _TL2
     00CD    G$RCLK$0$0
     00CD    G$T2CON_5$0$0
     00CD    G$TH2$0$0
     00CD    _RCLK
     00CD    _T2CON_5
     00CD    _TH2
     00CE    G$EXF2$0$0
     00CE    G$T2CON_6$0$0
     00CE    _EXF2
     00CE    _T2CON_6
     00CF    G$T2CON_7$0$0
     00CF    G$TF2$0$0
     00CF    _T2CON_7
     00CF    _TF2
     00D0    G$P$0$0
     00D0    G$PSW$0$0
     00D0    _P
     00D0    _PSW
     00D1    G$F1$0$0
     00D1    _F1
     00D2    G$EECON$0$0
     00D2    G$OV$0$0
     00D2    _EECON
     00D2    _OV
     00D3    G$RS0$0$0
     00D3    _RS0
     00D4    G$RS1$0$0
     00D4    _RS1
     00D5    G$F0$0$0
     00D5    _F0
     00D6    G$AC$0$0
     00D6    _AC
     00D7    G$CY$0$0
     00D7    _CY
     00D8    G$CCF0$0$0
     00D8    G$CCON$0$0
     00D8    G$P5$0$0
     00D8    G$P5_0$0$0
     00D8    _CCF0
     00D8    _CCON
     00D8    _P5
     00D8    _P5_0
     00D9    G$CCF1$0$0
     00D9    G$CMOD$0$0
     00D9    G$P5_1$0$0
     00D9    _CCF1
     00D9    _CMOD
     00D9    _P5_1
     00DA    G$CCAPM0$0$0
     00DA    G$CCF2$0$0
     00DA    G$P5_2$0$0
     00DA    _CCAPM0
     00DA    _CCF2
     00DA    _P5_2
     00DB    G$CCAPM1$0$0
     00DB    G$CCF3$0$0
     00DB    G$P5_3$0$0
     00DB    _CCAPM1
     00DB    _CCF3
     00DB    _P5_3
     00DC    G$CCAPM2$0$0
     00DC    G$CCF4$0$0
     00DC    G$P5_4$0$0
     00DC    _CCAPM2
     00DC    _CCF4
     00DC    _P5_4
     00DD    G$CCAPM3$0$0
     00DD    G$P5_5$0$0
     00DD    _CCAPM3
     00DD    _P5_5
     00DE    G$CCAPM4$0$0
     00DE    G$CR$0$0
     00DE    G$P5_6$0$0
     00DE    _CCAPM4
     00DE    _CR
     00DE    _P5_6
     00DF    G$CF$0$0
     00DF    G$P5_7$0$0
     00DF    _CF
     00DF    _P5_7
     00DF    l_SSEG
     00E0    G$ACC$0$0
     00E0    _ACC
     00E9    G$CL$0$0
     00E9    _CL
     00EA    G$CCAP0L$0$0
     00EA    _CCAP0L
     00EB    G$CCAP1L$0$0
     00EB    _CCAP1L
     00EC    G$CCAP2L$0$0
     00EC    _CCAP2L
     00ED    G$CCAP3L$0$0
     00ED    _CCAP3L
     00EE    G$CCAP4L$0$0
     00EE    _CCAP4L
     00F0    G$B$0$0
     00F0    G$BREG_F0$0$0
     00F0    _B
     00F0    _BREG_F0
     00F1    G$BREG_F1$0$0
     00F1    _BREG_F1
     00F2    G$BREG_F2$0$0
     00F2    _BREG_F2
     00F3    G$BREG_F3$0$0
     00F3    _BREG_F3
     00F4    G$BREG_F4$0$0
     00F4    _BREG_F4
     00F5    G$BREG_F5$0$0
     00F5    _BREG_F5
     00F5    _B_5
     00F6    G$BREG_F6$0$0
     00F6    _BREG_F6
     00F6    _B_6
     00F7    G$BREG_F7$0$0
     00F7    _BREG_F7
     00F7    _B_7
     00F9    G$CH$0$0
     00F9    _CH
     00FA    G$CCAP0H$0$0
     00FA    _CCAP0H
     00FB    G$CCAP1H$0$0
     00FB    _CCAP1H
     00FC    G$CCAP2H$0$0
     00FC    _CCAP2H
     00FD    G$CCAP3H$0$0
     00FD    _CCAP3H
     00FE    G$CCAP4H$0$0
     00FE    _CCAP4H
     0100    l_IRAM
     0400    s_XSEG
     05F7    l_XSEG
     09F7    s_XISEG
     2F56    l_CSEG
     2FBC    s_CONST
     2FBC    s_XINIT

Hexadecimal

Area                               Addr   Size   Decimal Bytes (Attributes)
--------------------------------   ----   ----   ------- ----- ------------
_CODE                              0000   0000 =      0. bytes (REL,CON)

Hexadecimal

Area                               Addr   Size   Decimal Bytes (Attributes)
--------------------------------   ----   ----   ------- ----- ------------
REG_BANK_0                         0000   0008 =      8. bytes (REL,OVR)

Hexadecimal

Area                               Addr   Size   Decimal Bytes (Attributes)
--------------------------------   ----   ----   ------- ----- ------------
REG_BANK_1                         0008   0000 =      0. bytes (REL,OVR)

Hexadecimal

Area                               Addr   Size   Decimal Bytes (Attributes)
--------------------------------   ----   ----   ------- ----- ------------
REG_BANK_2                         0010   0000 =      0. bytes (REL,OVR)

Hexadecimal

Area                               Addr   Size   Decimal Bytes (Attributes)
--------------------------------   ----   ----   ------- ----- ------------
REG_BANK_3                         0018   0000 =      0. bytes (REL,OVR)

Hexadecimal

Area                               Addr   Size   Decimal Bits  (Attributes)
--------------------------------   ----   ----   ------- ----- ------------
BSEG                               0000   0001 =      1. bits  (REL,CON,BIT)

Hexadecimal

Area                               Addr   Size   Decimal Bytes (Attributes)
--------------------------------   ----   ----   ------- ----- ------------
BSEG_BYTES                         0020   0001 =      1. bytes (REL,CON)

Hexadecimal

Area                               Addr   Size   Decimal Bytes (Attributes)
--------------------------------   ----   ----   ------- ----- ------------
BIT_BANK                           0021   0000 =      0. bytes (REL,OVR)

Hexadecimal

Area                               Addr   Size   Decimal Bytes (Attributes)
--------------------------------   ----   ----   ------- ----- ------------
DSEG                               0000   0080 =    128. bytes (REL,CON)

      Value  Global
   --------  --------------------------------
     0008    Lbuffer_remove_item$sloc0$1$0
     000B    Lbuffer_create$sloc0$1$0
     000D    Lbuffer_create$sloc1$1$0
     000E    Lclear_buffer$sloc0$1$0
     0010    Lprint_number_hex$sloc1$1$0
     0014    Lbuffer_flush$sloc0$1$0
     0016    Lbuffer_flush_ascii$sloc0$1$0
     0018    Lprint_number$sloc1$1$0

Hexadecimal

Area                               Addr   Size   Decimal Bytes (Attributes)
--------------------------------   ----   ----   ------- ----- ------------
OSEG                               001C   0004 =      4. bytes (REL,OVR)

      Value  Global
   --------  --------------------------------
     001C    __divulong_sloc0_1_0
     001C    __modulong_sloc0_1_0
     001C    _malloc_sloc0_1_0

Hexadecimal

Area                               Addr   Size   Decimal Bytes (Attributes)
--------------------------------   ----   ----   ------- ----- ------------
ISEG                               0080   0000 =      0. bytes (REL,CON)

Hexadecimal

Area                               Addr   Size   Decimal Bytes (Attributes)
--------------------------------   ----   ----   ------- ----- ------------
SSEG                               0021   00DF =    223. bytes (REL,OVR)

      Value  Global
   --------  --------------------------------
     0021    __start__stack

Hexadecimal

Area                               Addr   Size   Decimal Bytes (Attributes)
--------------------------------   ----   ----   ------- ----- ------------
RSEG                               0021   0000 =      0. bytes (REL,CON)

Hexadecimal

Area                               Addr   Size   Decimal Bytes (Attributes)
--------------------------------   ----   ----   ------- ----- ------------
PSEG                               0000   0000 =      0. bytes (REL,CON,PAG,XDATA)

Hexadecimal

Area                               Addr   Size   Decimal Bytes (Attributes)
--------------------------------   ----   ----   ------- ----- ------------
XSEG                               0400   05F7 =   1527. bytes (REL,CON,XDATA)

      Value  Global
   --------  --------------------------------
  0D:0400    Ldataout$temp_value$1$1
  0D:0401    G$buffer_storage$0$0
  0D:0401    _buffer_storage
  0D:0519    G$buffer_structure_ptr$0$0
  0D:0519    _buffer_structure_ptr
  0D:051B    G$buffer_temp_ptr$0$0
  0D:051B    _buffer_temp_ptr
  0D:051E    G$heap$0$0
  0D:051E    _heap
  0D:0520    Lputchar$c$1$1
  0D:0521    Lbuffer_init$length$1$1
  0D:0521    _buffer_init_PARM_2
  0D:0523    Lbuffer_init$cbptr$1$1
  0D:0526    Lbuffer_add_item$data1$1$1
  0D:0526    _buffer_add_item_PARM_2
  0D:0527    Lbuffer_add_item$cbptr$1$1
  0D:052A    Lbuffer_remove_item$store$1$1
  0D:052A    _buffer_remove_item_PARM_2
  0D:052D    Lbuffer_remove_item$cbptr$1$1
  0D:0530    Lbuffer_end_reached$cbptr$1$1
  0D:0533    Lbuffer_destroy$cbptr$1$1
  0D:0536    Lbuffer_create$buffer_size$1$1
  0D:0538    Lbuffer_create$size_buffer_txt_0$1$1
  0D:0563    Lbuffer_create$size_buffer_txt_1_initial$1$1
  0D:0593    Lbuffer_create$invalid_number_txt$1$1
  0D:05B7    Lbuffer_create$size_buffer_txt_0_later$1$1
  0D:05D4    Lbuffer_create$size_buffer_txt_1_later$1$1
  0D:05EE    Lbuffer_create$buffer_allocation_failed_txt$1$1
  0D:0615    Lbuffer_create$buffer_malloc_limit_txt$1$1
  0D:0673    Lbuffer_create$buffer_deleted_txt$1$1
  0D:0685    Lbuffer_create$buffer_created_txt$1$1
  0D:0697    Lbuffer_create$full_txt$1$1
  0D:06A1    Lbuffer_create$with_txt$1$1
  0D:06A8    Lbuffer_create$bytes_txt$1$1
  0D:06AF    Lbuffer_create$error_check$1$1
  0D:06B0    Lclear_buffer$buffer_number$1$1
  0D:06B1    Li2c$temp$1$1
  0D:06B3    Lprint_number_hex$number$1$1
  0D:06B7    Lprint_number_hex$temp_ascii_store$1$1
  0D:06C1    Lprint_number_hex$counter$1$1
  0D:06C2    Lbuffer_delete$buffer_number$1$1
  0D:06C3    Lbuffer_delete$buffer_deleted_txt$1$1
  0D:06D5    Lbuffer_flush$buffer_number$1$1
  0D:06D6    Lbuffer_flush$temp_storage$1$1
  0D:06D7    Lbuffer_flush_ascii$buffer_number$1$1
  0D:06D8    Lbuffer_flush_ascii$temp_storage$1$1
  0D:06D9    Lmy_printf$text_ptr$1$1
  0D:06DB    Lprint_number$number$1$1
  0D:06DF    Lprint_number$temp_ascii_store$1$1
  0D:06E9    Lprint_number$counter$1$1
  0D:06EA    Lfetch_number$scanned_digit$1$1
  0D:06EB    Lfetch_number$digit_array$1$1
  0D:06F5    Lfetch_number$digit_counter$1$1
  0D:06F6    Lfetch_number$number$1$1
  0D:06F8    Lmain$exit_code$1$1
  0D:06F9    Lmain$characters_count$1$1
  0D:06FD    Lmain$Welcome_txt$1$1
  0D:0721    Lmain$size_buffer_txt_0$1$1
  0D:074C    Lmain$size_buffer_txt_1_initial$1$1
  0D:077C    Lmain$size_buffer_txt_1_later$1$1
  0D:0796    Lmain$invalid_number_txt$1$1
  0D:07BA    Lmain$buffer_instructions_txt$1$1
  0D:0813    Lmain$buffer_allocation_failed_txt$1$1
  0D:083A    Lmain$buffer_delete_number_txt$1$1
  0D:0896    Lmain$buffer_created_txt$1$1
  0D:08A8    Lmain$buffer_txt$1$1
  0D:08B2    Lmain$full_txt$1$1
  0D:08BC    Lmain$with_txt$1$1
  0D:08C3    Lmain$bytes_txt$1$1
  0D:08CA    Lmain$buffer_number_txt$1$1
  0D:08DD    Lmain$buffer_start_address_txt$1$1
  0D:08F7    Lmain$buffer_end_address_txt$1$1
  0D:090F    Lmain$buffer_size_txt$1$1
  0D:0923    Lmain$buffer_used_txt$1$1
  0D:0933    Lmain$buffer_unused_txt$1$1
  0D:0945    Lmain$buffer_query_txt$1$1
  0D:097A    Lmain$large_value_txt$1$1
  0D:09C7    Lmain$error_check$1$1
  0D:09C8    __sdcc_prev_memheader
  0D:09D1    __modulong_PARM_2
  0D:09DA    __divulong_PARM_2
  0D:09E6    __sdcc_first_memheader
  0D:09E8    _init_dynamic_memory_PARM_2
  0D:09F4    __gptrput_PARM_2
  0D:09F5    __mulint_PARM_2

Hexadecimal

Area                               Addr   Size   Decimal Bytes (Attributes)
--------------------------------   ----   ----   ------- ----- ------------
XISEG                              09F7   0004 =      4. bytes (REL,CON,XDATA)

      Value  Global
   --------  --------------------------------
  0D:09F7    G$infinite_loop_counter$0$0
  0D:09F7    _infinite_loop_counter
  0D:09F8    G$functions_entered_counter$0$0
  0D:09F8    _functions_entered_counter
  0D:09F9    G$buffer_number$0$0
  0D:09F9    _buffer_number
  0D:09FA    G$max_buffers_created$0$0
  0D:09FA    _max_buffers_created

Hexadecimal

Area                               Addr   Size   Decimal Bytes (Attributes)
--------------------------------   ----   ----   ------- ----- ------------
HOME                               0000   0003 =      3. bytes (REL,CON,CODE)

      Value  Global
   --------  --------------------------------
  0C:0000    A$main$985

Hexadecimal

Area                               Addr   Size   Decimal Bytes (Attributes)
--------------------------------   ----   ----   ------- ----- ------------
GSINIT0                            0003   0003 =      3. bytes (REL,CON,CODE)

      Value  Global
   --------  --------------------------------
  0C:0003    __sdcc_gsinit_startup

Hexadecimal

Area                               Addr   Size   Decimal Bytes (Attributes)
--------------------------------   ----   ----   ------- ----- ------------
GSINIT1                            0006   0000 =      0. bytes (REL,CON,CODE)

Hexadecimal

Area                               Addr   Size   Decimal Bytes (Attributes)
--------------------------------   ----   ----   ------- ----- ------------
GSINIT2                            0006   000A =     10. bytes (REL,CON,CODE)

Hexadecimal

Area                               Addr   Size   Decimal Bytes (Attributes)
--------------------------------   ----   ----   ------- ----- ------------
GSINIT3                            0010   0022 =     34. bytes (REL,CON,CODE)

      Value  Global
   --------  --------------------------------
  0C:0010    __mcs51_genXINIT

Hexadecimal

Area                               Addr   Size   Decimal Bytes (Attributes)
--------------------------------   ----   ----   ------- ----- ------------
GSINIT4                            0032   002A =     42. bytes (REL,CON,CODE)

      Value  Global
   --------  --------------------------------
  0C:0032    __mcs51_genRAMCLEAR
  0C:0038    __mcs51_genXRAMCLEAR

Hexadecimal

Area                               Addr   Size   Decimal Bytes (Attributes)
--------------------------------   ----   ----   ------- ----- ------------
GSINIT5                            005C   0000 =      0. bytes (REL,CON,CODE)

Hexadecimal

Area                               Addr   Size   Decimal Bytes (Attributes)
--------------------------------   ----   ----   ------- ----- ------------
GSINIT                             005C   0007 =      7. bytes (REL,CON,CODE)

      Value  Global
   --------  --------------------------------
  0C:005C    A$main$1024
  0C:005C    C$main.c$253$1$1
  0C:005F    A$main$1025
  0C:0060    A$main$1026
  0C:0061    A$main$1027
  0C:0062    A$main$1028

Hexadecimal

Area                               Addr   Size   Decimal Bytes (Attributes)
--------------------------------   ----   ----   ------- ----- ------------
GSFINAL                            0063   0003 =      3. bytes (REL,CON,CODE)

      Value  Global
   --------  --------------------------------
  0C:0063    A$main$1030

Hexadecimal

Area                               Addr   Size   Decimal Bytes (Attributes)
--------------------------------   ----   ----   ------- ----- ------------
CSEG                               0066   2F56 =  12118. bytes (REL,CON,CODE)

      Value  Global
   --------  --------------------------------
  0C:0066    A$main$1037
  0C:0066    __sdcc_program_startup
  0C:0069    A$main$1039
  0C:006B    A$main$1066
  0C:006B    C$main.c$13$0$0
  0C:006B    G$dataout$0$0
  0C:006B    _dataout
  0C:006D    A$main$1067
  0C:0070    A$main$1068
  0C:0071    A$main$1072
  0C:0071    C$main.c$16$1$1
  0C:0073    A$main$1073
  0C:0075    A$main$1075
  0C:0078    A$main$1076
  0C:0079    A$main$1079
  0C:007A    A$main$1080
  0C:007C    A$main$1081
  0C:007E    A$main$1083
  0C:007F    A$main$1087
  0C:007F    C$main.c$17$1$1
  0C:007F    XG$dataout$0$0
  0C:0080    A$main$1102
  0C:0080    C$main.c$66$1$1
  0C:0080    C$main.c$68$1$1
  0C:0080    G$_sdcc_external_startup$0$0
  0C:0080    __sdcc_external_startup
  0C:0083    A$main$1107
  0C:0083    C$main.c$69$1$1
  0C:0086    A$main$1111
  0C:0086    C$main.c$70$1$1
  0C:0086    XG$_sdcc_external_startup$0$0
  0C:0087    A$main$1126
  0C:0087    C$main.c$77$1$1
  0C:0087    C$main.c$79$1$1
  0C:0087    G$functions_entered_count$0$0
  0C:0087    _functions_entered_count
  0C:008A    A$main$1127
  0C:008B    A$main$1128
  0C:008C    A$main$1133
  0C:008F    A$main$1140
  0C:008F    C$main.c$81$2$2
  0C:0092    A$main$1141
  0C:0094    A$main$1142
  0C:0095    A$main$1144
  0C:0097    A$main$1149
  0C:0097    C$main.c$85$2$3
  0C:009A    A$main$1151
  0C:009C    A$main$1153
  0C:009D    A$main$1154
  0C:009E    A$main$1159
  0C:009E    C$main.c$87$1$1
  0C:00A1    A$main$1160
  0C:00A2    A$main$1162
  0C:00A3    A$main$1164
  0C:00A5    A$main$1168
  0C:00A5    C$main.c$88$1$1
  0C:00A5    XG$functions_entered_count$0$0
  0C:00A8    A$main$1184
  0C:00A8    C$main.c$95$1$1
  0C:00A8    C$main.c$97$1$1
  0C:00A8    G$infinite_loop_count$0$0
  0C:00A8    _infinite_loop_count
  0C:00AB    A$main$1185
  0C:00AC    A$main$1186
  0C:00AD    A$main$1191
  0C:00B0    A$main$1198
  0C:00B0    C$main.c$99$2$2
  0C:00B3    A$main$1200
  0C:00B4    A$main$1201
  0C:00B5    A$main$1203
  0C:00B7    A$main$1208
  0C:00B7    C$main.c$103$2$3
  0C:00BA    A$main$1210
  0C:00BC    A$main$1212
  0C:00BD    A$main$1213
  0C:00BE    A$main$1218
  0C:00BE    C$main.c$105$1$1
  0C:00C1    A$main$1219
  0C:00C2    A$main$1221
  0C:00C3    A$main$1223
  0C:00C5    A$main$1227
  0C:00C5    C$main.c$106$1$1
  0C:00C5    XG$infinite_loop_count$0$0
  0C:00C8    A$main$1243
  0C:00C8    C$main.c$113$1$1
  0C:00C8    C$main.c$115$1$1
  0C:00C8    G$getchar$0$0
  0C:00C8    _getchar
  0C:00CB    A$main$1254
  0C:00CB    C$main.c$117$1$1
  0C:00CB    C$main.c$120$1$1
  0C:00CE    A$main$1255
  0C:00D0    A$main$1260
  0C:00D0    C$main.c$121$1$1
  0C:00D3    A$main$1264
  0C:00D3    C$main.c$122$1$1
  0C:00D3    XG$getchar$0$0
  0C:00D4    A$main$1278
  0C:00D4    C$main.c$130$1$1
  0C:00D4    G$putchar$0$0
  0C:00D4    _putchar
  0C:00D6    A$main$1279
  0C:00D9    A$main$1280
  0C:00DA    A$main$1284
  0C:00DA    C$main.c$132$1$1
  0C:00DD    A$main$1291
  0C:00DD    C$main.c$133$1$1
  0C:00E0    A$main$1296
  0C:00E0    C$main.c$134$1$1
  0C:00E3    A$main$1297
  0C:00E4    A$main$1298
  0C:00E6    A$main$1302
  0C:00E6    C$main.c$135$1$1
  0C:00E8    A$main$1306
  0C:00E8    C$main.c$136$1$1
  0C:00E8    XG$putchar$0$0
  0C:00E9    A$main$1321
  0C:00E9    C$main.c$139$1$1
  0C:00E9    C$main.c$141$1$1
  0C:00E9    G$init_hardware$0$0
  0C:00E9    _init_hardware
  0C:00EC    A$main$1325
  0C:00EC    C$main.c$142$1$1
  0C:00EF    A$main$1329
  0C:00EF    C$main.c$143$1$1
  0C:00F2    A$main$1333
  0C:00F2    C$main.c$144$1$1
  0C:00F5    A$main$1337
  0C:00F5    C$main.c$145$1$1
  0C:00F7    A$main$1341
  0C:00F7    C$main.c$146$1$1
  0C:00F7    XG$init_hardware$0$0
  0C:00F8    A$main$1356
  0C:00F8    C$main.c$155$1$1
  0C:00F8    G$buffer_init$0$0
  0C:00F8    _buffer_init
  0C:00FA    A$main$1357
  0C:00FC    A$main$1358
  0C:00FE    A$main$1359
  0C:0101    A$main$1360
  0C:0102    A$main$1361
  0C:0103    A$main$1362
  0C:0104    A$main$1363
  0C:0105    A$main$1364
  0C:0106    A$main$1365
  0C:0107    A$main$1366
  0C:0108    A$main$1370
  0C:0108    C$main.c$157$1$1
  0C:010B    A$main$1374
  0C:010B    C$main.c$158$1$1
  0C:010E    A$main$1375
  0C:010F    A$main$1376
  0C:0110    A$main$1377
  0C:0111    A$main$1378
  0C:0112    A$main$1379
  0C:0113    A$main$1380
  0C:0114    A$main$1381
  0C:0115    A$main$1382
  0C:0116    A$main$1385
  0C:0117    A$main$1386
  0C:011A    A$main$1387
  0C:011B    A$main$1390
  0C:011E    A$main$1391
  0C:011F    A$main$1392
  0C:0120    A$main$1393
  0C:0121    A$main$1394
  0C:0122    A$main$1395
  0C:0123    A$main$1397
  0C:0125    A$main$1398
  0C:0127    A$main$1399
  0C:0129    A$main$1400
  0C:012B    A$main$1401
  0C:012D    A$main$1402
  0C:0130    A$main$1403
  0C:0132    A$main$1404
  0C:0134    A$main$1405
  0C:0136    A$main$1406
  0C:0138    A$main$1407
  0C:013A    A$main$1409
  0C:013C    A$main$1412
  0C:013E    A$main$1413
  0C:0140    A$main$1414
  0C:0142    A$main$1415
  0C:0143    A$main$1416
  0C:0146    A$main$1417
  0C:0147    A$main$1418
  0C:0148    A$main$1419
  0C:014B    A$main$1420
  0C:014C    A$main$1421
  0C:014D    A$main$1422
  0C:0150    A$main$1429
  0C:0150    C$main.c$159$1$1
  0C:0153    A$main$1430
  0C:0156    A$main$1431
  0C:0159    A$main$1438
  0C:0159    C$main.c$161$2$2
  0C:015C    A$main$1446
  0C:015C    C$main.c$165$2$3
  0C:015C    C$main.c$167$1$1
  0C:015C    XG$buffer_init$0$0
  0C:015D    A$main$1448
  0C:0160    A$main$1450
  0C:0161    A$main$1466
  0C:0161    C$main.c$176$1$1
  0C:0161    G$buffer_add_item$0$0
  0C:0161    _buffer_add_item
  0C:0163    A$main$1467
  0C:0165    A$main$1468
  0C:0167    A$main$1469
  0C:016A    A$main$1470
  0C:016B    A$main$1471
  0C:016C    A$main$1472
  0C:016D    A$main$1473
  0C:016E    A$main$1474
  0C:016F    A$main$1475
  0C:0170    A$main$1476
  0C:0171    A$main$1480
  0C:0171    C$main.c$178$1$1
  0C:0174    A$main$1481
  0C:0175    A$main$1482
  0C:0176    A$main$1483
  0C:0177    A$main$1484
  0C:0178    A$main$1485
  0C:0179    A$main$1486
  0C:017A    A$main$1487
  0C:017B    A$main$1488
  0C:017C    A$main$1490
  0C:017E    A$main$1491
  0C:0180    A$main$1492
  0C:0182    A$main$1493
  0C:0185    A$main$1494
  0C:0187    A$main$1498
  0C:0187    C$main.c$179$1$1
  0C:0189    A$main$1499
  0C:018C    A$main$1500
  0C:018E    A$main$1504
  0C:018E    C$main.c$180$1$1
  0C:018F    A$main$1510
  0C:018F    C$main.c$181$2$2
  0C:0191    A$main$1513
  0C:0193    A$main$1515
  0C:0194    A$main$1520
  0C:0194    C$main.c$184$2$3
  0C:0197    A$main$1521
  0C:0198    A$main$1522
  0C:0199    A$main$1523
  0C:019A    A$main$1524
  0C:019B    A$main$1525
  0C:019C    A$main$1526
  0C:019D    A$main$1527
  0C:019E    A$main$1528
  0C:019F    A$main$1531
  0C:01A1    A$main$1533
  0C:01A2    A$main$1534
  0C:01A3    A$main$1536
  0C:01A4    A$main$1538
  0C:01A5    A$main$1539
  0C:01A6    A$main$1540
  0C:01A8    A$main$1543
  0C:01AA    A$main$1544
  0C:01AC    A$main$1545
  0C:01AE    A$main$1546
  0C:01B1    A$main$1547
  0C:01B2    A$main$1548
  0C:01B3    A$main$1549
  0C:01B6    A$main$1550
  0C:01B7    A$main$1553
  0C:01B8    A$main$1554
  0C:01BB    A$main$1555
  0C:01BC    A$main$1559
  0C:01BE    A$main$1560
  0C:01C0    A$main$1561
  0C:01C2    A$main$1562
  0C:01C3    A$main$1563
  0C:01C6    A$main$1564
  0C:01C7    A$main$1565
  0C:01C8    A$main$1566
  0C:01CB    A$main$1571
  0C:01CB    C$main.c$185$2$3
  0C:01CC    A$main$1572
  0C:01CF    A$main$1573
  0C:01D0    A$main$1577
  0C:01D2    A$main$1578
  0C:01D4    A$main$1579
  0C:01D6    A$main$1580
  0C:01D9    A$main$1581
  0C:01DA    A$main$1582
  0C:01DB    A$main$1583
  0C:01DE    A$main$1584
  0C:01DF    A$main$1585
  0C:01E0    A$main$1586
  0C:01E3    A$main$1587
  0C:01E4    A$main$1589
  0C:01E7    A$main$1590
  0C:01E8    A$main$1593
  0C:01E9    A$main$1594
  0C:01EB    A$main$1595
  0C:01ED    A$main$1596
  0C:01EF    A$main$1598
  0C:01F2    A$main$1603
  0C:01F2    C$main.c$186$2$3
  0C:01F3    A$main$1604
  0C:01F6    A$main$1605
  0C:01F7    A$main$1609
  0C:01F9    A$main$1610
  0C:01FB    A$main$1611
  0C:01FD    A$main$1612
  0C:01FE    A$main$1613
  0C:0201    A$main$1614
  0C:0202    A$main$1615
  0C:0203    A$main$1616
  0C:0206    A$main$1617
  0C:0207    A$main$1618
  0C:0208    A$main$1619
  0C:020B    A$main$1623
  0C:020B    C$main.c$187$2$3
  0C:020E    A$main$1627
  0C:020E    C$main.c$189$1$1
  0C:020E    XG$buffer_add_item$0$0
  0C:020F    A$main$1644
  0C:020F    C$main.c$199$1$1
  0C:020F    G$buffer_remove_item$0$0
  0C:020F    _buffer_remove_item
  0C:0211    A$main$1645
  0C:0213    A$main$1646
  0C:0215    A$main$1647
  0C:0218    A$main$1648
  0C:0219    A$main$1649
  0C:021A    A$main$1650
  0C:021B    A$main$1651
  0C:021C    A$main$1652
  0C:021D    A$main$1653
  0C:021E    A$main$1654
  0C:021F    A$main$1658
  0C:021F    C$main.c$201$1$1
  0C:0222    A$main$1659
  0C:0223    A$main$1660
  0C:0224    A$main$1661
  0C:0225    A$main$1662
  0C:0226    A$main$1663
  0C:0227    A$main$1664
  0C:0228    A$main$1665
  0C:0229    A$main$1666
  0C:022A    A$main$1668
  0C:022C    A$main$1669
  0C:022E    A$main$1670
  0C:0230    A$main$1671
  0C:0233    A$main$1672
  0C:0235    A$main$1676
  0C:0235    C$main.c$202$1$1
  0C:0237    A$main$1677
  0C:023A    A$main$1678
  0C:023C    A$main$1682
  0C:023C    C$main.c$203$1$1
  0C:023D    A$main$1685
  0C:023F    A$main$1690
  0C:023F    C$main.c$205$2$2
  0C:0242    A$main$1691
  0C:0243    A$main$1692
  0C:0244    A$main$1693
  0C:0245    A$main$1694
  0C:0246    A$main$1695
  0C:0247    A$main$1696
  0C:0248    A$main$1697
  0C:0249    A$main$1698
  0C:024A    A$main$1701
  0C:024C    A$main$1702
  0C:024E    A$main$1703
  0C:0250    A$main$1705
  0C:0251    A$main$1706
  0C:0254    A$main$1710
  0C:0254    C$main.c$206$2$2
  0C:0257    A$main$1713
  0C:0258    A$main$1718
  0C:0258    C$main.c$211$2$3
  0C:025B    A$main$1719
  0C:025C    A$main$1720
  0C:025E    A$main$1721
  0C:025F    A$main$1722
  0C:0260    A$main$1723
  0C:0262    A$main$1724
  0C:0263    A$main$1725
  0C:0264    A$main$1726
  0C:0266    A$main$1728
  0C:0269    A$main$1729
  0C:026A    A$main$1730
  0C:026B    A$main$1731
  0C:026C    A$main$1732
  0C:026D    A$main$1733
  0C:026E    A$main$1734
  0C:026F    A$main$1735
  0C:0270    A$main$1736
  0C:0271    A$main$1739
  0C:0272    A$main$1740
  0C:0275    A$main$1741
  0C:0276    A$main$1745
  0C:0278    A$main$1746
  0C:027A    A$main$1747
  0C:027C    A$main$1748
  0C:027F    A$main$1749
  0C:0280    A$main$1750
  0C:0281    A$main$1751
  0C:0284    A$main$1752
  0C:0285    A$main$1753
  0C:0286    A$main$1754
  0C:0289    A$main$1755
  0C:028A    A$main$1758
  0C:028C    A$main$1759
  0C:028E    A$main$1760
  0C:0290    A$main$1761
  0C:0293    A$main$1764
  0C:0294    A$main$1765
  0C:0297    A$main$1766
  0C:029A    A$main$1767
  0C:029D    A$main$1769
  0C:02A0    A$main$1774
  0C:02A0    C$main.c$212$2$3
  0C:02A1    A$main$1775
  0C:02A4    A$main$1776
  0C:02A5    A$main$1780
  0C:02A7    A$main$1781
  0C:02A9    A$main$1782
  0C:02AB    A$main$1783
  0C:02AC    A$main$1784
  0C:02AF    A$main$1785
  0C:02B0    A$main$1786
  0C:02B1    A$main$1787
  0C:02B4    A$main$1788
  0C:02B5    A$main$1789
  0C:02B6    A$main$1790
  0C:02B9    A$main$1794
  0C:02B9    C$main.c$213$2$3
  0C:02BC    A$main$1798
  0C:02BC    C$main.c$215$1$1
  0C:02BC    XG$buffer_remove_item$0$0
  0C:02BD    A$main$1812
  0C:02BD    C$main.c$223$1$1
  0C:02BD    G$buffer_end_reached$0$0
  0C:02BD    _buffer_end_reached
  0C:02BF    A$main$1813
  0C:02C1    A$main$1814
  0C:02C3    A$main$1815
  0C:02C6    A$main$1816
  0C:02C7    A$main$1817
  0C:02C8    A$main$1818
  0C:02C9    A$main$1819
  0C:02CA    A$main$1820
  0C:02CB    A$main$1821
  0C:02CC    A$main$1822
  0C:02CD    A$main$1826
  0C:02CD    C$main.c$225$1$1
  0C:02D0    A$main$1830
  0C:02D0    C$main.c$226$1$1
  0C:02D3    A$main$1831
  0C:02D4    A$main$1832
  0C:02D5    A$main$1833
  0C:02D6    A$main$1834
  0C:02D7    A$main$1835
  0C:02D8    A$main$1836
  0C:02D9    A$main$1837
  0C:02DA    A$main$1838
  0C:02DB    A$main$1841
  0C:02DD    A$main$1843
  0C:02DE    A$main$1844
  0C:02DF    A$main$1846
  0C:02E0    A$main$1848
  0C:02E1    A$main$1849
  0C:02E2    A$main$1850
  0C:02E4    A$main$1853
  0C:02E6    A$main$1854
  0C:02E8    A$main$1855
  0C:02EA    A$main$1856
  0C:02ED    A$main$1857
  0C:02EE    A$main$1858
  0C:02EF    A$main$1859
  0C:02F2    A$main$1860
  0C:02F3    A$main$1861
  0C:02F4    A$main$1862
  0C:02F7    A$main$1863
  0C:02F8    A$main$1866
  0C:02FA    A$main$1868
  0C:02FB    A$main$1869
  0C:02FC    A$main$1871
  0C:02FD    A$main$1873
  0C:02FE    A$main$1874
  0C:02FF    A$main$1877
  0C:0301    A$main$1878
  0C:0303    A$main$1879
  0C:0305    A$main$1880
  0C:0308    A$main$1881
  0C:0309    A$main$1882
  0C:030A    A$main$1883
  0C:030D    A$main$1884
  0C:030E    A$main$1885
  0C:030F    A$main$1886
  0C:0312    A$main$1887
  0C:0313    A$main$1890
  0C:0314    A$main$1891
  0C:0317    A$main$1892
  0C:0318    A$main$1896
  0C:0319    A$main$1899
  0C:031C    A$main$1900
  0C:031D    A$main$1901
  0C:0320    A$main$1902
  0C:0321    A$main$1903
  0C:0324    A$main$1910
  0C:0324    C$main.c$227$1$1
  0C:0327    A$main$1918
  0C:0327    C$main.c$229$1$1
  0C:0327    C$main.c$230$1$1
  0C:0327    XG$buffer_end_reached$0$0
  0C:0328    A$main$1920
  0C:032B    A$main$1922
  0C:032C    A$main$1936
  0C:032C    C$main.c$238$1$1
  0C:032C    G$buffer_destroy$0$0
  0C:032C    _buffer_destroy
  0C:032E    A$main$1937
  0C:0330    A$main$1938
  0C:0332    A$main$1939
  0C:0335    A$main$1940
  0C:0336    A$main$1941
  0C:0337    A$main$1942
  0C:0338    A$main$1943
  0C:0339    A$main$1944
  0C:033A    A$main$1945
  0C:033B    A$main$1946
  0C:033C    A$main$1950
  0C:033C    C$main.c$240$1$1
  0C:033F    A$main$1954
  0C:033F    C$main.c$241$1$1
  0C:0342    A$main$1955
  0C:0343    A$main$1956
  0C:0344    A$main$1957
  0C:0345    A$main$1958
  0C:0346    A$main$1959
  0C:0347    A$main$1960
  0C:0348    A$main$1961
  0C:0349    A$main$1962
  0C:034A    A$main$1965
  0C:034B    A$main$1966
  0C:034E    A$main$1967
  0C:034F    A$main$1971
  0C:0351    A$main$1972
  0C:0353    A$main$1973
  0C:0355    A$main$1974
  0C:0358    A$main$1975
  0C:0359    A$main$1976
  0C:035A    A$main$1977
  0C:035D    A$main$1978
  0C:035E    A$main$1979
  0C:035F    A$main$1980
  0C:0362    A$main$1981
  0C:0363    A$main$1983
  0C:0365    A$main$1984
  0C:0367    A$main$1985
  0C:0369    A$main$1986
  0C:036B    A$main$1987
  0C:036D    A$main$1988
  0C:036F    A$main$1989
  0C:0372    A$main$1990
  0C:0374    A$main$1991
  0C:0376    A$main$1992
  0C:0378    A$main$1997
  0C:0378    C$main.c$242$1$1
  0C:037A    A$main$1998
  0C:037C    A$main$1999
  0C:037E    A$main$2001
  0C:037F    A$main$2002
  0C:0382    A$main$2003
  0C:0383    A$main$2005
  0C:0384    A$main$2006
  0C:0387    A$main$2007
  0C:0388    A$main$2009
  0C:0389    A$main$2010
  0C:038C    A$main$2014
  0C:038C    C$main.c$243$1$1
  0C:038F    A$main$2018
  0C:038F    C$main.c$244$1$1
  0C:038F    XG$buffer_destroy$0$0
  0C:0390    A$main$2051
  0C:0390    C$main.c$251$1$1
  0C:0390    C$main.c$255$1$1
  0C:0390    G$buffer_create$0$0
  0C:0390    _buffer_create
  0C:0393    A$main$2052
  0C:0395    A$main$2053
  0C:0396    A$main$2056
  0C:0399    A$main$2057
  0C:039B    A$main$2058
  0C:039C    A$main$2061
  0C:039F    A$main$2062
  0C:03A1    A$main$2063
  0C:03A2    A$main$2066
  0C:03A5    A$main$2067
  0C:03A7    A$main$2068
  0C:03A8    A$main$2071
  0C:03AB    A$main$2072
  0C:03AD    A$main$2073
  0C:03AE    A$main$2076
  0C:03B1    A$main$2077
  0C:03B3    A$main$2078
  0C:03B4    A$main$2081
  0C:03B7    A$main$2082
  0C:03B9    A$main$2083
  0C:03BA    A$main$2086
  0C:03BD    A$main$2087
  0C:03BF    A$main$2088
  0C:03C0    A$main$2091
  0C:03C3    A$main$2092
  0C:03C5    A$main$2093
  0C:03C6    A$main$2096
  0C:03C9    A$main$2097
  0C:03CB    A$main$2098
  0C:03CC    A$main$2101
  0C:03CF    A$main$2102
  0C:03D1    A$main$2103
  0C:03D2    A$main$2106
  0C:03D5    A$main$2107
  0C:03D7    A$main$2108
  0C:03D8    A$main$2111
  0C:03DB    A$main$2112
  0C:03DD    A$main$2113
  0C:03DE    A$main$2116
  0C:03E1    A$main$2117
  0C:03E3    A$main$2118
  0C:03E4    A$main$2121
  0C:03E7    A$main$2122
  0C:03E9    A$main$2123
  0C:03EA    A$main$2126
  0C:03ED    A$main$2127
  0C:03EF    A$main$2128
  0C:03F0    A$main$2131
  0C:03F3    A$main$2132
  0C:03F5    A$main$2133
  0C:03F6    A$main$2136
  0C:03F9    A$main$2137
  0C:03FB    A$main$2138
  0C:03FC    A$main$2141
  0C:03FF    A$main$2142
  0C:0401    A$main$2143
  0C:0402    A$main$2146
  0C:0405    A$main$2147
  0C:0407    A$main$2148
  0C:0408    A$main$2151
  0C:040B    A$main$2152
  0C:040D    A$main$2153
  0C:040E    A$main$2156
  0C:0411    A$main$2157
  0C:0413    A$main$2158
  0C:0414    A$main$2161
  0C:0417    A$main$2162
  0C:0419    A$main$2163
  0C:041A    A$main$2166
  0C:041D    A$main$2167
  0C:041F    A$main$2168
  0C:0420    A$main$2171
  0C:0423    A$main$2172
  0C:0425    A$main$2173
  0C:0426    A$main$2176
  0C:0429    A$main$2177
  0C:042B    A$main$2178
  0C:042C    A$main$2181
  0C:042F    A$main$2182
  0C:0431    A$main$2183
  0C:0432    A$main$2186
  0C:0435    A$main$2187
  0C:0437    A$main$2188
  0C:0438    A$main$2191
  0C:043B    A$main$2192
  0C:043D    A$main$2193
  0C:043E    A$main$2196
  0C:0441    A$main$2197
  0C:0443    A$main$2198
  0C:0444    A$main$2201
  0C:0447    A$main$2202
  0C:0449    A$main$2203
  0C:044A    A$main$2206
  0C:044D    A$main$2207
  0C:044F    A$main$2208
  0C:0450    A$main$2211
  0C:0453    A$main$2212
  0C:0455    A$main$2213
  0C:0456    A$main$2216
  0C:0459    A$main$2217
  0C:045B    A$main$2218
  0C:045C    A$main$2221
  0C:045F    A$main$2222
  0C:0461    A$main$2223
  0C:0462    A$main$2226
  0C:0465    A$main$2227
  0C:0467    A$main$2228
  0C:0468    A$main$2231
  0C:046B    A$main$2232
  0C:046D    A$main$2233
  0C:046E    A$main$2236
  0C:0471    A$main$2237
  0C:0473    A$main$2238
  0C:0474    A$main$2241
  0C:0477    A$main$2242
  0C:0479    A$main$2243
  0C:047A    A$main$2246
  0C:047D    A$main$2247
  0C:047F    A$main$2248
  0C:0480    A$main$2251
  0C:0483    A$main$2252
  0C:0485    A$main$2253
  0C:0486    A$main$2256
  0C:0489    A$main$2257
  0C:048B    A$main$2258
  0C:048C    A$main$2261
  0C:048F    A$main$2263
  0C:0490    A$main$2264
  0C:0491    A$main$2269
  0C:0491    C$main.c$256$1$1
  0C:0494    A$main$2270
  0C:0496    A$main$2271
  0C:0497    A$main$2274
  0C:049A    A$main$2275
  0C:049C    A$main$2276
  0C:049D    A$main$2279
  0C:04A0    A$main$2280
  0C:04A2    A$main$2281
  0C:04A3    A$main$2284
  0C:04A6    A$main$2285
  0C:04A8    A$main$2286
  0C:04A9    A$main$2289
  0C:04AC    A$main$2290
  0C:04AE    A$main$2291
  0C:04AF    A$main$2294
  0C:04B2    A$main$2295
  0C:04B4    A$main$2296
  0C:04B5    A$main$2299
  0C:04B8    A$main$2300
  0C:04BA    A$main$2301
  0C:04BB    A$main$2304
  0C:04BE    A$main$2305
  0C:04C0    A$main$2306
  0C:04C1    A$main$2309
  0C:04C4    A$main$2310
  0C:04C6    A$main$2311
  0C:04C7    A$main$2314
  0C:04CA    A$main$2315
  0C:04CC    A$main$2316
  0C:04CD    A$main$2319
  0C:04D0    A$main$2320
  0C:04D2    A$main$2321
  0C:04D3    A$main$2324
  0C:04D6    A$main$2325
  0C:04D8    A$main$2326
  0C:04D9    A$main$2329
  0C:04DC    A$main$2330
  0C:04DE    A$main$2331
  0C:04DF    A$main$2334
  0C:04E2    A$main$2335
  0C:04E4    A$main$2336
  0C:04E5    A$main$2339
  0C:04E8    A$main$2340
  0C:04EA    A$main$2341
  0C:04EB    A$main$2344
  0C:04EE    A$main$2345
  0C:04F0    A$main$2346
  0C:04F1    A$main$2349
  0C:04F4    A$main$2350
  0C:04F6    A$main$2351
  0C:04F7    A$main$2354
  0C:04FA    A$main$2355
  0C:04FC    A$main$2356
  0C:04FD    A$main$2359
  0C:0500    A$main$2360
  0C:0502    A$main$2361
  0C:0503    A$main$2364
  0C:0506    A$main$2365
  0C:0508    A$main$2366
  0C:0509    A$main$2369
  0C:050C    A$main$2370
  0C:050E    A$main$2371
  0C:050F    A$main$2374
  0C:0512    A$main$2375
  0C:0514    A$main$2376
  0C:0515    A$main$2379
  0C:0518    A$main$2380
  0C:051A    A$main$2381
  0C:051B    A$main$2384
  0C:051E    A$main$2385
  0C:0520    A$main$2386
  0C:0521    A$main$2389
  0C:0524    A$main$2390
  0C:0526    A$main$2391
  0C:0527    A$main$2394
  0C:052A    A$main$2395
  0C:052C    A$main$2396
  0C:052D    A$main$2399
  0C:0530    A$main$2400
  0C:0532    A$main$2401
  0C:0533    A$main$2404
  0C:0536    A$main$2405
  0C:0538    A$main$2406
  0C:0539    A$main$2409
  0C:053C    A$main$2410
  0C:053E    A$main$2411
  0C:053F    A$main$2414
  0C:0542    A$main$2415
  0C:0544    A$main$2416
  0C:0545    A$main$2419
  0C:0548    A$main$2420
  0C:054A    A$main$2421
  0C:054B    A$main$2424
  0C:054E    A$main$2425
  0C:0550    A$main$2426
  0C:0551    A$main$2429
  0C:0554    A$main$2430
  0C:0556    A$main$2431
  0C:0557    A$main$2434
  0C:055A    A$main$2435
  0C:055C    A$main$2436
  0C:055D    A$main$2439
  0C:0560    A$main$2440
  0C:0562    A$main$2441
  0C:0563    A$main$2444
  0C:0566    A$main$2445
  0C:0568    A$main$2446
  0C:0569    A$main$2449
  0C:056C    A$main$2450
  0C:056E    A$main$2451
  0C:056F    A$main$2454
  0C:0572    A$main$2455
  0C:0574    A$main$2456
  0C:0575    A$main$2459
  0C:0578    A$main$2460
  0C:057A    A$main$2461
  0C:057B    A$main$2464
  0C:057E    A$main$2465
  0C:0580    A$main$2466
  0C:0581    A$main$2469
  0C:0584    A$main$2470
  0C:0586    A$main$2471
  0C:0587    A$main$2474
  0C:058A    A$main$2475
  0C:058C    A$main$2476
  0C:058D    A$main$2479
  0C:0590    A$main$2480
  0C:0592    A$main$2481
  0C:0593    A$main$2484
  0C:0596    A$main$2485
  0C:0598    A$main$2486
  0C:0599    A$main$2489
  0C:059C    A$main$2490
  0C:059E    A$main$2491
  0C:059F    A$main$2494
  0C:05A2    A$main$2495
  0C:05A4    A$main$2496
  0C:05A5    A$main$2499
  0C:05A8    A$main$2500
  0C:05AA    A$main$2501
  0C:05AB    A$main$2504
  0C:05AE    A$main$2506
  0C:05AF    A$main$2507
  0C:05B0    A$main$2512
  0C:05B0    C$main.c$257$1$1
  0C:05B3    A$main$2513
  0C:05B5    A$main$2514
  0C:05B6    A$main$2517
  0C:05B9    A$main$2518
  0C:05BB    A$main$2519
  0C:05BC    A$main$2522
  0C:05BF    A$main$2523
  0C:05C1    A$main$2524
  0C:05C2    A$main$2527
  0C:05C5    A$main$2528
  0C:05C7    A$main$2529
  0C:05C8    A$main$2532
  0C:05CB    A$main$2533
  0C:05CD    A$main$2534
  0C:05CE    A$main$2537
  0C:05D1    A$main$2538
  0C:05D3    A$main$2539
  0C:05D4    A$main$2542
  0C:05D7    A$main$2543
  0C:05D9    A$main$2544
  0C:05DA    A$main$2547
  0C:05DD    A$main$2548
  0C:05DF    A$main$2549
  0C:05E0    A$main$2552
  0C:05E3    A$main$2553
  0C:05E5    A$main$2554
  0C:05E6    A$main$2557
  0C:05E9    A$main$2558
  0C:05EB    A$main$2559
  0C:05EC    A$main$2562
  0C:05EF    A$main$2563
  0C:05F1    A$main$2564
  0C:05F2    A$main$2567
  0C:05F5    A$main$2568
  0C:05F7    A$main$2569
  0C:05F8    A$main$2572
  0C:05FB    A$main$2573
  0C:05FD    A$main$2574
  0C:05FE    A$main$2577
  0C:0601    A$main$2578
  0C:0603    A$main$2579
  0C:0604    A$main$2582
  0C:0607    A$main$2583
  0C:0609    A$main$2584
  0C:060A    A$main$2587
  0C:060D    A$main$2588
  0C:060F    A$main$2589
  0C:0610    A$main$2592
  0C:0613    A$main$2593
  0C:0615    A$main$2594
  0C:0616    A$main$2597
  0C:0619    A$main$2598
  0C:061B    A$main$2599
  0C:061C    A$main$2602
  0C:061F    A$main$2603
  0C:0621    A$main$2604
  0C:0622    A$main$2607
  0C:0625    A$main$2608
  0C:0627    A$main$2609
  0C:0628    A$main$2612
  0C:062B    A$main$2613
  0C:062D    A$main$2614
  0C:062E    A$main$2617
  0C:0631    A$main$2618
  0C:0633    A$main$2619
  0C:0634    A$main$2622
  0C:0637    A$main$2623
  0C:0639    A$main$2624
  0C:063A    A$main$2627
  0C:063D    A$main$2628
  0C:063F    A$main$2629
  0C:0640    A$main$2632
  0C:0643    A$main$2633
  0C:0645    A$main$2634
  0C:0646    A$main$2637
  0C:0649    A$main$2638
  0C:064B    A$main$2639
  0C:064C    A$main$2642
  0C:064F    A$main$2643
  0C:0651    A$main$2644
  0C:0652    A$main$2647
  0C:0655    A$main$2648
  0C:0657    A$main$2649
  0C:0658    A$main$2652
  0C:065B    A$main$2653
  0C:065D    A$main$2654
  0C:065E    A$main$2657
  0C:0661    A$main$2658
  0C:0663    A$main$2659
  0C:0664    A$main$2662
  0C:0667    A$main$2663
  0C:0669    A$main$2664
  0C:066A    A$main$2667
  0C:066D    A$main$2668
  0C:066F    A$main$2669
  0C:0670    A$main$2672
  0C:0673    A$main$2673
  0C:0675    A$main$2674
  0C:0676    A$main$2677
  0C:0679    A$main$2678
  0C:067B    A$main$2679
  0C:067C    A$main$2682
  0C:067F    A$main$2683
  0C:0681    A$main$2684
  0C:0682    A$main$2687
  0C:0685    A$main$2689
  0C:0686    A$main$2690
  0C:0687    A$main$2695
  0C:0687    C$main.c$258$1$1
  0C:068A    A$main$2696
  0C:068C    A$main$2697
  0C:068D    A$main$2700
  0C:0690    A$main$2701
  0C:0692    A$main$2702
  0C:0693    A$main$2705
  0C:0696    A$main$2706
  0C:0698    A$main$2707
  0C:0699    A$main$2710
  0C:069C    A$main$2711
  0C:069E    A$main$2712
  0C:069F    A$main$2715
  0C:06A2    A$main$2716
  0C:06A4    A$main$2717
  0C:06A5    A$main$2720
  0C:06A8    A$main$2721
  0C:06AA    A$main$2722
  0C:06AB    A$main$2725
  0C:06AE    A$main$2726
  0C:06B0    A$main$2727
  0C:06B1    A$main$2730
  0C:06B4    A$main$2731
  0C:06B6    A$main$2732
  0C:06B7    A$main$2735
  0C:06BA    A$main$2736
  0C:06BC    A$main$2737
  0C:06BD    A$main$2740
  0C:06C0    A$main$2741
  0C:06C2    A$main$2742
  0C:06C3    A$main$2745
  0C:06C6    A$main$2746
  0C:06C8    A$main$2747
  0C:06C9    A$main$2750
  0C:06CC    A$main$2751
  0C:06CE    A$main$2752
  0C:06CF    A$main$2755
  0C:06D2    A$main$2756
  0C:06D4    A$main$2757
  0C:06D5    A$main$2760
  0C:06D8    A$main$2761
  0C:06DA    A$main$2762
  0C:06DB    A$main$2765
  0C:06DE    A$main$2766
  0C:06E0    A$main$2767
  0C:06E1    A$main$2770
  0C:06E4    A$main$2771
  0C:06E6    A$main$2772
  0C:06E7    A$main$2775
  0C:06EA    A$main$2776
  0C:06EC    A$main$2777
  0C:06ED    A$main$2780
  0C:06F0    A$main$2781
  0C:06F2    A$main$2782
  0C:06F3    A$main$2785
  0C:06F6    A$main$2786
  0C:06F8    A$main$2787
  0C:06F9    A$main$2790
  0C:06FC    A$main$2791
  0C:06FE    A$main$2792
  0C:06FF    A$main$2795
  0C:0702    A$main$2796
  0C:0704    A$main$2797
  0C:0705    A$main$2800
  0C:0708    A$main$2801
  0C:070A    A$main$2802
  0C:070B    A$main$2805
  0C:070E    A$main$2806
  0C:0710    A$main$2807
  0C:0711    A$main$2810
  0C:0714    A$main$2811
  0C:0716    A$main$2812
  0C:0717    A$main$2815
  0C:071A    A$main$2816
  0C:071C    A$main$2817
  0C:071D    A$main$2820
  0C:0720    A$main$2821
  0C:0722    A$main$2822
  0C:0723    A$main$2825
  0C:0726    A$main$2826
  0C:0728    A$main$2827
  0C:0729    A$main$2830
  0C:072C    A$main$2831
  0C:072E    A$main$2832
  0C:072F    A$main$2835
  0C:0732    A$main$2837
  0C:0733    A$main$2838
  0C:0734    A$main$2843
  0C:0734    C$main.c$259$1$1
  0C:0737    A$main$2844
  0C:0739    A$main$2845
  0C:073A    A$main$2848
  0C:073D    A$main$2849
  0C:073F    A$main$2850
  0C:0740    A$main$2853
  0C:0743    A$main$2854
  0C:0745    A$main$2855
  0C:0746    A$main$2858
  0C:0749    A$main$2859
  0C:074B    A$main$2860
  0C:074C    A$main$2863
  0C:074F    A$main$2864
  0C:0751    A$main$2865
  0C:0752    A$main$2868
  0C:0755    A$main$2869
  0C:0757    A$main$2870
  0C:0758    A$main$2873
  0C:075B    A$main$2874
  0C:075D    A$main$2875
  0C:075E    A$main$2878
  0C:0761    A$main$2879
  0C:0763    A$main$2880
  0C:0764    A$main$2883
  0C:0767    A$main$2884
  0C:0769    A$main$2885
  0C:076A    A$main$2888
  0C:076D    A$main$2889
  0C:076F    A$main$2890
  0C:0770    A$main$2893
  0C:0773    A$main$2894
  0C:0775    A$main$2895
  0C:0776    A$main$2898
  0C:0779    A$main$2899
  0C:077B    A$main$2900
  0C:077C    A$main$2903
  0C:077F    A$main$2904
  0C:0781    A$main$2905
  0C:0782    A$main$2908
  0C:0785    A$main$2909
  0C:0787    A$main$2910
  0C:0788    A$main$2913
  0C:078B    A$main$2914
  0C:078D    A$main$2915
  0C:078E    A$main$2918
  0C:0791    A$main$2919
  0C:0793    A$main$2920
  0C:0794    A$main$2923
  0C:0797    A$main$2924
  0C:0799    A$main$2925
  0C:079A    A$main$2928
  0C:079D    A$main$2929
  0C:079F    A$main$2930
  0C:07A0    A$main$2933
  0C:07A3    A$main$2934
  0C:07A5    A$main$2935
  0C:07A6    A$main$2938
  0C:07A9    A$main$2939
  0C:07AB    A$main$2940
  0C:07AC    A$main$2943
  0C:07AF    A$main$2944
  0C:07B1    A$main$2945
  0C:07B2    A$main$2948
  0C:07B5    A$main$2949
  0C:07B7    A$main$2950
  0C:07B8    A$main$2953
  0C:07BB    A$main$2954
  0C:07BD    A$main$2955
  0C:07BE    A$main$2958
  0C:07C1    A$main$2959
  0C:07C3    A$main$2960
  0C:07C4    A$main$2963
  0C:07C7    A$main$2964
  0C:07C9    A$main$2965
  0C:07CA    A$main$2968
  0C:07CD    A$main$2970
  0C:07CE    A$main$2971
  0C:07CF    A$main$2976
  0C:07CF    C$main.c$260$1$1
  0C:07D2    A$main$2977
  0C:07D4    A$main$2978
  0C:07D5    A$main$2981
  0C:07D8    A$main$2982
  0C:07DA    A$main$2983
  0C:07DB    A$main$2986
  0C:07DE    A$main$2987
  0C:07E0    A$main$2988
  0C:07E1    A$main$2991
  0C:07E4    A$main$2992
  0C:07E6    A$main$2993
  0C:07E7    A$main$2996
  0C:07EA    A$main$2997
  0C:07EC    A$main$2998
  0C:07ED    A$main$3001
  0C:07F0    A$main$3002
  0C:07F2    A$main$3003
  0C:07F3    A$main$3006
  0C:07F6    A$main$3007
  0C:07F8    A$main$3008
  0C:07F9    A$main$3011
  0C:07FC    A$main$3012
  0C:07FE    A$main$3013
  0C:07FF    A$main$3016
  0C:0802    A$main$3017
  0C:0804    A$main$3018
  0C:0805    A$main$3021
  0C:0808    A$main$3022
  0C:080A    A$main$3023
  0C:080B    A$main$3026
  0C:080E    A$main$3027
  0C:0810    A$main$3028
  0C:0811    A$main$3031
  0C:0814    A$main$3032
  0C:0816    A$main$3033
  0C:0817    A$main$3036
  0C:081A    A$main$3037
  0C:081C    A$main$3038
  0C:081D    A$main$3041
  0C:0820    A$main$3042
  0C:0822    A$main$3043
  0C:0823    A$main$3046
  0C:0826    A$main$3047
  0C:0828    A$main$3048
  0C:0829    A$main$3051
  0C:082C    A$main$3052
  0C:082E    A$main$3053
  0C:082F    A$main$3056
  0C:0832    A$main$3057
  0C:0834    A$main$3058
  0C:0835    A$main$3061
  0C:0838    A$main$3062
  0C:083A    A$main$3063
  0C:083B    A$main$3066
  0C:083E    A$main$3067
  0C:0840    A$main$3068
  0C:0841    A$main$3071
  0C:0844    A$main$3072
  0C:0846    A$main$3073
  0C:0847    A$main$3076
  0C:084A    A$main$3077
  0C:084C    A$main$3078
  0C:084D    A$main$3081
  0C:0850    A$main$3082
  0C:0852    A$main$3083
  0C:0853    A$main$3086
  0C:0856    A$main$3087
  0C:0858    A$main$3088
  0C:0859    A$main$3091
  0C:085C    A$main$3092
  0C:085E    A$main$3093
  0C:085F    A$main$3096
  0C:0862    A$main$3097
  0C:0864    A$main$3098
  0C:0865    A$main$3101
  0C:0868    A$main$3102
  0C:086A    A$main$3103
  0C:086B    A$main$3106
  0C:086E    A$main$3107
  0C:0870    A$main$3108
  0C:0871    A$main$3111
  0C:0874    A$main$3112
  0C:0876    A$main$3113
  0C:0877    A$main$3116
  0C:087A    A$main$3117
  0C:087C    A$main$3118
  0C:087D    A$main$3121
  0C:0880    A$main$3122
  0C:0882    A$main$3123
  0C:0883    A$main$3126
  0C:0886    A$main$3127
  0C:0888    A$main$3128
  0C:0889    A$main$3131
  0C:088C    A$main$3132
  0C:088E    A$main$3133
  0C:088F    A$main$3136
  0C:0892    A$main$3137
  0C:0894    A$main$3138
  0C:0895    A$main$3141
  0C:0898    A$main$3142
  0C:089A    A$main$3143
  0C:089B    A$main$3146
  0C:089E    A$main$3147
  0C:08A0    A$main$3148
  0C:08A1    A$main$3151
  0C:08A4    A$main$3152
  0C:08A6    A$main$3153
  0C:08A7    A$main$3156
  0C:08AA    A$main$3157
  0C:08AC    A$main$3158
  0C:08AD    A$main$3161
  0C:08B0    A$main$3162
  0C:08B2    A$main$3163
  0C:08B3    A$main$3166
  0C:08B6    A$main$3168
  0C:08B7    A$main$3169
  0C:08B8    A$main$3174
  0C:08B8    C$main.c$261$1$1
  0C:08BB    A$main$3175
  0C:08BD    A$main$3176
  0C:08BE    A$main$3179
  0C:08C1    A$main$3180
  0C:08C3    A$main$3181
  0C:08C4    A$main$3184
  0C:08C7    A$main$3185
  0C:08C9    A$main$3186
  0C:08CA    A$main$3189
  0C:08CD    A$main$3190
  0C:08CF    A$main$3191
  0C:08D0    A$main$3194
  0C:08D3    A$main$3195
  0C:08D5    A$main$3196
  0C:08D6    A$main$3199
  0C:08D9    A$main$3200
  0C:08DB    A$main$3201
  0C:08DC    A$main$3204
  0C:08DF    A$main$3205
  0C:08E1    A$main$3206
  0C:08E2    A$main$3209
  0C:08E5    A$main$3210
  0C:08E7    A$main$3211
  0C:08E8    A$main$3214
  0C:08EB    A$main$3215
  0C:08ED    A$main$3216
  0C:08EE    A$main$3219
  0C:08F1    A$main$3220
  0C:08F3    A$main$3221
  0C:08F4    A$main$3224
  0C:08F7    A$main$3225
  0C:08F9    A$main$3226
  0C:08FA    A$main$3229
  0C:08FD    A$main$3230
  0C:08FF    A$main$3231
  0C:0900    A$main$3234
  0C:0903    A$main$3235
  0C:0905    A$main$3236
  0C:0906    A$main$3239
  0C:0909    A$main$3240
  0C:090B    A$main$3241
  0C:090C    A$main$3244
  0C:090F    A$main$3245
  0C:0911    A$main$3246
  0C:0912    A$main$3249
  0C:0915    A$main$3250
  0C:0917    A$main$3251
  0C:0918    A$main$3254
  0C:091B    A$main$3255
  0C:091D    A$main$3256
  0C:091E    A$main$3259
  0C:0921    A$main$3260
  0C:0923    A$main$3261
  0C:0924    A$main$3264
  0C:0927    A$main$3265
  0C:0929    A$main$3266
  0C:092A    A$main$3269
  0C:092D    A$main$3270
  0C:092F    A$main$3271
  0C:0930    A$main$3274
  0C:0933    A$main$3275
  0C:0935    A$main$3276
  0C:0936    A$main$3279
  0C:0939    A$main$3280
  0C:093B    A$main$3281
  0C:093C    A$main$3284
  0C:093F    A$main$3285
  0C:0941    A$main$3286
  0C:0942    A$main$3289
  0C:0945    A$main$3290
  0C:0947    A$main$3291
  0C:0948    A$main$3294
  0C:094B    A$main$3295
  0C:094D    A$main$3296
  0C:094E    A$main$3299
  0C:0951    A$main$3300
  0C:0953    A$main$3301
  0C:0954    A$main$3304
  0C:0957    A$main$3305
  0C:0959    A$main$3306
  0C:095A    A$main$3309
  0C:095D    A$main$3310
  0C:095F    A$main$3311
  0C:0960    A$main$3314
  0C:0963    A$main$3315
  0C:0965    A$main$3316
  0C:0966    A$main$3319
  0C:0969    A$main$3320
  0C:096B    A$main$3321
  0C:096C    A$main$3324
  0C:096F    A$main$3325
  0C:0971    A$main$3326
  0C:0972    A$main$3329
  0C:0975    A$main$3330
  0C:0977    A$main$3331
  0C:0978    A$main$3334
  0C:097B    A$main$3335
  0C:097D    A$main$3336
  0C:097E    A$main$3339
  0C:0981    A$main$3340
  0C:0983    A$main$3341
  0C:0984    A$main$3344
  0C:0987    A$main$3345
  0C:0989    A$main$3346
  0C:098A    A$main$3349
  0C:098D    A$main$3350
  0C:098F    A$main$3351
  0C:0990    A$main$3354
  0C:0993    A$main$3355
  0C:0995    A$main$3356
  0C:0996    A$main$3359
  0C:0999    A$main$3360
  0C:099B    A$main$3361
  0C:099C    A$main$3364
  0C:099F    A$main$3365
  0C:09A1    A$main$3366
  0C:09A2    A$main$3369
  0C:09A5    A$main$3370
  0C:09A7    A$main$3371
  0C:09A8    A$main$3374
  0C:09AB    A$main$3375
  0C:09AD    A$main$3376
  0C:09AE    A$main$3379
  0C:09B1    A$main$3380
  0C:09B3    A$main$3381
  0C:09B4    A$main$3384
  0C:09B7    A$main$3385
  0C:09B9    A$main$3386
  0C:09BA    A$main$3389
  0C:09BD    A$main$3390
  0C:09BF    A$main$3391
  0C:09C0    A$main$3394
  0C:09C3    A$main$3395
  0C:09C5    A$main$3396
  0C:09C6    A$main$3399
  0C:09C9    A$main$3400
  0C:09CB    A$main$3401
  0C:09CC    A$main$3404
  0C:09CF    A$main$3405
  0C:09D1    A$main$3406
  0C:09D2    A$main$3409
  0C:09D5    A$main$3410
  0C:09D7    A$main$3411
  0C:09D8    A$main$3414
  0C:09DB    A$main$3415
  0C:09DD    A$main$3416
  0C:09DE    A$main$3419
  0C:09E1    A$main$3420
  0C:09E3    A$main$3421
  0C:09E4    A$main$3424
  0C:09E7    A$main$3425
  0C:09E9    A$main$3426
  0C:09EA    A$main$3429
  0C:09ED    A$main$3430
  0C:09EF    A$main$3431
  0C:09F0    A$main$3434
  0C:09F3    A$main$3435
  0C:09F5    A$main$3436
  0C:09F6    A$main$3439
  0C:09F9    A$main$3440
  0C:09FB    A$main$3441
  0C:09FC    A$main$3444
  0C:09FF    A$main$3445
  0C:0A01    A$main$3446
  0C:0A02    A$main$3449
  0C:0A05    A$main$3450
  0C:0A07    A$main$3451
  0C:0A08    A$main$3454
  0C:0A0B    A$main$3455
  0C:0A0D    A$main$3456
  0C:0A0E    A$main$3459
  0C:0A11    A$main$3460
  0C:0A13    A$main$3461
  0C:0A14    A$main$3464
  0C:0A17    A$main$3465
  0C:0A19    A$main$3466
  0C:0A1A    A$main$3469
  0C:0A1D    A$main$3470
  0C:0A1F    A$main$3471
  0C:0A20    A$main$3474
  0C:0A23    A$main$3475
  0C:0A25    A$main$3476
  0C:0A26    A$main$3479
  0C:0A29    A$main$3480
  0C:0A2B    A$main$3481
  0C:0A2C    A$main$3484
  0C:0A2F    A$main$3485
  0C:0A31    A$main$3486
  0C:0A32    A$main$3489
  0C:0A35    A$main$3490
  0C:0A37    A$main$3491
  0C:0A38    A$main$3494
  0C:0A3B    A$main$3495
  0C:0A3D    A$main$3496
  0C:0A3E    A$main$3499
  0C:0A41    A$main$3500
  0C:0A43    A$main$3501
  0C:0A44    A$main$3504
  0C:0A47    A$main$3505
  0C:0A49    A$main$3506
  0C:0A4A    A$main$3509
  0C:0A4D    A$main$3510
  0C:0A4F    A$main$3511
  0C:0A50    A$main$3514
  0C:0A53    A$main$3515
  0C:0A55    A$main$3516
  0C:0A56    A$main$3519
  0C:0A59    A$main$3520
  0C:0A5B    A$main$3521
  0C:0A5C    A$main$3524
  0C:0A5F    A$main$3525
  0C:0A61    A$main$3526
  0C:0A62    A$main$3529
  0C:0A65    A$main$3530
  0C:0A67    A$main$3531
  0C:0A68    A$main$3534
  0C:0A6B    A$main$3535
  0C:0A6D    A$main$3536
  0C:0A6E    A$main$3539
  0C:0A71    A$main$3540
  0C:0A73    A$main$3541
  0C:0A74    A$main$3544
  0C:0A77    A$main$3545
  0C:0A79    A$main$3546
  0C:0A7A    A$main$3549
  0C:0A7D    A$main$3550
  0C:0A7F    A$main$3551
  0C:0A80    A$main$3554
  0C:0A83    A$main$3555
  0C:0A85    A$main$3556
  0C:0A86    A$main$3559
  0C:0A89    A$main$3560
  0C:0A8B    A$main$3561
  0C:0A8C    A$main$3564
  0C:0A8F    A$main$3565
  0C:0A91    A$main$3566
  0C:0A92    A$main$3569
  0C:0A95    A$main$3570
  0C:0A97    A$main$3571
  0C:0A98    A$main$3574
  0C:0A9B    A$main$3575
  0C:0A9D    A$main$3576
  0C:0A9E    A$main$3579
  0C:0AA1    A$main$3580
  0C:0AA3    A$main$3581
  0C:0AA4    A$main$3584
  0C:0AA7    A$main$3585
  0C:0AA9    A$main$3586
  0C:0AAA    A$main$3589
  0C:0AAD    A$main$3590
  0C:0AAF    A$main$3591
  0C:0AB0    A$main$3594
  0C:0AB3    A$main$3595
  0C:0AB5    A$main$3596
  0C:0AB6    A$main$3599
  0C:0AB9    A$main$3600
  0C:0ABB    A$main$3601
  0C:0ABC    A$main$3604
  0C:0ABF    A$main$3605
  0C:0AC1    A$main$3606
  0C:0AC2    A$main$3609
  0C:0AC5    A$main$3610
  0C:0AC7    A$main$3611
  0C:0AC8    A$main$3614
  0C:0ACB    A$main$3615
  0C:0ACD    A$main$3616
  0C:0ACE    A$main$3619
  0C:0AD1    A$main$3620
  0C:0AD3    A$main$3621
  0C:0AD4    A$main$3624
  0C:0AD7    A$main$3625
  0C:0AD9    A$main$3626
  0C:0ADA    A$main$3629
  0C:0ADD    A$main$3630
  0C:0ADF    A$main$3631
  0C:0AE0    A$main$3634
  0C:0AE3    A$main$3635
  0C:0AE5    A$main$3636
  0C:0AE6    A$main$3639
  0C:0AE9    A$main$3641
  0C:0AEA    A$main$3642
  0C:0AEB    A$main$3647
  0C:0AEB    C$main.c$262$1$1
  0C:0AEE    A$main$3648
  0C:0AF0    A$main$3649
  0C:0AF1    A$main$3652
  0C:0AF4    A$main$3653
  0C:0AF6    A$main$3654
  0C:0AF7    A$main$3657
  0C:0AFA    A$main$3658
  0C:0AFC    A$main$3659
  0C:0AFD    A$main$3662
  0C:0B00    A$main$3663
  0C:0B02    A$main$3664
  0C:0B03    A$main$3667
  0C:0B06    A$main$3668
  0C:0B08    A$main$3669
  0C:0B09    A$main$3672
  0C:0B0C    A$main$3673
  0C:0B0E    A$main$3674
  0C:0B0F    A$main$3677
  0C:0B12    A$main$3678
  0C:0B14    A$main$3679
  0C:0B15    A$main$3682
  0C:0B18    A$main$3683
  0C:0B1A    A$main$3684
  0C:0B1B    A$main$3687
  0C:0B1E    A$main$3688
  0C:0B20    A$main$3689
  0C:0B21    A$main$3692
  0C:0B24    A$main$3693
  0C:0B26    A$main$3694
  0C:0B27    A$main$3697
  0C:0B2A    A$main$3698
  0C:0B2C    A$main$3699
  0C:0B2D    A$main$3702
  0C:0B30    A$main$3703
  0C:0B32    A$main$3704
  0C:0B33    A$main$3707
  0C:0B36    A$main$3708
  0C:0B38    A$main$3709
  0C:0B39    A$main$3712
  0C:0B3C    A$main$3713
  0C:0B3E    A$main$3714
  0C:0B3F    A$main$3717
  0C:0B42    A$main$3718
  0C:0B44    A$main$3719
  0C:0B45    A$main$3722
  0C:0B48    A$main$3723
  0C:0B4A    A$main$3724
  0C:0B4B    A$main$3727
  0C:0B4E    A$main$3728
  0C:0B50    A$main$3729
  0C:0B51    A$main$3732
  0C:0B54    A$main$3734
  0C:0B55    A$main$3735
  0C:0B56    A$main$3740
  0C:0B56    C$main.c$263$1$1
  0C:0B59    A$main$3741
  0C:0B5B    A$main$3742
  0C:0B5C    A$main$3745
  0C:0B5F    A$main$3746
  0C:0B61    A$main$3747
  0C:0B62    A$main$3750
  0C:0B65    A$main$3751
  0C:0B67    A$main$3752
  0C:0B68    A$main$3755
  0C:0B6B    A$main$3756
  0C:0B6D    A$main$3757
  0C:0B6E    A$main$3760
  0C:0B71    A$main$3761
  0C:0B73    A$main$3762
  0C:0B74    A$main$3765
  0C:0B77    A$main$3766
  0C:0B79    A$main$3767
  0C:0B7A    A$main$3770
  0C:0B7D    A$main$3771
  0C:0B7F    A$main$3772
  0C:0B80    A$main$3775
  0C:0B83    A$main$3776
  0C:0B85    A$main$3777
  0C:0B86    A$main$3780
  0C:0B89    A$main$3781
  0C:0B8B    A$main$3782
  0C:0B8C    A$main$3785
  0C:0B8F    A$main$3786
  0C:0B91    A$main$3787
  0C:0B92    A$main$3790
  0C:0B95    A$main$3791
  0C:0B97    A$main$3792
  0C:0B98    A$main$3795
  0C:0B9B    A$main$3796
  0C:0B9D    A$main$3797
  0C:0B9E    A$main$3800
  0C:0BA1    A$main$3801
  0C:0BA3    A$main$3802
  0C:0BA4    A$main$3805
  0C:0BA7    A$main$3806
  0C:0BA9    A$main$3807
  0C:0BAA    A$main$3810
  0C:0BAD    A$main$3811
  0C:0BAF    A$main$3812
  0C:0BB0    A$main$3815
  0C:0BB3    A$main$3816
  0C:0BB5    A$main$3817
  0C:0BB6    A$main$3820
  0C:0BB9    A$main$3821
  0C:0BBB    A$main$3822
  0C:0BBC    A$main$3825
  0C:0BBF    A$main$3827
  0C:0BC0    A$main$3828
  0C:0BC1    A$main$3833
  0C:0BC1    C$main.c$264$1$1
  0C:0BC4    A$main$3834
  0C:0BC6    A$main$3835
  0C:0BC7    A$main$3838
  0C:0BCA    A$main$3839
  0C:0BCC    A$main$3840
  0C:0BCD    A$main$3843
  0C:0BD0    A$main$3844
  0C:0BD2    A$main$3845
  0C:0BD3    A$main$3848
  0C:0BD6    A$main$3849
  0C:0BD8    A$main$3850
  0C:0BD9    A$main$3853
  0C:0BDC    A$main$3854
  0C:0BDE    A$main$3855
  0C:0BDF    A$main$3858
  0C:0BE2    A$main$3859
  0C:0BE4    A$main$3860
  0C:0BE5    A$main$3863
  0C:0BE8    A$main$3864
  0C:0BEA    A$main$3865
  0C:0BEB    A$main$3868
  0C:0BEE    A$main$3869
  0C:0BF0    A$main$3870
  0C:0BF1    A$main$3873
  0C:0BF4    A$main$3874
  0C:0BF6    A$main$3875
  0C:0BF7    A$main$3878
  0C:0BFA    A$main$3880
  0C:0BFB    A$main$3881
  0C:0BFC    A$main$3886
  0C:0BFC    C$main.c$265$1$1
  0C:0BFF    A$main$3887
  0C:0C01    A$main$3888
  0C:0C02    A$main$3891
  0C:0C05    A$main$3892
  0C:0C07    A$main$3893
  0C:0C08    A$main$3896
  0C:0C0B    A$main$3897
  0C:0C0D    A$main$3898
  0C:0C0E    A$main$3901
  0C:0C11    A$main$3902
  0C:0C13    A$main$3903
  0C:0C14    A$main$3906
  0C:0C17    A$main$3907
  0C:0C19    A$main$3908
  0C:0C1A    A$main$3911
  0C:0C1D    A$main$3912
  0C:0C1F    A$main$3913
  0C:0C20    A$main$3916
  0C:0C23    A$main$3918
  0C:0C24    A$main$3919
  0C:0C25    A$main$3924
  0C:0C25    C$main.c$266$1$1
  0C:0C28    A$main$3925
  0C:0C2A    A$main$3926
  0C:0C2B    A$main$3929
  0C:0C2E    A$main$3930
  0C:0C30    A$main$3931
  0C:0C31    A$main$3934
  0C:0C34    A$main$3935
  0C:0C36    A$main$3936
  0C:0C37    A$main$3939
  0C:0C3A    A$main$3940
  0C:0C3C    A$main$3941
  0C:0C3D    A$main$3944
  0C:0C40    A$main$3945
  0C:0C42    A$main$3946
  0C:0C43    A$main$3949
  0C:0C46    A$main$3950
  0C:0C48    A$main$3951
  0C:0C49    A$main$3954
  0C:0C4C    A$main$3961
  0C:0C4C    C$main.c$267$1$1
  0C:0C4D    A$main$3962
  0C:0C4E    A$main$3963
  0C:0C51    A$main$3964
  0C:0C52    A$main$3968
  0C:0C52    C$main.c$268$1$1
  0C:0C55    A$main$3973
  0C:0C55    C$main.c$269$1$1
  0C:0C58    A$main$3974
  0C:0C59    A$main$3976
  0C:0C5A    A$main$3979
  0C:0C5C    A$main$3980
  0C:0C5F    A$main$3985
  0C:0C5F    C$main.c$272$2$2
  0C:0C62    A$main$3986
  0C:0C63    A$main$3987
  0C:0C64    A$main$3990
  0C:0C67    A$main$3993
  0C:0C69    A$main$3994
  0C:0C6C    A$main$3999
  0C:0C6C    C$main.c$274$3$3
  0C:0C6D    A$main$4002
  0C:0C6F    A$main$4008
  0C:0C6F    C$main.c$276$4$4
  0C:0C72    A$main$4009
  0C:0C75    A$main$4014
  0C:0C75    C$main.c$277$4$4
  0C:0C78    A$main$4015
  0C:0C7B    A$main$4019
  0C:0C7B    C$main.c$278$4$4
  0C:0C7E    A$main$4020
  0C:0C80    A$main$4021
  0C:0C83    A$main$4023
  0C:0C86    A$main$4024
  0C:0C87    A$main$4025
  0C:0C88    A$main$4026
  0C:0C8A    A$main$4027
  0C:0C8B    A$main$4032
  0C:0C8B    C$main.c$280$3$3
  0C:0C8E    A$main$4033
  0C:0C8F    A$main$4034
  0C:0C90    A$main$4035
  0C:0C91    A$main$4036
  0C:0C92    A$main$4037
  0C:0C93    A$main$4040
  0C:0C94    A$main$4041
  0C:0C95    A$main$4042
  0C:0C97    A$main$4043
  0C:0C98    A$main$4044
  0C:0C9A    A$main$4050
  0C:0C9C    A$main$4053
  0C:0C9E    A$main$4054
  0C:0C9F    A$main$4055
  0C:0CA1    A$main$4056
  0C:0CA2    A$main$4060
  0C:0CA4    A$main$4063
  0C:0CA6    A$main$4064
  0C:0CA7    A$main$4065
  0C:0CA8    A$main$4066
  0C:0CAA    A$main$4069
  0C:0CAD    A$main$4070
  0C:0CB0    A$main$4072
  0C:0CB2    A$main$4079
  0C:0CB2    C$main.c$282$4$5
  0C:0CB5    A$main$4080
  0C:0CB8    A$main$4082
  0C:0CBA    A$main$4088
  0C:0CBA    C$main.c$284$3$3
  0C:0CBB    A$main$4089
  0C:0CBD    A$main$4090
  0C:0CBE    A$main$4091
  0C:0CC0    A$main$4092
  0C:0CC1    A$main$4095
  0C:0CC3    A$main$4101
  0C:0CC3    C$main.c$286$4$6
  0C:0CC6    A$main$4102
  0C:0CC9    A$main$4103
  0C:0CCC    A$main$4108
  0C:0CCC    C$main.c$290$4$7
  0C:0CCF    A$main$4109
  0C:0CD1    A$main$4110
  0C:0CD2    A$main$4111
  0C:0CD5    A$main$4117
  0C:0CD5    C$main.c$295$3$8
  0C:0CD8    A$main$4118
  0C:0CDB    A$main$4122
  0C:0CDB    C$main.c$296$3$8
  0C:0CDE    A$main$4123
  0C:0CDF    A$main$4124
  0C:0CE0    A$main$4126
  0C:0CE2    A$main$4127
  0C:0CE4    A$main$4128
  0C:0CE6    A$main$4130
  0C:0CE8    A$main$4131
  0C:0CEA    A$main$4132
  0C:0CEC    A$main$4133
  0C:0CED    A$main$4134
  0C:0CF0    A$main$4139
  0C:0CF0    C$main.c$297$3$8
  0C:0CF3    A$main$4140
  0C:0CF6    A$main$4144
  0C:0CF6    C$main.c$298$3$8
  0C:0CF9    A$main$4145
  0C:0CFB    A$main$4146
  0C:0CFD    A$main$4148
  0C:0D00    A$main$4149
  0C:0D01    A$main$4150
  0C:0D02    A$main$4151
  0C:0D03    A$main$4152
  0C:0D04    A$main$4153
  0C:0D05    A$main$4158
  0C:0D05    C$main.c$299$3$8
  0C:0D06    A$main$4159
  0C:0D07    A$main$4160
  0C:0D09    A$main$4161
  0C:0D0A    A$main$4162
  0C:0D0C    A$main$4168
  0C:0D0E    A$main$4171
  0C:0D10    A$main$4172
  0C:0D11    A$main$4173
  0C:0D13    A$main$4174
  0C:0D14    A$main$4177
  0C:0D16    A$main$4184
  0C:0D16    C$main.c$301$4$9
  0C:0D19    A$main$4185
  0C:0D1C    A$main$4186
  0C:0D1F    A$main$4191
  0C:0D1F    C$main.c$305$4$10
  0C:0D22    A$main$4192
  0C:0D24    A$main$4193
  0C:0D25    A$main$4194
  0C:0D28    A$main$4199
  0C:0D28    C$main.c$309$1$1
  0C:0D2B    A$main$4200
  0C:0D2C    A$main$4203
  0C:0D2D    A$main$4205
  0C:0D30    A$main$4206
  0C:0D31    A$main$4208
  0C:0D33    A$main$4209
  0C:0D34    A$main$4210
  0C:0D36    A$main$4211
  0C:0D38    A$main$4212
  0C:0D39    A$main$4214
  0C:0D3B    A$main$4216
  0C:0D3E    A$main$4217
  0C:0D3F    A$main$4218
  0C:0D40    A$main$4219
  0C:0D41    A$main$4220
  0C:0D42    A$main$4221
  0C:0D43    A$main$4223
  0C:0D46    A$main$4224
  0C:0D47    A$main$4225
  0C:0D48    A$main$4226
  0C:0D49    A$main$4227
  0C:0D4A    A$main$4228
  0C:0D4B    A$main$4230
  0C:0D4D    A$main$4231
  0C:0D4F    A$main$4232
  0C:0D51    A$main$4233
  0C:0D54    A$main$4234
  0C:0D57    A$main$4238
  0C:0D57    C$main.c$310$1$1
  0C:0D5A    A$main$4239
  0C:0D5B    A$main$4242
  0C:0D5C    A$main$4244
  0C:0D5F    A$main$4245
  0C:0D60    A$main$4247
  0C:0D62    A$main$4248
  0C:0D63    A$main$4249
  0C:0D65    A$main$4250
  0C:0D67    A$main$4251
  0C:0D68    A$main$4254
  0C:0D6A    A$main$4256
  0C:0D6B    A$main$4257
  0C:0D6C    A$main$4259
  0C:0D6D    A$main$4261
  0C:0D6E    A$main$4262
  0C:0D6F    A$main$4265
  0C:0D71    A$main$4266
  0C:0D73    A$main$4267
  0C:0D74    A$main$4270
  0C:0D75    A$main$4271
  0C:0D76    A$main$4272
  0C:0D77    A$main$4273
  0C:0D78    A$main$4274
  0C:0D79    A$main$4275
  0C:0D7A    A$main$4276
  0C:0D7B    A$main$4277
  0C:0D7C    A$main$4280
  0C:0D7E    A$main$4281
  0C:0D80    A$main$4282
  0C:0D81    A$main$4283
  0C:0D82    A$main$4284
  0C:0D83    A$main$4285
  0C:0D84    A$main$4286
  0C:0D85    A$main$4287
  0C:0D86    A$main$4288
  0C:0D87    A$main$4289
  0C:0D88    A$main$4294
  0C:0D88    C$main.c$311$1$1
  0C:0D8A    A$main$4296
  0C:0D8B    A$main$4297
  0C:0D8D    A$main$4299
  0C:0D8E    A$main$4301
  0C:0D8F    A$main$4302
  0C:0D91    A$main$4304
  0C:0D94    A$main$4305
  0C:0D95    A$main$4306
  0C:0D96    A$main$4307
  0C:0D97    A$main$4308
  0C:0D98    A$main$4309
  0C:0D99    A$main$4312
  0C:0D9A    A$main$4314
  0C:0D9B    A$main$4315
  0C:0D9C    A$main$4317
  0C:0D9D    A$main$4319
  0C:0D9E    A$main$4320
  0C:0D9F    A$main$4323
  0C:0DA2    A$main$4324
  0C:0DA5    A$main$4325
  0C:0DA6    A$main$4326
  0C:0DA7    A$main$4327
  0C:0DA8    A$main$4328
  0C:0DA9    A$main$4329
  0C:0DAA    A$main$4330
  0C:0DAB    A$main$4331
  0C:0DAC    A$main$4332
  0C:0DAD    A$main$4337
  0C:0DAD    C$main.c$312$1$1
  0C:0DAF    A$main$4339
  0C:0DB0    A$main$4340
  0C:0DB2    A$main$4342
  0C:0DB3    A$main$4344
  0C:0DB4    A$main$4345
  0C:0DB6    A$main$4349
  0C:0DB7    A$main$4350
  0C:0DB8    A$main$4351
  0C:0DB9    A$main$4353
  0C:0DBA    A$main$4358
  0C:0DBA    C$main.c$313$1$1
  0C:0DBC    A$main$4360
  0C:0DBD    A$main$4361
  0C:0DBF    A$main$4363
  0C:0DC0    A$main$4365
  0C:0DC1    A$main$4366
  0C:0DC3    A$main$4369
  0C:0DC4    A$main$4370
  0C:0DC5    A$main$4371
  0C:0DC6    A$main$4372
  0C:0DC7    A$main$4373
  0C:0DC8    A$main$4378
  0C:0DC8    C$main.c$314$1$1
  0C:0DCA    A$main$4379
  0C:0DCC    A$main$4380
  0C:0DCD    A$main$4381
  0C:0DCE    A$main$4385
  0C:0DCE    C$main.c$315$1$1
  0C:0DD1    A$main$4386
  0C:0DD2    A$main$4389
  0C:0DD3    A$main$4390
  0C:0DD4    A$main$4392
  0C:0DD5    A$main$4395
  0C:0DD7    A$main$4400
  0C:0DD7    C$main.c$317$2$11
  0C:0DDA    A$main$4401
  0C:0DDB    A$main$4402
  0C:0DDC    A$main$4408
  0C:0DDC    C$main.c$319$1$1
  0C:0DDE    A$main$4411
  0C:0DE1    A$main$4419
  0C:0DE1    C$main.c$321$2$12
  0C:0DE4    A$main$4420
  0C:0DE7    A$main$4424
  0C:0DE7    C$main.c$322$2$12
  0C:0DEA    A$main$4425
  0C:0DEB    A$main$4426
  0C:0DEC    A$main$4429
  0C:0DEE    A$main$4431
  0C:0DEF    A$main$4433
  0C:0DF0    A$main$4435
  0C:0DF2    A$main$4436
  0C:0DF5    A$main$4438
  0C:0DF7    A$main$4444
  0C:0DF7    C$main.c$326$2$13
  0C:0DFA    A$main$4445
  0C:0DFD    A$main$4449
  0C:0DFD    C$main.c$327$2$13
  0C:0E00    A$main$4450
  0C:0E01    A$main$4451
  0C:0E02    A$main$4453
  0C:0E04    A$main$4454
  0C:0E06    A$main$4455
  0C:0E08    A$main$4457
  0C:0E0A    A$main$4458
  0C:0E0C    A$main$4459
  0C:0E0E    A$main$4460
  0C:0E0F    A$main$4461
  0C:0E12    A$main$4466
  0C:0E12    C$main.c$328$2$13
  0C:0E15    A$main$4467
  0C:0E18    A$main$4471
  0C:0E18    C$main.c$329$2$13
  0C:0E1B    A$main$4472
  0C:0E1C    A$main$4473
  0C:0E1D    A$main$4474
  0C:0E1E    A$main$4475
  0C:0E1F    A$main$4476
  0C:0E20    A$main$4478
  0C:0E22    A$main$4479
  0C:0E24    A$main$4481
  0C:0E26    A$main$4482
  0C:0E28    A$main$4483
  0C:0E2A    A$main$4484
  0C:0E2B    A$main$4485
  0C:0E2E    A$main$4490
  0C:0E2E    C$main.c$330$2$13
  0C:0E31    A$main$4491
  0C:0E34    A$main$4495
  0C:0E34    C$main.c$331$2$13
  0C:0E37    A$main$4496
  0C:0E38    A$main$4497
  0C:0E39    A$main$4499
  0C:0E3C    A$main$4501
  0C:0E3E    A$main$4503
  0C:0E3F    A$main$4504
  0C:0E40    A$main$4509
  0C:0E40    C$main.c$333$1$1
  0C:0E43    A$main$4513
  0C:0E43    C$main.c$334$1$1
  0C:0E43    XG$buffer_create$0$0
  0C:0E44    A$main$4529
  0C:0E44    C$main.c$336$1$1
  0C:0E44    G$clear_buffer$0$0
  0C:0E44    _clear_buffer
  0C:0E46    A$main$4530
  0C:0E49    A$main$4531
  0C:0E4A    A$main$4535
  0C:0E4A    C$main.c$339$1$1
  0C:0E4D    A$main$4536
  0C:0E4E    A$main$4539
  0C:0E4F    A$main$4541
  0C:0E52    A$main$4542
  0C:0E53    A$main$4543
  0C:0E54    A$main$4544
  0C:0E56    A$main$4547
  0C:0E57    A$main$4548
  0C:0E59    A$main$4549
  0C:0E5A    A$main$4551
  0C:0E5B    A$main$4552
  0C:0E5D    A$main$4553
  0C:0E5E    A$main$4555
  0C:0E61    A$main$4556
  0C:0E62    A$main$4557
  0C:0E63    A$main$4558
  0C:0E64    A$main$4559
  0C:0E65    A$main$4560
  0C:0E66    A$main$4565
  0C:0E66    C$main.c$340$1$1
  0C:0E68    A$main$4567
  0C:0E69    A$main$4568
  0C:0E6B    A$main$4570
  0C:0E6C    A$main$4572
  0C:0E6D    A$main$4573
  0C:0E6F    A$main$4576
  0C:0E72    A$main$4577
  0C:0E75    A$main$4578
  0C:0E76    A$main$4579
  0C:0E77    A$main$4580
  0C:0E78    A$main$4581
  0C:0E79    A$main$4582
  0C:0E7A    A$main$4583
  0C:0E7B    A$main$4584
  0C:0E7C    A$main$4585
  0C:0E7D    A$main$4587
  0C:0E80    A$main$4588
  0C:0E81    A$main$4589
  0C:0E82    A$main$4590
  0C:0E83    A$main$4591
  0C:0E84    A$main$4592
  0C:0E85    A$main$4593
  0C:0E86    A$main$4594
  0C:0E87    A$main$4595
  0C:0E88    A$main$4600
  0C:0E88    C$main.c$341$1$1
  0C:0E8A    A$main$4601
  0C:0E8C    A$main$4602
  0C:0E8D    A$main$4603
  0C:0E8E    A$main$4604
  0C:0E8F    A$main$4605
  0C:0E90    A$main$4608
  0C:0E91    A$main$4609
  0C:0E92    A$main$4610
  0C:0E93    A$main$4611
  0C:0E94    A$main$4612
  0C:0E95    A$main$4613
  0C:0E96    A$main$4614
  0C:0E97    A$main$4615
  0C:0E98    A$main$4618
  0C:0E9B    A$main$4619
  0C:0E9E    A$main$4620
  0C:0E9F    A$main$4621
  0C:0EA0    A$main$4622
  0C:0EA1    A$main$4623
  0C:0EA2    A$main$4624
  0C:0EA3    A$main$4625
  0C:0EA4    A$main$4626
  0C:0EA5    A$main$4627
  0C:0EA6    A$main$4635
  0C:0EA6    C$main.c$342$1$1
  0C:0EA6    C$main.c$344$2$2
  0C:0EA7    A$main$4636
  0C:0EA9    A$main$4637
  0C:0EAA    A$main$4639
  0C:0EAB    A$main$4640
  0C:0EAD    A$main$4641
  0C:0EAE    A$main$4643
  0C:0EB0    A$main$4645
  0C:0EB3    A$main$4647
  0C:0EB4    A$main$4648
  0C:0EB5    A$main$4650
  0C:0EB7    A$main$4651
  0C:0EB9    A$main$4652
  0C:0EBB    A$main$4653
  0C:0EBD    A$main$4654
  0C:0EBF    A$main$4655
  0C:0EC2    A$main$4656
  0C:0EC4    A$main$4657
  0C:0EC6    A$main$4658
  0C:0EC8    A$main$4665
  0C:0EC8    C$main.c$345$1$1
  0C:0ECB    A$main$4673
  0C:0ECB    C$main.c$346$1$1
  0C:0ECC    A$main$4674
  0C:0ECE    A$main$4675
  0C:0ECF    A$main$4677
  0C:0ED0    A$main$4678
  0C:0ED2    A$main$4679
  0C:0ED3    A$main$4682
  0C:0ED5    A$main$4684
  0C:0ED6    A$main$4685
  0C:0ED8    A$main$4687
  0C:0ED9    A$main$4689
  0C:0EDA    A$main$4690
  0C:0EDC    A$main$4694
  0C:0EDD    A$main$4695
  0C:0EDE    A$main$4696
  0C:0EDF    A$main$4698
  0C:0EE0    A$main$4702
  0C:0EE0    C$main.c$347$1$1
  0C:0EE3    A$main$4703
  0C:0EE4    A$main$4704
  0C:0EE5    A$main$4705
  0C:0EE6    A$main$4706
  0C:0EE7    A$main$4707
  0C:0EE8    A$main$4710
  0C:0EEA    A$main$4712
  0C:0EEB    A$main$4713
  0C:0EEC    A$main$4715
  0C:0EED    A$main$4717
  0C:0EEE    A$main$4718
  0C:0EEF    A$main$4721
  0C:0EF1    A$main$4722
  0C:0EF3    A$main$4723
  0C:0EF4    A$main$4724
  0C:0EF5    A$main$4725
  0C:0EF6    A$main$4726
  0C:0EF7    A$main$4729
  0C:0EF8    A$main$4730
  0C:0EF9    A$main$4731
  0C:0EFA    A$main$4732
  0C:0EFB    A$main$4733
  0C:0EFC    A$main$4734
  0C:0EFD    A$main$4735
  0C:0EFE    A$main$4736
  0C:0EFF    A$main$4739
  0C:0F01    A$main$4740
  0C:0F03    A$main$4741
  0C:0F04    A$main$4742
  0C:0F05    A$main$4743
  0C:0F06    A$main$4744
  0C:0F07    A$main$4745
  0C:0F08    A$main$4746
  0C:0F09    A$main$4747
  0C:0F0A    A$main$4748
  0C:0F0B    A$main$4752
  0C:0F0B    C$main.c$348$1$1
  0C:0F0B    XG$clear_buffer$0$0
  0C:0F0C    A$main$4766
  0C:0F0C    C$main.c$356$1$1
  0C:0F0C    G$i2c$0$0
  0C:0F0C    _i2c
  0C:0F0E    A$main$4767
  0C:0F10    A$main$4768
  0C:0F13    A$main$4769
  0C:0F14    A$main$4770
  0C:0F15    A$main$4771
  0C:0F16    A$main$4772
  0C:0F17    A$main$4776
  0C:0F17    C$main.c$358$1$1
  0C:0F1A    A$main$4780
  0C:0F1A    C$main.c$359$1$1
  0C:0F1D    A$main$4781
  0C:0F1E    A$main$4782
  0C:0F1F    A$main$4783
  0C:0F20    A$main$4784
  0C:0F21    A$main$4787
  0C:0F22    A$main$4790
  0C:0F25    A$main$4791
  0C:0F28    A$main$4795
  0C:0F29    A$main$4796
  0C:0F2B    A$main$4797
  0C:0F2C    A$main$4799
  0C:0F2E    A$main$4800
  0C:0F30    A$main$4801
  0C:0F33    A$main$4802
  0C:0F35    A$main$4804
  0C:0F37    A$main$4805
  0C:0F3A    A$main$4808
  0C:0F3B    A$main$4810
  0C:0F3C    A$main$4811
  0C:0F3D    A$main$4812
  0C:0F40    A$main$4813
  0C:0F41    A$main$4815
  0C:0F44    A$main$4816
  0C:0F47    A$main$4817
  0C:0F4A    A$main$4818
  0C:0F4D    A$main$4819
  0C:0F50    A$main$4820
  0C:0F53    A$main$4821
  0C:0F56    A$main$4822
  0C:0F59    A$main$4823
  0C:0F5C    A$main$4824
  0C:0F5F    A$main$4825
  0C:0F62    A$main$4826
  0C:0F65    A$main$4827
  0C:0F68    A$main$4828
  0C:0F6B    A$main$4829
  0C:0F6E    A$main$4830
  0C:0F71    A$main$4837
  0C:0F71    C$main.c$360$2$2
  0C:0F71    C$main.c$361$2$2
  0C:0F74    A$main$4842
  0C:0F74    C$main.c$363$2$2
  0C:0F75    A$main$4847
  0C:0F75    C$main.c$364$2$2
  0C:0F78    A$main$4852
  0C:0F78    C$main.c$366$2$2
[...]
  0C:2693    A$main$10343
  0C:2695    A$main$10344
  0C:2696    A$main$10347
  0C:2699    A$main$10348
  0C:269B    A$main$10349
  0C:269C    A$main$10352
  0C:269F    A$main$10353
  0C:26A1    A$main$10354
  0C:26A2    A$main$10357
  0C:26A5    A$main$10358
  0C:26A7    A$main$10359
  0C:26A8    A$main$10362
  0C:26AB    A$main$10378
  0C:26AB    C$main.c$632$1$1
  0C:26AB    C$main.c$633$1$1
  0C:26AB    C$main.c$634$1$1
  0C:26AC    A$main$10379
  0C:26AD    A$main$10380
  0C:26B0    A$main$10381
  0C:26B1    A$main$10382
  0C:26B4    A$main$10384
  0C:26B5    A$main$10385
  0C:26B8    A$main$10386
  0C:26B9    A$main$10390
  0C:26B9    C$main.c$635$1$1
  0C:26BC    A$main$10392
  0C:26BD    A$main$10393
  0C:26BE    A$main$10397
  0C:26BE    C$main.c$636$1$1
  0C:26C1    A$main$10398
  0C:26C2    A$main$10399
  0C:26C3    A$main$10400
  0C:26C4    A$main$10401
  0C:26C5    A$main$10402
  0C:26C6    A$main$10404
  0C:26C9    A$main$10405
  0C:26CB    A$main$10406
  0C:26CC    A$main$10407
  0C:26CD    A$main$10408
  0C:26CF    A$main$10409
  0C:26D0    A$main$10411
  0C:26D2    A$main$10412
  0C:26D4    A$main$10413
  0C:26D7    A$main$10417
  0C:26D7    C$main.c$637$1$1
  0C:26DA    A$main$10425
  0C:26DA    C$main.c$639$1$1
  0C:26DA    C$main.c$641$2$2
  0C:26DD    A$main$10426
  0C:26E0    A$main$10430
  0C:26E0    C$main.c$643$3$3
  0C:26E3    A$main$10431
  0C:26E5    A$main$10438
  0C:26E5    C$main.c$644$3$3
  0C:26E8    A$main$10445
  0C:26E8    C$main.c$646$4$4
  0C:26EB    A$main$10446
  0C:26ED    A$main$10453
  0C:26ED    C$main.c$647$4$4
  0C:26F0    A$main$10460
  0C:26F0    C$main.c$649$5$5
  0C:26F3    A$main$10461
  0C:26F5    A$main$10462
  0C:26F6    A$main$10464
  0C:26F8    A$main$10470
  0C:26F8    C$main.c$654$4$6
  0C:26FB    A$main$10471
  0C:26FE    A$main$10476
  0C:26FE    C$main.c$656$1$1
  0C:2701    A$main$10477
  0C:2702    A$main$10478
  0C:2703    A$main$10481
  0C:2704    A$main$10484
  0C:2706    A$main$10489
  0C:2706    C$main.c$657$2$2
  0C:2709    A$main$10491
  0C:270A    A$main$10492
  0C:270B    A$main$10497
  0C:270B    C$main.c$658$2$2
  0C:270E    A$main$10498
  0C:2711    A$main$10505
  0C:2711    C$main.c$659$6$11
  0C:2711    C$main.c$661$3$7
  0C:2714    A$main$10509
  0C:2714    C$main.c$662$3$7
  0C:2717    A$main$10510
  0C:2719    A$main$10514
  0C:2719    C$main.c$663$3$7
  0C:271C    A$main$10515
  0C:271D    A$main$10516
  0C:271E    A$main$10517
  0C:271F    A$main$10518
  0C:2720    A$main$10519
  0C:2721    A$main$10520
  0C:2722    A$main$10521
  0C:2723    A$main$10522
  0C:2724    A$main$10523
  0C:2725    A$main$10524
  0C:2726    A$main$10525
  0C:2727    A$main$10527
  0C:272A    A$main$10529
  0C:272C    A$main$10531
  0C:272D    A$main$10532
  0C:272E    A$main$10534
  0C:272F    A$main$10536
  0C:2730    A$main$10537
  0C:2731    A$main$10538
  0C:2732    A$main$10540
  0C:2733    A$main$10542
  0C:2734    A$main$10543
  0C:2735    A$main$10544
  0C:2736    A$main$10546
  0C:2737    A$main$10548
  0C:2738    A$main$10549
  0C:2739    A$main$10550
  0C:273A    A$main$10555
  0C:273A    C$main.c$664$3$7
  0C:273D    A$main$10556
  0C:2740    A$main$10560
  0C:2743    A$main$10561
  0C:2746    A$main$10565
  0C:2749    A$main$10567
  0C:274B    A$main$10571
  0C:274E    A$main$10573
  0C:2750    A$main$10577
  0C:2753    A$main$10578
  0C:2756    A$main$10580
  0C:2759    A$main$10587
  0C:2759    C$main.c$666$4$8
  0C:2759    C$main.c$668$5$9
  0C:275C    A$main$10588
  0C:275F    A$main$10591
  0C:275F    C$main.c$670$4$8
  0C:2762    A$main$10598
  0C:2762    C$main.c$672$4$8
  0C:2762    C$main.c$674$5$10
  0C:2765    A$main$10599
  0C:2766    A$main$10600
  0C:2767    A$main$10602
  0C:276A    A$main$10604
  0C:276C    A$main$10606
  0C:276D    A$main$10607
  0C:276E    A$main$10614
  0C:276E    C$main.c$675$5$10
  0C:276E    C$main.c$677$6$11
  0C:2771    A$main$10615
  0C:2772    A$main$10618
  0C:2773    A$main$10620
  0C:2774    A$main$10622
  0C:2777    A$main$10623
  0C:2778    A$main$10627
  0C:2778    C$main.c$678$6$11
  0C:277B    A$main$10628
  0C:277C    A$main$10631
  0C:277D    A$main$10633
  0C:2780    A$main$10634
  0C:2781    A$main$10636
  0C:2783    A$main$10637
  0C:2784    A$main$10638
  0C:2786    A$main$10639
  0C:2788    A$main$10640
  0C:2789    A$main$10642
  0C:278C    A$main$10643
  0C:278D    A$main$10644
  0C:278E    A$main$10645
  0C:278F    A$main$10646
  0C:2790    A$main$10647
  0C:2791    A$main$10652
  0C:2791    C$main.c$679$6$11
  0C:2793    A$main$10653
  0C:2795    A$main$10654
  0C:2796    A$main$10657
  0C:2797    A$main$10658
  0C:2798    A$main$10659
  0C:2799    A$main$10660
  0C:279A    A$main$10661
  0C:279B    A$main$10662
  0C:279C    A$main$10663
  0C:279D    A$main$10664
  0C:279E    A$main$10667
  0C:27A1    A$main$10668
  0C:27A4    A$main$10669
  0C:27A7    A$main$10670
  0C:27AA    A$main$10676
  0C:27AA    C$main.c$681$7$12
  0C:27AD    A$main$10677
  0C:27B0    A$main$10681
  0C:27B0    C$main.c$682$7$12
  0C:27B3    A$main$10682
  0C:27B4    A$main$10683
  0C:27B5    A$main$10685
  0C:27B7    A$main$10686
  0C:27B9    A$main$10687
  0C:27BB    A$main$10689
  0C:27BD    A$main$10690
  0C:27BF    A$main$10691
  0C:27C1    A$main$10692
  0C:27C2    A$main$10693
  0C:27C5    A$main$10698
  0C:27C5    C$main.c$683$7$12
  0C:27C8    A$main$10699
  0C:27CB    A$main$10703
  0C:27CB    C$main.c$684$7$12
  0C:27CE    A$main$10704
  0C:27CF    A$main$10707
  0C:27D0    A$main$10709
  0C:27D3    A$main$10710
  0C:27D4    A$main$10712
  0C:27D6    A$main$10713
  0C:27D7    A$main$10714
  0C:27D9    A$main$10715
  0C:27DB    A$main$10716
  0C:27DC    A$main$10719
  0C:27DE    A$main$10720
  0C:27E0    A$main$10721
  0C:27E1    A$main$10722
  0C:27E2    A$main$10723
  0C:27E3    A$main$10724
  0C:27E4    A$main$10727
  0C:27E5    A$main$10728
  0C:27E6    A$main$10729
  0C:27E7    A$main$10730
  0C:27E8    A$main$10731
  0C:27E9    A$main$10732
  0C:27EA    A$main$10733
  0C:27EB    A$main$10737
  0C:27ED    A$main$10738
  0C:27EF    A$main$10740
  0C:27F1    A$main$10741
  0C:27F3    A$main$10742
  0C:27F5    A$main$10743
  0C:27F6    A$main$10744
  0C:27F9    A$main$10749
  0C:27F9    C$main.c$685$7$12
  0C:27FC    A$main$10750
  0C:27FF    A$main$10754
  0C:27FF    C$main.c$686$7$12
  0C:2802    A$main$10755
  0C:2803    A$main$10758
  0C:2804    A$main$10760
  0C:2807    A$main$10761
  0C:2808    A$main$10763
  0C:280A    A$main$10764
  0C:280B    A$main$10765
  0C:280D    A$main$10766
  0C:280F    A$main$10767
  0C:2810    A$main$10770
  0C:2812    A$main$10772
  0C:2813    A$main$10773
  0C:2815    A$main$10775
  0C:2816    A$main$10777
  0C:2817    A$main$10778
  0C:2819    A$main$10781
  0C:281A    A$main$10782
  0C:281B    A$main$10783
  0C:281C    A$main$10784
  0C:281D    A$main$10785
  0C:281E    A$main$10786
  0C:281F    A$main$10787
  0C:2820    A$main$10791
  0C:2822    A$main$10792
  0C:2824    A$main$10794
  0C:2826    A$main$10795
  0C:2828    A$main$10796
  0C:282A    A$main$10797
  0C:282B    A$main$10798
  0C:282E    A$main$10803
  0C:282E    C$main.c$687$7$12
  0C:2831    A$main$10804
  0C:2834    A$main$10808
  0C:2834    C$main.c$688$7$12
  0C:2837    A$main$10809
  0C:2838    A$main$10812
  0C:2839    A$main$10814
  0C:283C    A$main$10815
  0C:283D    A$main$10817
  0C:283F    A$main$10818
  0C:2840    A$main$10819
  0C:2842    A$main$10820
  0C:2844    A$main$10821
  0C:2845    A$main$10824
  0C:2847    A$main$10826
  0C:2848    A$main$10827
  0C:284A    A$main$10829
  0C:284B    A$main$10831
  0C:284C    A$main$10832
  0C:284E    A$main$10835
  0C:284F    A$main$10836
  0C:2850    A$main$10837
  0C:2851    A$main$10838
  0C:2852    A$main$10839
  0C:2853    A$main$10841
  0C:2855    A$main$10842
  0C:2857    A$main$10844
  0C:2859    A$main$10845
  0C:285B    A$main$10846
  0C:285D    A$main$10847
  0C:285E    A$main$10848
  0C:2861    A$main$10853
  0C:2861    C$main.c$689$7$12
  0C:2864    A$main$10854
  0C:2867    A$main$10859
  0C:2867    C$main.c$690$7$12
  0C:286A    A$main$10860
  0C:286D    A$main$10864
  0C:286D    C$main.c$691$7$12
  0C:2870    A$main$10865
  0C:2871    A$main$10868
  0C:2872    A$main$10870
  0C:2875    A$main$10871
  0C:2876    A$main$10873
  0C:2878    A$main$10874
  0C:2879    A$main$10875
  0C:287B    A$main$10876
  0C:287D    A$main$10877
  0C:287E    A$main$10880
  0C:2880    A$main$10882
  0C:2881    A$main$10883
  0C:2883    A$main$10885
  0C:2884    A$main$10887
  0C:2885    A$main$10888
  0C:2887    A$main$10891
  0C:2888    A$main$10892
  0C:2889    A$main$10893
  0C:288A    A$main$10894
  0C:288B    A$main$10896
  0C:288C    A$main$10898
  0C:288D    A$main$10899
  0C:288F    A$main$10900
  0C:2890    A$main$10902
  0C:2891    A$main$10903
  0C:2893    A$main$10904
  0C:2895    A$main$10905
  0C:2897    A$main$10907
  0C:289A    A$main$10912
  0C:289A    C$main.c$692$7$12
  0C:289D    A$main$10913
  0C:28A0    A$main$10918
  0C:28A0    C$main.c$693$7$12
  0C:28A3    A$main$10919
  0C:28A6    A$main$10923
  0C:28A6    C$main.c$694$7$12
  0C:28A9    A$main$10924
  0C:28AA    A$main$10927
  0C:28AB    A$main$10929
  0C:28AE    A$main$10930
  0C:28AF    A$main$10932
  0C:28B1    A$main$10933
  0C:28B2    A$main$10934
  0C:28B4    A$main$10935
  0C:28B6    A$main$10936
  0C:28B7    A$main$10939
  0C:28B9    A$main$10941
  0C:28BA    A$main$10942
  0C:28BC    A$main$10944
  0C:28BD    A$main$10946
  0C:28BE    A$main$10947
  0C:28C0    A$main$10950
  0C:28C1    A$main$10951
  0C:28C2    A$main$10952
  0C:28C3    A$main$10953
  0C:28C4    A$main$10954
  0C:28C5    A$main$10957
  0C:28C7    A$main$10959
  0C:28C8    A$main$10960
  0C:28CA    A$main$10962
  0C:28CB    A$main$10964
  0C:28CC    A$main$10965
  0C:28CE    A$main$10968
  0C:28CF    A$main$10969
  0C:28D0    A$main$10970
  0C:28D1    A$main$10971
  0C:28D2    A$main$10972
  0C:28D3    A$main$10974
  0C:28D4    A$main$10975
  0C:28D5    A$main$10977
  0C:28D6    A$main$10978
  0C:28D7    A$main$10979
  0C:28D8    A$main$10981
  0C:28D9    A$main$10982
  0C:28DA    A$main$10984
  0C:28DC    A$main$10985
  0C:28DE    A$main$10987
  0C:28E0    A$main$10988
  0C:28E2    A$main$10989
  0C:28E4    A$main$10990
  0C:28E5    A$main$10991
  0C:28E8    A$main$10996
  0C:28E8    C$main.c$695$7$12
  0C:28EB    A$main$10997
  0C:28EE    A$main$11002
  0C:28EE    C$main.c$697$5$10
  0C:28F1    A$main$11003
  0C:28F2    A$main$11006
  0C:28F3    A$main$11008
  0C:28F5    A$main$11010
  0C:28F8    A$main$11015
  0C:28F8    C$main.c$698$5$10
  0C:28FB    A$main$11016
  0C:28FE    A$main$11020
  0C:28FE    C$main.c$699$5$10
  0C:2901    A$main$11021
  0C:2904    A$main$11026
  0C:2904    C$main.c$700$5$10
  0C:2907    A$main$11027
  0C:290A    A$main$11031
  0C:290A    C$main.c$701$5$10
  0C:290D    A$main$11032
  0C:290E    A$main$11033
  0C:290F    A$main$11034
  0C:2910    A$main$11035
  0C:2911    A$main$11036
  0C:2912    A$main$11037
  0C:2913    A$main$11038
  0C:2914    A$main$11039
  0C:2915    A$main$11040
  0C:2916    A$main$11041
  0C:2917    A$main$11043
  0C:2918    A$main$11044
  0C:291A    A$main$11045
  0C:291C    A$main$11046
  0C:291E    A$main$11048
  0C:2921    A$main$11052
  0C:2921    C$main.c$702$5$10
  0C:2924    A$main$11053
  0C:2925    A$main$11054
  0C:2926    A$main$11055
  0C:2927    A$main$11056
  0C:2928    A$main$11057
  0C:2929    A$main$11058
  0C:292A    A$main$11059
  0C:292B    A$main$11060
  0C:292C    A$main$11063
  0C:292C    C$main.c$703$5$10
  0C:292F    A$main$11070
  0C:292F    C$main.c$708$5$13
  0C:292F    C$main.c$710$6$14
  0C:2932    A$main$11071
  0C:2933    A$main$11074
  0C:2934    A$main$11076
  0C:2937    A$main$11077
  0C:2938    A$main$11079
  0C:293A    A$main$11080
  0C:293B    A$main$11081
  0C:293D    A$main$11082
  0C:293F    A$main$11083
  0C:2940    A$main$11085
  0C:2943    A$main$11086
  0C:2944    A$main$11087
  0C:2945    A$main$11088
  0C:2946    A$main$11089
  0C:2947    A$main$11090
  0C:2948    A$main$11095
  0C:2948    C$main.c$711$6$14
  0C:294A    A$main$11096
  0C:294C    A$main$11097
  0C:294D    A$main$11100
  0C:294E    A$main$11101
  0C:294F    A$main$11102
  0C:2950    A$main$11103
  0C:2951    A$main$11104
  0C:2952    A$main$11105
  0C:2953    A$main$11106
  0C:2954    A$main$11107
  0C:2955    A$main$11110
  0C:2958    A$main$11111
  0C:295B    A$main$11112
  0C:295E    A$main$11114
  0C:2960    A$main$11119
  0C:2960    C$main.c$713$7$15
  0C:2963    A$main$11120
  0C:2964    A$main$11121
  0C:2965    A$main$11123
  0C:2968    A$main$11125
  0C:296A    A$main$11127
  0C:296B    A$main$11128
  0C:296C    A$main$11133
  0C:296C    C$main.c$715$6$14
  0C:296F    A$main$11134
  0C:2971    A$main$11141
  0C:2971    C$main.c$716$5$13
  0C:2974    A$main$11147
  0C:2974    C$main.c$717$5$13
  0C:2977    A$main$11155
  0C:2977    C$main.c$720$4$8
  0C:2977    C$main.c$722$5$16
  0C:297A    A$main$11156
  0C:297D    A$main$11163
  0C:297D    C$main.c$723$5$16
  0C:297D    C$main.c$725$6$17
  0C:2980    A$main$11164
  0C:2982    A$main$11165
  0C:2984    A$main$11168
  0C:2987    A$main$11169
  0C:2988    A$main$11170
  0C:2989    A$main$11175
  0C:2989    C$main.c$726$6$17
  0C:298A    A$main$11176
  0C:298D    A$main$11177
  0C:298E    A$main$11179
  0C:2990    A$main$11180
  0C:2991    A$main$11181
  0C:2993    A$main$11182
  0C:2995    A$main$11183
  0C:2996    A$main$11185
  0C:2999    A$main$11186
  0C:299A    A$main$11187
  0C:299B    A$main$11188
  0C:299C    A$main$11189
  0C:299D    A$main$11190
  0C:299E    A$main$11195
  0C:299E    C$main.c$727$6$17
  0C:29A0    A$main$11196
  0C:29A2    A$main$11197
  0C:29A3    A$main$11200
  0C:29A4    A$main$11201
  0C:29A5    A$main$11202
  0C:29A6    A$main$11203
  0C:29A7    A$main$11204
  0C:29A8    A$main$11205
  0C:29A9    A$main$11206
  0C:29AA    A$main$11207
  0C:29AB    A$main$11210
  0C:29AE    A$main$11211
  0C:29B1    A$main$11212
  0C:29B4    A$main$11214
  0C:29B6    A$main$11218
  0C:29B9    A$main$11220
  0C:29BB    A$main$11225
  0C:29BB    C$main.c$729$7$18
  0C:29BD    A$main$11226
  0C:29C0    A$main$11227
  0C:29C2    A$main$11229
  0C:29C5    A$main$11230
  0C:29C6    A$main$11232
  0C:29C8    A$main$11238
  0C:29C8    C$main.c$733$7$19
  0C:29CB    A$main$11239
  0C:29CE    A$main$11243
  0C:29CE    C$main.c$734$7$19
  0C:29D1    A$main$11244
  0C:29D3    A$main$11245
  0C:29D4    A$main$11250
  0C:29D4    C$main.c$736$5$16
  0C:29D7    A$main$11251
  0C:29D8    A$main$11252
  0C:29D9    A$main$11257
  0C:29DC    A$main$11263
  0C:29DC    C$main.c$737$5$16
  0C:29DF    A$main$11270
  0C:29DF    C$main.c$740$4$8
  0C:29DF    C$main.c$742$5$20
  0C:29E2    A$main$11271
  0C:29E3    A$main$11272
  0C:29E4    A$main$11274
  0C:29E7    A$main$11276
  0C:29E9    A$main$11278
  0C:29EA    A$main$11279
  0C:29EB    A$main$11286
  0C:29EB    C$main.c$743$5$20
  0C:29EB    C$main.c$745$6$21
  0C:29EE    A$main$11287
  0C:29EF    A$main$11290
  0C:29F0    A$main$11292
  0C:29F1    A$main$11294
  0C:29F4    A$main$11295
  0C:29F5    A$main$11299
  0C:29F5    C$main.c$746$6$21
  0C:29F8    A$main$11300
  0C:29F9    A$main$11303
  0C:29FA    A$main$11305
  0C:29FD    A$main$11306
  0C:29FE    A$main$11308
  0C:2A00    A$main$11309
  0C:2A01    A$main$11310
  0C:2A03    A$main$11311
  0C:2A05    A$main$11312
  0C:2A06    A$main$11314
  0C:2A09    A$main$11315
  0C:2A0A    A$main$11316
  0C:2A0B    A$main$11317
  0C:2A0C    A$main$11318
  0C:2A0D    A$main$11319
  0C:2A0E    A$main$11324
  0C:2A0E    C$main.c$747$6$21
  0C:2A10    A$main$11325
  0C:2A12    A$main$11326
  0C:2A13    A$main$11329
  0C:2A14    A$main$11330
  0C:2A15    A$main$11331
  0C:2A16    A$main$11332
  0C:2A17    A$main$11333
  0C:2A18    A$main$11334
  0C:2A19    A$main$11335
  0C:2A1A    A$main$11336
  0C:2A1B    A$main$11339
  0C:2A1E    A$main$11340
  0C:2A21    A$main$11341
  0C:2A24    A$main$11343
  0C:2A26    A$main$11348
  0C:2A26    C$main.c$749$7$22
  0C:2A28    A$main$11349
  0C:2A2B    A$main$11354
  0C:2A2B    C$main.c$751$5$20
  0C:2A2E    A$main$11355
  0C:2A2F    A$main$11358
  0C:2A30    A$main$11360
  0C:2A32    A$main$11363
  0C:2A34    A$main$11368
  0C:2A34    C$main.c$752$5$20
  0C:2A37    A$main$11370
  0C:2A38    A$main$11371
  0C:2A39    A$main$11375
  0C:2A39    C$main.c$753$5$20
  0C:2A3C    A$main$11376
  0C:2A3E    A$main$11377
  0C:2A3F    A$main$11383
  0C:2A3F    C$main.c$754$5$20
  0C:2A3F    C$main.c$757$4$8
  0C:2A41    A$main$11389
  0C:2A41    C$main.c$759$5$23
  0C:2A44    A$main$11394
  0C:2A46    A$main$11400
  0C:2A47    A$main$11401
  0C:2A49    A$main$11404
  0C:2A4B    A$main$11409
  0C:2A4B    C$main.c$761$6$24
  0C:2A4D    A$main$11410
  0C:2A4F    A$main$11411
  0C:2A52    A$main$11412
  0C:2A54    A$main$11416
  0C:2A54    C$main.c$762$6$24
  0C:2A57    A$main$11417
  0C:2A58    A$main$11418
  0C:2A59    A$main$11421
  0C:2A5C    A$main$11422
  0C:2A5F    A$main$11423
  0C:2A62    A$main$11424
  0C:2A64    A$main$11430
  0C:2A64    C$main.c$763$6$24
  0C:2A66    A$main$11436
  0C:2A66    C$main.c$765$7$25
  0C:2A69    A$main$11437
  0C:2A6C    A$main$11444
  0C:2A6C    C$main.c$766$7$25
  0C:2A6F    A$main$11445
  0C:2A70    A$main$11446
  0C:2A72    A$main$11447
  0C:2A75    A$main$11452
  0C:2A75    C$main.c$767$7$25
  0C:2A78    A$main$11453
  0C:2A7B    A$main$11460
  0C:2A7B    C$main.c$772$3$7
  0C:2A7B    C$main.c$774$2$2
  0C:2A7E    A$main$11461
  0C:2A7F    A$main$11463
  0C:2A80    A$main$11466
  0C:2A82    A$main$11467
  0C:2A85    A$main$11472
  0C:2A85    C$main.c$775$2$2
  0C:2A88    A$main$11474
  0C:2A89    A$main$11475
  0C:2A8A    A$main$11478
  0C:2A8A    C$main.c$777$1$1
  0C:2A8A    XG$main$0$0
  0C:2A8D    __sdcc_find_memheader
  0C:2B02    _free
  0C:2B55    __modulong
  0C:2C9E    __divulong
  0C:2DAA    _init_dynamic_memory
  0C:2E2B    _malloc
  0C:2F67    __gptrput
  0C:2F80    __mulint
  0C:2FA0    __gptrget

Hexadecimal

Area                               Addr   Size   Decimal Bytes (Attributes)
--------------------------------   ----   ----   ------- ----- ------------
CONST                              2FBC   0000 =      0. bytes (REL,CON,CODE)

Hexadecimal

Area                               Addr   Size   Decimal Bytes (Attributes)
--------------------------------   ----   ----   ------- ----- ------------
XINIT                              2FBC   0004 =      4. bytes (REL,CON,CODE)

      Value  Global
   --------  --------------------------------
  0C:2FBC    Fmain$__xinit_infinite_loop_counter$0$0
  0C:2FBD    Fmain$__xinit_functions_entered_counter$0$0
  0C:2FBE    Fmain$__xinit_buffer_number$0$0
  0C:2FBF    Fmain$__xinit_max_buffers_created$0$0
ASxxxx Linker V01.70 + NoICE + SDCC Feb 1999,  page 1.

Files Linked      [ module(s) ]

obj\Debug\main.rel

Libraries Linked            [   object  file   ]

C:\Program Files (x86)\SDCC\bin\..\lib\large/libsdcc.lib    [             free ]
C:\Program Files (x86)\SDCC\bin\..\lib\large/liblong.lib    [    _modulong.rel ]
C:\Program Files (x86)\SDCC\bin\..\lib\large/liblong.lib    [    _divulong.rel ]
C:\Program Files (x86)\SDCC\bin\..\lib\large/mcs51.lib    [     crtclear.rel ]
C:\Program Files (x86)\SDCC\bin\..\lib\large/mcs51.lib    [     crtxinit.rel ]
C:\Program Files (x86)\SDCC\bin\..\lib\large/libsdcc.lib    [           malloc ]
C:\Program Files (x86)\SDCC\bin\..\lib\large/libsdcc.lib    [         _gptrput ]
C:\Program Files (x86)\SDCC\bin\..\lib\large/libint.lib    [          _mulint ]
C:\Program Files (x86)\SDCC\bin\..\lib\large/mcs51.lib    [    crtxclear.rel ]
C:\Program Files (x86)\SDCC\bin\..\lib\large/mcs51.lib    [   crtpagesfr.rel ]
C:\Program Files (x86)\SDCC\bin\..\lib\large/mcs51.lib    [     crtstart.rel ]
C:\Program Files (x86)\SDCC\bin\..\lib\large/libsdcc.lib    [         _gptrget ]

ASxxxx Linker V01.70 + NoICE + SDCC Feb 1999,  page 2.

User Base Address Definitions

HOME = 0x0000
XSEG = 0x0400
ISEG = 0x0080
BSEG = 0x0000

