******************************************************************************
                  TI ARM Linker PC v16.9.6                     
******************************************************************************
>> Linked Sat May 05 23:40:37 2018

OUTPUT FILE NAME:   <Monish_ESD_Project_Transmitter.out>
ENTRY POINT SYMBOL: "_c_int00"  address: 00000af9


MEMORY CONFIGURATION

         name            origin    length      used     unused   attr    fill
----------------------  --------  ---------  --------  --------  ----  --------
  MAIN                  00000000   00040000  00000d36  0003f2ca  R  X
  INFO                  00200000   00004000  00000000  00004000  R  X
  SRAM_CODE             01000000   00010000  00000000  00010000  RW X
  SRAM_DATA             20000000   00010000  00000220  0000fde0  RW  


SEGMENT ALLOCATION MAP

run origin  load origin   length   init length attrs members
----------  ----------- ---------- ----------- ----- -------
00000000    00000000    00000d38   00000d38    r-x
  00000000    00000000    00000140   00000140    r-- .intvecs
  00000140    00000140    00000b46   00000b46    r-x .text
  00000c88    00000c88    00000070   00000070    r-- .const
  00000cf8    00000cf8    00000040   00000040    r-- .cinit
20000000    20000000    00000020   00000000    rw-
  20000000    20000000    0000001e   00000000    rw- .data
  2000001e    2000001e    00000002   00000000    rw- .bss
2000fe00    2000fe00    00000200   00000000    rw-
  2000fe00    2000fe00    00000200   00000000    rw- .stack


SECTION ALLOCATION MAP

 output                                  attributes/
section   page    origin      length       input sections
--------  ----  ----------  ----------   ----------------
.intvecs   0    00000000    00000140     
                  00000000    00000140     startup_msp432p401r_ccs.obj (.intvecs:retain)

.text      0    00000140    00000b46     
                  00000140    000004a0     main.obj (.text)
                  000005e0    00000328     system_msp432p401r.obj (.text)
                  00000908    0000009c     rtsv7M4_T_le_v4SPD16_eabi.lib : memcpy_t2.obj (.text)
                  000009a4    0000007a                                   : memset_t2.obj (.text)
                  00000a1e    00000002                                   : mpu_init.obj (.text)
                  00000a20    00000070                                   : autoinit.obj (.text)
                  00000a90    00000068                                   : copy_decompress_lzss.obj (.text:decompress:lzss)
                  00000af8    00000054                                   : boot.obj (.text)
                  00000b4c    00000054                                   : exit.obj (.text)
                  00000ba0    0000004c                                   : cpy_tbl.obj (.text)
                  00000bec    00000024     msp432p4xx_driverlib.lib : cs.o (.text:CS_setDCOCenteredFrequency)
                  00000c10    00000018                              : wdt_a.o (.text:WDT_A_holdTimer)
                  00000c28    00000018     rtsv7M4_T_le_v4SPD16_eabi.lib : args_main.obj (.text)
                  00000c40    00000014                                   : _lock.obj (.text)
                  00000c54    00000012     startup_msp432p401r_ccs.obj (.text)
                  00000c66    0000000e     rtsv7M4_T_le_v4SPD16_eabi.lib : copy_decompress_none.obj (.text:decompress:none)
                  00000c74    0000000c                                   : copy_zero_init.obj (.text:decompress:ZI)
                  00000c80    00000004                                   : pre_init.obj (.text)
                  00000c84    00000002                                   : startup.obj (.text)

.const     0    00000c88    00000070     
                  00000c88    00000049     main.obj (.const:.string:$P$T0$2)
                  00000cd1    00000003     --HOLE-- [fill = 0]
                  00000cd4    00000024     main.obj (.const:uartConfig)

.cinit     0    00000cf8    00000040     
                  00000cf8    00000016     (.cinit..data.load) [load image, compression = lzss]
                  00000d0e    00000002     --HOLE-- [fill = 0]
                  00000d10    0000000c     (__TI_handler_table)
                  00000d1c    00000004     --HOLE-- [fill = 0]
                  00000d20    00000008     (.cinit..bss.load) [load image, compression = zero_init]
                  00000d28    00000010     (__TI_cinit_table)

.init_array 
*          0    00000000    00000000     UNINITIALIZED

.data      0    20000000    0000001e     UNINITIALIZED
                  20000000    0000000c     rtsv7M4_T_le_v4SPD16_eabi.lib : exit.obj (.data:$O1$$)
                  2000000c    00000008                                   : _lock.obj (.data:$O1$$)
                  20000014    00000004                                   : stkdepth_vars.obj (.data)
                  20000018    00000004     system_msp432p401r.obj (.data)
                  2000001c    00000002     main.obj (.data)

.bss       0    2000001e    00000002     UNINITIALIZED
                  2000001e    00000002     main.obj (.bss)

.stack     0    2000fe00    00000200     UNINITIALIZED
                  2000fe00    00000200     --HOLE--

MODULE SUMMARY

       Module                        code   ro data   rw data
       ------                        ----   -------   -------
    .\
       main.obj                      1184   109       4      
       system_msp432p401r.obj        808    0         4      
       startup_msp432p401r_ccs.obj   18     320       0      
    +--+-----------------------------+------+---------+---------+
       Total:                        2010   429       8      
                                                             
    C:/Users/monis/Documents/Academics/ESD/msp432_driverlib_3_21_00_05/driverlib/MSP432P4xx/ccs/msp432p4xx_driverlib.lib
       cs.o                          36     0         0      
       wdt_a.o                       24     0         0      
    +--+-----------------------------+------+---------+---------+
       Total:                        60     0         0      
                                                             
    C:\ti\ccsv7\tools\compiler\ti-cgt-arm_16.9.6.LTS\lib\rtsv7M4_T_le_v4SPD16_eabi.lib
       memcpy_t2.obj                 156    0         0      
       memset_t2.obj                 122    0         0      
       autoinit.obj                  112    0         0      
       copy_decompress_lzss.obj      104    0         0      
       exit.obj                      84     0         12     
       boot.obj                      84     0         0      
       cpy_tbl.obj                   76     0         0      
       _lock.obj                     20     0         8      
       args_main.obj                 24     0         0      
       copy_decompress_none.obj      14     0         0      
       copy_zero_init.obj            12     0         0      
       pre_init.obj                  4      0         0      
       stkdepth_vars.obj             0      0         4      
       mpu_init.obj                  2      0         0      
       startup.obj                   2      0         0      
    +--+-----------------------------+------+---------+---------+
       Total:                        816    0         24     
                                                             
       Stack:                        0      0         512    
       Linker Generated:             0      58        0      
    +--+-----------------------------+------+---------+---------+
       Grand Total:                  2886   487       544    


LINKER GENERATED COPY TABLES

__TI_cinit_table @ 00000d28 records: 2, size/record: 8, table size: 16
	.data: load addr=00000cf8, load size=00000016 bytes, run addr=20000000, run size=0000001e bytes, compression=lzss
	.bss: load addr=00000d20, load size=00000008 bytes, run addr=2000001e, run size=00000002 bytes, compression=zero_init


LINKER GENERATED HANDLER TABLE

__TI_handler_table @ 00000d10 records: 3, size/record: 4, table size: 12
	index: 0, handler: __TI_decompress_lzss
	index: 1, handler: __TI_decompress_none
	index: 2, handler: __TI_zero_init


GLOBAL SYMBOLS: SORTED ALPHABETICALLY BY Name 

address   name                           
-------   ----                           
00000569  ADC14_IRQHandler               
00000b4d  C$$EXIT                        
00000bed  CS_setDCOCenteredFrequency     
00000533  EUSCIA0_IRQHandler             
00000141  LED_toggle                     
UNDEFED   SHT$$INIT_ARRAY$$Base          
UNDEFED   SHT$$INIT_ARRAY$$Limit         
20000018  SystemCoreClock                
000005e1  SystemCoreClockUpdate          
00000855  SystemInit                     
4000480c  WDTCTL_SYM                     
00000c11  WDT_A_holdTimer                
20010000  __STACK_END                    
00000200  __STACK_SIZE                   
00000d28  __TI_CINIT_Base                
00000d38  __TI_CINIT_Limit               
00000d10  __TI_Handler_Table_Base        
00000d1c  __TI_Handler_Table_Limit       
00000a21  __TI_auto_init                 
20000000  __TI_cleanup_ptr               
00000a91  __TI_decompress_lzss           
00000c67  __TI_decompress_none           
20000004  __TI_dtors_ptr                 
20000008  __TI_enable_exit_profile_output
ffffffff  __TI_pprof_out_hndl            
ffffffff  __TI_prof_data_size            
ffffffff  __TI_prof_data_start           
00000000  __TI_static_base__             
00000c75  __TI_zero_init                 
000009a5  __aeabi_memclr                 
000009a5  __aeabi_memclr4                
000009a5  __aeabi_memclr8                
00000909  __aeabi_memcpy                 
00000909  __aeabi_memcpy4                
00000909  __aeabi_memcpy8                
000009a7  __aeabi_memset                 
000009a7  __aeabi_memset4                
000009a7  __aeabi_memset8                
ffffffff  __binit__                      
ffffffff  __c_args__                     
00000a1f  __mpu_init                     
2000fe00  __stack                        
00000c29  _args_main                     
00000af9  _c_int00                       
2000000c  _lock                          
00000c4f  _nop                           
00000c47  _register_lock                 
00000c41  _register_unlock               
00000c85  _system_post_cinit             
00000c81  _system_pre_init               
20000010  _unlock                        
00000b51  abort                          
00000257  adc_init                       
ffffffff  binit                          
00000ba1  copy_in                        
00000b59  exit                           
000001a3  getchar                        
00000000  interruptVectors               
000003f5  main                           
20000014  main_func_sp                   
00000909  memcpy                         
000009ad  memset                         
000001b3  my_printf                      
000001d1  print_number                   
0000018f  putchar                        
00000311  send_data                      
00000cd4  uartConfig                     


GLOBAL SYMBOLS: SORTED BY Symbol Address 

address   name                           
-------   ----                           
00000000  __TI_static_base__             
00000000  interruptVectors               
00000141  LED_toggle                     
0000018f  putchar                        
000001a3  getchar                        
000001b3  my_printf                      
000001d1  print_number                   
00000200  __STACK_SIZE                   
00000257  adc_init                       
00000311  send_data                      
000003f5  main                           
00000533  EUSCIA0_IRQHandler             
00000569  ADC14_IRQHandler               
000005e1  SystemCoreClockUpdate          
00000855  SystemInit                     
00000909  __aeabi_memcpy                 
00000909  __aeabi_memcpy4                
00000909  __aeabi_memcpy8                
00000909  memcpy                         
000009a5  __aeabi_memclr                 
000009a5  __aeabi_memclr4                
000009a5  __aeabi_memclr8                
000009a7  __aeabi_memset                 
000009a7  __aeabi_memset4                
000009a7  __aeabi_memset8                
000009ad  memset                         
00000a1f  __mpu_init                     
00000a21  __TI_auto_init                 
00000a91  __TI_decompress_lzss           
00000af9  _c_int00                       
00000b4d  C$$EXIT                        
00000b51  abort                          
00000b59  exit                           
00000ba1  copy_in                        
00000bed  CS_setDCOCenteredFrequency     
00000c11  WDT_A_holdTimer                
00000c29  _args_main                     
00000c41  _register_unlock               
00000c47  _register_lock                 
00000c4f  _nop                           
00000c67  __TI_decompress_none           
00000c75  __TI_zero_init                 
00000c81  _system_pre_init               
00000c85  _system_post_cinit             
00000cd4  uartConfig                     
00000d10  __TI_Handler_Table_Base        
00000d1c  __TI_Handler_Table_Limit       
00000d28  __TI_CINIT_Base                
00000d38  __TI_CINIT_Limit               
20000000  __TI_cleanup_ptr               
20000004  __TI_dtors_ptr                 
20000008  __TI_enable_exit_profile_output
2000000c  _lock                          
20000010  _unlock                        
20000014  main_func_sp                   
20000018  SystemCoreClock                
2000fe00  __stack                        
20010000  __STACK_END                    
4000480c  WDTCTL_SYM                     
ffffffff  __TI_pprof_out_hndl            
ffffffff  __TI_prof_data_size            
ffffffff  __TI_prof_data_start           
ffffffff  __binit__                      
ffffffff  __c_args__                     
ffffffff  binit                          
UNDEFED   SHT$$INIT_ARRAY$$Base          
UNDEFED   SHT$$INIT_ARRAY$$Limit         

[67 symbols]
